#
# A fatal error has been detected by the Java Runtime Environment:
#
#  EXCEPTION_ACCESS_VIOLATION (0xc0000005) at pc=0x0000021341bc9feb, pid=2372, tid=1856
#
# JRE version: OpenJDK Runtime Environment Temurin-17.0.7+7 (17.0.7+7) (build 17.0.7+7)
# Java VM: OpenJDK 64-Bit Server VM Temurin-17.0.7+7 (17.0.7+7, mixed mode, tiered, compressed oops, compressed class ptrs, g1 gc, windows-amd64)
# Problematic frame:
# j  loaders.ObjLoader.loadObj(Ljava/lang/String;)Ltoolbox/Mesh;+1109
#
# No core dump will be written. Minidumps are not enabled by default on client versions of Windows
#
# If you would like to submit a bug report, please visit:
#   https://github.com/adoptium/adoptium-support/issues
#

---------------  S U M M A R Y ------------

Command Line: -Dfile.encoding=UTF-8 -XX:+ShowCodeDetailsInExceptionMessages main.Main

Host: Intel(R) Core(TM) i7-7700 CPU @ 3.60GHz, 8 cores, 23G,  Windows 10 , 64 bit Build 19041 (10.0.19041.5915)
Time: Mon Dec 29 09:13:50 2025 US Mountain Standard Time elapsed time: 8.507814 seconds (0d 0h 0m 8s)

---------------  T H R E A D  ---------------

Current thread (0x00000213357f9ee0):  JavaThread "main" [_thread_in_Java, id=1856, stack(0x0000007543f00000,0x0000007544000000)]

Stack: [0x0000007543f00000,0x0000007544000000],  sp=0x0000007543ffec88,  free space=1019k
Native frames: (J=compiled Java code, j=interpreted, Vv=VM code, C=native code)
C  0x0000021341bc9feb


siginfo: EXCEPTION_ACCESS_VIOLATION (0xc0000005), reading address 0x00000008d25293a1


Register to memory mapping:

RIP=0x0000021341bc9feb is at code_begin+875 in an Interpreter codelet
invokevirtual  182 invokevirtual  [0x0000021341bc9c80, 0x0000021341bca160]  1248 bytes
RAX=0x00000008d2529001 is an unknown value
RBX=0x000000000000003b is an unknown value
RCX=0x000000068bfba068 is pointing into object: loaders.ObjLoader$VertexData 
{0x000000068bfba060} - klass: 'loaders/ObjLoader$VertexData'
 - ---- fields (total size 4 words):
 - 'posIndex' 'I' @12  9201 (23f1)
 - 'position' 'Lorg/joml/Vector3f;' @16  a 'org/joml/Vector3f'{0x0000000692948008} (d2529001)
 - 'uv' 'Lorg/joml/Vector2f;' @20  a 'org/joml/Vector2f'{0x0000000691193da0} (d22327b4)
 - 'normal' 'Lorg/joml/Vector3f;' @24  a 'org/joml/Vector3f'{0x000000068bfba080} (d17f7410)
 - 'tangent' 'Lorg/joml/Vector3f;' @28  a 'org/joml/Vector3f'{0x000000068bfba098} (d17f7413)
RDX=0x0000000000000001 is an unknown value
RSP=0x0000007543ffec88 is pointing into the stack for thread: 0x00000213357f9ee0
RBP=0x0000007543ffece0 is pointing into the stack for thread: 0x00000213357f9ee0
RSI=0x0 is NULL
RDI=0x0000000000199bac is an unknown value
R8 =0x0000000000000002 is an unknown value
R9 =0x0000000000000002 is an unknown value
R10=0x0000000800000000 is pointing into metadata
R11=0x00000213421dafc0 is at entry_point+32 in (nmethod*)0x00000213421dae10
R12=0x0 is NULL
R13=0x000002135bcd29cd is pointing into metadata
R14=0x000002135bcdf2b8 is pointing into metadata
R15=0x00000213357f9ee0 is a thread


Registers:
RAX=0x00000008d2529001, RBX=0x000000000000003b, RCX=0x000000068bfba068, RDX=0x0000000000000001
RSP=0x0000007543ffec88, RBP=0x0000007543ffece0, RSI=0x0000000000000000, RDI=0x0000000000199bac
R8 =0x0000000000000002, R9 =0x0000000000000002, R10=0x0000000800000000, R11=0x00000213421dafc0
R12=0x0000000000000000, R13=0x000002135bcd29cd, R14=0x000002135bcdf2b8, R15=0x00000213357f9ee0
RIP=0x0000021341bc9feb, EFLAGS=0x0000000000010206

Top of Stack: (sp=0x0000007543ffec88)
0x0000007543ffec88:   0000021341bb9657 000000068bfba068
0x0000007543ffec98:   0000007543ffec98 000002135bcd29cd
0x0000007543ffeca8:   0000007543ffeea0 000002135bcd43e0
0x0000007543ffecb8:   000002135bcdf2b8 0000000680803280
0x0000007543ffecc8:   000002135bcd30c0 0000000000000000
0x0000007543ffecd8:   0000007543ffeea0 0000007543ffef00
0x0000007543ffece8:   0000021341bb9657 0000000000000000
0x0000007543ffecf8:   0000000000000000 0000000000000000
0x0000007543ffed08:   0000000000000000 0000000000000000
0x0000007543ffed18:   0000000000000000 0000000000000000
0x0000007543ffed28:   0000000000000000 0000000000000000
0x0000007543ffed38:   0000000000000000 0000000000000000
0x0000007543ffed48:   0000000000000000 0000000000000000
0x0000007543ffed58:   0000000000000000 0000000000000000
0x0000007543ffed68:   0000000000000000 0000000000000000
0x0000007543ffed78:   0000000000000000 0000000000000000 

Instructions: (pc=0x0000021341bc9feb)
0x0000021341bc9eeb:   81 78 08 00 00 00 00 74 1e 48 81 78 08 01 00 00
0x0000021341bc9efb:   00 74 14 4c 33 68 08 49 f7 c5 fc ff ff ff 74 0b
0x0000021341bc9f0b:   48 83 48 08 02 eb 04 4c 89 68 08 48 83 c0 10 4c
0x0000021341bc9f1b:   8b 68 d8 41 83 ed 04 41 c1 e5 03 49 03 c5 48 89
0x0000021341bc9f2b:   45 d8 4c 8d 6c 24 08 4c 89 6d f0 ff 63 50 8b 41
0x0000021341bc9f3b:   08 49 ba 00 00 00 00 08 00 00 00 49 03 c2 4c 8b
0x0000021341bc9f4b:   75 d8 4d 85 f6 0f 84 95 00 00 00 49 8b 56 18 48
0x0000021341bc9f5b:   3b d0 0f 85 0f 00 00 00 49 83 46 20 01 49 83 5e
0x0000021341bc9f6b:   20 00 e9 71 00 00 00 48 85 d2 0f 84 42 00 00 00
0x0000021341bc9f7b:   49 8b 56 28 48 3b d0 0f 85 0f 00 00 00 49 83 46
0x0000021341bc9f8b:   30 01 49 83 5e 30 00 e9 4c 00 00 00 48 85 d2 74
0x0000021341bc9f9b:   0f 49 83 46 08 01 49 83 5e 08 00 e9 38 00 00 00
0x0000021341bc9fab:   49 89 46 28 ba 01 00 00 00 49 89 56 30 e9 26 00
0x0000021341bc9fbb:   00 00 49 3b 46 28 0f 85 0f 00 00 00 49 83 46 30
0x0000021341bc9fcb:   01 49 83 5e 30 00 e9 0d 00 00 00 49 89 46 18 ba
0x0000021341bc9fdb:   01 00 00 00 49 89 56 20 49 83 c6 38 4c 89 75 d8
0x0000021341bc9feb:   48 8b 9c d8 c8 01 00 00 48 8b 55 d8 48 85 d2 0f
0x0000021341bc9ffb:   84 35 01 00 00 80 7a c8 0b 0f 85 2b 01 00 00 48
0x0000021341bca00b:   83 c2 08 4c 8b 6a f8 41 83 ed 00 41 83 fd 02 0f
0x0000021341bca01b:   8c 0a 01 00 00 4c 8b 6b 08 45 0f b7 6d 2c 4c 2b
0x0000021341bca02b:   2a 41 83 ed 01 4e 8b 6c ec 08 4d 85 ed 75 07 48
0x0000021341bca03b:   83 4a 08 01 eb 53 45 8b 6d 08 49 ba 00 00 00 00
0x0000021341bca04b:   08 00 00 00 4d 03 ea 4c 33 6a 08 49 f7 c5 fc ff
0x0000021341bca05b:   ff ff 74 35 49 f7 c5 02 00 00 00 75 2c 48 81 7a
0x0000021341bca06b:   08 00 00 00 00 74 1e 48 81 7a 08 01 00 00 00 74
0x0000021341bca07b:   14 4c 33 6a 08 49 f7 c5 fc ff ff ff 74 0b 48 83
0x0000021341bca08b:   4a 08 02 eb 04 4c 89 6a 08 48 83 c2 10 4c 8b 6a
0x0000021341bca09b:   e8 41 83 ed 02 41 83 fd 02 0f 8c 80 00 00 00 4c
0x0000021341bca0ab:   8b 6b 08 45 0f b7 6d 2c 4c 2b 2a 41 83 ed 01 4e
0x0000021341bca0bb:   8b 6c ec 08 4d 85 ed 75 07 48 83 4a 08 01 eb 53
0x0000021341bca0cb:   45 8b 6d 08 49 ba 00 00 00 00 08 00 00 00 4d 03
0x0000021341bca0db:   ea 4c 33 6a 08 49 f7 c5 fc ff ff ff 74 35 49 f7 


Stack slot to memory mapping:
stack at sp + 0 slots: 0x0000021341bb9657 is at code_begin+1463 in an Interpreter codelet
return entry points  [0x0000021341bb90a0, 0x0000021341bb9ba0]  2816 bytes
stack at sp + 1 slots: 0x000000068bfba068 is pointing into object: loaders.ObjLoader$VertexData 
{0x000000068bfba060} - klass: 'loaders/ObjLoader$VertexData'
 - ---- fields (total size 4 words):
 - 'posIndex' 'I' @12  9201 (23f1)
 - 'position' 'Lorg/joml/Vector3f;' @16  a 'org/joml/Vector3f'{0x0000000692948008} (d2529001)
 - 'uv' 'Lorg/joml/Vector2f;' @20  a 'org/joml/Vector2f'{0x0000000691193da0} (d22327b4)
 - 'normal' 'Lorg/joml/Vector3f;' @24  a 'org/joml/Vector3f'{0x000000068bfba080} (d17f7410)
 - 'tangent' 'Lorg/joml/Vector3f;' @28  a 'org/joml/Vector3f'{0x000000068bfba098} (d17f7413)
stack at sp + 2 slots: 0x0000007543ffec98 is pointing into the stack for thread: 0x00000213357f9ee0
stack at sp + 3 slots: 0x000002135bcd29cd is pointing into metadata
stack at sp + 4 slots: 0x0000007543ffeea0 is pointing into the stack for thread: 0x00000213357f9ee0
stack at sp + 5 slots: 0x000002135bcd43e0 is pointing into metadata
stack at sp + 6 slots: 0x000002135bcdf2b8 is pointing into metadata
stack at sp + 7 slots: 0x0000000680803280 is an oop: java.lang.Class 
{0x0000000680803280} - klass: 'java/lang/Class'
 - ---- fields (total size 17 words):
 - private volatile transient 'classRedefinedCount' 'I' @12  0
 - private volatile transient 'cachedConstructor' 'Ljava/lang/reflect/Constructor;' @40  NULL (0)
 - private transient 'name' 'Ljava/lang/String;' @44  "loaders.ObjLoader"{0x0000000680a2d220} (d0145a44)
 - private transient 'module' 'Ljava/lang/Module;' @48  a 'java/lang/Module'{0x0000000680804bb0} (d0100976)
 - private final 'classLoader' 'Ljava/lang/ClassLoader;' @52  a 'jdk/internal/loader/ClassLoaders$AppClassLoader'{0x0000000680800558} (d01000ab)
 - private transient 'classData' 'Ljava/lang/Object;' @56  NULL (0)
 - private transient 'packageName' 'Ljava/lang/String;' @60  "loaders"{0x0000000680920160} (d012402c)
 - private final 'componentType' 'Ljava/lang/Class;' @64  NULL (0)
 - private volatile transient 'reflectionData' 'Ljava/lang/ref/SoftReference;' @68  NULL (0)
 - private volatile transient 'genericInfo' 'Lsun/reflect/generics/repository/ClassRepository;' @72  NULL (0)
 - private volatile transient 'enumConstants' '[Ljava/lang/Object;' @76  NULL (0)
 - private volatile transient 'enumConstantDirectory' 'Ljava/util/Map;' @80  NULL (0)
 - private volatile transient 'annotationData' 'Ljava/lang/Class$AnnotationData;' @84  NULL (0)
 - private volatile transient 'annotationType' 'Lsun/reflect/annotation/AnnotationType;' @88  NULL (0)
 - transient 'classValueMap' 'Ljava/lang/ClassValue$ClassValueMap;' @92  NULL (0)
 - signature: Lloaders/ObjLoader;
 - fake entry for mirror: 'loaders/ObjLoader'
 - fake entry for array: NULL
 - fake entry for oop_size: 17
 - fake entry for static_oop_field_count: 5
 - private static final 'RES_LOC' 'Ljava/lang/String;' @112  "res/"{0x0000000680920370} (d012406e)
 - private static final 'DEBUG' 'Z' @132  true
 - private static final 'tempEdge1' 'Lorg/joml/Vector3f;' @116  a 'org/joml/Vector3f'{0x000000068083bfb8} (d01077f7)
 - private static final 'tempEdge2' 'Lorg/joml/Vector3f;' @120  a 'org/joml/Vector3f'{0x000000068083bfd0} (d01077fa)
 - private static final 'tempUV1' 'Lorg/joml/Vector2f;' @124  a 'org/joml/Vector2f'{0x000000068083bfe8} (d01077fd)
 - private static final 'tempUV2' 'Lorg/joml/Vector2f;' @128  a 'org/joml/Vector2f'{0x000000068083c000} (d0107800)

invokevirtual  182 invokevirtual  [0x0000021341bc9c80, 0x0000021341bca160]  1248 bytes
[MachCode]
  0x0000021341bc9c80: 4883 ec08 | c5fa 1104 | 24eb 1f48 | 83ec 10c5 | fb11 0424 | eb14 4883 | ec10 4889 | 0424 48c7 
  0x0000021341bc9ca0: 4424 0800 | 0000 00eb | 0150 4c89 | 6dc0 410f | b755 0148 | 8b4d d0c1 | e202 8b5c | d120 c1eb 
  0x0000021341bc9cc0: 1881 e3ff | 0000 0081 | fbb6 0000 | 000f 84b6 | 0000 00bb | b600 0000 | e805 0000 | 00e9 9b00 
  0x0000021341bc9ce0: 0000 488b | d348 8d44 | 2408 4c89 | 6dc0 498b | cfc5 f877 | 4989 af98 | 0200 0049 | 8987 8802 
  0x0000021341bc9d00: 0000 4883 | ec20 f7c4 | 0f00 0000 | 0f84 1a00 | 0000 4883 | ec08 49ba | 6040 b1d2 | ff7f 0000 
  0x0000021341bc9d20: 41ff d248 | 83c4 08e9 | 0d00 0000 | 49ba 6040 | b1d2 ff7f | 0000 41ff | d248 83c4 | 2049 c787 
  0x0000021341bc9d40: 8802 0000 | 0000 0000 | 49c7 8798 | 0200 0000 | 0000 0049 | c787 9002 | 0000 0000 | 0000 c5f8 
  0x0000021341bc9d60: 7749 817f | 0800 0000 | 000f 8405 | 0000 00e9 | 8c71 feff | 4c8b 6dc0 | 4c8b 75c8 | c341 0fb7 
  0x0000021341bc9d80: 5501 488b | 4dd0 c1e2 | 0248 8b5c | d130 8b54 | d138 8bca | 81e1 ff00 | 0000 488b | 4ccc f844 
  0x0000021341bc9da0: 8bea c1ea | 1c49 bac0 | db31 d3ff | 7f00 0049 | 8b14 d252 | 418b d54c | 8b6d c08b | c281 e000 
  0x0000021341bc9dc0: 0010 000f | 8470 0100 | 0048 3b01 | 488b 45d8 | 4885 c00f | 8412 0000 | 0048 8340 | 0801 4883 
  0x0000021341bc9de0: 5808 0048 | 83c0 3848 | 8945 d848 | 8b45 d848 | 85c0 0f84 | 3501 0000 | 8078 c80b | 0f85 2b01 
  0x0000021341bc9e00: 0000 4883 | c008 4c8b | 68f8 4183 | ed00 4183 | fd02 0f8c | 0a01 0000 | 4c8b 6b08 | 450f b76d 
  0x0000021341bc9e20: 2c4c 2b28 | 4183 ed01 | 4e8b 6cec | 084d 85ed | 7507 4883 | 4808 01eb | 5345 8b6d | 0849 ba00 
  0x0000021341bc9e40: 0000 0008 | 0000 004d | 03ea 4c33 | 6808 49f7 | c5fc ffff | ff74 3549 | f7c5 0200 | 0000 752c 
  0x0000021341bc9e60: 4881 7808 | 0000 0000 | 741e 4881 | 7808 0100 | 0000 7414 | 4c33 6808 | 49f7 c5fc | ffff ff74 
  0x0000021341bc9e80: 0b48 8348 | 0802 eb04 | 4c89 6808 | 4883 c010 | 4c8b 68e8 | 4183 ed02 | 4183 fd02 | 0f8c 8000 
  0x0000021341bc9ea0: 0000 4c8b | 6b08 450f | b76d 2c4c | 2b28 4183 | ed01 4e8b | 6cec 084d | 85ed 7507 | 4883 4808 
  0x0000021341bc9ec0: 01eb 5345 | 8b6d 0849 | ba00 0000 | 0008 0000 | 004d 03ea | 4c33 6808 | 49f7 c5fc | ffff ff74 
  0x0000021341bc9ee0: 3549 f7c5 | 0200 0000 | 752c 4881 | 7808 0000 | 0000 741e | 4881 7808 | 0100 0000 | 7414 4c33 
  0x0000021341bc9f00: 6808 49f7 | c5fc ffff | ff74 0b48 | 8348 0802 | eb04 4c89 | 6808 4883 | c010 4c8b | 68d8 4183 
  0x0000021341bc9f20: ed04 41c1 | e503 4903 | c548 8945 | d84c 8d6c | 2408 4c89 | 6df0 ff63 | 508b 4108 | 49ba 0000 
  0x0000021341bc9f40: 0000 0800 | 0000 4903 | c24c 8b75 | d84d 85f6 | 0f84 9500 | 0000 498b | 5618 483b | d00f 850f 
  0x0000021341bc9f60: 0000 0049 | 8346 2001 | 4983 5e20 | 00e9 7100 | 0000 4885 | d20f 8442 | 0000 0049 | 8b56 2848 
  0x0000021341bc9f80: 3bd0 0f85 | 0f00 0000 | 4983 4630 | 0149 835e | 3000 e94c | 0000 0048 | 85d2 740f | 4983 4608 
  0x0000021341bc9fa0: 0149 835e | 0800 e938 | 0000 0049 | 8946 28ba | 0100 0000 | 4989 5630 | e926 0000 | 0049 3b46 
  0x0000021341bc9fc0: 280f 850f | 0000 0049 | 8346 3001 | 4983 5e30 | 00e9 0d00 | 0000 4989 | 4618 ba01 | 0000 0049 
  0x0000021341bc9fe0: 8956 2049 | 83c6 384c | 8975 d848 | 8b9c d8c8 | 0100 0048 | 8b55 d848 | 85d2 0f84 | 3501 0000 
  0x0000021341bca000: 807a c80b | 0f85 2b01 | 0000 4883 | c208 4c8b | 6af8 4183 | ed00 4183 | fd02 0f8c | 0a01 0000 
  0x0000021341bca020: 4c8b 6b08 | 450f b76d | 2c4c 2b2a | 4183 ed01 | 4e8b 6cec | 084d 85ed | 7507 4883 | 4a08 01eb 
  0x0000021341bca040: 5345 8b6d | 0849 ba00 | 0000 0008 | 0000 004d | 03ea 4c33 | 6a08 49f7 | c5fc ffff | ff74 3549 
  0x0000021341bca060: f7c5 0200 | 0000 752c | 4881 7a08 | 0000 0000 | 741e 4881 | 7a08 0100 | 0000 7414 | 4c33 6a08 
  0x0000021341bca080: 49f7 c5fc | ffff ff74 | 0b48 834a | 0802 eb04 | 4c89 6a08 | 4883 c210 | 4c8b 6ae8 | 4183 ed02 
  0x0000021341bca0a0: 4183 fd02 | 0f8c 8000 | 0000 4c8b | 6b08 450f | b76d 2c4c | 2b2a 4183 | ed01 4e8b | 6cec 084d 
  0x0000021341bca0c0: 85ed 7507 | 4883 4a08 | 01eb 5345 | 8b6d 0849 | ba00 0000 | 0008 0000 | 004d 03ea | 4c33 6a08 
  0x0000021341bca0e0: 49f7 c5fc | ffff ff74 | 3549 f7c5 | 0200 0000 | 752c 4881 | 7a08 0000 | 0000 741e | 4881 7a08 
  0x0000021341bca100: 0100 0000 | 7414 4c33 | 6a08 49f7 | c5fc ffff | ff74 0b48 | 834a 0802 | eb04 4c89 | 6a08 4883 
  0x0000021341bca120: c210 4c8b | 6ad8 4183 | ed04 41c1 | e503 4903 | d548 8955 | d84c 8d6c | 2408 4c89 | 6df0 ff63 
  0x0000021341bca140: 500f 1f80 | 0000 0000 | 0000 0000 | 0000 0000 | 0000 0000 | 0000 0000 | 0000 0000 | 0000 0000 
[/MachCode]

---------------  P R O C E S S  ---------------

Threads class SMR info:
_java_thread_list=0x0000021366495fd0, length=14, elements={
0x00000213357f9ee0, 0x000002135f036030, 0x000002135f0368f0, 0x000002135f07d3e0,
0x000002135f07ecb0, 0x000002135f07f570, 0x000002135f07fe30, 0x000002135f08bf30,
0x000002135f08c9d0, 0x000002135f08f7d0, 0x000002135f210600, 0x000002135f227ff0,
0x00000213663e4d60, 0x0000021366248a50
}

Java Threads: ( => current thread )
=>0x00000213357f9ee0 JavaThread "main" [_thread_in_Java, id=1856, stack(0x0000007543f00000,0x0000007544000000)]
  0x000002135f036030 JavaThread "Reference Handler" daemon [_thread_blocked, id=35948, stack(0x0000007544600000,0x0000007544700000)]
  0x000002135f0368f0 JavaThread "Finalizer" daemon [_thread_blocked, id=13488, stack(0x0000007544700000,0x0000007544800000)]
  0x000002135f07d3e0 JavaThread "Signal Dispatcher" daemon [_thread_blocked, id=23480, stack(0x0000007544800000,0x0000007544900000)]
  0x000002135f07ecb0 JavaThread "Attach Listener" daemon [_thread_blocked, id=24956, stack(0x0000007544900000,0x0000007544a00000)]
  0x000002135f07f570 JavaThread "Service Thread" daemon [_thread_blocked, id=8896, stack(0x0000007544a00000,0x0000007544b00000)]
  0x000002135f07fe30 JavaThread "Monitor Deflation Thread" daemon [_thread_blocked, id=1800, stack(0x0000007544b00000,0x0000007544c00000)]
  0x000002135f08bf30 JavaThread "C2 CompilerThread0" daemon [_thread_in_native, id=32840, stack(0x0000007544c00000,0x0000007544d00000)]
  0x000002135f08c9d0 JavaThread "C1 CompilerThread0" daemon [_thread_blocked, id=39584, stack(0x0000007544d00000,0x0000007544e00000)]
  0x000002135f08f7d0 JavaThread "Sweeper thread" daemon [_thread_blocked, id=31560, stack(0x0000007544e00000,0x0000007544f00000)]
  0x000002135f210600 JavaThread "Notification Thread" daemon [_thread_blocked, id=37600, stack(0x0000007544f00000,0x0000007545000000)]
  0x000002135f227ff0 JavaThread "Common-Cleaner" daemon [_thread_blocked, id=31656, stack(0x0000007545100000,0x0000007545200000)]
  0x00000213663e4d60 JavaThread "C2 CompilerThread1" daemon [_thread_blocked, id=2396, stack(0x0000007545f00000,0x0000007546000000)]
  0x0000021366248a50 JavaThread "C2 CompilerThread2" daemon [_thread_blocked, id=6372, stack(0x0000007546000000,0x0000007546100000)]

Other Threads:
  0x000002135afb8920 VMThread "VM Thread" [stack: 0x0000007544500000,0x0000007544600000] [id=11960]
  0x000002133589c120 WatcherThread [stack: 0x0000007545000000,0x0000007545100000] [id=26472]
  0x0000021335883380 GCTaskThread "GC Thread#0" [stack: 0x0000007544000000,0x0000007544100000] [id=42416]
  0x000002135fc74980 GCTaskThread "GC Thread#1" [stack: 0x0000007545800000,0x0000007545900000] [id=44572]
  0x0000021366110020 GCTaskThread "GC Thread#2" [stack: 0x0000007545900000,0x0000007545a00000] [id=37416]
  0x00000213661102d0 GCTaskThread "GC Thread#3" [stack: 0x0000007545a00000,0x0000007545b00000] [id=3604]
  0x0000021366110580 GCTaskThread "GC Thread#4" [stack: 0x0000007545b00000,0x0000007545c00000] [id=13728]
  0x0000021366590730 GCTaskThread "GC Thread#5" [stack: 0x0000007545c00000,0x0000007545d00000] [id=39160]
  0x00000213665909e0 GCTaskThread "GC Thread#6" [stack: 0x0000007545d00000,0x0000007545e00000] [id=12176]
  0x0000021366590c90 GCTaskThread "GC Thread#7" [stack: 0x0000007545e00000,0x0000007545f00000] [id=26192]
  0x0000021335890920 ConcurrentGCThread "G1 Main Marker" [stack: 0x0000007544100000,0x0000007544200000] [id=37136]
  0x0000021335891230 ConcurrentGCThread "G1 Conc#0" [stack: 0x0000007544200000,0x0000007544300000] [id=11376]
  0x00000213358be7f0 ConcurrentGCThread "G1 Refine#0" [stack: 0x0000007544300000,0x0000007544400000] [id=45316]
  0x000002135ae54300 ConcurrentGCThread "G1 Service" [stack: 0x0000007544400000,0x0000007544500000] [id=31208]

Threads with active compile tasks:
C2 CompilerThread0     8616  990 % !   4       loaders.ObjLoader::loadObj @ 186 (1827 bytes)

VM state: not at safepoint (normal execution)

VM Mutex/Monitor currently owned by a thread: None

Heap address: 0x0000000680800000, size: 6136 MB, Compressed Oops mode: Zero based, Oop shift amount: 3

CDS archive(s) not mapped
Compressed class space mapped at: 0x0000000800000000-0x0000000840000000, reserved size: 1073741824
Narrow klass base: 0x0000000800000000, Narrow klass shift: 0, Narrow klass range: 0x40000000

GC Precious Log:
 CPUs: 8 total, 8 available
 Memory: 24540M
 Large Page Support: Disabled
 NUMA Support: Disabled
 Compressed Oops: Enabled (Zero based)
 Heap Region Size: 4M
 Heap Min Capacity: 8M
 Heap Initial Capacity: 384M
 Heap Max Capacity: 6136M
 Pre-touch: Disabled
 Parallel Workers: 8
 Concurrent Workers: 2
 Concurrent Refinement Workers: 8
 Periodic GC: Disabled

Heap:
 garbage-first heap   total 393216K, used 220775K [0x0000000680800000, 0x0000000800000000)
  region size 4096K, 53 young (217088K), 1 survivors (4096K)
 Metaspace       used 13449K, committed 13632K, reserved 1114112K
  class space    used 931K, committed 1024K, reserved 1048576K

Heap Regions: E=young(eden), S=young(survivor), O=old, HS=humongous(starts), HC=humongous(continues), CS=collection set, F=free, OA=open archive, CA=closed archive, TAMS=top-at-mark-start (previous, next)
|   0|0x0000000680800000, 0x0000000680ae7e00, 0x0000000680c00000| 72%| O|  |TAMS 0x0000000680800000, 0x0000000680800000| Untracked 
|   1|0x0000000680c00000, 0x0000000681000000, 0x0000000681000000|100%|HS|  |TAMS 0x0000000680c00000, 0x0000000680c00000| Complete 
|   2|0x0000000681000000, 0x0000000681400000, 0x0000000681400000|100%|HS|  |TAMS 0x0000000681000000, 0x0000000681000000| Complete 
|   3|0x0000000681400000, 0x0000000681400000, 0x0000000681800000|  0%| F|  |TAMS 0x0000000681400000, 0x0000000681400000| Untracked 
|   4|0x0000000681800000, 0x0000000681800000, 0x0000000681c00000|  0%| F|  |TAMS 0x0000000681800000, 0x0000000681800000| Untracked 
|   5|0x0000000681c00000, 0x0000000681c00000, 0x0000000682000000|  0%| F|  |TAMS 0x0000000681c00000, 0x0000000681c00000| Untracked 
|   6|0x0000000682000000, 0x0000000682000000, 0x0000000682400000|  0%| F|  |TAMS 0x0000000682000000, 0x0000000682000000| Untracked 
|   7|0x0000000682400000, 0x0000000682400000, 0x0000000682800000|  0%| F|  |TAMS 0x0000000682400000, 0x0000000682400000| Untracked 
|   8|0x0000000682800000, 0x0000000682800000, 0x0000000682c00000|  0%| F|  |TAMS 0x0000000682800000, 0x0000000682800000| Untracked 
|   9|0x0000000682c00000, 0x0000000682c00000, 0x0000000683000000|  0%| F|  |TAMS 0x0000000682c00000, 0x0000000682c00000| Untracked 
|  10|0x0000000683000000, 0x0000000683000000, 0x0000000683400000|  0%| F|  |TAMS 0x0000000683000000, 0x0000000683000000| Untracked 
|  11|0x0000000683400000, 0x0000000683400000, 0x0000000683800000|  0%| F|  |TAMS 0x0000000683400000, 0x0000000683400000| Untracked 
|  12|0x0000000683800000, 0x0000000683800000, 0x0000000683c00000|  0%| F|  |TAMS 0x0000000683800000, 0x0000000683800000| Untracked 
|  13|0x0000000683c00000, 0x0000000683c00000, 0x0000000684000000|  0%| F|  |TAMS 0x0000000683c00000, 0x0000000683c00000| Untracked 
|  14|0x0000000684000000, 0x0000000684000000, 0x0000000684400000|  0%| F|  |TAMS 0x0000000684000000, 0x0000000684000000| Untracked 
|  15|0x0000000684400000, 0x0000000684400000, 0x0000000684800000|  0%| F|  |TAMS 0x0000000684400000, 0x0000000684400000| Untracked 
|  16|0x0000000684800000, 0x0000000684800000, 0x0000000684c00000|  0%| F|  |TAMS 0x0000000684800000, 0x0000000684800000| Untracked 
|  17|0x0000000684c00000, 0x0000000684c00000, 0x0000000685000000|  0%| F|  |TAMS 0x0000000684c00000, 0x0000000684c00000| Untracked 
|  18|0x0000000685000000, 0x0000000685000000, 0x0000000685400000|  0%| F|  |TAMS 0x0000000685000000, 0x0000000685000000| Untracked 
|  19|0x0000000685400000, 0x0000000685400000, 0x0000000685800000|  0%| F|  |TAMS 0x0000000685400000, 0x0000000685400000| Untracked 
|  20|0x0000000685800000, 0x0000000685800000, 0x0000000685c00000|  0%| F|  |TAMS 0x0000000685800000, 0x0000000685800000| Untracked 
|  21|0x0000000685c00000, 0x0000000685c00000, 0x0000000686000000|  0%| F|  |TAMS 0x0000000685c00000, 0x0000000685c00000| Untracked 
|  22|0x0000000686000000, 0x0000000686000000, 0x0000000686400000|  0%| F|  |TAMS 0x0000000686000000, 0x0000000686000000| Untracked 
|  23|0x0000000686400000, 0x0000000686400000, 0x0000000686800000|  0%| F|  |TAMS 0x0000000686400000, 0x0000000686400000| Untracked 
|  24|0x0000000686800000, 0x0000000686800000, 0x0000000686c00000|  0%| F|  |TAMS 0x0000000686800000, 0x0000000686800000| Untracked 
|  25|0x0000000686c00000, 0x0000000686c00000, 0x0000000687000000|  0%| F|  |TAMS 0x0000000686c00000, 0x0000000686c00000| Untracked 
|  26|0x0000000687000000, 0x0000000687000000, 0x0000000687400000|  0%| F|  |TAMS 0x0000000687000000, 0x0000000687000000| Untracked 
|  27|0x0000000687400000, 0x0000000687400000, 0x0000000687800000|  0%| F|  |TAMS 0x0000000687400000, 0x0000000687400000| Untracked 
|  28|0x0000000687800000, 0x0000000687800000, 0x0000000687c00000|  0%| F|  |TAMS 0x0000000687800000, 0x0000000687800000| Untracked 
|  29|0x0000000687c00000, 0x0000000687c00000, 0x0000000688000000|  0%| F|  |TAMS 0x0000000687c00000, 0x0000000687c00000| Untracked 
|  30|0x0000000688000000, 0x0000000688000000, 0x0000000688400000|  0%| F|  |TAMS 0x0000000688000000, 0x0000000688000000| Untracked 
|  31|0x0000000688400000, 0x0000000688400000, 0x0000000688800000|  0%| F|  |TAMS 0x0000000688400000, 0x0000000688400000| Untracked 
|  32|0x0000000688800000, 0x0000000688800000, 0x0000000688c00000|  0%| F|  |TAMS 0x0000000688800000, 0x0000000688800000| Untracked 
|  33|0x0000000688c00000, 0x0000000688c00000, 0x0000000689000000|  0%| F|  |TAMS 0x0000000688c00000, 0x0000000688c00000| Untracked 
|  34|0x0000000689000000, 0x0000000689000000, 0x0000000689400000|  0%| F|  |TAMS 0x0000000689000000, 0x0000000689000000| Untracked 
|  35|0x0000000689400000, 0x0000000689400000, 0x0000000689800000|  0%| F|  |TAMS 0x0000000689400000, 0x0000000689400000| Untracked 
|  36|0x0000000689800000, 0x0000000689800000, 0x0000000689c00000|  0%| F|  |TAMS 0x0000000689800000, 0x0000000689800000| Untracked 
|  37|0x0000000689c00000, 0x0000000689c00000, 0x000000068a000000|  0%| F|  |TAMS 0x0000000689c00000, 0x0000000689c00000| Untracked 
|  38|0x000000068a000000, 0x000000068a000000, 0x000000068a400000|  0%| F|  |TAMS 0x000000068a000000, 0x000000068a000000| Untracked 
|  39|0x000000068a400000, 0x000000068a400000, 0x000000068a800000|  0%| F|  |TAMS 0x000000068a400000, 0x000000068a400000| Untracked 
|  40|0x000000068a800000, 0x000000068a800000, 0x000000068ac00000|  0%| F|  |TAMS 0x000000068a800000, 0x000000068a800000| Untracked 
|  41|0x000000068ac00000, 0x000000068ac00000, 0x000000068b000000|  0%| F|  |TAMS 0x000000068ac00000, 0x000000068ac00000| Untracked 
|  42|0x000000068b000000, 0x000000068b000000, 0x000000068b400000|  0%| F|  |TAMS 0x000000068b000000, 0x000000068b000000| Untracked 
|  43|0x000000068b400000, 0x000000068b600800, 0x000000068b800000| 50%| E|  |TAMS 0x000000068b400000, 0x000000068b400000| Complete 
|  44|0x000000068b800000, 0x000000068bc00000, 0x000000068bc00000|100%| E|CS|TAMS 0x000000068b800000, 0x000000068b800000| Complete 
|  45|0x000000068bc00000, 0x000000068c000000, 0x000000068c000000|100%| E|CS|TAMS 0x000000068bc00000, 0x000000068bc00000| Complete 
|  46|0x000000068c000000, 0x000000068c400000, 0x000000068c400000|100%| E|CS|TAMS 0x000000068c000000, 0x000000068c000000| Complete 
|  47|0x000000068c400000, 0x000000068c800000, 0x000000068c800000|100%| E|CS|TAMS 0x000000068c400000, 0x000000068c400000| Complete 
|  48|0x000000068c800000, 0x000000068cc00000, 0x000000068cc00000|100%| E|CS|TAMS 0x000000068c800000, 0x000000068c800000| Complete 
|  49|0x000000068cc00000, 0x000000068d000000, 0x000000068d000000|100%| E|CS|TAMS 0x000000068cc00000, 0x000000068cc00000| Complete 
|  50|0x000000068d000000, 0x000000068d400000, 0x000000068d400000|100%| E|CS|TAMS 0x000000068d000000, 0x000000068d000000| Complete 
|  51|0x000000068d400000, 0x000000068d800000, 0x000000068d800000|100%| E|CS|TAMS 0x000000068d400000, 0x000000068d400000| Complete 
|  52|0x000000068d800000, 0x000000068dc00000, 0x000000068dc00000|100%| E|CS|TAMS 0x000000068d800000, 0x000000068d800000| Complete 
|  53|0x000000068dc00000, 0x000000068e000000, 0x000000068e000000|100%| E|CS|TAMS 0x000000068dc00000, 0x000000068dc00000| Complete 
|  54|0x000000068e000000, 0x000000068e400000, 0x000000068e400000|100%| E|CS|TAMS 0x000000068e000000, 0x000000068e000000| Complete 
|  55|0x000000068e400000, 0x000000068e800000, 0x000000068e800000|100%| E|CS|TAMS 0x000000068e400000, 0x000000068e400000| Complete 
|  56|0x000000068e800000, 0x000000068ec00000, 0x000000068ec00000|100%| E|CS|TAMS 0x000000068e800000, 0x000000068e800000| Complete 
|  57|0x000000068ec00000, 0x000000068f000000, 0x000000068f000000|100%| E|CS|TAMS 0x000000068ec00000, 0x000000068ec00000| Complete 
|  58|0x000000068f000000, 0x000000068f400000, 0x000000068f400000|100%| E|CS|TAMS 0x000000068f000000, 0x000000068f000000| Complete 
|  59|0x000000068f400000, 0x000000068f800000, 0x000000068f800000|100%| E|CS|TAMS 0x000000068f400000, 0x000000068f400000| Complete 
|  60|0x000000068f800000, 0x000000068fc00000, 0x000000068fc00000|100%| E|CS|TAMS 0x000000068f800000, 0x000000068f800000| Complete 
|  61|0x000000068fc00000, 0x0000000690000000, 0x0000000690000000|100%| E|CS|TAMS 0x000000068fc00000, 0x000000068fc00000| Complete 
|  62|0x0000000690000000, 0x0000000690400000, 0x0000000690400000|100%| E|CS|TAMS 0x0000000690000000, 0x0000000690000000| Complete 
|  63|0x0000000690400000, 0x0000000690800000, 0x0000000690800000|100%| E|CS|TAMS 0x0000000690400000, 0x0000000690400000| Complete 
|  64|0x0000000690800000, 0x0000000690c00000, 0x0000000690c00000|100%| E|CS|TAMS 0x0000000690800000, 0x0000000690800000| Complete 
|  65|0x0000000690c00000, 0x0000000691000000, 0x0000000691000000|100%| E|CS|TAMS 0x0000000690c00000, 0x0000000690c00000| Complete 
|  66|0x0000000691000000, 0x0000000691400000, 0x0000000691400000|100%| E|CS|TAMS 0x0000000691000000, 0x0000000691000000| Complete 
|  67|0x0000000691400000, 0x0000000691800000, 0x0000000691800000|100%| E|CS|TAMS 0x0000000691400000, 0x0000000691400000| Complete 
|  68|0x0000000691800000, 0x0000000691c00000, 0x0000000691c00000|100%| E|CS|TAMS 0x0000000691800000, 0x0000000691800000| Complete 
|  69|0x0000000691c00000, 0x0000000692000000, 0x0000000692000000|100%| E|CS|TAMS 0x0000000691c00000, 0x0000000691c00000| Complete 
|  70|0x0000000692000000, 0x0000000692400000, 0x0000000692400000|100%| E|CS|TAMS 0x0000000692000000, 0x0000000692000000| Complete 
|  71|0x0000000692400000, 0x0000000692800000, 0x0000000692800000|100%| E|CS|TAMS 0x0000000692400000, 0x0000000692400000| Complete 
|  72|0x0000000692800000, 0x0000000692c00000, 0x0000000692c00000|100%| E|CS|TAMS 0x0000000692800000, 0x0000000692800000| Complete 
|  73|0x0000000692c00000, 0x0000000693000000, 0x0000000693000000|100%| E|CS|TAMS 0x0000000692c00000, 0x0000000692c00000| Complete 
|  74|0x0000000693000000, 0x0000000693400000, 0x0000000693400000|100%| E|CS|TAMS 0x0000000693000000, 0x0000000693000000| Complete 
|  75|0x0000000693400000, 0x0000000693800000, 0x0000000693800000|100%| E|CS|TAMS 0x0000000693400000, 0x0000000693400000| Complete 
|  76|0x0000000693800000, 0x0000000693c00000, 0x0000000693c00000|100%| E|CS|TAMS 0x0000000693800000, 0x0000000693800000| Complete 
|  77|0x0000000693c00000, 0x0000000694000000, 0x0000000694000000|100%| E|CS|TAMS 0x0000000693c00000, 0x0000000693c00000| Complete 
|  78|0x0000000694000000, 0x0000000694400000, 0x0000000694400000|100%| E|CS|TAMS 0x0000000694000000, 0x0000000694000000| Complete 
|  79|0x0000000694400000, 0x0000000694800000, 0x0000000694800000|100%| E|CS|TAMS 0x0000000694400000, 0x0000000694400000| Complete 
|  80|0x0000000694800000, 0x0000000694c00000, 0x0000000694c00000|100%| E|CS|TAMS 0x0000000694800000, 0x0000000694800000| Complete 
|  81|0x0000000694c00000, 0x0000000695000000, 0x0000000695000000|100%| E|CS|TAMS 0x0000000694c00000, 0x0000000694c00000| Complete 
|  82|0x0000000695000000, 0x0000000695400000, 0x0000000695400000|100%| E|CS|TAMS 0x0000000695000000, 0x0000000695000000| Complete 
|  83|0x0000000695400000, 0x0000000695800000, 0x0000000695800000|100%| E|CS|TAMS 0x0000000695400000, 0x0000000695400000| Complete 
|  84|0x0000000695800000, 0x0000000695c00000, 0x0000000695c00000|100%| E|CS|TAMS 0x0000000695800000, 0x0000000695800000| Complete 
|  85|0x0000000695c00000, 0x0000000696000000, 0x0000000696000000|100%| E|CS|TAMS 0x0000000695c00000, 0x0000000695c00000| Complete 
|  86|0x0000000696000000, 0x0000000696400000, 0x0000000696400000|100%| E|CS|TAMS 0x0000000696000000, 0x0000000696000000| Complete 
|  87|0x0000000696400000, 0x0000000696800000, 0x0000000696800000|100%| E|CS|TAMS 0x0000000696400000, 0x0000000696400000| Complete 
|  88|0x0000000696800000, 0x00000006968b21a8, 0x0000000696c00000| 17%| S|CS|TAMS 0x0000000696800000, 0x0000000696800000| Complete 
|  89|0x0000000696c00000, 0x0000000697000000, 0x0000000697000000|100%| E|CS|TAMS 0x0000000696c00000, 0x0000000696c00000| Complete 
|  90|0x0000000697000000, 0x0000000697400000, 0x0000000697400000|100%| E|CS|TAMS 0x0000000697000000, 0x0000000697000000| Complete 
|  91|0x0000000697400000, 0x0000000697800000, 0x0000000697800000|100%| E|CS|TAMS 0x0000000697400000, 0x0000000697400000| Complete 
|  92|0x0000000697800000, 0x0000000697c00000, 0x0000000697c00000|100%| E|CS|TAMS 0x0000000697800000, 0x0000000697800000| Complete 
|  93|0x0000000697c00000, 0x0000000698000000, 0x0000000698000000|100%| E|CS|TAMS 0x0000000697c00000, 0x0000000697c00000| Complete 
|  94|0x0000000698000000, 0x0000000698400000, 0x0000000698400000|100%| E|CS|TAMS 0x0000000698000000, 0x0000000698000000| Complete 
|  95|0x0000000698400000, 0x0000000698800000, 0x0000000698800000|100%| E|CS|TAMS 0x0000000698400000, 0x0000000698400000| Complete 

Card table byte_map: [0x000002134ad10000,0x000002134b910000] _byte_map_base: 0x000002134790c000

Marking Bits (Prev, Next): (CMBitMap*) 0x0000021335883890, (CMBitMap*) 0x00000213358838d0
 Prev Bits: [0x000002134c510000, 0x00000213524f0000)
 Next Bits: [0x00000213524f0000, 0x00000213584d0000)

Polling page: 0x000002133a660000

Metaspace:

Usage:
  Non-class:     12.22 MB used.
      Class:    931.84 KB used.
       Both:     13.13 MB used.

Virtual space:
  Non-class space:       64.00 MB reserved,      12.31 MB ( 19%) committed,  1 nodes.
      Class space:        1.00 GB reserved,       1.00 MB ( <1%) committed,  1 nodes.
             Both:        1.06 GB reserved,      13.31 MB (  1%) committed. 

Chunk freelists:
   Non-Class:  3.11 MB
       Class:  15.02 MB
        Both:  18.12 MB

MaxMetaspaceSize: unlimited
CompressedClassSpaceSize: 1.00 GB
Initial GC threshold: 21.00 MB
Current GC threshold: 21.00 MB
CDS: off
MetaspaceReclaimPolicy: balanced
 - commit_granule_bytes: 65536.
 - commit_granule_words: 8192.
 - virtual_space_node_default_size: 8388608.
 - enlarge_chunks_in_place: 1.
 - new_chunks_are_fully_committed: 0.
 - uncommit_free_chunks: 1.
 - use_allocation_guard: 0.
 - handle_deallocations: 1.


Internal statistics:

num_allocs_failed_limit: 0.
num_arena_births: 66.
num_arena_deaths: 0.
num_vsnodes_births: 2.
num_vsnodes_deaths: 0.
num_space_committed: 211.
num_space_uncommitted: 0.
num_chunks_returned_to_freelist: 0.
num_chunks_taken_from_freelist: 269.
num_chunk_merges: 0.
num_chunk_splits: 194.
num_chunks_enlarged: 151.
num_inconsistent_stats: 0.

CodeHeap 'non-profiled nmethods': size=120000Kb used=557Kb max_used=557Kb free=119442Kb
 bounds [0x0000021342150000, 0x00000213423c0000, 0x0000021349680000]
CodeHeap 'profiled nmethods': size=120000Kb used=1926Kb max_used=1926Kb free=118073Kb
 bounds [0x000002133a680000, 0x000002133a8f0000, 0x0000021341bb0000]
CodeHeap 'non-nmethods': size=5760Kb used=1690Kb max_used=1773Kb free=4069Kb
 bounds [0x0000021341bb0000, 0x0000021341e20000, 0x0000021342150000]
 total_blobs=2150 nmethods=1000 adapters=1063
 compilation: enabled
              stopped_count=0, restarted_count=0
 full_count=0

Compilation events (20 events):
Event: 8.405 Thread 0x000002135f08c9d0  992       3       sun.nio.cs.StreamDecoder::implRead (243 bytes)
Event: 8.406 Thread 0x000002135f08c9d0 nmethod 992 0x000002133a85ec10 code [0x000002133a85eec0, 0x000002133a85fd98]
Event: 8.406 Thread 0x000002135f08c9d0  993       3       java.nio.HeapByteBuffer::compact (85 bytes)
Event: 8.406 Thread 0x000002135f08c9d0 nmethod 993 0x000002133a860210 code [0x000002133a860400, 0x000002133a860a28]
Event: 8.406 Thread 0x000002135f08c9d0  994       3       java.nio.Buffer::discardMark (6 bytes)
Event: 8.406 Thread 0x000002135f08c9d0 nmethod 994 0x000002133a860c10 code [0x000002133a860da0, 0x000002133a860eb8]
Event: 8.424 Thread 0x0000021366248a50  995       4       java.nio.Buffer::position (52 bytes)
Event: 8.425 Thread 0x0000021366248a50 nmethod 995 0x00000213421da110 code [0x00000213421da280, 0x00000213421da358]
Event: 8.456 Thread 0x000002135f08c9d0  996 %     3       java.lang.AbstractStringBuilder::appendChars @ 26 (130 bytes)
Event: 8.457 Thread 0x000002135f08c9d0 nmethod 996% 0x000002133a860f90 code [0x000002133a8611a0, 0x000002133a861868]
Event: 8.487 Thread 0x00000213663e4d60  997       4       org.joml.Vector3f::<init> (35 bytes)
Event: 8.487 Thread 0x0000021366248a50  998       4       org.joml.Vector3f::add (7 bytes)
Event: 8.488 Thread 0x00000213663e4d60 nmethod 997 0x00000213421da410 code [0x00000213421da580, 0x00000213421da658]
Event: 8.488 Thread 0x00000213663e4d60  999       4       org.joml.Vector3f::sub (7 bytes)
Event: 8.488 Thread 0x0000021366248a50 nmethod 998 0x00000213421da790 code [0x00000213421da900, 0x00000213421da9f8]
Event: 8.488 Thread 0x0000021366248a50 1000       4       org.joml.Vector3f::<init> (5 bytes)
Event: 8.489 Thread 0x0000021366248a50 nmethod 1000 0x00000213421dab10 code [0x00000213421dac80, 0x00000213421dacf8]
Event: 8.489 Thread 0x0000021366248a50 1001       4       org.joml.Vector3f::normalize (6 bytes)
Event: 8.489 Thread 0x0000021366248a50 nmethod 1001 0x00000213421dae10 code [0x00000213421dafa0, 0x00000213421db078]
Event: 8.489 Thread 0x00000213663e4d60 nmethod 999 0x00000213421db110 code [0x00000213421db280, 0x00000213421db378]

GC Heap History (4 events):
Event: 3.647 GC heap before
{Heap before GC invocations=0 (full 0):
 garbage-first heap   total 393216K, used 20480K [0x0000000680800000, 0x0000000800000000)
  region size 4096K, 5 young (20480K), 0 survivors (0K)
 Metaspace       used 13374K, committed 13504K, reserved 1114112K
  class space    used 931K, committed 1024K, reserved 1048576K
}
Event: 3.649 GC heap after
{Heap after GC invocations=1 (full 0):
 garbage-first heap   total 393216K, used 3130K [0x0000000680800000, 0x0000000800000000)
  region size 4096K, 1 young (4096K), 1 survivors (4096K)
 Metaspace       used 13374K, committed 13504K, reserved 1114112K
  class space    used 931K, committed 1024K, reserved 1048576K
}
Event: 8.004 GC heap before
{Heap before GC invocations=1 (full 0):
 garbage-first heap   total 393216K, used 27706K [0x0000000680800000, 0x0000000800000000)
  region size 4096K, 7 young (28672K), 1 survivors (4096K)
 Metaspace       used 13384K, committed 13568K, reserved 1114112K
  class space    used 931K, committed 1024K, reserved 1048576K
}
Event: 8.006 GC heap after
{Heap after GC invocations=2 (full 0):
 garbage-first heap   total 393216K, used 3687K [0x0000000680800000, 0x0000000800000000)
  region size 4096K, 1 young (4096K), 1 survivors (4096K)
 Metaspace       used 13384K, committed 13568K, reserved 1114112K
  class space    used 931K, committed 1024K, reserved 1048576K
}

Dll operation events (9 events):
Event: 0.007 Loaded shared library C:\Users\alex\.p2\pool\plugins\org.eclipse.justj.openjdk.hotspot.jre.full.win32.x86_64_17.0.7.v20230425-1502\jre\bin\java.dll
Event: 0.113 Loaded shared library C:\Users\alex\.p2\pool\plugins\org.eclipse.justj.openjdk.hotspot.jre.full.win32.x86_64_17.0.7.v20230425-1502\jre\bin\net.dll
Event: 0.115 Loaded shared library C:\Users\alex\.p2\pool\plugins\org.eclipse.justj.openjdk.hotspot.jre.full.win32.x86_64_17.0.7.v20230425-1502\jre\bin\nio.dll
Event: 0.123 Loaded shared library C:\Users\alex\.p2\pool\plugins\org.eclipse.justj.openjdk.hotspot.jre.full.win32.x86_64_17.0.7.v20230425-1502\jre\bin\zip.dll
Event: 0.196 Loaded shared library C:\Users\alex\.p2\pool\plugins\org.eclipse.justj.openjdk.hotspot.jre.full.win32.x86_64_17.0.7.v20230425-1502\jre\bin\jimage.dll
Event: 0.223 Loaded shared library C:\Users\alex\AppData\Local\Temp\lwjgl_alex\3.3.4+7\x64\lwjgl.dll
Event: 0.816 Loaded shared library C:\Users\alex\AppData\Local\Temp\lwjgl_alex\3.3.4+7\x64\lwjgl_opengl.dll
Event: 0.927 Loaded shared library C:\Users\alex\AppData\Local\Temp\lwjgl_alex\3.3.4+7\x64\lwjgl_stb.dll
Event: 0.974 Loaded shared library C:\Users\alex\.p2\pool\plugins\org.eclipse.justj.openjdk.hotspot.jre.full.win32.x86_64_17.0.7.v20230425-1502\jre\bin\verify.dll

Deoptimization events (20 events):
Event: 2.357 Thread 0x00000213357f9ee0 Uncommon trap: trap_request=0xffffff45 fr.pc=0x0000021342187ee8 relative=0x00000000000001c8
Event: 2.357 Thread 0x00000213357f9ee0 Uncommon trap: reason=unstable_if action=reinterpret pc=0x0000021342187ee8 method=java.util.regex.Matcher.reset()Ljava/util/regex/Matcher; @ 47 c2
Event: 2.357 Thread 0x00000213357f9ee0 DEOPT PACKING pc=0x0000021342187ee8 sp=0x0000007543ffe970
Event: 2.357 Thread 0x00000213357f9ee0 DEOPT UNPACKING pc=0x0000021341c069a3 sp=0x0000007543ffe8f8 mode 2
Event: 7.972 Thread 0x00000213357f9ee0 Uncommon trap: trap_request=0xffffffcc fr.pc=0x000002134219bccc relative=0x000000000000456c
Event: 7.972 Thread 0x00000213357f9ee0 Uncommon trap: reason=intrinsic_or_type_checked_inlining action=make_not_entrant pc=0x000002134219bccc method=java.util.ArrayList$SubList.toArray([Ljava/lang/Object;)[Ljava/lang/Object; @ 58 c2
Event: 7.972 Thread 0x00000213357f9ee0 DEOPT PACKING pc=0x000002134219bccc sp=0x0000007543ffeb60
Event: 7.972 Thread 0x00000213357f9ee0 DEOPT UNPACKING pc=0x0000021341c069a3 sp=0x0000007543ffea08 mode 2
Event: 8.082 Thread 0x00000213357f9ee0 DEOPT PACKING pc=0x000002133a829829 sp=0x0000007543ffe650
Event: 8.083 Thread 0x00000213357f9ee0 DEOPT UNPACKING pc=0x0000021341c07143 sp=0x0000007543ffda78 mode 0
Event: 8.334 Thread 0x00000213357f9ee0 Uncommon trap: trap_request=0xffffff45 fr.pc=0x000002134219314c relative=0x00000000000016ac
Event: 8.334 Thread 0x00000213357f9ee0 Uncommon trap: reason=unstable_if action=reinterpret pc=0x000002134219314c method=jdk.internal.math.FDBigInteger.cmp(Ljdk/internal/math/FDBigInteger;)I @ 48 c2
Event: 8.334 Thread 0x00000213357f9ee0 DEOPT PACKING pc=0x000002134219314c sp=0x0000007543ffea90
Event: 8.334 Thread 0x00000213357f9ee0 DEOPT UNPACKING pc=0x0000021341c069a3 sp=0x0000007543ffe930 mode 2
Event: 8.474 Thread 0x00000213357f9ee0 DEOPT PACKING pc=0x000002133a84e421 sp=0x0000007543ffeb60
Event: 8.475 Thread 0x00000213357f9ee0 DEOPT UNPACKING pc=0x0000021341c07143 sp=0x0000007543ffe148 mode 0
Event: 8.484 Thread 0x00000213357f9ee0 Uncommon trap: trap_request=0xffffff45 fr.pc=0x00000213421c13f4 relative=0x0000000000000f74
Event: 8.484 Thread 0x00000213357f9ee0 Uncommon trap: reason=unstable_if action=reinterpret pc=0x00000213421c13f4 method=loaders.ObjLoader.loadObj(Ljava/lang/String;)Ltoolbox/Mesh; @ 632 c2
Event: 8.484 Thread 0x00000213357f9ee0 DEOPT PACKING pc=0x00000213421c13f4 sp=0x0000007543ffedb0
Event: 8.484 Thread 0x00000213357f9ee0 DEOPT UNPACKING pc=0x0000021341c069a3 sp=0x0000007543ffec58 mode 2

Classes unloaded (0 events):
No events

Classes redefined (0 events):
No events

Internal exceptions (20 events):
Event: 0.186 Thread 0x00000213357f9ee0 Exception <a 'java/lang/NoSuchMethodError'{0x00000006986dfb78}: 'java.lang.Object java.lang.invoke.DirectMethodHandle$Holder.invokeStatic(java.lang.Object, java.lang.Object, int)'> (0x00000006986dfb78) 
thrown [s\src\hotspot\share\interpreter\linkResolver.cpp, line 759]
Event: 0.187 Thread 0x00000213357f9ee0 Exception <a 'java/lang/NoSuchMethodError'{0x00000006986eb8e8}: 'void java.lang.invoke.DelegatingMethodHandle$Holder.delegate(java.lang.Object, java.lang.Object, int, java.lang.Object)'> (0x00000006986eb8e8) 
thrown [s\src\hotspot\share\interpreter\linkResolver.cpp, line 759]
Event: 0.188 Thread 0x00000213357f9ee0 Exception <a 'java/lang/NoSuchMethodError'{0x00000006986efb28}: 'int java.lang.invoke.DirectMethodHandle$Holder.invokeSpecial(java.lang.Object, java.lang.Object, java.lang.Object)'> (0x00000006986efb28) 
thrown [s\src\hotspot\share\interpreter\linkResolver.cpp, line 759]
Event: 0.227 Thread 0x00000213357f9ee0 Exception <a 'sun/nio/fs/WindowsException'{0x0000000698770bc0}> (0x0000000698770bc0) 
thrown [s\src\hotspot\share\prims\jni.cpp, line 516]
Event: 0.228 Thread 0x00000213357f9ee0 Exception <a 'sun/nio/fs/WindowsException'{0x0000000698771100}> (0x0000000698771100) 
thrown [s\src\hotspot\share\prims\jni.cpp, line 516]
Event: 0.252 Thread 0x00000213357f9ee0 Exception <a 'sun/nio/fs/WindowsException'{0x000000069805cd38}> (0x000000069805cd38) 
thrown [s\src\hotspot\share\prims\jni.cpp, line 516]
Event: 0.252 Thread 0x00000213357f9ee0 Exception <a 'sun/nio/fs/WindowsException'{0x000000069805d090}> (0x000000069805d090) 
thrown [s\src\hotspot\share\prims\jni.cpp, line 516]
Event: 0.257 Thread 0x00000213357f9ee0 Exception <a 'java/lang/NoSuchMethodError'{0x000000069806f218}: 'java.lang.Object java.lang.invoke.DirectMethodHandle$Holder.invokeStaticInit(java.lang.Object)'> (0x000000069806f218) 
thrown [s\src\hotspot\share\interpreter\linkResolver.cpp, line 759]
Event: 0.261 Thread 0x00000213357f9ee0 Exception <a 'java/lang/NoSuchMethodError'{0x00000006980ac2d8}: 'int java.lang.invoke.DirectMethodHandle$Holder.invokeStaticInit(java.lang.Object, java.lang.Object, int, long)'> (0x00000006980ac2d8) 
thrown [s\src\hotspot\share\interpreter\linkResolver.cpp, line 759]
Event: 0.261 Thread 0x00000213357f9ee0 Exception <a 'java/lang/NoSuchMethodError'{0x00000006980b1ba0}: 'java.lang.Object java.lang.invoke.DirectMethodHandle$Holder.newInvokeSpecial(java.lang.Object, java.lang.Object, int)'> (0x00000006980b1ba0) 
thrown [s\src\hotspot\share\interpreter\linkResolver.cpp, line 759]
Event: 0.263 Thread 0x00000213357f9ee0 Exception <a 'java/lang/NoSuchMethodError'{0x00000006980c0b20}: 'int java.lang.invoke.DirectMethodHandle$Holder.invokeStaticInit(java.lang.Object, java.lang.Object, long, long)'> (0x00000006980c0b20) 
thrown [s\src\hotspot\share\interpreter\linkResolver.cpp, line 759]
Event: 0.264 Thread 0x00000213357f9ee0 Exception <a 'java/lang/NoSuchMethodError'{0x00000006980c6c30}: 'java.lang.Object java.lang.invoke.DirectMethodHandle$Holder.newInvokeSpecial(java.lang.Object, java.lang.Object, long)'> (0x00000006980c6c30) 
thrown [s\src\hotspot\share\interpreter\linkResolver.cpp, line 759]
Event: 0.264 Thread 0x00000213357f9ee0 Exception <a 'java/lang/NoSuchMethodError'{0x00000006980cb010}: 'java.lang.Object java.lang.invoke.Invokers$Holder.linkToTargetMethod(java.lang.Object, long, java.lang.Object)'> (0x00000006980cb010) 
thrown [s\src\hotspot\share\interpreter\linkResolver.cpp, line 759]
Event: 0.265 Thread 0x00000213357f9ee0 Exception <a 'java/lang/NoSuchMethodError'{0x00000006980d2728}: 'int java.lang.invoke.DirectMethodHandle$Holder.invokeStaticInit(java.lang.Object, java.lang.Object, java.lang.Object, long)'> (0x00000006980d2728) 
thrown [s\src\hotspot\share\interpreter\linkResolver.cpp, line 759]
Event: 0.814 Thread 0x00000213357f9ee0 Exception <a 'sun/nio/fs/WindowsException'{0x000000069816fd08}> (0x000000069816fd08) 
thrown [s\src\hotspot\share\prims\jni.cpp, line 516]
Event: 0.814 Thread 0x00000213357f9ee0 Exception <a 'sun/nio/fs/WindowsException'{0x0000000698170098}> (0x0000000698170098) 
thrown [s\src\hotspot\share\prims\jni.cpp, line 516]
Event: 0.819 Thread 0x00000213357f9ee0 Exception <a 'sun/nio/fs/WindowsException'{0x000000069817d3f8}> (0x000000069817d3f8) 
thrown [s\src\hotspot\share\prims\jni.cpp, line 516]
Event: 0.819 Thread 0x00000213357f9ee0 Exception <a 'sun/nio/fs/WindowsException'{0x000000069817d6c8}> (0x000000069817d6c8) 
thrown [s\src\hotspot\share\prims\jni.cpp, line 516]
Event: 0.925 Thread 0x00000213357f9ee0 Exception <a 'sun/nio/fs/WindowsException'{0x0000000697c38a28}> (0x0000000697c38a28) 
thrown [s\src\hotspot\share\prims\jni.cpp, line 516]
Event: 0.925 Thread 0x00000213357f9ee0 Exception <a 'sun/nio/fs/WindowsException'{0x0000000697c38d98}> (0x0000000697c38d98) 
thrown [s\src\hotspot\share\prims\jni.cpp, line 516]

VM Operations (14 events):
Event: 0.126 Executing VM operation: HandshakeAllThreads
Event: 0.126 Executing VM operation: HandshakeAllThreads done
Event: 1.132 Executing VM operation: Cleanup
Event: 1.132 Executing VM operation: Cleanup done
Event: 2.145 Executing VM operation: Cleanup
Event: 2.145 Executing VM operation: Cleanup done
Event: 3.158 Executing VM operation: Cleanup
Event: 3.158 Executing VM operation: Cleanup done
Event: 3.646 Executing VM operation: G1CollectForAllocation
Event: 3.649 Executing VM operation: G1CollectForAllocation done
Event: 4.654 Executing VM operation: Cleanup
Event: 4.654 Executing VM operation: Cleanup done
Event: 8.003 Executing VM operation: G1CollectForAllocation
Event: 8.006 Executing VM operation: G1CollectForAllocation done

Events (20 events):
Event: 1.226 loading class java/io/FileReader
Event: 1.226 loading class java/io/FileReader done
Event: 1.227 loading class java/util/ArrayList$SubList
Event: 1.228 loading class java/util/ArrayList$SubList done
Event: 1.228 loading class jdk/internal/math/FloatingDecimal$ASCIIToBinaryBuffer
Event: 1.228 loading class jdk/internal/math/FloatingDecimal$ASCIIToBinaryBuffer done
Event: 1.229 loading class java/lang/NumberFormatException
Event: 1.229 loading class java/lang/NumberFormatException done
Event: 1.229 loading class java/math/BigInteger
Event: 1.231 loading class java/math/BigInteger done
Event: 2.323 Thread 0x0000021366447d10 Thread added: 0x0000021366447d10
Event: 2.323 Thread 0x0000021366131c00 Thread added: 0x0000021366131c00
Event: 2.700 Thread 0x0000021366131c00 Thread exited: 0x0000021366131c00
Event: 2.700 Thread 0x0000021366447d10 Thread exited: 0x0000021366447d10
Event: 3.654 Thread 0x00000213664ad660 Thread added: 0x00000213664ad660
Event: 3.840 Thread 0x00000213664ad660 Thread exited: 0x00000213664ad660
Event: 4.418 Thread 0x00000213664ad660 Thread added: 0x00000213664ad660
Event: 5.248 Thread 0x00000213664ad660 Thread exited: 0x00000213664ad660
Event: 7.976 Thread 0x00000213663e4d60 Thread added: 0x00000213663e4d60
Event: 7.994 Thread 0x0000021366248a50 Thread added: 0x0000021366248a50


Dynamic libraries:
0x00007ff7dcea0000 - 0x00007ff7dceae000 	C:\Users\alex\.p2\pool\plugins\org.eclipse.justj.openjdk.hotspot.jre.full.win32.x86_64_17.0.7.v20230425-1502\jre\bin\javaw.exe
0x00007ff839150000 - 0x00007ff839348000 	C:\WINDOWS\SYSTEM32\ntdll.dll
0x00007ff837f10000 - 0x00007ff837fd2000 	C:\WINDOWS\System32\KERNEL32.DLL
0x00007ff836d10000 - 0x00007ff837006000 	C:\WINDOWS\System32\KERNELBASE.dll
0x00007ff836960000 - 0x00007ff836a60000 	C:\WINDOWS\System32\ucrtbase.dll
0x00007ff833260000 - 0x00007ff833277000 	C:\Users\alex\.p2\pool\plugins\org.eclipse.justj.openjdk.hotspot.jre.full.win32.x86_64_17.0.7.v20230425-1502\jre\bin\jli.dll
0x00007ff820800000 - 0x00007ff820819000 	C:\Users\alex\.p2\pool\plugins\org.eclipse.justj.openjdk.hotspot.jre.full.win32.x86_64_17.0.7.v20230425-1502\jre\bin\VCRUNTIME140.dll
0x00007ff837270000 - 0x00007ff837411000 	C:\WINDOWS\System32\USER32.dll
0x00007ff836a90000 - 0x00007ff836ab2000 	C:\WINDOWS\System32\win32u.dll
0x00007ff820410000 - 0x00007ff8206ab000 	C:\WINDOWS\WinSxS\amd64_microsoft.windows.common-controls_6595b64144ccf1df_6.0.19041.6456_none_60b8a6cb71f64256\COMCTL32.dll
0x00007ff839080000 - 0x00007ff8390ab000 	C:\WINDOWS\System32\GDI32.dll
0x00007ff837d10000 - 0x00007ff837dae000 	C:\WINDOWS\System32\msvcrt.dll
0x00007ff837010000 - 0x00007ff837129000 	C:\WINDOWS\System32\gdi32full.dll
0x00007ff836ac0000 - 0x00007ff836b5d000 	C:\WINDOWS\System32\msvcp_win.dll
0x00007ff838d70000 - 0x00007ff838d9f000 	C:\WINDOWS\System32\IMM32.DLL
0x00007ff833290000 - 0x00007ff83329c000 	C:\Users\alex\.p2\pool\plugins\org.eclipse.justj.openjdk.hotspot.jre.full.win32.x86_64_17.0.7.v20230425-1502\jre\bin\vcruntime140_1.dll
0x00007fffe6350000 - 0x00007fffe63e1000 	C:\Users\alex\.p2\pool\plugins\org.eclipse.justj.openjdk.hotspot.jre.full.win32.x86_64_17.0.7.v20230425-1502\jre\bin\msvcp140.dll
0x00007fffd2790000 - 0x00007fffd33d8000 	C:\Users\alex\.p2\pool\plugins\org.eclipse.justj.openjdk.hotspot.jre.full.win32.x86_64_17.0.7.v20230425-1502\jre\bin\server\jvm.dll
0x00007ff838430000 - 0x00007ff8384e1000 	C:\WINDOWS\System32\ADVAPI32.dll
0x00007ff838fe0000 - 0x00007ff83907f000 	C:\WINDOWS\System32\sechost.dll
0x00007ff8382a0000 - 0x00007ff8383c0000 	C:\WINDOWS\System32\RPCRT4.dll
0x00007ff836a60000 - 0x00007ff836a87000 	C:\WINDOWS\System32\bcrypt.dll
0x00007ff821010000 - 0x00007ff821019000 	C:\WINDOWS\SYSTEM32\WSOCK32.dll
0x00007ff826f90000 - 0x00007ff826fb7000 	C:\WINDOWS\SYSTEM32\WINMM.dll
0x00007ff82e0a0000 - 0x00007ff82e0aa000 	C:\WINDOWS\SYSTEM32\VERSION.dll
0x00007ff8383c0000 - 0x00007ff83842b000 	C:\WINDOWS\System32\WS2_32.dll
0x00007ff834720000 - 0x00007ff834732000 	C:\WINDOWS\SYSTEM32\kernel.appcore.dll
0x00007ff831d90000 - 0x00007ff831d9a000 	C:\Users\alex\.p2\pool\plugins\org.eclipse.justj.openjdk.hotspot.jre.full.win32.x86_64_17.0.7.v20230425-1502\jre\bin\jimage.dll
0x00007ff8237e0000 - 0x00007ff8239e1000 	C:\WINDOWS\SYSTEM32\DBGHELP.DLL
0x00007ffffe0b0000 - 0x00007ffffe0e4000 	C:\WINDOWS\SYSTEM32\dbgcore.DLL
0x00007ff8368d0000 - 0x00007ff836952000 	C:\WINDOWS\System32\bcryptPrimitives.dll
0x00007ff82ca80000 - 0x00007ff82caa5000 	C:\Users\alex\.p2\pool\plugins\org.eclipse.justj.openjdk.hotspot.jre.full.win32.x86_64_17.0.7.v20230425-1502\jre\bin\java.dll
0x00007ff81dc90000 - 0x00007ff81dca8000 	C:\Users\alex\.p2\pool\plugins\org.eclipse.justj.openjdk.hotspot.jre.full.win32.x86_64_17.0.7.v20230425-1502\jre\bin\zip.dll
0x00007ff8385a0000 - 0x00007ff838d10000 	C:\WINDOWS\System32\SHELL32.dll
0x00007ff834920000 - 0x00007ff8350c5000 	C:\WINDOWS\SYSTEM32\windows.storage.dll
0x00007ff837420000 - 0x00007ff837774000 	C:\WINDOWS\System32\combase.dll
0x00007ff836220000 - 0x00007ff83624b000 	C:\WINDOWS\SYSTEM32\Wldp.dll
0x00007ff837e30000 - 0x00007ff837efd000 	C:\WINDOWS\System32\OLEAUT32.dll
0x00007ff8381f0000 - 0x00007ff83829d000 	C:\WINDOWS\System32\SHCORE.dll
0x00007ff838f60000 - 0x00007ff838fbb000 	C:\WINDOWS\System32\shlwapi.dll
0x00007ff836800000 - 0x00007ff836824000 	C:\WINDOWS\SYSTEM32\profapi.dll
0x00007ff81d4b0000 - 0x00007ff81d4c9000 	C:\Users\alex\.p2\pool\plugins\org.eclipse.justj.openjdk.hotspot.jre.full.win32.x86_64_17.0.7.v20230425-1502\jre\bin\net.dll
0x00007ff82e340000 - 0x00007ff82e44a000 	C:\WINDOWS\SYSTEM32\WINHTTP.dll
0x00007ff836000000 - 0x00007ff83606a000 	C:\WINDOWS\system32\mswsock.dll
0x00007ff81d3e0000 - 0x00007ff81d3f5000 	C:\Users\alex\.p2\pool\plugins\org.eclipse.justj.openjdk.hotspot.jre.full.win32.x86_64_17.0.7.v20230425-1502\jre\bin\nio.dll
0x00007ffffcd70000 - 0x00007ffffcdeb000 	C:\Users\alex\AppData\Local\Temp\lwjgl_alex\3.3.4+7\x64\lwjgl.dll
0x00007fffe4180000 - 0x00007fffe4205000 	C:\Users\alex\AppData\Local\Temp\lwjgl_alex\3.3.4+7\x64\glfw.dll
0x00007ff800140000 - 0x00007ff800185000 	C:\WINDOWS\SYSTEM32\dinput8.dll
0x00007ff81dcb0000 - 0x00007ff81dcc1000 	C:\WINDOWS\SYSTEM32\xinput1_4.dll
0x00007ff836b60000 - 0x00007ff836bae000 	C:\WINDOWS\System32\cfgmgr32.dll
0x00007ff836660000 - 0x00007ff836693000 	C:\WINDOWS\SYSTEM32\DEVOBJ.dll
0x00007ff834340000 - 0x00007ff83436e000 	C:\WINDOWS\SYSTEM32\dwmapi.dll
0x00007ff82b5d0000 - 0x00007ff82b722000 	C:\WINDOWS\SYSTEM32\inputhost.dll
0x00007ff831b60000 - 0x00007ff831c54000 	C:\WINDOWS\SYSTEM32\PROPSYS.dll
0x00007ff832550000 - 0x00007ff8326a7000 	C:\WINDOWS\SYSTEM32\wintypes.dll
0x00007ff833670000 - 0x00007ff8339cb000 	C:\WINDOWS\SYSTEM32\CoreUIComponents.dll
0x00007ff8339d0000 - 0x00007ff833ac2000 	C:\WINDOWS\SYSTEM32\CoreMessaging.dll
0x00007ff835b20000 - 0x00007ff835b53000 	C:\WINDOWS\SYSTEM32\ntmarta.dll
0x00007ff834210000 - 0x00007ff8342ae000 	C:\WINDOWS\system32\uxtheme.dll
0x00007ff837780000 - 0x00007ff837895000 	C:\WINDOWS\System32\MSCTF.dll
0x00007fffe3fe0000 - 0x00007fffe4108000 	C:\WINDOWS\SYSTEM32\opengl32.dll
0x00007ff80b620000 - 0x00007ff80b64c000 	C:\WINDOWS\SYSTEM32\GLU32.dll
0x00007ff8384f0000 - 0x00007ff838599000 	C:\WINDOWS\System32\clbcatq.dll
0x00007fff8d360000 - 0x00007fff9031f000 	C:\WINDOWS\System32\DriverStore\FileRepository\nvgbdi.inf_amd64_4a2574804558c4b2\nvoglv64.dll
0x00007ff8378a0000 - 0x00007ff837d10000 	C:\WINDOWS\System32\SETUPAPI.dll
0x00007ff837fe0000 - 0x00007ff83810b000 	C:\WINDOWS\System32\ole32.dll
0x00007ff831e40000 - 0x00007ff831e54000 	C:\WINDOWS\SYSTEM32\WTSAPI32.dll
0x00007ff836190000 - 0x00007ff83619c000 	C:\WINDOWS\SYSTEM32\CRYPTBASE.DLL
0x00007ff836490000 - 0x00007ff8364a2000 	C:\WINDOWS\SYSTEM32\msasn1.dll
0x00007ff82e0b0000 - 0x00007ff82e0e1000 	C:\WINDOWS\SYSTEM32\cryptnet.dll
0x00007ff836bb0000 - 0x00007ff836d0d000 	C:\WINDOWS\System32\CRYPT32.dll
0x00007ff82b1a0000 - 0x00007ff82b2e7000 	C:\WINDOWS\SYSTEM32\drvstore.dll
0x00007ff837130000 - 0x00007ff8371a3000 	C:\WINDOWS\System32\WINTRUST.dll
0x00007ff830ce0000 - 0x00007ff830d1b000 	C:\WINDOWS\SYSTEM32\dxcore.dll
0x00007fffa5530000 - 0x00007fffa57f5000 	C:\WINDOWS\system32\nvspcap64.dll
0x00007ff835dc0000 - 0x00007ff835e0b000 	C:\WINDOWS\SYSTEM32\powrprof.dll
0x00007ff835c90000 - 0x00007ff835ca2000 	C:\WINDOWS\SYSTEM32\UMPDC.dll
0x00007ff835650000 - 0x00007ff8356b3000 	C:\WINDOWS\SYSTEM32\WINSTA.dll
0x00007ff82b8f0000 - 0x00007ff82b9e9000 	C:\WINDOWS\SYSTEM32\textinputframework.dll
0x00007ff807560000 - 0x00007ff8075c6000 	C:\WINDOWS\system32\Oleacc.dll
0x00007fffeb160000 - 0x00007fffeb1c1000 	C:\Users\alex\AppData\Local\Temp\lwjgl_alex\3.3.4+7\x64\lwjgl_opengl.dll
0x00007fffe3420000 - 0x00007fffe34c0000 	C:\Users\alex\AppData\Local\Temp\lwjgl_alex\3.3.4+7\x64\lwjgl_stb.dll
0x00007ff8312c0000 - 0x00007ff8312d0000 	C:\Users\alex\.p2\pool\plugins\org.eclipse.justj.openjdk.hotspot.jre.full.win32.x86_64_17.0.7.v20230425-1502\jre\bin\verify.dll

dbghelp: loaded successfully - version: 4.0.5 - missing functions: none
symbol engine: initialized successfully - sym options: 0x614 - pdb path: .;C:\Users\alex\.p2\pool\plugins\org.eclipse.justj.openjdk.hotspot.jre.full.win32.x86_64_17.0.7.v20230425-1502\jre\bin;C:\WINDOWS\SYSTEM32;C:\WINDOWS\WinSxS\amd64_microsoft.windows.common-controls_6595b64144ccf1df_6.0.19041.6456_none_60b8a6cb71f64256;C:\Users\alex\.p2\pool\plugins\org.eclipse.justj.openjdk.hotspot.jre.full.win32.x86_64_17.0.7.v20230425-1502\jre\bin\server;C:\Users\alex\AppData\Local\Temp\lwjgl_alex\3.3.4+7\x64;C:\WINDOWS\System32\DriverStore\FileRepository\nvgbdi.inf_amd64_4a2574804558c4b2

VM Arguments:
jvm_args: -Dfile.encoding=UTF-8 -XX:+ShowCodeDetailsInExceptionMessages 
java_command: main.Main
java_class_path (initial): D:\Code Space\Java\CurrentRenderingPipeline\bin;D:\Code Space\Java\CurrentRenderingPipeline\lib\jars\jbullet.jar;D:\Code Space\Java\CurrentRenderingPipeline\lib\jars\jinput-2.0.10.jar;D:\Code Space\Java\CurrentRenderingPipeline\lib\jars\joml-1.10.7.jar;D:\Code Space\Java\CurrentRenderingPipeline\lib\jars\joml-1.10.7-javadoc.jar;D:\Code Space\Java\CurrentRenderingPipeline\lib\jars\joml-1.10.7-sources.jar;D:\Code Space\Java\CurrentRenderingPipeline\lib\jars\lwjgl_util.jar;D:\Code Space\Java\CurrentRenderingPipeline\lib\jars\lwjgl.jar;D:\Code Space\Java\CurrentRenderingPipeline\lib\jars\lwjgl-assimp.jar;D:\Code Space\Java\CurrentRenderingPipeline\lib\jars\lwjgl-assimp-javadoc.jar;D:\Code Space\Java\CurrentRenderingPipeline\lib\jars\lwjgl-assimp-natives-windows.jar;D:\Code Space\Java\CurrentRenderingPipeline\lib\jars\lwjgl-assimp-sources.jar;D:\Code Space\Java\CurrentRenderingPipeline\lib\jars\lwjgl-glfw.jar;D:\Code Space\Java\CurrentRenderingPipeline\lib\jars\lwjgl-glfw-javadoc.jar;D:\Code Space\Java\CurrentRenderingPipeline\lib\jars\lwjgl-glfw-natives-windows.jar;D:\Code Space\Java\CurrentRenderingPipeline\lib\jars\lwjgl-glfw-sources.jar;D:\Code Space\Java\CurrentRenderingPipeline\lib\jars\lwjgl-javadoc.jar;D:\Code Space\Java\CurrentRenderingPipeline\lib\jars\lwjgl-natives-windows.jar;D:\Code Space\Java\CurrentRenderingPipeline\lib\jars\lwjgl-openal.jar;D:\Code Space\Java\CurrentRenderingPipeline\lib\jars\lwjgl-openal-javadoc.jar;D:\Code Space\Java\CurrentRenderingPipeline\lib\jars\lwjgl-openal-natives-windows.jar;D:\Code Space\Java\CurrentRenderingPipeline\lib\jars\lwjgl-openal-sources.jar;D:\Code Space\Java\CurrentRenderingPipeline\lib\jars\lwjgl-opengl.jar;D:\Code Space\Java\CurrentRenderingPipeline\lib\jars\lwjgl-opengl-javadoc.jar;D:\Code Space\Java\CurrentRenderingPipeline\lib\jars\lwjgl-opengl-natives-windows.jar;D:\Code Space\Java\CurrentRenderingPipeline\lib\jars\lwjgl-opengl-sources.jar;D:\Code Space\Java\CurrentRenderingPipeline
Launcher Type: SUN_STANDARD

[Global flags]
     intx CICompilerCount                          = 4                                         {product} {ergonomic}
     uint ConcGCThreads                            = 2                                         {product} {ergonomic}
     uint G1ConcRefinementThreads                  = 8                                         {product} {ergonomic}
   size_t G1HeapRegionSize                         = 4194304                                   {product} {ergonomic}
    uintx GCDrainStackTargetSize                   = 64                                        {product} {ergonomic}
   size_t InitialHeapSize                          = 402653184                                 {product} {ergonomic}
   size_t MarkStackSize                            = 4194304                                   {product} {ergonomic}
   size_t MaxHeapSize                              = 6434062336                                {product} {ergonomic}
   size_t MaxNewSize                               = 3858759680                                {product} {ergonomic}
   size_t MinHeapDeltaBytes                        = 4194304                                   {product} {ergonomic}
   size_t MinHeapSize                              = 8388608                                   {product} {ergonomic}
    uintx NonNMethodCodeHeapSize                   = 5839372                                {pd product} {ergonomic}
    uintx NonProfiledCodeHeapSize                  = 122909434                              {pd product} {ergonomic}
    uintx ProfiledCodeHeapSize                     = 122909434                              {pd product} {ergonomic}
    uintx ReservedCodeCacheSize                    = 251658240                              {pd product} {ergonomic}
     bool SegmentedCodeCache                       = true                                      {product} {ergonomic}
     bool ShowCodeDetailsInExceptionMessages       = true                                   {manageable} {command line}
   size_t SoftMaxHeapSize                          = 6434062336                             {manageable} {ergonomic}
     bool UseCompressedClassPointers               = true                           {product lp64_product} {ergonomic}
     bool UseCompressedOops                        = true                           {product lp64_product} {ergonomic}
     bool UseG1GC                                  = true                                      {product} {ergonomic}
     bool UseLargePagesIndividualAllocation        = false                                  {pd product} {ergonomic}

Logging:
Log output configuration:
 #0: stdout all=warning uptime,level,tags
 #1: stderr all=off uptime,level,tags

Environment Variables:
JAVA_HOME=C:\Program Files\Java\jre1.8.0_281\lib
CLASSPATH=C:\Users\Sunbond\Documents\apache-tomcat-8.5.65\lib\servlet-api.jar
PATH=C:/Users/alex/.p2/pool/plugins/org.eclipse.justj.openjdk.hotspot.jre.full.win32.x86_64_17.0.7.v20230425-1502/jre/bin/server;C:/Users/alex/.p2/pool/plugins/org.eclipse.justj.openjdk.hotspot.jre.full.win32.x86_64_17.0.7.v20230425-1502/jre/bin;C:\Python312\Scripts\;C:\Python312\;C:\Program Files\Eclipse Adoptium\jdk-21.0.1.12-hotspot\bin;C:\Python311\Scripts\;C:\Python311\;C:\Program Files\Zulu\zulu-17\bin\;C:\Program Files\Eclipse Foundation\jdk-8.0.302.8-hotspot\bin;C:\PROGRAM FILES (X86)\COMMON FILES\ORACLE\JAVA\JAVAPATH;C:\WINDOWS\SYSTEM32;C:\WINDOWS;C:\WINDOWS\SYSTEM32\WBEM;C:\WINDOWS\SYSTEM32\WINDOWSPOWERSHELL\V1.0\;C:\WINDOWS\SYSTEM32\OPENSSH\;C:\PROGRAM FILES\NVIDIA CORPORATION\NVIDIA NVDLISR;C:\PROGRAM FILES (X86)\NVIDIA CORPORATION\PHYSX\COMMON;C:\PROGRAM FILES\DOTNET\;C:\USERDATA\GIT\CMD;C:\PROGRAM FILES\MICROSOFT SQL SERVER\130\TOOLS\BINN\;C:\PROGRAM FILES\MICROSOFT SQL SERVER\CLIENT SDK\ODBC\170\TOOLS\BINN\;C:\PROGRAM FILES\AZURE DATA STUDIO\BIN;C:\PROGRAM FILES (X86)\MICROSOFT SQL SERVER\150\DTS\BINN\;C:\PROGRAM FILES (X86)\MICROSOFT SQL SERVER\150\TOOLS\BINN\;C:\PROGRAM FILES\MICROSOFT SQL SERVER\150\TOOLS\BINN\;C:\PROGRAM FILES\MICROSOFT SQL SERVER\150\DTS\BINN\;C:\PROGRAM FILES\MICROSOFT SQL SERVER\120\TOOLS\BINN\;C:\MAMP\BIN\PHP\PHP7.4.1\PHP.EXE;C:\MAMP\BIN\PHP\PHP7.4.1\;C:\ProgramData\chocolatey\bin;C:\UserData\Git\cmd;C:\Program Files\sfdx\bin;C:\Program Files\Java\jdk1.8.0_281\lib;C:\Program Files\Java\jre1.8.0_281\lib;C:\MinGW\bin;D:\Code Space\NodeJS\;D:\Android Studio\SDKs\platform-tools;D:\Android Studio\SDKs\emulator;;C:\Program Files\Docker\Docker\resources\bin;C:\Users\alex\AppData\Local\Microsoft\WindowsApps;C:\Users\alex\AppData\Local\Programs\Microsoft VS Code\bin;C:\Users\alex\AppData\Local\GitHubDesktop\bin;C:\Users\alex\.dotnet\tools;C:\Program Files\Java\jre1.8.0_281\lib;C:\Program Files\Java\jdk1.8.0_281\lib;C:\MinGW\bin;C:\Program Files\heroku\bin;C:\Progra~1\sf\bin;C:\Users\alex\AppData\Local\Microsoft\WinGet\Links;C:\Users\alex\
USERNAME=alex
OS=Windows_NT
PROCESSOR_IDENTIFIER=Intel64 Family 6 Model 158 Stepping 9, GenuineIntel
TMP=C:\Users\alex\AppData\Local\Temp
TEMP=C:\Users\alex\AppData\Local\Temp



---------------  S Y S T E M  ---------------

OS:
 Windows 10 , 64 bit Build 19041 (10.0.19041.5915)
OS uptime: 20 days 2:38 hours
Hyper-V role detected

CPU: total 8 (initial active 8) (4 cores per cpu, 2 threads per core) family 6 model 158 stepping 9 microcode 0xb4, cx8, cmov, fxsr, ht, mmx, 3dnowpref, sse, sse2, sse3, ssse3, sse4.1, sse4.2, popcnt, lzcnt, tsc, tscinvbit, avx, avx2, aes, erms, clmul, bmi1, bmi2, rtm, adx, fma, vzeroupper, clflush, clflushopt, hv

Memory: 4k page, system-wide physical 24540M (6819M free)
TotalPageFile size 88028M (AvailPageFile size 42768M)
current process WorkingSet (physical memory assigned to process): 399M, peak: 399M
current process commit charge ("private bytes"): 1718M, peak: 1753M

vm_info: OpenJDK 64-Bit Server VM (17.0.7+7) for windows-amd64 JRE (17.0.7+7), built on Apr 18 2023 22:10:42 by "temurin" with MS VC++ 16.7 (VS2019)

END.
