#
# A fatal error has been detected by the Java Runtime Environment:
#
#  EXCEPTION_ACCESS_VIOLATION (0xc0000005) at pc=0x00007ff8f5ebc78e, pid=5928, tid=31356
#
# JRE version: OpenJDK Runtime Environment Temurin-17.0.7+7 (17.0.7+7) (build 17.0.7+7)
# Java VM: OpenJDK 64-Bit Server VM Temurin-17.0.7+7 (17.0.7+7, mixed mode, tiered, compressed oops, compressed class ptrs, g1 gc, windows-amd64)
# Problematic frame:
# V  [jvm.dll+0x1ac78e]
#
# No core dump will be written. Minidumps are not enabled by default on client versions of Windows
#
# If you would like to submit a bug report, please visit:
#   https://github.com/adoptium/adoptium-support/issues
#

---------------  S U M M A R Y ------------

Command Line: -Dfile.encoding=UTF-8 -XX:+ShowCodeDetailsInExceptionMessages main.Main

Host: Intel(R) Core(TM) i7-7700 CPU @ 3.60GHz, 8 cores, 23G,  Windows 10 , 64 bit Build 19041 (10.0.19041.5915)
Time: Fri Jan  2 13:39:25 2026 US Mountain Standard Time elapsed time: 10.215759 seconds (0d 0h 0m 10s)

---------------  T H R E A D  ---------------

Current thread (0x0000018ad34bb110):  JavaThread "C2 CompilerThread0" daemon [_thread_in_native, id=31356, stack(0x00000053da400000,0x00000053da500000)]


Current CompileTask:
C2:  10215 1320   !   4       loaders.ObjLoader::loadObj (1827 bytes)

Stack: [0x00000053da400000,0x00000053da500000],  sp=0x00000053da4faef0,  free space=1003k
Native frames: (J=compiled Java code, j=interpreted, Vv=VM code, C=native code)
V  [jvm.dll+0x1ac78e]
V  [jvm.dll+0x21f05a]
V  [jvm.dll+0x21d982]
V  [jvm.dll+0x21b797]
V  [jvm.dll+0x21895b]
V  [jvm.dll+0x1a4d8d]
V  [jvm.dll+0x2284da]
V  [jvm.dll+0x226615]
V  [jvm.dll+0x7ea90b]
V  [jvm.dll+0x7e4e7a]
V  [jvm.dll+0x676395]
C  [ucrtbase.dll+0x21bb2]
C  [KERNEL32.DLL+0x17374]
C  [ntdll.dll+0x4cc91]


siginfo: EXCEPTION_ACCESS_VIOLATION (0xc0000005), reading address 0x0000018edf24070c


Register to memory mapping:

RIP=0x00007ff8f5ebc78e jvm.dll
RAX=0x0 is NULL
RBX=0x0000018a86fa1300 points into unknown readable memory: 0x0000000000000000 | 00 00 00 00 00 00 00 00
RCX=0x0 is NULL
RDX=0x0000000000000002 is an unknown value
RSP=0x00000053da4faef0 is pointing into the stack for thread: 0x0000018ad34bb110
RBP=0x00000053da4fafb8 is pointing into the stack for thread: 0x0000018ad34bb110
RSI=0x0000018a86fa11c0 points into unknown readable memory: 0x0000018a86fa1200 | 00 12 fa 86 8a 01 00 00
RDI=0x0000018edf2406c0 is an unknown value
R8 =0x0 is NULL
R9 =0x0 is NULL
R10=0x0000000000000002 is an unknown value
R11=0x0000000000000002 is an unknown value
R12=0x0000000000000001 is an unknown value
R13=0x00000053da4fb020 is pointing into the stack for thread: 0x0000018ad34bb110
R14=0x0000000000000238 is an unknown value
R15=0x00000053da4fb080 is pointing into the stack for thread: 0x0000018ad34bb110


Registers:
RAX=0x0000000000000000, RBX=0x0000018a86fa1300, RCX=0x0000000000000000, RDX=0x0000000000000002
RSP=0x00000053da4faef0, RBP=0x00000053da4fafb8, RSI=0x0000018a86fa11c0, RDI=0x0000018edf2406c0
R8 =0x0000000000000000, R9 =0x0000000000000000, R10=0x0000000000000002, R11=0x0000000000000002
R12=0x0000000000000001, R13=0x00000053da4fb020, R14=0x0000000000000238, R15=0x00000053da4fb080
RIP=0x00007ff8f5ebc78e, EFLAGS=0x0000000000010202

Top of Stack: (sp=0x00000053da4faef0)
0x00000053da4faef0:   0000018a87a6b9e8 000000000026e990
0x00000053da4faf00:   00000053da4fb080 0000000000000005
0x00000053da4faf10:   0000005300000004 0000000000000004
0x00000053da4faf20:   0000000000000000 00000053da4fe670
0x00000053da4faf30:   0000000000000001 00007ff8f5f2f05a
0x00000053da4faf40:   0000018a8919e338 00007ff8f5d10000
0x00000053da4faf50:   0000018a8919de20 00000000000002b1
0x00000053da4faf60:   0000018ad34a7f60 00007ff800000100
0x00000053da4faf70:   0000018a87a68bc0 00000000000000ed
0x00000053da4faf80:   0000000000000400 0000018a87a64dc0
0x00000053da4faf90:   0000000000000400 0000018ad34a7f60
0x00000053da4fafa0:   0000018a00000000 00007ff8f650752f
0x00000053da4fafb0:   0000000000000000 0000000000000050
0x00000053da4fafc0:   0000000000000003 0000000000000000
0x00000053da4fafd0:   0000018ad3402ca0 0000018ad34a7f60
0x00000053da4fafe0:   0000018ad3402ca0 00000000000149b0 

Instructions: (pc=0x00007ff8f5ebc78e)
0x00007ff8f5ebc68e:   48 8b 83 58 08 00 00 48 8b 5c 24 30 48 8b 04 01
0x00007ff8f5ebc69e:   48 83 c4 28 c3 cc cc cc cc cc cc cc cc cc cc cc
0x00007ff8f5ebc6ae:   cc cc 48 89 5c 24 08 57 48 83 ec 20 48 8b 41 08
0x00007ff8f5ebc6be:   8b d2 48 8b 3c d0 65 48 8b 04 25 58 00 00 00 8b
0x00007ff8f5ebc6ce:   15 e5 e2 9f 00 48 8b 1c d0 b8 50 00 00 00 80 3c
0x00007ff8f5ebc6de:   18 00 75 05 e8 99 28 6e 00 b8 20 00 00 00 48 8b
0x00007ff8f5ebc6ee:   cf 48 8b 04 18 48 8b 90 d0 04 00 00 48 8b 07 48
0x00007ff8f5ebc6fe:   8b 9a 80 00 00 00 ff 50 68 8b c0 48 8d 0c c5 18
0x00007ff8f5ebc70e:   0b 00 00 48 8b 83 58 08 00 00 48 8b 5c 24 30 48
0x00007ff8f5ebc71e:   8b 04 01 48 83 c4 20 5f c3 cc cc cc cc cc cc cc
0x00007ff8f5ebc72e:   cc cc 48 89 5c 24 08 48 89 74 24 10 48 89 7c 24
0x00007ff8f5ebc73e:   18 41 56 48 83 ec 40 48 8b 41 30 45 33 f6 45 33
0x00007ff8f5ebc74e:   db 45 33 d2 48 8b f1 48 8b d9 44 8b 40 4c 44 2b
0x00007ff8f5ebc75e:   41 14 44 03 41 10 0f 1f 40 00 0f 1f 84 00 00 00
0x00007ff8f5ebc76e:   00 00 8b 4b 14 44 8b 4b 18 48 8b 7b 30 44 2b c9
0x00007ff8f5ebc77e:   2b 4b 10 41 d1 f9 48 3b de 0f 94 c0 42 8d 14 19
0x00007ff8f5ebc78e:   8b 4f 4c 88 44 24 30 44 89 54 24 28 44 89 5c 24
0x00007ff8f5ebc79e:   20 e8 cc 01 e6 ff 48 8b 1b 45 33 c0 44 8b 5f 6c
0x00007ff8f5ebc7ae:   44 8b 57 50 45 8d 34 c6 48 85 db 75 b5 41 8b d2
0x00007ff8f5ebc7be:   33 c9 e8 8b 1c 14 00 48 8b 5c 24 50 48 8b 74 24
0x00007ff8f5ebc7ce:   58 48 8b 7c 24 60 41 8d 04 c6 48 83 c4 40 41 5e
0x00007ff8f5ebc7de:   c3 cc 83 79 38 00 0f 94 c0 c3 cc cc cc cc cc cc
0x00007ff8f5ebc7ee:   cc cc 48 83 ec 28 48 8b 49 78 48 85 c9 74 18 48
0x00007ff8f5ebc7fe:   8d 15 2c df 76 00 e8 5b 39 6e 00 48 85 c0 74 07
0x00007ff8f5ebc80e:   b0 01 48 83 c4 28 c3 32 c0 48 83 c4 28 c3 cc cc
0x00007ff8f5ebc81e:   cc cc 41 57 48 83 ec 70 48 8b 41 08 4c 8b f9 48
0x00007ff8f5ebc82e:   8b 48 30 8b 51 38 89 94 24 80 00 00 00 85 d2 7f
0x00007ff8f5ebc83e:   09 32 c0 48 83 c4 70 41 5f c3 48 89 5c 24 68 4c
0x00007ff8f5ebc84e:   8d 8c 24 98 00 00 00 48 8b 58 28 48 8d 94 24 90
0x00007ff8f5ebc85e:   00 00 00 4c 8b c3 48 c7 84 24 90 00 00 00 00 00
0x00007ff8f5ebc86e:   00 00 48 c7 84 24 98 00 00 00 00 00 00 00 e8 5f
0x00007ff8f5ebc87e:   7a 3b 00 84 c0 74 0a 4c 39 bc 24 90 00 00 00 74 


Stack slot to memory mapping:
stack at sp + 0 slots: 0x0000018a87a6b9e8 points into unknown readable memory: 0x00e6adfe469be55f | 5f e5 9b 46 fe ad e6 00
stack at sp + 1 slots: 0x000000000026e990 is an unknown value
stack at sp + 2 slots: 0x00000053da4fb080 is pointing into the stack for thread: 0x0000018ad34bb110
stack at sp + 3 slots: 0x0000000000000005 is an unknown value
stack at sp + 4 slots: 0x0000005300000004 is an unknown value
stack at sp + 5 slots: 0x0000000000000004 is an unknown value
stack at sp + 6 slots: 0x0 is NULL
stack at sp + 7 slots: 0x00000053da4fe670 is pointing into the stack for thread: 0x0000018ad34bb110


---------------  P R O C E S S  ---------------

Threads class SMR info:
_java_thread_list=0x0000018a8791b600, length=12, elements={
0x0000018aafc07a90, 0x0000018ad3482020, 0x0000018ad3483540, 0x0000018ad34a82a0,
0x0000018ad34a9d70, 0x0000018ad34ad0e0, 0x0000018ad34afe90, 0x0000018ad34bb110,
0x0000018ad34bc3d0, 0x0000018ad34bf1c0, 0x0000018ad34b11d0, 0x0000018ad34b1b70
}

Java Threads: ( => current thread )
  0x0000018aafc07a90 JavaThread "main" [_thread_in_Java, id=31232, stack(0x00000053d9700000,0x00000053d9800000)]
  0x0000018ad3482020 JavaThread "Reference Handler" daemon [_thread_blocked, id=10008, stack(0x00000053d9e00000,0x00000053d9f00000)]
  0x0000018ad3483540 JavaThread "Finalizer" daemon [_thread_blocked, id=25652, stack(0x00000053d9f00000,0x00000053da000000)]
  0x0000018ad34a82a0 JavaThread "Signal Dispatcher" daemon [_thread_blocked, id=32348, stack(0x00000053da000000,0x00000053da100000)]
  0x0000018ad34a9d70 JavaThread "Attach Listener" daemon [_thread_blocked, id=34256, stack(0x00000053da100000,0x00000053da200000)]
  0x0000018ad34ad0e0 JavaThread "Service Thread" daemon [_thread_blocked, id=27388, stack(0x00000053da200000,0x00000053da300000)]
  0x0000018ad34afe90 JavaThread "Monitor Deflation Thread" daemon [_thread_blocked, id=33940, stack(0x00000053da300000,0x00000053da400000)]
=>0x0000018ad34bb110 JavaThread "C2 CompilerThread0" daemon [_thread_in_native, id=31356, stack(0x00000053da400000,0x00000053da500000)]
  0x0000018ad34bc3d0 JavaThread "C1 CompilerThread0" daemon [_thread_blocked, id=32584, stack(0x00000053da500000,0x00000053da600000)]
  0x0000018ad34bf1c0 JavaThread "Sweeper thread" daemon [_thread_blocked, id=29116, stack(0x00000053da600000,0x00000053da700000)]
  0x0000018ad34b11d0 JavaThread "Notification Thread" daemon [_thread_blocked, id=10600, stack(0x00000053da700000,0x00000053da800000)]
  0x0000018ad34b1b70 JavaThread "Common-Cleaner" daemon [_thread_blocked, id=22816, stack(0x00000053da900000,0x00000053daa00000)]

Other Threads:
  0x0000018ad342ea30 VMThread "VM Thread" [stack: 0x00000053d9d00000,0x00000053d9e00000] [id=26944]
  0x0000018aafca80d0 WatcherThread [stack: 0x00000053da800000,0x00000053da900000] [id=23652]
  0x0000018aafc92500 GCTaskThread "GC Thread#0" [stack: 0x00000053d9800000,0x00000053d9900000] [id=31472]
  0x0000018adf2a4ef0 GCTaskThread "GC Thread#1" [stack: 0x00000053db100000,0x00000053db200000] [id=1912]
  0x0000018adf2a4430 GCTaskThread "GC Thread#2" [stack: 0x00000053db200000,0x00000053db300000] [id=24084]
  0x0000018adf2a3ed0 GCTaskThread "GC Thread#3" [stack: 0x00000053db300000,0x00000053db400000] [id=32716]
  0x0000018adf2a51a0 GCTaskThread "GC Thread#4" [stack: 0x00000053db400000,0x00000053db500000] [id=33092]
  0x0000018adf2a46e0 GCTaskThread "GC Thread#5" [stack: 0x00000053db500000,0x00000053db600000] [id=24864]
  0x0000018adf2a3970 GCTaskThread "GC Thread#6" [stack: 0x00000053db600000,0x00000053db700000] [id=12740]
  0x0000018adf2a4990 GCTaskThread "GC Thread#7" [stack: 0x00000053db700000,0x00000053db800000] [id=33276]
  0x0000018aafc9f400 ConcurrentGCThread "G1 Main Marker" [stack: 0x00000053d9900000,0x00000053d9a00000] [id=29384]
  0x0000018aafca05b0 ConcurrentGCThread "G1 Conc#0" [stack: 0x00000053d9a00000,0x00000053d9b00000] [id=34084]
  0x0000018aafcce9f0 ConcurrentGCThread "G1 Refine#0" [stack: 0x00000053d9b00000,0x00000053d9c00000] [id=29108]
  0x0000018ad32b36e0 ConcurrentGCThread "G1 Service" [stack: 0x00000053d9c00000,0x00000053d9d00000] [id=27788]

Threads with active compile tasks:
C2 CompilerThread0    10313 1320   !   4       loaders.ObjLoader::loadObj (1827 bytes)

VM state: not at safepoint (normal execution)

VM Mutex/Monitor currently owned by a thread: None

Heap address: 0x0000000680800000, size: 6136 MB, Compressed Oops mode: Zero based, Oop shift amount: 3

CDS archive(s) not mapped
Compressed class space mapped at: 0x0000000800000000-0x0000000840000000, reserved size: 1073741824
Narrow klass base: 0x0000000800000000, Narrow klass shift: 0, Narrow klass range: 0x40000000

GC Precious Log:
 CPUs: 8 total, 8 available
 Memory: 24540M
 Large Page Support: Disabled
 NUMA Support: Disabled
 Compressed Oops: Enabled (Zero based)
 Heap Region Size: 4M
 Heap Min Capacity: 8M
 Heap Initial Capacity: 384M
 Heap Max Capacity: 6136M
 Pre-touch: Disabled
 Parallel Workers: 8
 Concurrent Workers: 2
 Concurrent Refinement Workers: 8
 Periodic GC: Disabled

Heap:
 garbage-first heap   total 393216K, used 188507K [0x0000000680800000, 0x0000000800000000)
  region size 4096K, 45 young (184320K), 5 survivors (20480K)
 Metaspace       used 14163K, committed 14336K, reserved 1114112K
  class space    used 959K, committed 1088K, reserved 1048576K

Heap Regions: E=young(eden), S=young(survivor), O=old, HS=humongous(starts), HC=humongous(continues), CS=collection set, F=free, OA=open archive, CA=closed archive, TAMS=top-at-mark-start (previous, next)
|   0|0x0000000680800000, 0x0000000680ae6a00, 0x0000000680c00000| 72%| O|  |TAMS 0x0000000680800000, 0x0000000680800000| Untracked 
|   1|0x0000000680c00000, 0x0000000681000000, 0x0000000681000000|100%|HS|  |TAMS 0x0000000680c00000, 0x0000000680c00000| Complete 
|   2|0x0000000681000000, 0x0000000681400000, 0x0000000681400000|100%|HS|  |TAMS 0x0000000681000000, 0x0000000681000000| Complete 
|   3|0x0000000681400000, 0x0000000681400000, 0x0000000681800000|  0%| F|  |TAMS 0x0000000681400000, 0x0000000681400000| Untracked 
|   4|0x0000000681800000, 0x0000000681800000, 0x0000000681c00000|  0%| F|  |TAMS 0x0000000681800000, 0x0000000681800000| Untracked 
|   5|0x0000000681c00000, 0x0000000681c00000, 0x0000000682000000|  0%| F|  |TAMS 0x0000000681c00000, 0x0000000681c00000| Untracked 
|   6|0x0000000682000000, 0x0000000682000000, 0x0000000682400000|  0%| F|  |TAMS 0x0000000682000000, 0x0000000682000000| Untracked 
|   7|0x0000000682400000, 0x0000000682400000, 0x0000000682800000|  0%| F|  |TAMS 0x0000000682400000, 0x0000000682400000| Untracked 
|   8|0x0000000682800000, 0x0000000682800000, 0x0000000682c00000|  0%| F|  |TAMS 0x0000000682800000, 0x0000000682800000| Untracked 
|   9|0x0000000682c00000, 0x0000000682c00000, 0x0000000683000000|  0%| F|  |TAMS 0x0000000682c00000, 0x0000000682c00000| Untracked 
|  10|0x0000000683000000, 0x0000000683000000, 0x0000000683400000|  0%| F|  |TAMS 0x0000000683000000, 0x0000000683000000| Untracked 
|  11|0x0000000683400000, 0x0000000683400000, 0x0000000683800000|  0%| F|  |TAMS 0x0000000683400000, 0x0000000683400000| Untracked 
|  12|0x0000000683800000, 0x0000000683800000, 0x0000000683c00000|  0%| F|  |TAMS 0x0000000683800000, 0x0000000683800000| Untracked 
|  13|0x0000000683c00000, 0x0000000683c00000, 0x0000000684000000|  0%| F|  |TAMS 0x0000000683c00000, 0x0000000683c00000| Untracked 
|  14|0x0000000684000000, 0x0000000684000000, 0x0000000684400000|  0%| F|  |TAMS 0x0000000684000000, 0x0000000684000000| Untracked 
|  15|0x0000000684400000, 0x0000000684400000, 0x0000000684800000|  0%| F|  |TAMS 0x0000000684400000, 0x0000000684400000| Untracked 
|  16|0x0000000684800000, 0x0000000684800000, 0x0000000684c00000|  0%| F|  |TAMS 0x0000000684800000, 0x0000000684800000| Untracked 
|  17|0x0000000684c00000, 0x0000000684c00000, 0x0000000685000000|  0%| F|  |TAMS 0x0000000684c00000, 0x0000000684c00000| Untracked 
|  18|0x0000000685000000, 0x0000000685000000, 0x0000000685400000|  0%| F|  |TAMS 0x0000000685000000, 0x0000000685000000| Untracked 
|  19|0x0000000685400000, 0x0000000685400000, 0x0000000685800000|  0%| F|  |TAMS 0x0000000685400000, 0x0000000685400000| Untracked 
|  20|0x0000000685800000, 0x0000000685800000, 0x0000000685c00000|  0%| F|  |TAMS 0x0000000685800000, 0x0000000685800000| Untracked 
|  21|0x0000000685c00000, 0x0000000685c00000, 0x0000000686000000|  0%| F|  |TAMS 0x0000000685c00000, 0x0000000685c00000| Untracked 
|  22|0x0000000686000000, 0x0000000686000000, 0x0000000686400000|  0%| F|  |TAMS 0x0000000686000000, 0x0000000686000000| Untracked 
|  23|0x0000000686400000, 0x0000000686400000, 0x0000000686800000|  0%| F|  |TAMS 0x0000000686400000, 0x0000000686400000| Untracked 
|  24|0x0000000686800000, 0x0000000686800000, 0x0000000686c00000|  0%| F|  |TAMS 0x0000000686800000, 0x0000000686800000| Untracked 
|  25|0x0000000686c00000, 0x0000000686c00000, 0x0000000687000000|  0%| F|  |TAMS 0x0000000686c00000, 0x0000000686c00000| Untracked 
|  26|0x0000000687000000, 0x0000000687000000, 0x0000000687400000|  0%| F|  |TAMS 0x0000000687000000, 0x0000000687000000| Untracked 
|  27|0x0000000687400000, 0x0000000687400000, 0x0000000687800000|  0%| F|  |TAMS 0x0000000687400000, 0x0000000687400000| Untracked 
|  28|0x0000000687800000, 0x0000000687800000, 0x0000000687c00000|  0%| F|  |TAMS 0x0000000687800000, 0x0000000687800000| Untracked 
|  29|0x0000000687c00000, 0x0000000687c00000, 0x0000000688000000|  0%| F|  |TAMS 0x0000000687c00000, 0x0000000687c00000| Untracked 
|  30|0x0000000688000000, 0x0000000688000000, 0x0000000688400000|  0%| F|  |TAMS 0x0000000688000000, 0x0000000688000000| Untracked 
|  31|0x0000000688400000, 0x0000000688400000, 0x0000000688800000|  0%| F|  |TAMS 0x0000000688400000, 0x0000000688400000| Untracked 
|  32|0x0000000688800000, 0x0000000688800000, 0x0000000688c00000|  0%| F|  |TAMS 0x0000000688800000, 0x0000000688800000| Untracked 
|  33|0x0000000688c00000, 0x0000000688c00000, 0x0000000689000000|  0%| F|  |TAMS 0x0000000688c00000, 0x0000000688c00000| Untracked 
|  34|0x0000000689000000, 0x00000006891304c0, 0x0000000689400000| 29%| S|CS|TAMS 0x0000000689000000, 0x0000000689000000| Complete 
|  35|0x0000000689400000, 0x0000000689800000, 0x0000000689800000|100%| S|CS|TAMS 0x0000000689400000, 0x0000000689400000| Complete 
|  36|0x0000000689800000, 0x0000000689800000, 0x0000000689c00000|  0%| F|  |TAMS 0x0000000689800000, 0x0000000689800000| Untracked 
|  37|0x0000000689c00000, 0x000000068a000000, 0x000000068a000000|100%| S|CS|TAMS 0x0000000689c00000, 0x0000000689c00000| Complete 
|  38|0x000000068a000000, 0x000000068a400000, 0x000000068a400000|100%| S|CS|TAMS 0x000000068a000000, 0x000000068a000000| Complete 
|  39|0x000000068a400000, 0x000000068a400000, 0x000000068a800000|  0%| F|  |TAMS 0x000000068a400000, 0x000000068a400000| Untracked 
|  40|0x000000068a800000, 0x000000068a800000, 0x000000068ac00000|  0%| F|  |TAMS 0x000000068a800000, 0x000000068a800000| Untracked 
|  41|0x000000068ac00000, 0x000000068b000000, 0x000000068b000000|100%| S|CS|TAMS 0x000000068ac00000, 0x000000068ac00000| Complete 
|  42|0x000000068b000000, 0x000000068b000000, 0x000000068b400000|  0%| F|  |TAMS 0x000000068b000000, 0x000000068b000000| Untracked 
|  43|0x000000068b400000, 0x000000068b400000, 0x000000068b800000|  0%| F|  |TAMS 0x000000068b400000, 0x000000068b400000| Untracked 
|  44|0x000000068b800000, 0x000000068b800000, 0x000000068bc00000|  0%| F|  |TAMS 0x000000068b800000, 0x000000068b800000| Untracked 
|  45|0x000000068bc00000, 0x000000068bc00000, 0x000000068c000000|  0%| F|  |TAMS 0x000000068bc00000, 0x000000068bc00000| Untracked 
|  46|0x000000068c000000, 0x000000068c000000, 0x000000068c400000|  0%| F|  |TAMS 0x000000068c000000, 0x000000068c000000| Untracked 
|  47|0x000000068c400000, 0x000000068c400000, 0x000000068c800000|  0%| F|  |TAMS 0x000000068c400000, 0x000000068c400000| Untracked 
|  48|0x000000068c800000, 0x000000068c800000, 0x000000068cc00000|  0%| F|  |TAMS 0x000000068c800000, 0x000000068c800000| Untracked 
|  49|0x000000068cc00000, 0x000000068cc00000, 0x000000068d000000|  0%| F|  |TAMS 0x000000068cc00000, 0x000000068cc00000| Untracked 
|  50|0x000000068d000000, 0x000000068d000000, 0x000000068d400000|  0%| F|  |TAMS 0x000000068d000000, 0x000000068d000000| Untracked 
|  51|0x000000068d400000, 0x000000068d400000, 0x000000068d800000|  0%| F|  |TAMS 0x000000068d400000, 0x000000068d400000| Untracked 
|  52|0x000000068d800000, 0x000000068d800000, 0x000000068dc00000|  0%| F|  |TAMS 0x000000068d800000, 0x000000068d800000| Untracked 
|  53|0x000000068dc00000, 0x000000068dc00000, 0x000000068e000000|  0%| F|  |TAMS 0x000000068dc00000, 0x000000068dc00000| Untracked 
|  54|0x000000068e000000, 0x000000068e000000, 0x000000068e400000|  0%| F|  |TAMS 0x000000068e000000, 0x000000068e000000| Untracked 
|  55|0x000000068e400000, 0x000000068e600800, 0x000000068e800000| 50%| E|  |TAMS 0x000000068e400000, 0x000000068e400000| Complete 
|  56|0x000000068e800000, 0x000000068ec00000, 0x000000068ec00000|100%| E|CS|TAMS 0x000000068e800000, 0x000000068e800000| Complete 
|  57|0x000000068ec00000, 0x000000068f000000, 0x000000068f000000|100%| E|CS|TAMS 0x000000068ec00000, 0x000000068ec00000| Complete 
|  58|0x000000068f000000, 0x000000068f400000, 0x000000068f400000|100%| E|CS|TAMS 0x000000068f000000, 0x000000068f000000| Complete 
|  59|0x000000068f400000, 0x000000068f800000, 0x000000068f800000|100%| E|CS|TAMS 0x000000068f400000, 0x000000068f400000| Complete 
|  60|0x000000068f800000, 0x000000068fc00000, 0x000000068fc00000|100%| E|CS|TAMS 0x000000068f800000, 0x000000068f800000| Complete 
|  61|0x000000068fc00000, 0x0000000690000000, 0x0000000690000000|100%| E|CS|TAMS 0x000000068fc00000, 0x000000068fc00000| Complete 
|  62|0x0000000690000000, 0x0000000690400000, 0x0000000690400000|100%| E|CS|TAMS 0x0000000690000000, 0x0000000690000000| Complete 
|  63|0x0000000690400000, 0x0000000690800000, 0x0000000690800000|100%| E|CS|TAMS 0x0000000690400000, 0x0000000690400000| Complete 
|  64|0x0000000690800000, 0x0000000690c00000, 0x0000000690c00000|100%| E|CS|TAMS 0x0000000690800000, 0x0000000690800000| Complete 
|  65|0x0000000690c00000, 0x0000000691000000, 0x0000000691000000|100%| E|CS|TAMS 0x0000000690c00000, 0x0000000690c00000| Complete 
|  66|0x0000000691000000, 0x0000000691400000, 0x0000000691400000|100%| E|CS|TAMS 0x0000000691000000, 0x0000000691000000| Complete 
|  67|0x0000000691400000, 0x0000000691800000, 0x0000000691800000|100%| E|CS|TAMS 0x0000000691400000, 0x0000000691400000| Complete 
|  68|0x0000000691800000, 0x0000000691c00000, 0x0000000691c00000|100%| E|CS|TAMS 0x0000000691800000, 0x0000000691800000| Complete 
|  69|0x0000000691c00000, 0x0000000692000000, 0x0000000692000000|100%| E|CS|TAMS 0x0000000691c00000, 0x0000000691c00000| Complete 
|  70|0x0000000692000000, 0x0000000692400000, 0x0000000692400000|100%| E|CS|TAMS 0x0000000692000000, 0x0000000692000000| Complete 
|  71|0x0000000692400000, 0x0000000692800000, 0x0000000692800000|100%| E|CS|TAMS 0x0000000692400000, 0x0000000692400000| Complete 
|  72|0x0000000692800000, 0x0000000692c00000, 0x0000000692c00000|100%| E|CS|TAMS 0x0000000692800000, 0x0000000692800000| Complete 
|  73|0x0000000692c00000, 0x0000000693000000, 0x0000000693000000|100%| E|CS|TAMS 0x0000000692c00000, 0x0000000692c00000| Complete 
|  74|0x0000000693000000, 0x0000000693400000, 0x0000000693400000|100%| E|CS|TAMS 0x0000000693000000, 0x0000000693000000| Complete 
|  75|0x0000000693400000, 0x0000000693800000, 0x0000000693800000|100%| E|CS|TAMS 0x0000000693400000, 0x0000000693400000| Complete 
|  76|0x0000000693800000, 0x0000000693c00000, 0x0000000693c00000|100%| E|CS|TAMS 0x0000000693800000, 0x0000000693800000| Complete 
|  77|0x0000000693c00000, 0x0000000694000000, 0x0000000694000000|100%| E|CS|TAMS 0x0000000693c00000, 0x0000000693c00000| Complete 
|  78|0x0000000694000000, 0x0000000694400000, 0x0000000694400000|100%| E|CS|TAMS 0x0000000694000000, 0x0000000694000000| Complete 
|  79|0x0000000694400000, 0x0000000694800000, 0x0000000694800000|100%| E|CS|TAMS 0x0000000694400000, 0x0000000694400000| Complete 
|  80|0x0000000694800000, 0x0000000694c00000, 0x0000000694c00000|100%| E|CS|TAMS 0x0000000694800000, 0x0000000694800000| Complete 
|  81|0x0000000694c00000, 0x0000000695000000, 0x0000000695000000|100%| E|CS|TAMS 0x0000000694c00000, 0x0000000694c00000| Complete 
|  82|0x0000000695000000, 0x0000000695400000, 0x0000000695400000|100%| E|CS|TAMS 0x0000000695000000, 0x0000000695000000| Complete 
|  83|0x0000000695400000, 0x0000000695800000, 0x0000000695800000|100%| E|CS|TAMS 0x0000000695400000, 0x0000000695400000| Complete 
|  84|0x0000000695800000, 0x0000000695c00000, 0x0000000695c00000|100%| E|CS|TAMS 0x0000000695800000, 0x0000000695800000| Complete 
|  85|0x0000000695c00000, 0x0000000696000000, 0x0000000696000000|100%| E|CS|TAMS 0x0000000695c00000, 0x0000000695c00000| Complete 
|  86|0x0000000696000000, 0x0000000696400000, 0x0000000696400000|100%| E|CS|TAMS 0x0000000696000000, 0x0000000696000000| Complete 
|  87|0x0000000696400000, 0x0000000696800000, 0x0000000696800000|100%| E|CS|TAMS 0x0000000696400000, 0x0000000696400000| Complete 
|  88|0x0000000696800000, 0x0000000696c00000, 0x0000000696c00000|100%| E|CS|TAMS 0x0000000696800000, 0x0000000696800000| Complete 
|  89|0x0000000696c00000, 0x0000000697000000, 0x0000000697000000|100%| E|CS|TAMS 0x0000000696c00000, 0x0000000696c00000| Complete 
|  90|0x0000000697000000, 0x0000000697400000, 0x0000000697400000|100%| E|CS|TAMS 0x0000000697000000, 0x0000000697000000| Complete 
|  91|0x0000000697400000, 0x0000000697800000, 0x0000000697800000|100%| E|CS|TAMS 0x0000000697400000, 0x0000000697400000| Complete 
|  92|0x0000000697800000, 0x0000000697c00000, 0x0000000697c00000|100%| E|CS|TAMS 0x0000000697800000, 0x0000000697800000| Complete 
|  93|0x0000000697c00000, 0x0000000698000000, 0x0000000698000000|100%| E|CS|TAMS 0x0000000697c00000, 0x0000000697c00000| Complete 
|  94|0x0000000698000000, 0x0000000698400000, 0x0000000698400000|100%| E|CS|TAMS 0x0000000698000000, 0x0000000698000000| Complete 
|  95|0x0000000698400000, 0x0000000698800000, 0x0000000698800000|100%| E|CS|TAMS 0x0000000698400000, 0x0000000698400000| Complete 

Card table byte_map: [0x0000018ac31f0000,0x0000018ac3df0000] _byte_map_base: 0x0000018abfdec000

Marking Bits (Prev, Next): (CMBitMap*) 0x0000018aafc92b10, (CMBitMap*) 0x0000018aafc92b50
 Prev Bits: [0x0000018ac49f0000, 0x0000018aca9d0000)
 Next Bits: [0x0000018aca9d0000, 0x0000018ad09b0000)

Polling page: 0x0000018aadd90000

Metaspace:

Usage:
  Non-class:     12.89 MB used.
      Class:    959.39 KB used.
       Both:     13.83 MB used.

Virtual space:
  Non-class space:       64.00 MB reserved,      12.94 MB ( 20%) committed,  1 nodes.
      Class space:        1.00 GB reserved,       1.06 MB ( <1%) committed,  1 nodes.
             Both:        1.06 GB reserved,      14.00 MB (  1%) committed. 

Chunk freelists:
   Non-Class:  2.50 MB
       Class:  14.98 MB
        Both:  17.48 MB

MaxMetaspaceSize: unlimited
CompressedClassSpaceSize: 1.00 GB
Initial GC threshold: 21.00 MB
Current GC threshold: 21.00 MB
CDS: off
MetaspaceReclaimPolicy: balanced
 - commit_granule_bytes: 65536.
 - commit_granule_words: 8192.
 - virtual_space_node_default_size: 8388608.
 - enlarge_chunks_in_place: 1.
 - new_chunks_are_fully_committed: 0.
 - uncommit_free_chunks: 1.
 - use_allocation_guard: 0.
 - handle_deallocations: 1.


Internal statistics:

num_allocs_failed_limit: 0.
num_arena_births: 66.
num_arena_deaths: 0.
num_vsnodes_births: 2.
num_vsnodes_deaths: 0.
num_space_committed: 222.
num_space_uncommitted: 0.
num_chunks_returned_to_freelist: 0.
num_chunks_taken_from_freelist: 289.
num_chunk_merges: 0.
num_chunk_splits: 214.
num_chunks_enlarged: 170.
num_inconsistent_stats: 0.

CodeHeap 'non-profiled nmethods': size=120000Kb used=813Kb max_used=813Kb free=119186Kb
 bounds [0x0000018abad90000, 0x0000018abb000000, 0x0000018ac22c0000]
CodeHeap 'profiled nmethods': size=120000Kb used=2771Kb max_used=2771Kb free=117228Kb
 bounds [0x0000018ab32c0000, 0x0000018ab3580000, 0x0000018aba7f0000]
CodeHeap 'non-nmethods': size=5760Kb used=1702Kb max_used=1775Kb free=4057Kb
 bounds [0x0000018aba7f0000, 0x0000018abaa60000, 0x0000018abad90000]
 total_blobs=2492 nmethods=1327 adapters=1078
 compilation: enabled
              stopped_count=0, restarted_count=0
 full_count=0

Compilation events (20 events):
Event: 9.738 Thread 0x0000018ad34bc3d0 nmethod 1316 0x0000018ab3569190 code [0x0000018ab3569340, 0x0000018ab3569538]
Event: 9.898 Thread 0x0000018ad34bc3d0 1318       3       org.lwjgl.system.MemoryStack::setPointer (17 bytes)
Event: 9.898 Thread 0x0000018ad34bc3d0 nmethod 1318 0x0000018ab3569610 code [0x0000018ab35697c0, 0x0000018ab3569aa8]
Event: 9.898 Thread 0x0000018ad34bc3d0 1319       3       org.lwjgl.system.MemoryStack::checkPointer (23 bytes)
Event: 9.898 Thread 0x0000018ad34bc3d0 nmethod 1319 0x0000018ab3569c10 code [0x0000018ab3569dc0, 0x0000018ab356a028]
Event: 10.024 Thread 0x0000018ad34bb110 1320   !   4       loaders.ObjLoader::loadObj (1827 bytes)
Event: 10.078 Thread 0x0000018ad34bc3d0 1321       3       sun.nio.cs.UTF_8$Decoder::decodeLoop (28 bytes)
Event: 10.078 Thread 0x0000018ad34bc3d0 nmethod 1321 0x0000018ab356a110 code [0x0000018ab356a2e0, 0x0000018ab356a6f8]
Event: 10.078 Thread 0x0000018ad34bc3d0 1322       3       java.lang.String::decodeASCII (64 bytes)
Event: 10.078 Thread 0x0000018ad34bc3d0 nmethod 1322 0x0000018ab356a890 code [0x0000018ab356aa60, 0x0000018ab356adb8]
Event: 10.078 Thread 0x0000018ad34bc3d0 1323       3       sun.nio.cs.UTF_8$Decoder::decodeArrayLoop (688 bytes)
Event: 10.081 Thread 0x0000018ad34bc3d0 nmethod 1323 0x0000018ab356af90 code [0x0000018ab356b7c0, 0x0000018ab3570938]
Event: 10.088 Thread 0x0000018ad34bc3d0 1324       3       java.lang.System$2::decodeASCII (11 bytes)
Event: 10.088 Thread 0x0000018ad34bc3d0 nmethod 1324 0x0000018ab3572090 code [0x0000018ab3572220, 0x0000018ab3572368]
Event: 10.088 Thread 0x0000018ad34bc3d0 1325   !   3       java.nio.charset.CharsetDecoder::decode (275 bytes)
Event: 10.090 Thread 0x0000018ad34bc3d0 nmethod 1325 0x0000018ab3572410 code [0x0000018ab3572740, 0x0000018ab3573c68]
Event: 10.135 Thread 0x0000018ad34bc3d0 1327       3       java.lang.AbstractStringBuilder::append (33 bytes)
Event: 10.135 Thread 0x0000018ad34bc3d0 nmethod 1327 0x0000018ab3574290 code [0x0000018ab3574440, 0x0000018ab3574628]
Event: 10.135 Thread 0x0000018ad34bc3d0 1328       3       java.lang.StringBuilder::append (10 bytes)
Event: 10.135 Thread 0x0000018ad34bc3d0 nmethod 1328 0x0000018ab3574790 code [0x0000018ab3574920, 0x0000018ab3574a68]

GC Heap History (8 events):
Event: 2.931 GC heap before
{Heap before GC invocations=0 (full 0):
 garbage-first heap   total 393216K, used 20480K [0x0000000680800000, 0x0000000800000000)
  region size 4096K, 5 young (20480K), 0 survivors (0K)
 Metaspace       used 13403K, committed 13568K, reserved 1114112K
  class space    used 932K, committed 1024K, reserved 1048576K
}
Event: 2.933 GC heap after
{Heap after GC invocations=1 (full 0):
 garbage-first heap   total 393216K, used 3130K [0x0000000680800000, 0x0000000800000000)
  region size 4096K, 1 young (4096K), 1 survivors (4096K)
 Metaspace       used 13403K, committed 13568K, reserved 1114112K
  class space    used 932K, committed 1024K, reserved 1048576K
}
Event: 6.096 GC heap before
{Heap before GC invocations=1 (full 0):
 garbage-first heap   total 393216K, used 27706K [0x0000000680800000, 0x0000000800000000)
  region size 4096K, 7 young (28672K), 1 survivors (4096K)
 Metaspace       used 14048K, committed 14208K, reserved 1114112K
  class space    used 958K, committed 1088K, reserved 1048576K
}
Event: 6.098 GC heap after
{Heap after GC invocations=2 (full 0):
 garbage-first heap   total 393216K, used 3702K [0x0000000680800000, 0x0000000800000000)
  region size 4096K, 1 young (4096K), 1 survivors (4096K)
 Metaspace       used 14048K, committed 14208K, reserved 1114112K
  class space    used 958K, committed 1088K, reserved 1048576K
}
Event: 6.536 GC heap before
{Heap before GC invocations=2 (full 0):
 garbage-first heap   total 393216K, used 237174K [0x0000000680800000, 0x0000000800000000)
  region size 4096K, 57 young (233472K), 1 survivors (4096K)
 Metaspace       used 14154K, committed 14336K, reserved 1114112K
  class space    used 959K, committed 1088K, reserved 1048576K
}
Event: 6.541 GC heap after
{Heap after GC invocations=3 (full 0):
 garbage-first heap   total 393216K, used 13717K [0x0000000680800000, 0x0000000800000000)
  region size 4096K, 2 young (8192K), 2 survivors (8192K)
 Metaspace       used 14154K, committed 14336K, reserved 1114112K
  class space    used 959K, committed 1088K, reserved 1048576K
}
Event: 10.093 GC heap before
{Heap before GC invocations=3 (full 0):
 garbage-first heap   total 393216K, used 243093K [0x0000000680800000, 0x0000000800000000)
  region size 4096K, 57 young (233472K), 2 survivors (8192K)
 Metaspace       used 14163K, committed 14336K, reserved 1114112K
  class space    used 959K, committed 1088K, reserved 1048576K
}
Event: 10.097 GC heap after
{Heap after GC invocations=4 (full 0):
 garbage-first heap   total 393216K, used 23157K [0x0000000680800000, 0x0000000800000000)
  region size 4096K, 3 young (12288K), 3 survivors (12288K)
 Metaspace       used 14163K, committed 14336K, reserved 1114112K
  class space    used 959K, committed 1088K, reserved 1048576K
}

Dll operation events (9 events):
Event: 0.007 Loaded shared library C:\Users\alex\.p2\pool\plugins\org.eclipse.justj.openjdk.hotspot.jre.full.win32.x86_64_17.0.7.v20230425-1502\jre\bin\java.dll
Event: 0.113 Loaded shared library C:\Users\alex\.p2\pool\plugins\org.eclipse.justj.openjdk.hotspot.jre.full.win32.x86_64_17.0.7.v20230425-1502\jre\bin\net.dll
Event: 0.115 Loaded shared library C:\Users\alex\.p2\pool\plugins\org.eclipse.justj.openjdk.hotspot.jre.full.win32.x86_64_17.0.7.v20230425-1502\jre\bin\nio.dll
Event: 0.120 Loaded shared library C:\Users\alex\.p2\pool\plugins\org.eclipse.justj.openjdk.hotspot.jre.full.win32.x86_64_17.0.7.v20230425-1502\jre\bin\zip.dll
Event: 0.186 Loaded shared library C:\Users\alex\.p2\pool\plugins\org.eclipse.justj.openjdk.hotspot.jre.full.win32.x86_64_17.0.7.v20230425-1502\jre\bin\jimage.dll
Event: 0.212 Loaded shared library C:\Users\alex\AppData\Local\Temp\lwjgl_alex\3.3.4+7\x64\lwjgl.dll
Event: 0.666 Loaded shared library C:\Users\alex\AppData\Local\Temp\lwjgl_alex\3.3.4+7\x64\lwjgl_opengl.dll
Event: 0.757 Loaded shared library C:\Users\alex\AppData\Local\Temp\lwjgl_alex\3.3.4+7\x64\lwjgl_stb.dll
Event: 0.783 Loaded shared library C:\Users\alex\.p2\pool\plugins\org.eclipse.justj.openjdk.hotspot.jre.full.win32.x86_64_17.0.7.v20230425-1502\jre\bin\verify.dll

Deoptimization events (20 events):
Event: 6.247 Thread 0x0000018aafc07a90 DEOPT PACKING pc=0x0000018abaddc7a8 sp=0x00000053d97fee50
Event: 6.247 Thread 0x0000018aafc07a90 DEOPT UNPACKING pc=0x0000018aba8469a3 sp=0x00000053d97fecf8 mode 2
Event: 6.422 Thread 0x0000018aafc07a90 Uncommon trap: trap_request=0xffffff45 fr.pc=0x0000018abadd4678 relative=0x0000000000001658
Event: 6.422 Thread 0x0000018aafc07a90 Uncommon trap: reason=unstable_if action=reinterpret pc=0x0000018abadd4678 method=jdk.internal.math.FDBigInteger.cmp(Ljdk/internal/math/FDBigInteger;)I @ 48 c2
Event: 6.422 Thread 0x0000018aafc07a90 DEOPT PACKING pc=0x0000018abadd4678 sp=0x00000053d97fed30
Event: 6.422 Thread 0x0000018aafc07a90 DEOPT UNPACKING pc=0x0000018aba8469a3 sp=0x00000053d97febd0 mode 2
Event: 6.565 Thread 0x0000018aafc07a90 DEOPT PACKING pc=0x0000018ab3554cbc sp=0x00000053d97fee50
Event: 6.565 Thread 0x0000018aafc07a90 DEOPT UNPACKING pc=0x0000018aba847143 sp=0x00000053d97fe438 mode 0
Event: 6.610 Thread 0x0000018aafc07a90 DEOPT PACKING pc=0x0000018ab3554cbc sp=0x00000053d97fee50
Event: 6.610 Thread 0x0000018aafc07a90 DEOPT UNPACKING pc=0x0000018aba847143 sp=0x00000053d97fe438 mode 0
Event: 7.089 Thread 0x0000018aafc07a90 Uncommon trap: trap_request=0xffffff45 fr.pc=0x0000018abadd6e18 relative=0x00000000000004d8
Event: 7.089 Thread 0x0000018aafc07a90 Uncommon trap: reason=unstable_if action=reinterpret pc=0x0000018abadd6e18 method=jdk.internal.math.FDBigInteger.leftShift(I)Ljdk/internal/math/FDBigInteger; @ 26 c2
Event: 7.089 Thread 0x0000018aafc07a90 DEOPT PACKING pc=0x0000018abadd6e18 sp=0x00000053d97fe850
Event: 7.089 Thread 0x0000018aafc07a90 DEOPT UNPACKING pc=0x0000018aba8469a3 sp=0x00000053d97fe7d0 mode 2
Event: 7.090 Thread 0x0000018aafc07a90 Uncommon trap: trap_request=0xffffff45 fr.pc=0x0000018abae23b14 relative=0x0000000000000274
Event: 7.090 Thread 0x0000018aafc07a90 Uncommon trap: reason=unstable_if action=reinterpret pc=0x0000018abae23b14 method=jdk.internal.math.FDBigInteger.cmp(Ljdk/internal/math/FDBigInteger;)I @ 22 c2
Event: 7.090 Thread 0x0000018aafc07a90 DEOPT PACKING pc=0x0000018abae23b14 sp=0x00000053d97fe860
Event: 7.090 Thread 0x0000018aafc07a90 DEOPT UNPACKING pc=0x0000018aba8469a3 sp=0x00000053d97fe7d8 mode 2
Event: 10.024 Thread 0x0000018aafc07a90 DEOPT PACKING pc=0x0000018ab35541bc sp=0x00000053d97fee50
Event: 10.024 Thread 0x0000018aafc07a90 DEOPT UNPACKING pc=0x0000018aba847143 sp=0x00000053d97fe440 mode 0

Classes unloaded (0 events):
No events

Classes redefined (0 events):
No events

Internal exceptions (20 events):
Event: 0.217 Thread 0x0000018aafc07a90 Exception <a 'sun/nio/fs/WindowsException'{0x0000000698771100}> (0x0000000698771100) 
thrown [s\src\hotspot\share\prims\jni.cpp, line 516]
Event: 0.235 Thread 0x0000018aafc07a90 Exception <a 'sun/nio/fs/WindowsException'{0x000000069805cdd8}> (0x000000069805cdd8) 
thrown [s\src\hotspot\share\prims\jni.cpp, line 516]
Event: 0.235 Thread 0x0000018aafc07a90 Exception <a 'sun/nio/fs/WindowsException'{0x000000069805d130}> (0x000000069805d130) 
thrown [s\src\hotspot\share\prims\jni.cpp, line 516]
Event: 0.239 Thread 0x0000018aafc07a90 Exception <a 'java/lang/NoSuchMethodError'{0x000000069806f2b8}: 'java.lang.Object java.lang.invoke.DirectMethodHandle$Holder.invokeStaticInit(java.lang.Object)'> (0x000000069806f2b8) 
thrown [s\src\hotspot\share\interpreter\linkResolver.cpp, line 759]
Event: 0.242 Thread 0x0000018aafc07a90 Exception <a 'java/lang/NoSuchMethodError'{0x00000006980ac380}: 'int java.lang.invoke.DirectMethodHandle$Holder.invokeStaticInit(java.lang.Object, java.lang.Object, int, long)'> (0x00000006980ac380) 
thrown [s\src\hotspot\share\interpreter\linkResolver.cpp, line 759]
Event: 0.243 Thread 0x0000018aafc07a90 Exception <a 'java/lang/NoSuchMethodError'{0x00000006980b1c48}: 'java.lang.Object java.lang.invoke.DirectMethodHandle$Holder.newInvokeSpecial(java.lang.Object, java.lang.Object, int)'> (0x00000006980b1c48) 
thrown [s\src\hotspot\share\interpreter\linkResolver.cpp, line 759]
Event: 0.244 Thread 0x0000018aafc07a90 Exception <a 'java/lang/NoSuchMethodError'{0x00000006980c0bc8}: 'int java.lang.invoke.DirectMethodHandle$Holder.invokeStaticInit(java.lang.Object, java.lang.Object, long, long)'> (0x00000006980c0bc8) 
thrown [s\src\hotspot\share\interpreter\linkResolver.cpp, line 759]
Event: 0.245 Thread 0x0000018aafc07a90 Exception <a 'java/lang/NoSuchMethodError'{0x00000006980c6dc8}: 'java.lang.Object java.lang.invoke.DirectMethodHandle$Holder.newInvokeSpecial(java.lang.Object, java.lang.Object, long)'> (0x00000006980c6dc8) 
thrown [s\src\hotspot\share\interpreter\linkResolver.cpp, line 759]
Event: 0.245 Thread 0x0000018aafc07a90 Exception <a 'java/lang/NoSuchMethodError'{0x00000006980cb120}: 'java.lang.Object java.lang.invoke.Invokers$Holder.linkToTargetMethod(java.lang.Object, long, java.lang.Object)'> (0x00000006980cb120) 
thrown [s\src\hotspot\share\interpreter\linkResolver.cpp, line 759]
Event: 0.246 Thread 0x0000018aafc07a90 Exception <a 'java/lang/NoSuchMethodError'{0x00000006980d2838}: 'int java.lang.invoke.DirectMethodHandle$Holder.invokeStaticInit(java.lang.Object, java.lang.Object, java.lang.Object, long)'> (0x00000006980d2838) 
thrown [s\src\hotspot\share\interpreter\linkResolver.cpp, line 759]
Event: 0.665 Thread 0x0000018aafc07a90 Exception <a 'sun/nio/fs/WindowsException'{0x000000069816fd08}> (0x000000069816fd08) 
thrown [s\src\hotspot\share\prims\jni.cpp, line 516]
Event: 0.665 Thread 0x0000018aafc07a90 Exception <a 'sun/nio/fs/WindowsException'{0x0000000698170098}> (0x0000000698170098) 
thrown [s\src\hotspot\share\prims\jni.cpp, line 516]
Event: 0.669 Thread 0x0000018aafc07a90 Exception <a 'sun/nio/fs/WindowsException'{0x000000069817d1a8}> (0x000000069817d1a8) 
thrown [s\src\hotspot\share\prims\jni.cpp, line 516]
Event: 0.669 Thread 0x0000018aafc07a90 Exception <a 'sun/nio/fs/WindowsException'{0x000000069817d478}> (0x000000069817d478) 
thrown [s\src\hotspot\share\prims\jni.cpp, line 516]
Event: 0.755 Thread 0x0000018aafc07a90 Exception <a 'sun/nio/fs/WindowsException'{0x0000000697c38c78}> (0x0000000697c38c78) 
thrown [s\src\hotspot\share\prims\jni.cpp, line 516]
Event: 0.755 Thread 0x0000018aafc07a90 Exception <a 'sun/nio/fs/WindowsException'{0x0000000697c38fe8}> (0x0000000697c38fe8) 
thrown [s\src\hotspot\share\prims\jni.cpp, line 516]
Event: 5.796 Thread 0x0000018aafc07a90 Exception <a 'sun/nio/fs/WindowsException'{0x00000006986eb9b8}> (0x00000006986eb9b8) 
thrown [s\src\hotspot\share\prims\jni.cpp, line 516]
Event: 5.796 Thread 0x0000018aafc07a90 Exception <a 'sun/nio/fs/WindowsException'{0x00000006986ebd18}> (0x00000006986ebd18) 
thrown [s\src\hotspot\share\prims\jni.cpp, line 516]
Event: 5.830 Thread 0x0000018aafc07a90 Exception <a 'sun/nio/fs/WindowsException'{0x00000006986fe800}> (0x00000006986fe800) 
thrown [s\src\hotspot\share\prims\jni.cpp, line 516]
Event: 5.830 Thread 0x0000018aafc07a90 Exception <a 'sun/nio/fs/WindowsException'{0x00000006986feb70}> (0x00000006986feb70) 
thrown [s\src\hotspot\share\prims\jni.cpp, line 516]

VM Operations (20 events):
Event: 1.135 Executing VM operation: Cleanup
Event: 1.135 Executing VM operation: Cleanup done
Event: 2.150 Executing VM operation: Cleanup
Event: 2.150 Executing VM operation: Cleanup done
Event: 2.931 Executing VM operation: G1CollectForAllocation
Event: 2.933 Executing VM operation: G1CollectForAllocation done
Event: 3.945 Executing VM operation: Cleanup
Event: 3.945 Executing VM operation: Cleanup done
Event: 5.884 Executing VM operation: HandshakeAllThreads
Event: 5.885 Executing VM operation: HandshakeAllThreads done
Event: 5.885 Executing VM operation: Cleanup
Event: 5.885 Executing VM operation: Cleanup done
Event: 6.096 Executing VM operation: G1CollectForAllocation
Event: 6.098 Executing VM operation: G1CollectForAllocation done
Event: 6.536 Executing VM operation: G1CollectForAllocation
Event: 6.541 Executing VM operation: G1CollectForAllocation done
Event: 7.554 Executing VM operation: Cleanup
Event: 7.555 Executing VM operation: Cleanup done
Event: 10.092 Executing VM operation: G1CollectForAllocation
Event: 10.097 Executing VM operation: G1CollectForAllocation done

Events (20 events):
Event: 0.954 loading class java/math/BigInteger
Event: 0.955 loading class java/math/BigInteger done
Event: 1.798 Thread 0x0000018adef20af0 Thread added: 0x0000018adef20af0
Event: 1.815 Thread 0x0000018adeede500 Thread added: 0x0000018adeede500
Event: 2.202 Thread 0x0000018adeede500 Thread exited: 0x0000018adeede500
Event: 2.202 Thread 0x0000018adef20af0 Thread exited: 0x0000018adef20af0
Event: 2.930 Thread 0x0000018adf09b230 Thread added: 0x0000018adf09b230
Event: 2.937 Thread 0x0000018adf236a80 Thread added: 0x0000018adf236a80
Event: 3.077 Thread 0x0000018adf236a80 Thread exited: 0x0000018adf236a80
Event: 3.227 Thread 0x0000018adf09b230 Thread exited: 0x0000018adf09b230
Event: 3.531 Thread 0x0000018adf236a80 Thread added: 0x0000018adf236a80
Event: 4.070 Thread 0x0000018adf236a80 Thread exited: 0x0000018adf236a80
Event: 5.871 Thread 0x0000018adf226480 Thread added: 0x0000018adf226480
Event: 5.873 Thread 0x0000018adeffe780 Thread added: 0x0000018adeffe780
Event: 6.067 Thread 0x0000018adf226480 Thread exited: 0x0000018adf226480
Event: 6.067 Thread 0x0000018adeffe780 Thread exited: 0x0000018adeffe780
Event: 6.073 Thread 0x0000018adf687020 Thread added: 0x0000018adf687020
Event: 6.073 Thread 0x0000018a86e52010 Thread added: 0x0000018a86e52010
Event: 7.591 Thread 0x0000018a86e52010 Thread exited: 0x0000018a86e52010
Event: 7.591 Thread 0x0000018adf687020 Thread exited: 0x0000018adf687020


Dynamic libraries:
0x00007ff7167b0000 - 0x00007ff7167be000 	C:\Users\alex\.p2\pool\plugins\org.eclipse.justj.openjdk.hotspot.jre.full.win32.x86_64_17.0.7.v20230425-1502\jre\bin\javaw.exe
0x00007ff98bc10000 - 0x00007ff98be08000 	C:\WINDOWS\SYSTEM32\ntdll.dll
0x00007ff98ac00000 - 0x00007ff98acc2000 	C:\WINDOWS\System32\KERNEL32.DLL
0x00007ff9899c0000 - 0x00007ff989cb6000 	C:\WINDOWS\System32\KERNELBASE.dll
0x00007ff9893e0000 - 0x00007ff9894e0000 	C:\WINDOWS\System32\ucrtbase.dll
0x00007ff983c70000 - 0x00007ff983c89000 	C:\Users\alex\.p2\pool\plugins\org.eclipse.justj.openjdk.hotspot.jre.full.win32.x86_64_17.0.7.v20230425-1502\jre\bin\VCRUNTIME140.dll
0x00007ff974800000 - 0x00007ff974817000 	C:\Users\alex\.p2\pool\plugins\org.eclipse.justj.openjdk.hotspot.jre.full.win32.x86_64_17.0.7.v20230425-1502\jre\bin\jli.dll
0x00007ff98b950000 - 0x00007ff98baf1000 	C:\WINDOWS\System32\USER32.dll
0x00007ff9742b0000 - 0x00007ff97454b000 	C:\WINDOWS\WinSxS\amd64_microsoft.windows.common-controls_6595b64144ccf1df_6.0.19041.6456_none_60b8a6cb71f64256\COMCTL32.dll
0x00007ff989990000 - 0x00007ff9899b2000 	C:\WINDOWS\System32\win32u.dll
0x00007ff98b380000 - 0x00007ff98b3ab000 	C:\WINDOWS\System32\GDI32.dll
0x00007ff98b4e0000 - 0x00007ff98b57e000 	C:\WINDOWS\System32\msvcrt.dll
0x00007ff989790000 - 0x00007ff9898a9000 	C:\WINDOWS\System32\gdi32full.dll
0x00007ff9896f0000 - 0x00007ff98978d000 	C:\WINDOWS\System32\msvcp_win.dll
0x00007ff98b210000 - 0x00007ff98b23f000 	C:\WINDOWS\System32\IMM32.DLL
0x00007ff984fc0000 - 0x00007ff984fcc000 	C:\Users\alex\.p2\pool\plugins\org.eclipse.justj.openjdk.hotspot.jre.full.win32.x86_64_17.0.7.v20230425-1502\jre\bin\vcruntime140_1.dll
0x00007ff935010000 - 0x00007ff9350a1000 	C:\Users\alex\.p2\pool\plugins\org.eclipse.justj.openjdk.hotspot.jre.full.win32.x86_64_17.0.7.v20230425-1502\jre\bin\msvcp140.dll
0x00007ff8f5d10000 - 0x00007ff8f6958000 	C:\Users\alex\.p2\pool\plugins\org.eclipse.justj.openjdk.hotspot.jre.full.win32.x86_64_17.0.7.v20230425-1502\jre\bin\server\jvm.dll
0x00007ff98b030000 - 0x00007ff98b0e1000 	C:\WINDOWS\System32\ADVAPI32.dll
0x00007ff98b660000 - 0x00007ff98b6ff000 	C:\WINDOWS\System32\sechost.dll
0x00007ff98acd0000 - 0x00007ff98adf0000 	C:\WINDOWS\System32\RPCRT4.dll
0x00007ff989560000 - 0x00007ff989587000 	C:\WINDOWS\System32\bcrypt.dll
0x00007ff8fac00000 - 0x00007ff8fac09000 	C:\WINDOWS\SYSTEM32\WSOCK32.dll
0x00007ff979f10000 - 0x00007ff979f37000 	C:\WINDOWS\SYSTEM32\WINMM.dll
0x00007ff9811f0000 - 0x00007ff9811fa000 	C:\WINDOWS\SYSTEM32\VERSION.dll
0x00007ff98b2f0000 - 0x00007ff98b35b000 	C:\WINDOWS\System32\WS2_32.dll
0x00007ff987180000 - 0x00007ff987192000 	C:\WINDOWS\SYSTEM32\kernel.appcore.dll
0x00007ff8fabf0000 - 0x00007ff8fabfa000 	C:\Users\alex\.p2\pool\plugins\org.eclipse.justj.openjdk.hotspot.jre.full.win32.x86_64_17.0.7.v20230425-1502\jre\bin\jimage.dll
0x00007ff976980000 - 0x00007ff976b81000 	C:\WINDOWS\SYSTEM32\DBGHELP.DLL
0x00007ff950030000 - 0x00007ff950064000 	C:\WINDOWS\SYSTEM32\dbgcore.DLL
0x00007ff9898b0000 - 0x00007ff989932000 	C:\WINDOWS\System32\bcryptPrimitives.dll
0x00007ff8fabc0000 - 0x00007ff8fabe5000 	C:\Users\alex\.p2\pool\plugins\org.eclipse.justj.openjdk.hotspot.jre.full.win32.x86_64_17.0.7.v20230425-1502\jre\bin\java.dll
0x00007ff8faba0000 - 0x00007ff8fabb8000 	C:\Users\alex\.p2\pool\plugins\org.eclipse.justj.openjdk.hotspot.jre.full.win32.x86_64_17.0.7.v20230425-1502\jre\bin\zip.dll
0x00007ff989cc0000 - 0x00007ff98a430000 	C:\WINDOWS\System32\SHELL32.dll
0x00007ff987380000 - 0x00007ff987b25000 	C:\WINDOWS\SYSTEM32\windows.storage.dll
0x00007ff98a8a0000 - 0x00007ff98abf4000 	C:\WINDOWS\System32\combase.dll
0x00007ff988c80000 - 0x00007ff988cab000 	C:\WINDOWS\SYSTEM32\Wldp.dll
0x00007ff98bb00000 - 0x00007ff98bbcd000 	C:\WINDOWS\System32\OLEAUT32.dll
0x00007ff98b240000 - 0x00007ff98b2ed000 	C:\WINDOWS\System32\SHCORE.dll
0x00007ff98b890000 - 0x00007ff98b8eb000 	C:\WINDOWS\System32\shlwapi.dll
0x00007ff989260000 - 0x00007ff989284000 	C:\WINDOWS\SYSTEM32\profapi.dll
0x00007ff956fd0000 - 0x00007ff956fe9000 	C:\Users\alex\.p2\pool\plugins\org.eclipse.justj.openjdk.hotspot.jre.full.win32.x86_64_17.0.7.v20230425-1502\jre\bin\net.dll
0x00007ff981770000 - 0x00007ff98187a000 	C:\WINDOWS\SYSTEM32\WINHTTP.dll
0x00007ff988a60000 - 0x00007ff988aca000 	C:\WINDOWS\system32\mswsock.dll
0x00007ff956fb0000 - 0x00007ff956fc5000 	C:\Users\alex\.p2\pool\plugins\org.eclipse.justj.openjdk.hotspot.jre.full.win32.x86_64_17.0.7.v20230425-1502\jre\bin\nio.dll
0x00007ff934ec0000 - 0x00007ff934f3b000 	C:\Users\alex\AppData\Local\Temp\lwjgl_alex\3.3.4+7\x64\lwjgl.dll
0x00007ff934e30000 - 0x00007ff934eb5000 	C:\Users\alex\AppData\Local\Temp\lwjgl_alex\3.3.4+7\x64\glfw.dll
0x00007ff934790000 - 0x00007ff9347d5000 	C:\WINDOWS\SYSTEM32\dinput8.dll
0x00007ff970a70000 - 0x00007ff970a81000 	C:\WINDOWS\SYSTEM32\xinput1_4.dll
0x00007ff989940000 - 0x00007ff98998e000 	C:\WINDOWS\System32\cfgmgr32.dll
0x00007ff9890c0000 - 0x00007ff9890f3000 	C:\WINDOWS\SYSTEM32\DEVOBJ.dll
0x00007ff986e80000 - 0x00007ff986eae000 	C:\WINDOWS\SYSTEM32\dwmapi.dll
0x00007ff97e170000 - 0x00007ff97e2c2000 	C:\WINDOWS\SYSTEM32\inputhost.dll
0x00007ff984fe0000 - 0x00007ff985137000 	C:\WINDOWS\SYSTEM32\wintypes.dll
0x00007ff985fb0000 - 0x00007ff9860a2000 	C:\WINDOWS\SYSTEM32\CoreMessaging.dll
0x00007ff984e50000 - 0x00007ff984f44000 	C:\WINDOWS\SYSTEM32\PROPSYS.dll
0x00007ff984260000 - 0x00007ff9845bb000 	C:\WINDOWS\SYSTEM32\CoreUIComponents.dll
0x00007ff988580000 - 0x00007ff9885b3000 	C:\WINDOWS\SYSTEM32\ntmarta.dll
0x00007ff986bf0000 - 0x00007ff986c8e000 	C:\WINDOWS\system32\uxtheme.dll
0x00007ff98b0f0000 - 0x00007ff98b205000 	C:\WINDOWS\System32\MSCTF.dll
0x00007ff929bd0000 - 0x00007ff929cf8000 	C:\WINDOWS\SYSTEM32\opengl32.dll
0x00007ff93cbe0000 - 0x00007ff93cc0c000 	C:\WINDOWS\SYSTEM32\GLU32.dll
0x00007ff98b700000 - 0x00007ff98b7a9000 	C:\WINDOWS\System32\clbcatq.dll
0x00007ff8b57f0000 - 0x00007ff8b87af000 	C:\WINDOWS\System32\DriverStore\FileRepository\nvgbdi.inf_amd64_4a2574804558c4b2\nvoglv64.dll
0x00007ff98a430000 - 0x00007ff98a8a0000 	C:\WINDOWS\System32\SETUPAPI.dll
0x00007ff98b3b0000 - 0x00007ff98b4db000 	C:\WINDOWS\System32\ole32.dll
0x00007ff9845c0000 - 0x00007ff9845d4000 	C:\WINDOWS\SYSTEM32\WTSAPI32.dll
0x00007ff988bf0000 - 0x00007ff988bfc000 	C:\WINDOWS\SYSTEM32\CRYPTBASE.DLL
0x00007ff988ef0000 - 0x00007ff988f02000 	C:\WINDOWS\SYSTEM32\msasn1.dll
0x00007ff9811b0000 - 0x00007ff9811e1000 	C:\WINDOWS\SYSTEM32\cryptnet.dll
0x00007ff989590000 - 0x00007ff9896ed000 	C:\WINDOWS\System32\CRYPT32.dll
0x00007ff97e020000 - 0x00007ff97e167000 	C:\WINDOWS\SYSTEM32\drvstore.dll
0x00007ff9894e0000 - 0x00007ff989553000 	C:\WINDOWS\System32\WINTRUST.dll
0x00007ff984730000 - 0x00007ff98476b000 	C:\WINDOWS\SYSTEM32\dxcore.dll
0x00007ff912af0000 - 0x00007ff912db5000 	C:\WINDOWS\system32\nvspcap64.dll
0x00007ff988880000 - 0x00007ff9888cb000 	C:\WINDOWS\SYSTEM32\powrprof.dll
0x00007ff9886f0000 - 0x00007ff988702000 	C:\WINDOWS\SYSTEM32\UMPDC.dll
0x00007ff987fa0000 - 0x00007ff988003000 	C:\WINDOWS\SYSTEM32\WINSTA.dll
0x00007ff97e2d0000 - 0x00007ff97e3c9000 	C:\WINDOWS\SYSTEM32\textinputframework.dll
0x00007ff94e380000 - 0x00007ff94e3e1000 	C:\Users\alex\AppData\Local\Temp\lwjgl_alex\3.3.4+7\x64\lwjgl_opengl.dll
0x00007ff934c70000 - 0x00007ff934d10000 	C:\Users\alex\AppData\Local\Temp\lwjgl_alex\3.3.4+7\x64\lwjgl_stb.dll
0x00007ff956dd0000 - 0x00007ff956de0000 	C:\Users\alex\.p2\pool\plugins\org.eclipse.justj.openjdk.hotspot.jre.full.win32.x86_64_17.0.7.v20230425-1502\jre\bin\verify.dll
0x00007ff934370000 - 0x00007ff934498000 	C:\Users\alex\AppData\Local\Temp\lwjgl_alex\3.3.4+7\x64\draco.dll
0x00007ff9283e0000 - 0x00007ff928a9b000 	C:\Users\alex\AppData\Local\Temp\lwjgl_alex\3.3.4+7\x64\assimp.dll

dbghelp: loaded successfully - version: 4.0.5 - missing functions: none
symbol engine: initialized successfully - sym options: 0x614 - pdb path: .;C:\Users\alex\.p2\pool\plugins\org.eclipse.justj.openjdk.hotspot.jre.full.win32.x86_64_17.0.7.v20230425-1502\jre\bin;C:\WINDOWS\SYSTEM32;C:\WINDOWS\WinSxS\amd64_microsoft.windows.common-controls_6595b64144ccf1df_6.0.19041.6456_none_60b8a6cb71f64256;C:\Users\alex\.p2\pool\plugins\org.eclipse.justj.openjdk.hotspot.jre.full.win32.x86_64_17.0.7.v20230425-1502\jre\bin\server;C:\Users\alex\AppData\Local\Temp\lwjgl_alex\3.3.4+7\x64;C:\WINDOWS\System32\DriverStore\FileRepository\nvgbdi.inf_amd64_4a2574804558c4b2

VM Arguments:
jvm_args: -Dfile.encoding=UTF-8 -XX:+ShowCodeDetailsInExceptionMessages 
java_command: main.Main
java_class_path (initial): D:\Code Space\Java\CurrentRenderingPipeline\bin;D:\Code Space\Java\CurrentRenderingPipeline\lib\jars\jbullet.jar;D:\Code Space\Java\CurrentRenderingPipeline\lib\jars\jinput-2.0.10.jar;D:\Code Space\Java\CurrentRenderingPipeline\lib\jars\joml-1.10.7.jar;D:\Code Space\Java\CurrentRenderingPipeline\lib\jars\joml-1.10.7-javadoc.jar;D:\Code Space\Java\CurrentRenderingPipeline\lib\jars\joml-1.10.7-sources.jar;D:\Code Space\Java\CurrentRenderingPipeline\lib\jars\lwjgl_util.jar;D:\Code Space\Java\CurrentRenderingPipeline\lib\jars\lwjgl.jar;D:\Code Space\Java\CurrentRenderingPipeline\lib\jars\lwjgl-assimp.jar;D:\Code Space\Java\CurrentRenderingPipeline\lib\jars\lwjgl-assimp-javadoc.jar;D:\Code Space\Java\CurrentRenderingPipeline\lib\jars\lwjgl-assimp-natives-windows.jar;D:\Code Space\Java\CurrentRenderingPipeline\lib\jars\lwjgl-assimp-sources.jar;D:\Code Space\Java\CurrentRenderingPipeline\lib\jars\lwjgl-glfw.jar;D:\Code Space\Java\CurrentRenderingPipeline\lib\jars\lwjgl-glfw-javadoc.jar;D:\Code Space\Java\CurrentRenderingPipeline\lib\jars\lwjgl-glfw-natives-windows.jar;D:\Code Space\Java\CurrentRenderingPipeline\lib\jars\lwjgl-glfw-sources.jar;D:\Code Space\Java\CurrentRenderingPipeline\lib\jars\lwjgl-javadoc.jar;D:\Code Space\Java\CurrentRenderingPipeline\lib\jars\lwjgl-natives-windows.jar;D:\Code Space\Java\CurrentRenderingPipeline\lib\jars\lwjgl-openal.jar;D:\Code Space\Java\CurrentRenderingPipeline\lib\jars\lwjgl-openal-javadoc.jar;D:\Code Space\Java\CurrentRenderingPipeline\lib\jars\lwjgl-openal-natives-windows.jar;D:\Code Space\Java\CurrentRenderingPipeline\lib\jars\lwjgl-openal-sources.jar;D:\Code Space\Java\CurrentRenderingPipeline\lib\jars\lwjgl-opengl.jar;D:\Code Space\Java\CurrentRenderingPipeline\lib\jars\lwjgl-opengl-javadoc.jar;D:\Code Space\Java\CurrentRenderingPipeline\lib\jars\lwjgl-opengl-natives-windows.jar;D:\Code Space\Java\CurrentRenderingPipeline\lib\jars\lwjgl-opengl-sources.jar;D:\Code Space\Java\CurrentRenderingPipeline
Launcher Type: SUN_STANDARD

[Global flags]
     intx CICompilerCount                          = 4                                         {product} {ergonomic}
     uint ConcGCThreads                            = 2                                         {product} {ergonomic}
     uint G1ConcRefinementThreads                  = 8                                         {product} {ergonomic}
   size_t G1HeapRegionSize                         = 4194304                                   {product} {ergonomic}
    uintx GCDrainStackTargetSize                   = 64                                        {product} {ergonomic}
   size_t InitialHeapSize                          = 402653184                                 {product} {ergonomic}
   size_t MarkStackSize                            = 4194304                                   {product} {ergonomic}
   size_t MaxHeapSize                              = 6434062336                                {product} {ergonomic}
   size_t MaxNewSize                               = 3858759680                                {product} {ergonomic}
   size_t MinHeapDeltaBytes                        = 4194304                                   {product} {ergonomic}
   size_t MinHeapSize                              = 8388608                                   {product} {ergonomic}
    uintx NonNMethodCodeHeapSize                   = 5839372                                {pd product} {ergonomic}
    uintx NonProfiledCodeHeapSize                  = 122909434                              {pd product} {ergonomic}
    uintx ProfiledCodeHeapSize                     = 122909434                              {pd product} {ergonomic}
    uintx ReservedCodeCacheSize                    = 251658240                              {pd product} {ergonomic}
     bool SegmentedCodeCache                       = true                                      {product} {ergonomic}
     bool ShowCodeDetailsInExceptionMessages       = true                                   {manageable} {command line}
   size_t SoftMaxHeapSize                          = 6434062336                             {manageable} {ergonomic}
     bool UseCompressedClassPointers               = true                           {product lp64_product} {ergonomic}
     bool UseCompressedOops                        = true                           {product lp64_product} {ergonomic}
     bool UseG1GC                                  = true                                      {product} {ergonomic}
     bool UseLargePagesIndividualAllocation        = false                                  {pd product} {ergonomic}

Logging:
Log output configuration:
 #0: stdout all=warning uptime,level,tags
 #1: stderr all=off uptime,level,tags

Environment Variables:
JAVA_HOME=C:\Program Files\Java\jre1.8.0_281\lib
CLASSPATH=C:\Users\Sunbond\Documents\apache-tomcat-8.5.65\lib\servlet-api.jar
PATH=C:/Users/alex/.p2/pool/plugins/org.eclipse.justj.openjdk.hotspot.jre.full.win32.x86_64_17.0.7.v20230425-1502/jre/bin/server;C:/Users/alex/.p2/pool/plugins/org.eclipse.justj.openjdk.hotspot.jre.full.win32.x86_64_17.0.7.v20230425-1502/jre/bin;C:\Python312\Scripts\;C:\Python312\;C:\Program Files\Eclipse Adoptium\jdk-21.0.1.12-hotspot\bin;C:\Python311\Scripts\;C:\Python311\;C:\Program Files\Zulu\zulu-17\bin\;C:\Program Files\Eclipse Foundation\jdk-8.0.302.8-hotspot\bin;C:\PROGRAM FILES (X86)\COMMON FILES\ORACLE\JAVA\JAVAPATH;C:\WINDOWS\SYSTEM32;C:\WINDOWS;C:\WINDOWS\SYSTEM32\WBEM;C:\WINDOWS\SYSTEM32\WINDOWSPOWERSHELL\V1.0\;C:\WINDOWS\SYSTEM32\OPENSSH\;C:\PROGRAM FILES\NVIDIA CORPORATION\NVIDIA NVDLISR;C:\PROGRAM FILES (X86)\NVIDIA CORPORATION\PHYSX\COMMON;C:\PROGRAM FILES\DOTNET\;C:\USERDATA\GIT\CMD;C:\PROGRAM FILES\MICROSOFT SQL SERVER\130\TOOLS\BINN\;C:\PROGRAM FILES\MICROSOFT SQL SERVER\CLIENT SDK\ODBC\170\TOOLS\BINN\;C:\PROGRAM FILES\AZURE DATA STUDIO\BIN;C:\PROGRAM FILES (X86)\MICROSOFT SQL SERVER\150\DTS\BINN\;C:\PROGRAM FILES (X86)\MICROSOFT SQL SERVER\150\TOOLS\BINN\;C:\PROGRAM FILES\MICROSOFT SQL SERVER\150\TOOLS\BINN\;C:\PROGRAM FILES\MICROSOFT SQL SERVER\150\DTS\BINN\;C:\PROGRAM FILES\MICROSOFT SQL SERVER\120\TOOLS\BINN\;C:\MAMP\BIN\PHP\PHP7.4.1\PHP.EXE;C:\MAMP\BIN\PHP\PHP7.4.1\;C:\ProgramData\chocolatey\bin;C:\UserData\Git\cmd;C:\Program Files\sfdx\bin;C:\Program Files\Java\jdk1.8.0_281\lib;C:\Program Files\Java\jre1.8.0_281\lib;C:\MinGW\bin;D:\Code Space\NodeJS\;D:\Android Studio\SDKs\platform-tools;D:\Android Studio\SDKs\emulator;;C:\Program Files\Docker\Docker\resources\bin;C:\Users\alex\AppData\Local\Microsoft\WindowsApps;C:\Users\alex\AppData\Local\Programs\Microsoft VS Code\bin;C:\Users\alex\AppData\Local\GitHubDesktop\bin;C:\Users\alex\.dotnet\tools;C:\Program Files\Java\jre1.8.0_281\lib;C:\Program Files\Java\jdk1.8.0_281\lib;C:\MinGW\bin;C:\Program Files\heroku\bin;C:\Progra~1\sf\bin;C:\Users\alex\AppData\Local\Microsoft\WinGet\Links;C:\Users\alex\
USERNAME=alex
OS=Windows_NT
PROCESSOR_IDENTIFIER=Intel64 Family 6 Model 158 Stepping 9, GenuineIntel
TMP=C:\Users\alex\AppData\Local\Temp
TEMP=C:\Users\alex\AppData\Local\Temp



---------------  S Y S T E M  ---------------

OS:
 Windows 10 , 64 bit Build 19041 (10.0.19041.5915)
OS uptime: 3 days 4:52 hours
Hyper-V role detected

CPU: total 8 (initial active 8) (4 cores per cpu, 2 threads per core) family 6 model 158 stepping 9 microcode 0xb4, cx8, cmov, fxsr, ht, mmx, 3dnowpref, sse, sse2, sse3, ssse3, sse4.1, sse4.2, popcnt, lzcnt, tsc, tscinvbit, avx, avx2, aes, erms, clmul, bmi1, bmi2, rtm, adx, fma, vzeroupper, clflush, clflushopt, hv

Memory: 4k page, system-wide physical 24540M (5850M free)
TotalPageFile size 63452M (AvailPageFile size 18781M)
current process WorkingSet (physical memory assigned to process): 456M, peak: 511M
current process commit charge ("private bytes"): 2021M, peak: 2051M

vm_info: OpenJDK 64-Bit Server VM (17.0.7+7) for windows-amd64 JRE (17.0.7+7), built on Apr 18 2023 22:10:42 by "temurin" with MS VC++ 16.7 (VS2019)

END.
