#
# A fatal error has been detected by the Java Runtime Environment:
#
#  EXCEPTION_ACCESS_VIOLATION (0xc0000005) at pc=0x00007ff9291dc100, pid=35780, tid=27612
#
# JRE version: OpenJDK Runtime Environment Temurin-17.0.7+7 (17.0.7+7) (build 17.0.7+7)
# Java VM: OpenJDK 64-Bit Server VM Temurin-17.0.7+7 (17.0.7+7, mixed mode, tiered, compressed oops, compressed class ptrs, g1 gc, windows-amd64)
# Problematic frame:
# C  [nvoglv64.dll+0x8ac100]
#
# No core dump will be written. Minidumps are not enabled by default on client versions of Windows
#
# If you would like to submit a bug report, please visit:
#   https://github.com/adoptium/adoptium-support/issues
# The crash happened outside the Java Virtual Machine in native code.
# See problematic frame for where to report the bug.
#

---------------  S U M M A R Y ------------

Command Line: -Dfile.encoding=UTF-8 -XX:+ShowCodeDetailsInExceptionMessages main.Main

Host: Intel(R) Core(TM) i7-7700 CPU @ 3.60GHz, 8 cores, 23G,  Windows 10 , 64 bit Build 19041 (10.0.19041.5915)
Time: Mon Dec  1 15:10:59 2025 US Mountain Standard Time elapsed time: 7.992358 seconds (0d 0h 0m 7s)

---------------  T H R E A D  ---------------

Current thread (0x00000278a9177450):  JavaThread "main" [_thread_in_native, id=27612, stack(0x000000e390200000,0x000000e390300000)]

Stack: [0x000000e390200000,0x000000e390300000],  sp=0x000000e3902fee90,  free space=1019k
Native frames: (J=compiled Java code, j=interpreted, Vv=VM code, C=native code)
C  [nvoglv64.dll+0x8ac100]

Java frames: (J=compiled Java code, j=interpreted, Vv=VM code)
j  org.lwjgl.opengl.GL11C.nglDrawElements(IIIJ)V+0
j  org.lwjgl.opengl.GL11C.glDrawElements(IIIJ)V+4
j  org.lwjgl.opengl.GL11.glDrawElements(IIIJ)V+4
j  terrain.TerrainRenderer.renderMesh(Ltoolbox/Mesh;)V+33
j  terrain.TerrainRenderer.render(Lterrain/Terrain;Lentities/Camera;Lorg/joml/Matrix4f;Ljava/util/List;I)V+155
j  main.Main.loop()V+558
j  main.Main.run()V+9
j  main.Main.main([Ljava/lang/String;)V+7
v  ~StubRoutines::call_stub

siginfo: EXCEPTION_ACCESS_VIOLATION (0xc0000005), reading address 0x0000000000000000


Register to memory mapping:

RIP=0x00007ff9291dc100 nvoglv64.dll
RAX=0x0 is NULL
RBX=0x0 is NULL
RCX=0x00000000fffff460 is an unknown value
RDX=0x00000278d8285f40 points into unknown readable memory: 0x0000000000000000 | 00 00 00 00 00 00 00 00
RSP=0x000000e3902fee90 is pointing into the stack for thread: 0x00000278a9177450
RBP=0x0000000000017444 is an unknown value
RSI=0x0000000000005d06 is an unknown value
RDI=0x00000278d2b99080 points into unknown readable memory: 0x0000000000000000 | 00 00 00 00 00 00 00 00
R8 =0x0000000000000006 is an unknown value
R9 =0x00000278d8285f1c points into unknown readable memory: 06 20 a2 0b
R10=0x00000278d8285f34 points into unknown readable memory: 00 00 00 00
R11=0x0000000000000ba0 is an unknown value
R12=0x00000278d8285f40 points into unknown readable memory: 0x0000000000000000 | 00 00 00 00 00 00 00 00
R13=0x0000000000001405 is an unknown value
R14=0x0000000000017418 is an unknown value
R15=0x0 is NULL


Registers:
RAX=0x0000000000000000, RBX=0x0000000000000000, RCX=0x00000000fffff460, RDX=0x00000278d8285f40
RSP=0x000000e3902fee90, RBP=0x0000000000017444, RSI=0x0000000000005d06, RDI=0x00000278d2b99080
R8 =0x0000000000000006, R9 =0x00000278d8285f1c, R10=0x00000278d8285f34, R11=0x0000000000000ba0
R12=0x00000278d8285f40, R13=0x0000000000001405, R14=0x0000000000017418, R15=0x0000000000000000
RIP=0x00007ff9291dc100, EFLAGS=0x0000000000010287

Top of Stack: (sp=0x000000e3902fee90)
0x000000e3902fee90:   00000278a9177450 00000278cd6fa568
0x000000e3902feea0:   00000278a9177450 fffffffe00000000
0x000000e3902feeb0:   0000000000000000 0000000000000000
0x000000e3902feec0:   00000278a9177450 0000000000000007
0x000000e3902feed0:   000000e3902ff160 00000278a9177450
0x000000e3902feee0:   0000000000000000 0000000000000000
0x000000e3902feef0:   00000278a9177450 00000278cd8465f8
0x000000e3902fef00:   0000000000000000 00000278b3d694fe
0x000000e3902fef10:   00000278cdd97db0 00000278b3d6d621
0x000000e3902fef20:   000000e3902fefb8 0000000000000001
0x000000e3902fef30:   000000e3902feff8 00000278cd8465f8
0x000000e3902fef40:   0000000000001405 0000000000000000
0x000000e3902fef50:   000000e3902ff010 00007ff92de3c9c4
0x000000e3902fef60:   00000278cdd97db0 00000278ccb44fc0
0x000000e3902fef70:   000000e3902fef70 0000000000000000
0x000000e3902fef80:   000000e3902feff8 00000278cd850c60 

Instructions: (pc=0x00007ff9291dc100)
0x00007ff9291dc000:   90 00 00 00 4c 8b b4 24 a0 00 00 00 48 8b 9c 24
0x00007ff9291dc010:   a8 00 00 00 48 83 c4 60 41 5f 41 5d 41 5c 5f 5e
0x00007ff9291dc020:   c3 4c 8b 4f 40 8b c3 48 8b 4f 50 49 2b c9 48 c1
0x00007ff9291dc030:   f9 02 85 c9 0f 49 c1 c1 e0 02 3b e8 72 0e 8b d5
0x00007ff9291dc040:   48 8b cf e8 98 6f 21 00 4c 8b 4f 40 8b c5 45 89
0x00007ff9291dc050:   61 04 c1 e0 0b 83 c8 06 41 89 71 08 41 89 01 45
0x00007ff9291dc060:   89 69 0c 4d 89 79 10 38 9c 24 98 00 00 00 0f 84
0x00007ff9291dc070:   15 01 00 00 4c 8b 57 40 41 8d 4f 0f 83 e1 f0 49
0x00007ff9291dc080:   83 c2 18 41 2b cf 0f 57 db d1 f9 49 8b c7 44 8b
0x00007ff9291dc090:   c6 66 0f 7f 5c 24 50 49 8d 52 04 03 ca 49 8d 52
0x00007ff9291dc0a0:   04 f7 d9 83 e1 0f 48 03 d1 4c 8b e2 41 f6 c7 0f
0x00007ff9291dc0b0:   74 1b 45 85 c0 74 16 8b 08 41 ff c8 66 89 0a 0b
0x00007ff9291dc0c0:   d9 48 83 c2 02 48 83 c0 04 a8 0f 75 e5 41 83 f8
0x00007ff9291dc0d0:   08 7e 71 66 0f 6f 25 95 fb 8d 01 41 8d 48 f7 66
0x00007ff9291dc0e0:   0f 6f 2d 99 fb 8d 01 c1 e9 03 ff c1 44 8b d9 f7
0x00007ff9291dc0f0:   d9 45 8d 04 c8 66 66 66 0f 1f 84 00 00 00 00 00
0x00007ff9291dc100:   f3 0f 6f 10 f3 0f 6f 48 10 66 0f 6f c2 66 0f eb
0x00007ff9291dc110:   c3 48 83 c0 20 66 0f 6f d8 66 0f eb d9 0f 18 00
0x00007ff9291dc120:   66 0f fe d4 66 0f fe cc 66 0f 6b d1 66 0f fd d5
0x00007ff9291dc130:   f3 0f 7f 12 48 83 c2 10 49 83 eb 01 75 c2 66 0f
0x00007ff9291dc140:   7f 5c 24 50 8b 4c 24 5c 0b 4c 24 58 0b 4c 24 54
0x00007ff9291dc150:   0b 4c 24 50 0b d9 45 85 c0 74 1a 0f 1f 44 00 00
0x00007ff9291dc160:   8b 08 0b d9 66 89 0a 48 8d 52 02 48 8d 40 04 41
0x00007ff9291dc170:   83 e8 01 75 eb 45 2b e2 45 89 22 f7 c3 00 00 ff
0x00007ff9291dc180:   ff 74 46 ff 87 ec ef 55 00 48 8b 5f 40 49 8b d7
0x00007ff9291dc190:   4d 63 c6 48 8d 4b 1c e8 94 15 9d 00 c7 43 18 04
0x00007ff9291dc1a0:   00 00 00 48 63 c5 48 83 e0 fc 48 01 47 40 48 8b
0x00007ff9291dc1b0:   47 40 48 3b 47 48 0f 82 40 fe ff ff 48 8b cf e8
0x00007ff9291dc1c0:   4c 6a 21 00 e9 33 fe ff ff 41 c7 41 0c 03 14 00
0x00007ff9291dc1d0:   00 41 8b 2a 48 8b 47 40 83 c5 03 8d 6c 75 00 83
0x00007ff9291dc1e0:   e5 fc 83 c5 18 8b cd c1 e1 0b 83 c9 06 89 08 8b
0x00007ff9291dc1f0:   87 ec ef 55 00 85 c0 74 aa ff c8 89 87 ec ef 55 


Stack slot to memory mapping:
stack at sp + 0 slots: 0x00000278a9177450 is a thread
stack at sp + 1 slots: {method} {0x00000278cd6fa570} 'glDrawElements' '(IIIJ)V' in 'org/lwjgl/opengl/GL11'
stack at sp + 2 slots: 0x00000278a9177450 is a thread
stack at sp + 3 slots: 0xfffffffe00000000 is an unknown value
stack at sp + 4 slots: 0x0 is NULL
stack at sp + 5 slots: 0x0 is NULL
stack at sp + 6 slots: 0x00000278a9177450 is a thread
stack at sp + 7 slots: 0x0000000000000007 is an unknown value


---------------  P R O C E S S  ---------------

Threads class SMR info:
_java_thread_list=0x00000278d8a24290, length=12, elements={
0x00000278a9177450, 0x00000278cc9f58b0, 0x00000278cc9f70b0, 0x00000278cca2e020,
0x00000278cca30cf0, 0x00000278cca32170, 0x00000278cca331d0, 0x00000278cca38610,
0x00000278cca3b6c0, 0x00000278cca4c780, 0x00000278ccba90c0, 0x00000278ccbc3640
}

Java Threads: ( => current thread )
=>0x00000278a9177450 JavaThread "main" [_thread_in_native, id=27612, stack(0x000000e390200000,0x000000e390300000)]
  0x00000278cc9f58b0 JavaThread "Reference Handler" daemon [_thread_blocked, id=35624, stack(0x000000e390900000,0x000000e390a00000)]
  0x00000278cc9f70b0 JavaThread "Finalizer" daemon [_thread_blocked, id=31576, stack(0x000000e390a00000,0x000000e390b00000)]
  0x00000278cca2e020 JavaThread "Signal Dispatcher" daemon [_thread_blocked, id=32556, stack(0x000000e390b00000,0x000000e390c00000)]
  0x00000278cca30cf0 JavaThread "Attach Listener" daemon [_thread_blocked, id=33192, stack(0x000000e390c00000,0x000000e390d00000)]
  0x00000278cca32170 JavaThread "Service Thread" daemon [_thread_blocked, id=7248, stack(0x000000e390d00000,0x000000e390e00000)]
  0x00000278cca331d0 JavaThread "Monitor Deflation Thread" daemon [_thread_blocked, id=7780, stack(0x000000e390e00000,0x000000e390f00000)]
  0x00000278cca38610 JavaThread "C2 CompilerThread0" daemon [_thread_blocked, id=29920, stack(0x000000e390f00000,0x000000e391000000)]
  0x00000278cca3b6c0 JavaThread "C1 CompilerThread0" daemon [_thread_blocked, id=21836, stack(0x000000e391000000,0x000000e391100000)]
  0x00000278cca4c780 JavaThread "Sweeper thread" daemon [_thread_blocked, id=34264, stack(0x000000e391100000,0x000000e391200000)]
  0x00000278ccba90c0 JavaThread "Notification Thread" daemon [_thread_blocked, id=35080, stack(0x000000e391200000,0x000000e391300000)]
  0x00000278ccbc3640 JavaThread "Common-Cleaner" daemon [_thread_blocked, id=14692, stack(0x000000e391400000,0x000000e391500000)]

Other Threads:
  0x00000278cc9aed30 VMThread "VM Thread" [stack: 0x000000e390800000,0x000000e390900000] [id=35220]
  0x00000278a9215920 WatcherThread [stack: 0x000000e391300000,0x000000e391400000] [id=10760]
  0x00000278a9201870 GCTaskThread "GC Thread#0" [stack: 0x000000e390300000,0x000000e390400000] [id=29080]
  0x00000278d86d6d60 GCTaskThread "GC Thread#1" [stack: 0x000000e391c00000,0x000000e391d00000] [id=31264]
  0x00000278d8722d40 GCTaskThread "GC Thread#2" [stack: 0x000000e391d00000,0x000000e391e00000] [id=29252]
  0x00000278d86e39a0 GCTaskThread "GC Thread#3" [stack: 0x000000e391e00000,0x000000e391f00000] [id=20668]
  0x00000278d85abf60 GCTaskThread "GC Thread#4" [stack: 0x000000e391f00000,0x000000e392000000] [id=1112]
  0x00000278d8596c60 GCTaskThread "GC Thread#5" [stack: 0x000000e392000000,0x000000e392100000] [id=31448]
  0x00000278d8825ae0 GCTaskThread "GC Thread#6" [stack: 0x000000e392100000,0x000000e392200000] [id=508]
  0x00000278d8581350 GCTaskThread "GC Thread#7" [stack: 0x000000e392200000,0x000000e392300000] [id=10272]
  0x00000278a920ef10 ConcurrentGCThread "G1 Main Marker" [stack: 0x000000e390400000,0x000000e390500000] [id=31572]
  0x00000278a920f920 ConcurrentGCThread "G1 Conc#0" [stack: 0x000000e390500000,0x000000e390600000] [id=3216]
  0x00000278cc833750 ConcurrentGCThread "G1 Refine#0" [stack: 0x000000e390600000,0x000000e390700000] [id=5828]
  0x00000278cc835090 ConcurrentGCThread "G1 Service" [stack: 0x000000e390700000,0x000000e390800000] [id=35632]

Threads with active compile tasks:

VM state: not at safepoint (normal execution)

VM Mutex/Monitor currently owned by a thread: None

Heap address: 0x0000000680800000, size: 6136 MB, Compressed Oops mode: Zero based, Oop shift amount: 3

CDS archive(s) not mapped
Compressed class space mapped at: 0x0000000800000000-0x0000000840000000, reserved size: 1073741824
Narrow klass base: 0x0000000800000000, Narrow klass shift: 0, Narrow klass range: 0x40000000

GC Precious Log:
 CPUs: 8 total, 8 available
 Memory: 24540M
 Large Page Support: Disabled
 NUMA Support: Disabled
 Compressed Oops: Enabled (Zero based)
 Heap Region Size: 4M
 Heap Min Capacity: 8M
 Heap Initial Capacity: 384M
 Heap Max Capacity: 6136M
 Pre-touch: Disabled
 Parallel Workers: 8
 Concurrent Workers: 2
 Concurrent Refinement Workers: 8
 Periodic GC: Disabled

Heap:
 garbage-first heap   total 393216K, used 157889K [0x0000000680800000, 0x0000000800000000)
  region size 4096K, 28 young (114688K), 8 survivors (32768K)
 Metaspace       used 14316K, committed 14528K, reserved 1114112K
  class space    used 988K, committed 1088K, reserved 1048576K

Heap Regions: E=young(eden), S=young(survivor), O=old, HS=humongous(starts), HC=humongous(continues), CS=collection set, F=free, OA=open archive, CA=closed archive, TAMS=top-at-mark-start (previous, next)
|   0|0x0000000680800000, 0x0000000680c00000, 0x0000000680c00000|100%|HS|  |TAMS 0x0000000680800000, 0x0000000680800000| Complete 
|   1|0x0000000680c00000, 0x0000000681000000, 0x0000000681000000|100%|HC|  |TAMS 0x0000000680c00000, 0x0000000680c00000| Complete 
|   2|0x0000000681000000, 0x0000000681400000, 0x0000000681400000|100%|HC|  |TAMS 0x0000000681000000, 0x0000000681000000| Complete 
|   3|0x0000000681400000, 0x0000000681794600, 0x0000000681800000| 89%| O|  |TAMS 0x0000000681400000, 0x0000000681400000| Untracked 
|   4|0x0000000681800000, 0x0000000681c00000, 0x0000000681c00000|100%|HS|  |TAMS 0x0000000681800000, 0x0000000681800000| Complete 
|   5|0x0000000681c00000, 0x0000000682000000, 0x0000000682000000|100%|HC|  |TAMS 0x0000000681c00000, 0x0000000681c00000| Complete 
|   6|0x0000000682000000, 0x0000000682400000, 0x0000000682400000|100%|HC|  |TAMS 0x0000000682000000, 0x0000000682000000| Complete 
|   7|0x0000000682400000, 0x0000000682800000, 0x0000000682800000|100%|HC|  |TAMS 0x0000000682400000, 0x0000000682400000| Complete 
|   8|0x0000000682800000, 0x0000000682c00000, 0x0000000682c00000|100%|HS|  |TAMS 0x0000000682800000, 0x0000000682800000| Complete 
|   9|0x0000000682c00000, 0x0000000683000000, 0x0000000683000000|100%|HS|  |TAMS 0x0000000682c00000, 0x0000000682c00000| Complete 
|  10|0x0000000683000000, 0x0000000683400000, 0x0000000683400000|100%|HS|  |TAMS 0x0000000683000000, 0x0000000683000000| Complete 
|  11|0x0000000683400000, 0x0000000683800000, 0x0000000683800000|100%|HS|  |TAMS 0x0000000683400000, 0x0000000683400000| Complete 
|  12|0x0000000683800000, 0x0000000683800000, 0x0000000683c00000|  0%| F|  |TAMS 0x0000000683800000, 0x0000000683800000| Untracked 
|  13|0x0000000683c00000, 0x0000000683c00000, 0x0000000684000000|  0%| F|  |TAMS 0x0000000683c00000, 0x0000000683c00000| Untracked 
|  14|0x0000000684000000, 0x0000000684000000, 0x0000000684400000|  0%| F|  |TAMS 0x0000000684000000, 0x0000000684000000| Untracked 
|  15|0x0000000684400000, 0x0000000684400000, 0x0000000684800000|  0%| F|  |TAMS 0x0000000684400000, 0x0000000684400000| Untracked 
|  16|0x0000000684800000, 0x0000000684800000, 0x0000000684c00000|  0%| F|  |TAMS 0x0000000684800000, 0x0000000684800000| Untracked 
|  17|0x0000000684c00000, 0x0000000684c00000, 0x0000000685000000|  0%| F|  |TAMS 0x0000000684c00000, 0x0000000684c00000| Untracked 
|  18|0x0000000685000000, 0x0000000685000000, 0x0000000685400000|  0%| F|  |TAMS 0x0000000685000000, 0x0000000685000000| Untracked 
|  19|0x0000000685400000, 0x0000000685400000, 0x0000000685800000|  0%| F|  |TAMS 0x0000000685400000, 0x0000000685400000| Untracked 
|  20|0x0000000685800000, 0x0000000685800000, 0x0000000685c00000|  0%| F|  |TAMS 0x0000000685800000, 0x0000000685800000| Untracked 
|  21|0x0000000685c00000, 0x0000000685c00000, 0x0000000686000000|  0%| F|  |TAMS 0x0000000685c00000, 0x0000000685c00000| Untracked 
|  22|0x0000000686000000, 0x0000000686000000, 0x0000000686400000|  0%| F|  |TAMS 0x0000000686000000, 0x0000000686000000| Untracked 
|  23|0x0000000686400000, 0x0000000686400000, 0x0000000686800000|  0%| F|  |TAMS 0x0000000686400000, 0x0000000686400000| Untracked 
|  24|0x0000000686800000, 0x0000000686800000, 0x0000000686c00000|  0%| F|  |TAMS 0x0000000686800000, 0x0000000686800000| Untracked 
|  25|0x0000000686c00000, 0x0000000686c00000, 0x0000000687000000|  0%| F|  |TAMS 0x0000000686c00000, 0x0000000686c00000| Untracked 
|  26|0x0000000687000000, 0x0000000687000000, 0x0000000687400000|  0%| F|  |TAMS 0x0000000687000000, 0x0000000687000000| Untracked 
|  27|0x0000000687400000, 0x0000000687400000, 0x0000000687800000|  0%| F|  |TAMS 0x0000000687400000, 0x0000000687400000| Untracked 
|  28|0x0000000687800000, 0x0000000687800000, 0x0000000687c00000|  0%| F|  |TAMS 0x0000000687800000, 0x0000000687800000| Untracked 
|  29|0x0000000687c00000, 0x0000000687c00000, 0x0000000688000000|  0%| F|  |TAMS 0x0000000687c00000, 0x0000000687c00000| Untracked 
|  30|0x0000000688000000, 0x0000000688000000, 0x0000000688400000|  0%| F|  |TAMS 0x0000000688000000, 0x0000000688000000| Untracked 
|  31|0x0000000688400000, 0x000000068869c0b0, 0x0000000688800000| 65%| S|CS|TAMS 0x0000000688400000, 0x0000000688400000| Complete 
|  32|0x0000000688800000, 0x0000000688c00000, 0x0000000688c00000|100%| S|CS|TAMS 0x0000000688800000, 0x0000000688800000| Complete 
|  33|0x0000000688c00000, 0x0000000689000000, 0x0000000689000000|100%| S|CS|TAMS 0x0000000688c00000, 0x0000000688c00000| Complete 
|  34|0x0000000689000000, 0x0000000689400000, 0x0000000689400000|100%| S|CS|TAMS 0x0000000689000000, 0x0000000689000000| Complete 
|  35|0x0000000689400000, 0x0000000689800000, 0x0000000689800000|100%| S|CS|TAMS 0x0000000689400000, 0x0000000689400000| Complete 
|  36|0x0000000689800000, 0x0000000689800000, 0x0000000689c00000|  0%| F|  |TAMS 0x0000000689800000, 0x0000000689800000| Untracked 
|  37|0x0000000689c00000, 0x0000000689c00000, 0x000000068a000000|  0%| F|  |TAMS 0x0000000689c00000, 0x0000000689c00000| Untracked 
|  38|0x000000068a000000, 0x000000068a000000, 0x000000068a400000|  0%| F|  |TAMS 0x000000068a000000, 0x000000068a000000| Untracked 
|  39|0x000000068a400000, 0x000000068a800000, 0x000000068a800000|100%| S|CS|TAMS 0x000000068a400000, 0x000000068a400000| Complete 
|  40|0x000000068a800000, 0x000000068ac00000, 0x000000068ac00000|100%| S|CS|TAMS 0x000000068a800000, 0x000000068a800000| Complete 
|  41|0x000000068ac00000, 0x000000068b000000, 0x000000068b000000|100%| S|CS|TAMS 0x000000068ac00000, 0x000000068ac00000| Complete 
|  42|0x000000068b000000, 0x000000068b000000, 0x000000068b400000|  0%| F|  |TAMS 0x000000068b000000, 0x000000068b000000| Untracked 
|  43|0x000000068b400000, 0x000000068b400000, 0x000000068b800000|  0%| F|  |TAMS 0x000000068b400000, 0x000000068b400000| Untracked 
|  44|0x000000068b800000, 0x000000068b800000, 0x000000068bc00000|  0%| F|  |TAMS 0x000000068b800000, 0x000000068b800000| Untracked 
|  45|0x000000068bc00000, 0x000000068bc00000, 0x000000068c000000|  0%| F|  |TAMS 0x000000068bc00000, 0x000000068bc00000| Untracked 
|  46|0x000000068c000000, 0x000000068c000000, 0x000000068c400000|  0%| F|  |TAMS 0x000000068c000000, 0x000000068c000000| Untracked 
|  47|0x000000068c400000, 0x000000068c400000, 0x000000068c800000|  0%| F|  |TAMS 0x000000068c400000, 0x000000068c400000| Untracked 
|  48|0x000000068c800000, 0x000000068c800000, 0x000000068cc00000|  0%| F|  |TAMS 0x000000068c800000, 0x000000068c800000| Untracked 
|  49|0x000000068cc00000, 0x000000068cc00000, 0x000000068d000000|  0%| F|  |TAMS 0x000000068cc00000, 0x000000068cc00000| Untracked 
|  50|0x000000068d000000, 0x000000068d000000, 0x000000068d400000|  0%| F|  |TAMS 0x000000068d000000, 0x000000068d000000| Untracked 
|  51|0x000000068d400000, 0x000000068d400000, 0x000000068d800000|  0%| F|  |TAMS 0x000000068d400000, 0x000000068d400000| Untracked 
|  52|0x000000068d800000, 0x000000068d800000, 0x000000068dc00000|  0%| F|  |TAMS 0x000000068d800000, 0x000000068d800000| Untracked 
|  53|0x000000068dc00000, 0x000000068dc00000, 0x000000068e000000|  0%| F|  |TAMS 0x000000068dc00000, 0x000000068dc00000| Untracked 
|  54|0x000000068e000000, 0x000000068e000000, 0x000000068e400000|  0%| F|  |TAMS 0x000000068e000000, 0x000000068e000000| Untracked 
|  55|0x000000068e400000, 0x000000068e400000, 0x000000068e800000|  0%| F|  |TAMS 0x000000068e400000, 0x000000068e400000| Untracked 
|  56|0x000000068e800000, 0x000000068e800000, 0x000000068ec00000|  0%| F|  |TAMS 0x000000068e800000, 0x000000068e800000| Untracked 
|  57|0x000000068ec00000, 0x000000068ec00000, 0x000000068f000000|  0%| F|  |TAMS 0x000000068ec00000, 0x000000068ec00000| Untracked 
|  58|0x000000068f000000, 0x000000068f000000, 0x000000068f400000|  0%| F|  |TAMS 0x000000068f000000, 0x000000068f000000| Untracked 
|  59|0x000000068f400000, 0x000000068f400000, 0x000000068f800000|  0%| F|  |TAMS 0x000000068f400000, 0x000000068f400000| Untracked 
|  60|0x000000068f800000, 0x000000068f800000, 0x000000068fc00000|  0%| F|  |TAMS 0x000000068f800000, 0x000000068f800000| Untracked 
|  61|0x000000068fc00000, 0x000000068fc00000, 0x0000000690000000|  0%| F|  |TAMS 0x000000068fc00000, 0x000000068fc00000| Untracked 
|  62|0x0000000690000000, 0x0000000690000000, 0x0000000690400000|  0%| F|  |TAMS 0x0000000690000000, 0x0000000690000000| Untracked 
|  63|0x0000000690400000, 0x0000000690400000, 0x0000000690800000|  0%| F|  |TAMS 0x0000000690400000, 0x0000000690400000| Untracked 
|  64|0x0000000690800000, 0x0000000690800000, 0x0000000690c00000|  0%| F|  |TAMS 0x0000000690800000, 0x0000000690800000| Untracked 
|  65|0x0000000690c00000, 0x0000000690c00000, 0x0000000691000000|  0%| F|  |TAMS 0x0000000690c00000, 0x0000000690c00000| Untracked 
|  66|0x0000000691000000, 0x0000000691000000, 0x0000000691400000|  0%| F|  |TAMS 0x0000000691000000, 0x0000000691000000| Untracked 
|  67|0x0000000691400000, 0x0000000691400000, 0x0000000691800000|  0%| F|  |TAMS 0x0000000691400000, 0x0000000691400000| Untracked 
|  68|0x0000000691800000, 0x0000000691800000, 0x0000000691c00000|  0%| F|  |TAMS 0x0000000691800000, 0x0000000691800000| Untracked 
|  69|0x0000000691c00000, 0x0000000691c00000, 0x0000000692000000|  0%| F|  |TAMS 0x0000000691c00000, 0x0000000691c00000| Untracked 
|  70|0x0000000692000000, 0x0000000692000000, 0x0000000692400000|  0%| F|  |TAMS 0x0000000692000000, 0x0000000692000000| Untracked 
|  71|0x0000000692400000, 0x0000000692400000, 0x0000000692800000|  0%| F|  |TAMS 0x0000000692400000, 0x0000000692400000| Untracked 
|  72|0x0000000692800000, 0x0000000692800000, 0x0000000692c00000|  0%| F|  |TAMS 0x0000000692800000, 0x0000000692800000| Untracked 
|  73|0x0000000692c00000, 0x0000000692c00000, 0x0000000693000000|  0%| F|  |TAMS 0x0000000692c00000, 0x0000000692c00000| Untracked 
|  74|0x0000000693000000, 0x0000000693000000, 0x0000000693400000|  0%| F|  |TAMS 0x0000000693000000, 0x0000000693000000| Untracked 
|  75|0x0000000693400000, 0x0000000693400000, 0x0000000693800000|  0%| F|  |TAMS 0x0000000693400000, 0x0000000693400000| Untracked 
|  76|0x0000000693800000, 0x0000000693ad99e8, 0x0000000693c00000| 71%| E|  |TAMS 0x0000000693800000, 0x0000000693800000| Complete 
|  77|0x0000000693c00000, 0x0000000694000000, 0x0000000694000000|100%| E|CS|TAMS 0x0000000693c00000, 0x0000000693c00000| Complete 
|  78|0x0000000694000000, 0x0000000694400000, 0x0000000694400000|100%| E|CS|TAMS 0x0000000694000000, 0x0000000694000000| Complete 
|  79|0x0000000694400000, 0x0000000694800000, 0x0000000694800000|100%| E|CS|TAMS 0x0000000694400000, 0x0000000694400000| Complete 
|  80|0x0000000694800000, 0x0000000694c00000, 0x0000000694c00000|100%| E|CS|TAMS 0x0000000694800000, 0x0000000694800000| Complete 
|  81|0x0000000694c00000, 0x0000000695000000, 0x0000000695000000|100%| E|CS|TAMS 0x0000000694c00000, 0x0000000694c00000| Complete 
|  82|0x0000000695000000, 0x0000000695400000, 0x0000000695400000|100%| E|CS|TAMS 0x0000000695000000, 0x0000000695000000| Complete 
|  83|0x0000000695400000, 0x0000000695800000, 0x0000000695800000|100%| E|CS|TAMS 0x0000000695400000, 0x0000000695400000| Complete 
|  84|0x0000000695800000, 0x0000000695c00000, 0x0000000695c00000|100%| E|CS|TAMS 0x0000000695800000, 0x0000000695800000| Complete 
|  85|0x0000000695c00000, 0x0000000696000000, 0x0000000696000000|100%| E|CS|TAMS 0x0000000695c00000, 0x0000000695c00000| Complete 
|  86|0x0000000696000000, 0x0000000696400000, 0x0000000696400000|100%| E|CS|TAMS 0x0000000696000000, 0x0000000696000000| Complete 
|  87|0x0000000696400000, 0x0000000696800000, 0x0000000696800000|100%| E|CS|TAMS 0x0000000696400000, 0x0000000696400000| Complete 
|  88|0x0000000696800000, 0x0000000696c00000, 0x0000000696c00000|100%| E|CS|TAMS 0x0000000696800000, 0x0000000696800000| Complete 
|  89|0x0000000696c00000, 0x0000000697000000, 0x0000000697000000|100%| E|CS|TAMS 0x0000000696c00000, 0x0000000696c00000| Complete 
|  90|0x0000000697000000, 0x0000000697400000, 0x0000000697400000|100%| E|CS|TAMS 0x0000000697000000, 0x0000000697000000| Complete 
|  91|0x0000000697400000, 0x0000000697800000, 0x0000000697800000|100%| E|CS|TAMS 0x0000000697400000, 0x0000000697400000| Complete 
|  92|0x0000000697800000, 0x0000000697c00000, 0x0000000697c00000|100%| E|CS|TAMS 0x0000000697800000, 0x0000000697800000| Complete 
|  93|0x0000000697c00000, 0x0000000698000000, 0x0000000698000000|100%| E|CS|TAMS 0x0000000697c00000, 0x0000000697c00000| Complete 
|  94|0x0000000698000000, 0x0000000698400000, 0x0000000698400000|100%| E|CS|TAMS 0x0000000698000000, 0x0000000698000000| Complete 
|  95|0x0000000698400000, 0x0000000698800000, 0x0000000698800000|100%| E|CS|TAMS 0x0000000698400000, 0x0000000698400000| Complete 

Card table byte_map: [0x00000278bc770000,0x00000278bd370000] _byte_map_base: 0x00000278b936c000

Marking Bits (Prev, Next): (CMBitMap*) 0x00000278a9201e80, (CMBitMap*) 0x00000278a9201ec0
 Prev Bits: [0x00000278bdf70000, 0x00000278c3f50000)
 Next Bits: [0x00000278c3f50000, 0x00000278c9f30000)

Polling page: 0x00000278a8940000

Metaspace:

Usage:
  Non-class:     13.02 MB used.
      Class:    988.55 KB used.
       Both:     13.98 MB used.

Virtual space:
  Non-class space:       64.00 MB reserved,      13.12 MB ( 21%) committed,  1 nodes.
      Class space:        1.00 GB reserved,       1.06 MB ( <1%) committed,  1 nodes.
             Both:        1.06 GB reserved,      14.19 MB (  1%) committed. 

Chunk freelists:
   Non-Class:  2.41 MB
       Class:  14.95 MB
        Both:  17.36 MB

MaxMetaspaceSize: unlimited
CompressedClassSpaceSize: 1.00 GB
Initial GC threshold: 21.00 MB
Current GC threshold: 21.00 MB
CDS: off
MetaspaceReclaimPolicy: balanced
 - commit_granule_bytes: 65536.
 - commit_granule_words: 8192.
 - virtual_space_node_default_size: 8388608.
 - enlarge_chunks_in_place: 1.
 - new_chunks_are_fully_committed: 0.
 - uncommit_free_chunks: 1.
 - use_allocation_guard: 0.
 - handle_deallocations: 1.


Internal statistics:

num_allocs_failed_limit: 0.
num_arena_births: 68.
num_arena_deaths: 0.
num_vsnodes_births: 2.
num_vsnodes_deaths: 0.
num_space_committed: 225.
num_space_uncommitted: 0.
num_chunks_returned_to_freelist: 0.
num_chunks_taken_from_freelist: 294.
num_chunk_merges: 0.
num_chunk_splits: 216.
num_chunks_enlarged: 177.
num_inconsistent_stats: 0.

CodeHeap 'non-profiled nmethods': size=120000Kb used=867Kb max_used=867Kb free=119132Kb
 bounds [0x00000278b4300000, 0x00000278b4570000, 0x00000278bb830000]
CodeHeap 'profiled nmethods': size=120000Kb used=2543Kb max_used=2543Kb free=117456Kb
 bounds [0x00000278ac830000, 0x00000278acab0000, 0x00000278b3d60000]
CodeHeap 'non-nmethods': size=5760Kb used=1709Kb max_used=1776Kb free=4050Kb
 bounds [0x00000278b3d60000, 0x00000278b3fd0000, 0x00000278b4300000]
 total_blobs=2471 nmethods=1297 adapters=1087
 compilation: enabled
              stopped_count=0, restarted_count=0
 full_count=0

Compilation events (20 events):
Event: 7.981 Thread 0x00000278cca3b6c0 1287       1       entities.Entity::getScale (5 bytes)
Event: 7.981 Thread 0x00000278cca3b6c0 nmethod 1287 0x00000278b43d8010 code [0x00000278b43d81a0, 0x00000278b43d8278]
Event: 7.982 Thread 0x00000278cca3b6c0 1288       3       org.lwjgl.system.MemoryStack::getPointerAddress (15 bytes)
Event: 7.982 Thread 0x00000278cca3b6c0 nmethod 1288 0x00000278acaa8610 code [0x00000278acaa87a0, 0x00000278acaa88b8]
Event: 7.982 Thread 0x00000278cca3b6c0 1289       3       org.lwjgl.opengl.GL20::glGetUniformLocation (6 bytes)
Event: 7.982 Thread 0x00000278cca3b6c0 nmethod 1289 0x00000278acaa8990 code [0x00000278acaa8b20, 0x00000278acaa8c28]
Event: 7.982 Thread 0x00000278cca3b6c0 1290   !   3       org.lwjgl.opengl.GL20C::glGetUniformLocation (48 bytes)
Event: 7.983 Thread 0x00000278cca3b6c0 nmethod 1290 0x00000278acaa8d10 code [0x00000278acaa8f40, 0x00000278acaa9a58]
Event: 7.983 Thread 0x00000278cca3b6c0 1291       1       entities.Entity::getPosition (5 bytes)
Event: 7.983 Thread 0x00000278cca3b6c0 nmethod 1291 0x00000278b43d8310 code [0x00000278b43d84a0, 0x00000278b43d8578]
Event: 7.983 Thread 0x00000278cca3b6c0 1292       3       shaders.ShaderProgram::getUniformLocation (42 bytes)
Event: 7.983 Thread 0x00000278cca3b6c0 nmethod 1292 0x00000278acaa9e10 code [0x00000278acaaa040, 0x00000278acaaa6c8]
Event: 7.983 Thread 0x00000278cca3b6c0 1293       3       org.joml.Vector4f::dot (51 bytes)
Event: 7.983 Thread 0x00000278cca3b6c0 nmethod 1293 0x00000278acaaa990 code [0x00000278acaaab60, 0x00000278acaaaf78]
Event: 7.983 Thread 0x00000278cca3b6c0 1297       3       org.lwjgl.system.MemoryStack::nASCII (20 bytes)
Event: 7.983 Thread 0x00000278cca3b6c0 nmethod 1297 0x00000278acaab190 code [0x00000278acaab380, 0x00000278acaab818]
Event: 7.983 Thread 0x00000278cca3b6c0 1296       3       org.lwjgl.opengl.GL20::glUniform1i (6 bytes)
Event: 7.983 Thread 0x00000278cca3b6c0 nmethod 1296 0x00000278acaaba10 code [0x00000278acaabba0, 0x00000278acaabca8]
Event: 7.983 Thread 0x00000278cca3b6c0 1294       1       entities.Entity::getRotation (5 bytes)
Event: 7.983 Thread 0x00000278cca3b6c0 nmethod 1294 0x00000278b43d8a10 code [0x00000278b43d8ba0, 0x00000278b43d8c78]

GC Heap History (10 events):
Event: 1.532 GC heap before
{Heap before GC invocations=0 (full 0):
 garbage-first heap   total 393216K, used 32768K [0x0000000680800000, 0x0000000800000000)
  region size 4096K, 5 young (20480K), 0 survivors (0K)
 Metaspace       used 13534K, committed 13696K, reserved 1114112K
  class space    used 951K, committed 1024K, reserved 1048576K
}
Event: 1.535 GC heap after
{Heap after GC invocations=1 (full 0):
 garbage-first heap   total 393216K, used 16134K [0x0000000680800000, 0x0000000800000000)
  region size 4096K, 1 young (4096K), 1 survivors (4096K)
 Metaspace       used 13534K, committed 13696K, reserved 1114112K
  class space    used 951K, committed 1024K, reserved 1048576K
}
Event: 2.624 GC heap before
{Heap before GC invocations=1 (full 0):
 garbage-first heap   total 393216K, used 40710K [0x0000000680800000, 0x0000000800000000)
  region size 4096K, 7 young (28672K), 1 survivors (4096K)
 Metaspace       used 13612K, committed 13760K, reserved 1114112K
  class space    used 952K, committed 1024K, reserved 1048576K
}
Event: 2.627 GC heap after
{Heap after GC invocations=2 (full 0):
 garbage-first heap   total 393216K, used 16879K [0x0000000680800000, 0x0000000800000000)
  region size 4096K, 1 young (4096K), 1 survivors (4096K)
 Metaspace       used 13612K, committed 13760K, reserved 1114112K
  class space    used 952K, committed 1024K, reserved 1048576K
}
Event: 6.827 GC heap before
{Heap before GC invocations=2 (full 0):
 garbage-first heap   total 393216K, used 197103K [0x0000000680800000, 0x0000000800000000)
  region size 4096K, 46 young (188416K), 1 survivors (4096K)
 Metaspace       used 13903K, committed 14080K, reserved 1114112K
  class space    used 968K, committed 1088K, reserved 1048576K
}
Event: 6.831 GC heap after
{Heap after GC invocations=3 (full 0):
 garbage-first heap   total 393216K, used 21022K [0x0000000680800000, 0x0000000800000000)
  region size 4096K, 2 young (8192K), 2 survivors (8192K)
 Metaspace       used 13903K, committed 14080K, reserved 1114112K
  class space    used 968K, committed 1088K, reserved 1048576K
}
Event: 6.954 GC heap before
{Heap before GC invocations=3 (full 0):
 garbage-first heap   total 393216K, used 246302K [0x0000000680800000, 0x0000000800000000)
  region size 4096K, 57 young (233472K), 2 survivors (8192K)
 Metaspace       used 13903K, committed 14080K, reserved 1114112K
  class space    used 968K, committed 1088K, reserved 1048576K
}
Event: 6.960 GC heap after
{Heap after GC invocations=4 (full 0):
 garbage-first heap   total 393216K, used 26373K [0x0000000680800000, 0x0000000800000000)
  region size 4096K, 3 young (12288K), 3 survivors (12288K)
 Metaspace       used 13903K, committed 14080K, reserved 1114112K
  class space    used 968K, committed 1088K, reserved 1048576K
}
Event: 7.116 GC heap before
{Heap before GC invocations=4 (full 0):
 garbage-first heap   total 393216K, used 243461K [0x0000000680800000, 0x0000000800000000)
  region size 4096K, 57 young (233472K), 3 survivors (12288K)
 Metaspace       used 13903K, committed 14080K, reserved 1114112K
  class space    used 968K, committed 1088K, reserved 1048576K
}
Event: 7.134 GC heap after
{Heap after GC invocations=5 (full 0):
 garbage-first heap   total 393216K, used 47297K [0x0000000680800000, 0x0000000800000000)
  region size 4096K, 8 young (32768K), 8 survivors (32768K)
 Metaspace       used 13903K, committed 14080K, reserved 1114112K
  class space    used 968K, committed 1088K, reserved 1048576K
}

Dll operation events (9 events):
Event: 0.007 Loaded shared library C:\Users\alex\.p2\pool\plugins\org.eclipse.justj.openjdk.hotspot.jre.full.win32.x86_64_17.0.7.v20230425-1502\jre\bin\java.dll
Event: 0.125 Loaded shared library C:\Users\alex\.p2\pool\plugins\org.eclipse.justj.openjdk.hotspot.jre.full.win32.x86_64_17.0.7.v20230425-1502\jre\bin\net.dll
Event: 0.126 Loaded shared library C:\Users\alex\.p2\pool\plugins\org.eclipse.justj.openjdk.hotspot.jre.full.win32.x86_64_17.0.7.v20230425-1502\jre\bin\nio.dll
Event: 0.132 Loaded shared library C:\Users\alex\.p2\pool\plugins\org.eclipse.justj.openjdk.hotspot.jre.full.win32.x86_64_17.0.7.v20230425-1502\jre\bin\zip.dll
Event: 0.197 Loaded shared library C:\Users\alex\.p2\pool\plugins\org.eclipse.justj.openjdk.hotspot.jre.full.win32.x86_64_17.0.7.v20230425-1502\jre\bin\jimage.dll
Event: 0.231 Loaded shared library C:\Users\alex\AppData\Local\Temp\lwjgl_alex\3.3.4+7\x64\lwjgl.dll
Event: 0.642 Loaded shared library C:\Users\alex\AppData\Local\Temp\lwjgl_alex\3.3.4+7\x64\lwjgl_opengl.dll
Event: 0.745 Loaded shared library C:\Users\alex\AppData\Local\Temp\lwjgl_alex\3.3.4+7\x64\lwjgl_stb.dll
Event: 0.780 Loaded shared library C:\Users\alex\.p2\pool\plugins\org.eclipse.justj.openjdk.hotspot.jre.full.win32.x86_64_17.0.7.v20230425-1502\jre\bin\verify.dll

Deoptimization events (20 events):
Event: 7.949 Thread 0x00000278a9177450 Uncommon trap: trap_request=0xffffff45 fr.pc=0x00000278b43ca074 relative=0x0000000000000f74
Event: 7.949 Thread 0x00000278a9177450 Uncommon trap: reason=unstable_if action=reinterpret pc=0x00000278b43ca074 method=loaders.ObjLoader.loadObj(Ljava/lang/String;)Ltoolbox/Mesh; @ 632 c2
Event: 7.949 Thread 0x00000278a9177450 DEOPT PACKING pc=0x00000278b43ca074 sp=0x000000e3902ff030
Event: 7.949 Thread 0x00000278a9177450 DEOPT UNPACKING pc=0x00000278b3db69a3 sp=0x000000e3902feed8 mode 2
Event: 7.949 Thread 0x00000278a9177450 Uncommon trap: trap_request=0xffffff45 fr.pc=0x00000278b43cd410 relative=0x0000000000000250
Event: 7.949 Thread 0x00000278a9177450 Uncommon trap: reason=unstable_if action=reinterpret pc=0x00000278b43cd410 method=loaders.ObjLoader.loadObj(Ljava/lang/String;)Ltoolbox/Mesh; @ 938 c2
Event: 7.949 Thread 0x00000278a9177450 DEOPT PACKING pc=0x00000278b43cd410 sp=0x000000e3902ff060
Event: 7.949 Thread 0x00000278a9177450 DEOPT UNPACKING pc=0x00000278b3db69a3 sp=0x000000e3902feed8 mode 2
Event: 7.949 Thread 0x00000278a9177450 Uncommon trap: trap_request=0xffffff45 fr.pc=0x00000278b43cec30 relative=0x00000000000003f0
Event: 7.949 Thread 0x00000278a9177450 Uncommon trap: reason=unstable_if action=reinterpret pc=0x00000278b43cec30 method=loaders.ObjLoader.loadObj(Ljava/lang/String;)Ltoolbox/Mesh; @ 1168 c2
Event: 7.949 Thread 0x00000278a9177450 DEOPT PACKING pc=0x00000278b43cec30 sp=0x000000e3902ff050
Event: 7.949 Thread 0x00000278a9177450 DEOPT UNPACKING pc=0x00000278b3db69a3 sp=0x000000e3902feed8 mode 2
Event: 7.955 Thread 0x00000278a9177450 Uncommon trap: trap_request=0xffffff45 fr.pc=0x00000278b436de54 relative=0x00000000000000b4
Event: 7.955 Thread 0x00000278a9177450 Uncommon trap: reason=unstable_if action=reinterpret pc=0x00000278b436de54 method=java.lang.Math.max(FF)F @ 11 c2
Event: 7.955 Thread 0x00000278a9177450 DEOPT PACKING pc=0x00000278b436de54 sp=0x000000e3902feea0
Event: 7.955 Thread 0x00000278a9177450 DEOPT UNPACKING pc=0x00000278b3db69a3 sp=0x000000e3902fee40 mode 2
Event: 7.969 Thread 0x00000278a9177450 Uncommon trap: trap_request=0xffffff45 fr.pc=0x00000278b4380530 relative=0x0000000000000210
Event: 7.969 Thread 0x00000278a9177450 Uncommon trap: reason=unstable_if action=reinterpret pc=0x00000278b4380530 method=com.bulletphysics.collision.shapes.OptimizedBvh.testQuantizedAabbAgainstQuantizedAabb(JJJJ)Z @ 148 c2
Event: 7.969 Thread 0x00000278a9177450 DEOPT PACKING pc=0x00000278b4380530 sp=0x000000e3902fea10
Event: 7.969 Thread 0x00000278a9177450 DEOPT UNPACKING pc=0x00000278b3db69a3 sp=0x000000e3902fe918 mode 2

Classes unloaded (0 events):
No events

Classes redefined (0 events):
No events

Internal exceptions (20 events):
Event: 0.188 Thread 0x00000278a9177450 Exception <a 'java/lang/NoSuchMethodError'{0x00000006986daa38}: 'java.lang.Object java.lang.invoke.DirectMethodHandle$Holder.invokeStatic(java.lang.Object, java.lang.Object, int)'> (0x00000006986daa38) 
thrown [s\src\hotspot\share\interpreter\linkResolver.cpp, line 759]
Event: 0.189 Thread 0x00000278a9177450 Exception <a 'java/lang/NoSuchMethodError'{0x00000006986e67a8}: 'void java.lang.invoke.DelegatingMethodHandle$Holder.delegate(java.lang.Object, java.lang.Object, int, java.lang.Object)'> (0x00000006986e67a8) 
thrown [s\src\hotspot\share\interpreter\linkResolver.cpp, line 759]
Event: 0.190 Thread 0x00000278a9177450 Exception <a 'java/lang/NoSuchMethodError'{0x00000006986ea9e8}: 'int java.lang.invoke.DirectMethodHandle$Holder.invokeSpecial(java.lang.Object, java.lang.Object, java.lang.Object)'> (0x00000006986ea9e8) 
thrown [s\src\hotspot\share\interpreter\linkResolver.cpp, line 759]
Event: 0.236 Thread 0x00000278a9177450 Exception <a 'sun/nio/fs/WindowsException'{0x000000069876a5b0}> (0x000000069876a5b0) 
thrown [s\src\hotspot\share\prims\jni.cpp, line 516]
Event: 0.236 Thread 0x00000278a9177450 Exception <a 'sun/nio/fs/WindowsException'{0x000000069876aaf0}> (0x000000069876aaf0) 
thrown [s\src\hotspot\share\prims\jni.cpp, line 516]
Event: 0.254 Thread 0x00000278a9177450 Exception <a 'sun/nio/fs/WindowsException'{0x0000000698057570}> (0x0000000698057570) 
thrown [s\src\hotspot\share\prims\jni.cpp, line 516]
Event: 0.254 Thread 0x00000278a9177450 Exception <a 'sun/nio/fs/WindowsException'{0x00000006980578c8}> (0x00000006980578c8) 
thrown [s\src\hotspot\share\prims\jni.cpp, line 516]
Event: 0.258 Thread 0x00000278a9177450 Exception <a 'java/lang/NoSuchMethodError'{0x0000000698075ab0}: 'java.lang.Object java.lang.invoke.DirectMethodHandle$Holder.invokeStaticInit(java.lang.Object)'> (0x0000000698075ab0) 
thrown [s\src\hotspot\share\interpreter\linkResolver.cpp, line 759]
Event: 0.262 Thread 0x00000278a9177450 Exception <a 'java/lang/NoSuchMethodError'{0x00000006980a6b30}: 'int java.lang.invoke.DirectMethodHandle$Holder.invokeStaticInit(java.lang.Object, java.lang.Object, int, long)'> (0x00000006980a6b30) 
thrown [s\src\hotspot\share\interpreter\linkResolver.cpp, line 759]
Event: 0.262 Thread 0x00000278a9177450 Exception <a 'java/lang/NoSuchMethodError'{0x00000006980ac3f8}: 'java.lang.Object java.lang.invoke.DirectMethodHandle$Holder.newInvokeSpecial(java.lang.Object, java.lang.Object, int)'> (0x00000006980ac3f8) 
thrown [s\src\hotspot\share\interpreter\linkResolver.cpp, line 759]
Event: 0.264 Thread 0x00000278a9177450 Exception <a 'java/lang/NoSuchMethodError'{0x00000006980bb450}: 'int java.lang.invoke.DirectMethodHandle$Holder.invokeStaticInit(java.lang.Object, java.lang.Object, long, long)'> (0x00000006980bb450) 
thrown [s\src\hotspot\share\interpreter\linkResolver.cpp, line 759]
Event: 0.265 Thread 0x00000278a9177450 Exception <a 'java/lang/NoSuchMethodError'{0x00000006980c1560}: 'java.lang.Object java.lang.invoke.DirectMethodHandle$Holder.newInvokeSpecial(java.lang.Object, java.lang.Object, long)'> (0x00000006980c1560) 
thrown [s\src\hotspot\share\interpreter\linkResolver.cpp, line 759]
Event: 0.265 Thread 0x00000278a9177450 Exception <a 'java/lang/NoSuchMethodError'{0x00000006980c5850}: 'java.lang.Object java.lang.invoke.Invokers$Holder.linkToTargetMethod(java.lang.Object, long, java.lang.Object)'> (0x00000006980c5850) 
thrown [s\src\hotspot\share\interpreter\linkResolver.cpp, line 759]
Event: 0.266 Thread 0x00000278a9177450 Exception <a 'java/lang/NoSuchMethodError'{0x00000006980ccf68}: 'int java.lang.invoke.DirectMethodHandle$Holder.invokeStaticInit(java.lang.Object, java.lang.Object, java.lang.Object, long)'> (0x00000006980ccf68) 
thrown [s\src\hotspot\share\interpreter\linkResolver.cpp, line 759]
Event: 0.640 Thread 0x00000278a9177450 Exception <a 'sun/nio/fs/WindowsException'{0x0000000698169c40}> (0x0000000698169c40) 
thrown [s\src\hotspot\share\prims\jni.cpp, line 516]
Event: 0.640 Thread 0x00000278a9177450 Exception <a 'sun/nio/fs/WindowsException'{0x0000000698169fd0}> (0x0000000698169fd0) 
thrown [s\src\hotspot\share\prims\jni.cpp, line 516]
Event: 0.646 Thread 0x00000278a9177450 Exception <a 'sun/nio/fs/WindowsException'{0x00000006981770e0}> (0x00000006981770e0) 
thrown [s\src\hotspot\share\prims\jni.cpp, line 516]
Event: 0.646 Thread 0x00000278a9177450 Exception <a 'sun/nio/fs/WindowsException'{0x00000006981773b0}> (0x00000006981773b0) 
thrown [s\src\hotspot\share\prims\jni.cpp, line 516]
Event: 0.744 Thread 0x00000278a9177450 Exception <a 'sun/nio/fs/WindowsException'{0x0000000697c319b0}> (0x0000000697c319b0) 
thrown [s\src\hotspot\share\prims\jni.cpp, line 516]
Event: 0.744 Thread 0x00000278a9177450 Exception <a 'sun/nio/fs/WindowsException'{0x0000000697c31d20}> (0x0000000697c31d20) 
thrown [s\src\hotspot\share\prims\jni.cpp, line 516]

VM Operations (20 events):
Event: 1.532 Executing VM operation: G1CollectForAllocation
Event: 1.535 Executing VM operation: G1CollectForAllocation done
Event: 2.545 Executing VM operation: Cleanup
Event: 2.545 Executing VM operation: Cleanup done
Event: 2.624 Executing VM operation: G1CollectForAllocation
Event: 2.627 Executing VM operation: G1CollectForAllocation done
Event: 3.635 Executing VM operation: Cleanup
Event: 3.635 Executing VM operation: Cleanup done
Event: 5.651 Executing VM operation: Cleanup
Event: 5.651 Executing VM operation: Cleanup done
Event: 6.665 Executing VM operation: Cleanup
Event: 6.665 Executing VM operation: Cleanup done
Event: 6.827 Executing VM operation: G1CollectForAllocation
Event: 6.831 Executing VM operation: G1CollectForAllocation done
Event: 6.954 Executing VM operation: G1CollectForAllocation
Event: 6.960 Executing VM operation: G1CollectForAllocation done
Event: 7.115 Executing VM operation: G1CollectForAllocation
Event: 7.134 Executing VM operation: G1CollectForAllocation done
Event: 7.968 Executing VM operation: HandshakeAllThreads
Event: 7.968 Executing VM operation: HandshakeAllThreads done

Events (20 events):
Event: 1.520 loading class jdk/internal/math/FloatingDecimal$ASCIIToBinaryBuffer
Event: 1.520 loading class jdk/internal/math/FloatingDecimal$ASCIIToBinaryBuffer done
Event: 1.531 Thread 0x00000278d8816560 Thread added: 0x00000278d8816560
Event: 1.542 Thread 0x00000278d8a08210 Thread added: 0x00000278d8a08210
Event: 1.670 Thread 0x00000278d8a08210 Thread exited: 0x00000278d8a08210
Event: 1.719 Thread 0x00000278d8816560 Thread exited: 0x00000278d8816560
Event: 2.593 Thread 0x00000278d8a6d340 Thread added: 0x00000278d8a6d340
Event: 2.597 Thread 0x00000278d853c160 Thread added: 0x00000278d853c160
Event: 3.927 Thread 0x00000278d853c160 Thread exited: 0x00000278d853c160
Event: 4.296 Thread 0x00000278d8a6d340 Thread exited: 0x00000278d8a6d340
Event: 6.636 Thread 0x00000278d8a6d340 Thread added: 0x00000278d8a6d340
Event: 6.636 Thread 0x00000278d853c160 Thread added: 0x00000278d853c160
Event: 6.940 Thread 0x00000278d853c160 Thread exited: 0x00000278d853c160
Event: 6.983 Thread 0x00000278d8a6d340 Thread exited: 0x00000278d8a6d340
Event: 7.469 loading class jdk/internal/util/random/RandomSupport
Event: 7.470 loading class jdk/internal/util/random/RandomSupport done
Event: 7.957 loading class java/util/Stack
Event: 7.957 loading class java/util/Stack done
Event: 7.964 loading class java/lang/StrictMath
Event: 7.964 loading class java/lang/StrictMath done


Dynamic libraries:
0x00007ff76c210000 - 0x00007ff76c21e000 	C:\Users\alex\.p2\pool\plugins\org.eclipse.justj.openjdk.hotspot.jre.full.win32.x86_64_17.0.7.v20230425-1502\jre\bin\javaw.exe
0x00007ff9a7510000 - 0x00007ff9a7708000 	C:\WINDOWS\SYSTEM32\ntdll.dll
0x00007ff9a7290000 - 0x00007ff9a7352000 	C:\WINDOWS\System32\KERNEL32.DLL
0x00007ff9a4fe0000 - 0x00007ff9a52d6000 	C:\WINDOWS\System32\KERNELBASE.dll
0x00007ff9a4dc0000 - 0x00007ff9a4ec0000 	C:\WINDOWS\System32\ucrtbase.dll
0x00007ff9a15e0000 - 0x00007ff9a15f7000 	C:\Users\alex\.p2\pool\plugins\org.eclipse.justj.openjdk.hotspot.jre.full.win32.x86_64_17.0.7.v20230425-1502\jre\bin\jli.dll
0x00007ff99eae0000 - 0x00007ff99eaf9000 	C:\Users\alex\.p2\pool\plugins\org.eclipse.justj.openjdk.hotspot.jre.full.win32.x86_64_17.0.7.v20230425-1502\jre\bin\VCRUNTIME140.dll
0x00007ff9a5820000 - 0x00007ff9a59c1000 	C:\WINDOWS\System32\USER32.dll
0x00007ff9a54d0000 - 0x00007ff9a54f2000 	C:\WINDOWS\System32\win32u.dll
0x00007ff992230000 - 0x00007ff9924cb000 	C:\WINDOWS\WinSxS\amd64_microsoft.windows.common-controls_6595b64144ccf1df_6.0.19041.6456_none_60b8a6cb71f64256\COMCTL32.dll
0x00007ff9a74a0000 - 0x00007ff9a74cb000 	C:\WINDOWS\System32\GDI32.dll
0x00007ff9a7400000 - 0x00007ff9a749e000 	C:\WINDOWS\System32\msvcrt.dll
0x00007ff9a4ec0000 - 0x00007ff9a4fd9000 	C:\WINDOWS\System32\gdi32full.dll
0x00007ff9a5580000 - 0x00007ff9a561d000 	C:\WINDOWS\System32\msvcp_win.dll
0x00007ff9a6840000 - 0x00007ff9a686f000 	C:\WINDOWS\System32\IMM32.DLL
0x00007ff99ff00000 - 0x00007ff99ff0c000 	C:\Users\alex\.p2\pool\plugins\org.eclipse.justj.openjdk.hotspot.jre.full.win32.x86_64_17.0.7.v20230425-1502\jre\bin\vcruntime140_1.dll
0x00007ff950610000 - 0x00007ff9506a1000 	C:\Users\alex\.p2\pool\plugins\org.eclipse.justj.openjdk.hotspot.jre.full.win32.x86_64_17.0.7.v20230425-1502\jre\bin\msvcp140.dll
0x00007ff92d820000 - 0x00007ff92e468000 	C:\Users\alex\.p2\pool\plugins\org.eclipse.justj.openjdk.hotspot.jre.full.win32.x86_64_17.0.7.v20230425-1502\jre\bin\server\jvm.dll
0x00007ff9a5640000 - 0x00007ff9a56f1000 	C:\WINDOWS\System32\ADVAPI32.dll
0x00007ff9a7360000 - 0x00007ff9a73ff000 	C:\WINDOWS\System32\sechost.dll
0x00007ff9a62f0000 - 0x00007ff9a6410000 	C:\WINDOWS\System32\RPCRT4.dll
0x00007ff9a5500000 - 0x00007ff9a5527000 	C:\WINDOWS\System32\bcrypt.dll
0x00007ff969180000 - 0x00007ff969189000 	C:\WINDOWS\SYSTEM32\WSOCK32.dll
0x00007ff999180000 - 0x00007ff9991a7000 	C:\WINDOWS\SYSTEM32\WINMM.dll
0x00007ff99db00000 - 0x00007ff99db0a000 	C:\WINDOWS\SYSTEM32\VERSION.dll
0x00007ff9a57b0000 - 0x00007ff9a581b000 	C:\WINDOWS\System32\WS2_32.dll
0x00007ff9a2ae0000 - 0x00007ff9a2af2000 	C:\WINDOWS\SYSTEM32\kernel.appcore.dll
0x00007ff9a15c0000 - 0x00007ff9a15ca000 	C:\Users\alex\.p2\pool\plugins\org.eclipse.justj.openjdk.hotspot.jre.full.win32.x86_64_17.0.7.v20230425-1502\jre\bin\jimage.dll
0x00007ff9979a0000 - 0x00007ff997ba1000 	C:\WINDOWS\SYSTEM32\DBGHELP.DLL
0x00007ff971080000 - 0x00007ff9710b4000 	C:\WINDOWS\SYSTEM32\dbgcore.DLL
0x00007ff9a5440000 - 0x00007ff9a54c2000 	C:\WINDOWS\System32\bcryptPrimitives.dll
0x00007ff973ba0000 - 0x00007ff973bc5000 	C:\Users\alex\.p2\pool\plugins\org.eclipse.justj.openjdk.hotspot.jre.full.win32.x86_64_17.0.7.v20230425-1502\jre\bin\java.dll
0x00007ff9a14b0000 - 0x00007ff9a14c8000 	C:\Users\alex\.p2\pool\plugins\org.eclipse.justj.openjdk.hotspot.jre.full.win32.x86_64_17.0.7.v20230425-1502\jre\bin\zip.dll
0x00007ff9a5a30000 - 0x00007ff9a61a0000 	C:\WINDOWS\System32\SHELL32.dll
0x00007ff9a2ce0000 - 0x00007ff9a3485000 	C:\WINDOWS\SYSTEM32\windows.storage.dll
0x00007ff9a6420000 - 0x00007ff9a6774000 	C:\WINDOWS\System32\combase.dll
0x00007ff9a45e0000 - 0x00007ff9a460b000 	C:\WINDOWS\SYSTEM32\Wldp.dll
0x00007ff9a6220000 - 0x00007ff9a62ed000 	C:\WINDOWS\System32\OLEAUT32.dll
0x00007ff9a6790000 - 0x00007ff9a683d000 	C:\WINDOWS\System32\SHCORE.dll
0x00007ff9a59d0000 - 0x00007ff9a5a2b000 	C:\WINDOWS\System32\shlwapi.dll
0x00007ff9a4bc0000 - 0x00007ff9a4be4000 	C:\WINDOWS\SYSTEM32\profapi.dll
0x00007ff99dc30000 - 0x00007ff99dc49000 	C:\Users\alex\.p2\pool\plugins\org.eclipse.justj.openjdk.hotspot.jre.full.win32.x86_64_17.0.7.v20230425-1502\jre\bin\net.dll
0x00007ff99fae0000 - 0x00007ff99fbea000 	C:\WINDOWS\SYSTEM32\WINHTTP.dll
0x00007ff9a43c0000 - 0x00007ff9a442a000 	C:\WINDOWS\system32\mswsock.dll
0x00007ff975290000 - 0x00007ff9752a5000 	C:\Users\alex\.p2\pool\plugins\org.eclipse.justj.openjdk.hotspot.jre.full.win32.x86_64_17.0.7.v20230425-1502\jre\bin\nio.dll
0x00007ff958910000 - 0x00007ff95898b000 	C:\Users\alex\AppData\Local\Temp\lwjgl_alex\3.3.4+7\x64\lwjgl.dll
0x00007ff94de50000 - 0x00007ff94ded5000 	C:\Users\alex\AppData\Local\Temp\lwjgl_alex\3.3.4+7\x64\glfw.dll
0x00007ff9504b0000 - 0x00007ff9504f5000 	C:\WINDOWS\SYSTEM32\dinput8.dll
0x00007ff9760f0000 - 0x00007ff976101000 	C:\WINDOWS\SYSTEM32\xinput1_4.dll
0x00007ff9a5530000 - 0x00007ff9a557e000 	C:\WINDOWS\System32\cfgmgr32.dll
0x00007ff9a4a20000 - 0x00007ff9a4a53000 	C:\WINDOWS\SYSTEM32\DEVOBJ.dll
0x00007ff9a2700000 - 0x00007ff9a272e000 	C:\WINDOWS\SYSTEM32\dwmapi.dll
0x00007ff96e0a0000 - 0x00007ff96e1f2000 	C:\WINDOWS\SYSTEM32\inputhost.dll
0x00007ff9a0940000 - 0x00007ff9a0a97000 	C:\WINDOWS\SYSTEM32\wintypes.dll
0x00007ff9a18b0000 - 0x00007ff9a19a2000 	C:\WINDOWS\SYSTEM32\CoreMessaging.dll
0x00007ff9a07b0000 - 0x00007ff9a08a4000 	C:\WINDOWS\SYSTEM32\PROPSYS.dll
0x00007ff99f050000 - 0x00007ff99f3ab000 	C:\WINDOWS\SYSTEM32\CoreUIComponents.dll
0x00007ff9a3ee0000 - 0x00007ff9a3f13000 	C:\WINDOWS\SYSTEM32\ntmarta.dll
0x00007ff9a2550000 - 0x00007ff9a25ee000 	C:\WINDOWS\system32\uxtheme.dll
0x00007ff9a6e20000 - 0x00007ff9a6f35000 	C:\WINDOWS\System32\MSCTF.dll
0x00007ff94d310000 - 0x00007ff94d438000 	C:\WINDOWS\SYSTEM32\opengl32.dll
0x00007ff967e60000 - 0x00007ff967e8c000 	C:\WINDOWS\SYSTEM32\GLU32.dll
0x00007ff9a5700000 - 0x00007ff9a57a9000 	C:\WINDOWS\System32\clbcatq.dll
0x00007ff928930000 - 0x00007ff92b8ef000 	C:\WINDOWS\System32\DriverStore\FileRepository\nvgbdi.inf_amd64_4a2574804558c4b2\nvoglv64.dll
0x00007ff9a6870000 - 0x00007ff9a6ce0000 	C:\WINDOWS\System32\SETUPAPI.dll
0x00007ff9a6cf0000 - 0x00007ff9a6e1b000 	C:\WINDOWS\System32\ole32.dll
0x00007ff99fbf0000 - 0x00007ff99fc04000 	C:\WINDOWS\SYSTEM32\WTSAPI32.dll
0x00007ff9a4550000 - 0x00007ff9a455c000 	C:\WINDOWS\SYSTEM32\CRYPTBASE.DLL
0x00007ff9a4850000 - 0x00007ff9a4862000 	C:\WINDOWS\SYSTEM32\msasn1.dll
0x00007ff99d970000 - 0x00007ff99d9a1000 	C:\WINDOWS\SYSTEM32\cryptnet.dll
0x00007ff9a52e0000 - 0x00007ff9a543d000 	C:\WINDOWS\System32\CRYPT32.dll
0x00007ff9996f0000 - 0x00007ff999837000 	C:\WINDOWS\SYSTEM32\drvstore.dll
0x00007ff9a4d40000 - 0x00007ff9a4db3000 	C:\WINDOWS\System32\WINTRUST.dll
0x00007ff9a1520000 - 0x00007ff9a155b000 	C:\WINDOWS\SYSTEM32\dxcore.dll
0x00007ff9a0300000 - 0x00007ff9a05c5000 	C:\WINDOWS\system32\nvspcap64.dll
0x00007ff9a41e0000 - 0x00007ff9a422b000 	C:\WINDOWS\SYSTEM32\powrprof.dll
0x00007ff9a4050000 - 0x00007ff9a4062000 	C:\WINDOWS\SYSTEM32\UMPDC.dll
0x00007ff9a3900000 - 0x00007ff9a3963000 	C:\WINDOWS\SYSTEM32\WINSTA.dll
0x00007ff97a3e0000 - 0x00007ff97a4d9000 	C:\WINDOWS\SYSTEM32\textinputframework.dll
0x00007ff94da10000 - 0x00007ff94da71000 	C:\Users\alex\AppData\Local\Temp\lwjgl_alex\3.3.4+7\x64\lwjgl_opengl.dll
0x00007ff94d970000 - 0x00007ff94da10000 	C:\Users\alex\AppData\Local\Temp\lwjgl_alex\3.3.4+7\x64\lwjgl_stb.dll
0x00007ff99ff70000 - 0x00007ff99ff80000 	C:\Users\alex\.p2\pool\plugins\org.eclipse.justj.openjdk.hotspot.jre.full.win32.x86_64_17.0.7.v20230425-1502\jre\bin\verify.dll

dbghelp: loaded successfully - version: 4.0.5 - missing functions: none
symbol engine: initialized successfully - sym options: 0x614 - pdb path: .;C:\Users\alex\.p2\pool\plugins\org.eclipse.justj.openjdk.hotspot.jre.full.win32.x86_64_17.0.7.v20230425-1502\jre\bin;C:\WINDOWS\SYSTEM32;C:\WINDOWS\WinSxS\amd64_microsoft.windows.common-controls_6595b64144ccf1df_6.0.19041.6456_none_60b8a6cb71f64256;C:\Users\alex\.p2\pool\plugins\org.eclipse.justj.openjdk.hotspot.jre.full.win32.x86_64_17.0.7.v20230425-1502\jre\bin\server;C:\Users\alex\AppData\Local\Temp\lwjgl_alex\3.3.4+7\x64;C:\WINDOWS\System32\DriverStore\FileRepository\nvgbdi.inf_amd64_4a2574804558c4b2

VM Arguments:
jvm_args: -Dfile.encoding=UTF-8 -XX:+ShowCodeDetailsInExceptionMessages 
java_command: main.Main
java_class_path (initial): D:\Code Space\Java\CurrentRenderingPipeline\bin;D:\Code Space\Java\CurrentRenderingPipeline\lib\jars\jbullet.jar;D:\Code Space\Java\CurrentRenderingPipeline\lib\jars\jinput-2.0.10.jar;D:\Code Space\Java\CurrentRenderingPipeline\lib\jars\joml-1.10.7.jar;D:\Code Space\Java\CurrentRenderingPipeline\lib\jars\joml-1.10.7-javadoc.jar;D:\Code Space\Java\CurrentRenderingPipeline\lib\jars\joml-1.10.7-sources.jar;D:\Code Space\Java\CurrentRenderingPipeline\lib\jars\lwjgl_util.jar;D:\Code Space\Java\CurrentRenderingPipeline\lib\jars\lwjgl.jar;D:\Code Space\Java\CurrentRenderingPipeline\lib\jars\lwjgl-assimp.jar;D:\Code Space\Java\CurrentRenderingPipeline\lib\jars\lwjgl-assimp-javadoc.jar;D:\Code Space\Java\CurrentRenderingPipeline\lib\jars\lwjgl-assimp-natives-windows.jar;D:\Code Space\Java\CurrentRenderingPipeline\lib\jars\lwjgl-assimp-sources.jar;D:\Code Space\Java\CurrentRenderingPipeline\lib\jars\lwjgl-glfw.jar;D:\Code Space\Java\CurrentRenderingPipeline\lib\jars\lwjgl-glfw-javadoc.jar;D:\Code Space\Java\CurrentRenderingPipeline\lib\jars\lwjgl-glfw-natives-windows.jar;D:\Code Space\Java\CurrentRenderingPipeline\lib\jars\lwjgl-glfw-sources.jar;D:\Code Space\Java\CurrentRenderingPipeline\lib\jars\lwjgl-javadoc.jar;D:\Code Space\Java\CurrentRenderingPipeline\lib\jars\lwjgl-natives-windows.jar;D:\Code Space\Java\CurrentRenderingPipeline\lib\jars\lwjgl-openal.jar;D:\Code Space\Java\CurrentRenderingPipeline\lib\jars\lwjgl-openal-javadoc.jar;D:\Code Space\Java\CurrentRenderingPipeline\lib\jars\lwjgl-openal-natives-windows.jar;D:\Code Space\Java\CurrentRenderingPipeline\lib\jars\lwjgl-openal-sources.jar;D:\Code Space\Java\CurrentRenderingPipeline\lib\jars\lwjgl-opengl.jar;D:\Code Space\Java\CurrentRenderingPipeline\lib\jars\lwjgl-opengl-javadoc.jar;D:\Code Space\Java\CurrentRenderingPipeline\lib\jars\lwjgl-opengl-natives-windows.jar;D:\Code Space\Java\CurrentRenderingPipeline\lib\jars\lwjgl-opengl-sources.jar;D:\Code Space\Java\CurrentRenderingPipeline
Launcher Type: SUN_STANDARD

[Global flags]
     intx CICompilerCount                          = 4                                         {product} {ergonomic}
     uint ConcGCThreads                            = 2                                         {product} {ergonomic}
     uint G1ConcRefinementThreads                  = 8                                         {product} {ergonomic}
   size_t G1HeapRegionSize                         = 4194304                                   {product} {ergonomic}
    uintx GCDrainStackTargetSize                   = 64                                        {product} {ergonomic}
   size_t InitialHeapSize                          = 402653184                                 {product} {ergonomic}
   size_t MarkStackSize                            = 4194304                                   {product} {ergonomic}
   size_t MaxHeapSize                              = 6434062336                                {product} {ergonomic}
   size_t MaxNewSize                               = 3858759680                                {product} {ergonomic}
   size_t MinHeapDeltaBytes                        = 4194304                                   {product} {ergonomic}
   size_t MinHeapSize                              = 8388608                                   {product} {ergonomic}
    uintx NonNMethodCodeHeapSize                   = 5839372                                {pd product} {ergonomic}
    uintx NonProfiledCodeHeapSize                  = 122909434                              {pd product} {ergonomic}
    uintx ProfiledCodeHeapSize                     = 122909434                              {pd product} {ergonomic}
    uintx ReservedCodeCacheSize                    = 251658240                              {pd product} {ergonomic}
     bool SegmentedCodeCache                       = true                                      {product} {ergonomic}
     bool ShowCodeDetailsInExceptionMessages       = true                                   {manageable} {command line}
   size_t SoftMaxHeapSize                          = 6434062336                             {manageable} {ergonomic}
     bool UseCompressedClassPointers               = true                           {product lp64_product} {ergonomic}
     bool UseCompressedOops                        = true                           {product lp64_product} {ergonomic}
     bool UseG1GC                                  = true                                      {product} {ergonomic}
     bool UseLargePagesIndividualAllocation        = false                                  {pd product} {ergonomic}

Logging:
Log output configuration:
 #0: stdout all=warning uptime,level,tags
 #1: stderr all=off uptime,level,tags

Environment Variables:
JAVA_HOME=C:\Program Files\Java\jre1.8.0_281\lib
CLASSPATH=C:\Users\Sunbond\Documents\apache-tomcat-8.5.65\lib\servlet-api.jar
PATH=C:/Users/alex/.p2/pool/plugins/org.eclipse.justj.openjdk.hotspot.jre.full.win32.x86_64_17.0.7.v20230425-1502/jre/bin/server;C:/Users/alex/.p2/pool/plugins/org.eclipse.justj.openjdk.hotspot.jre.full.win32.x86_64_17.0.7.v20230425-1502/jre/bin;C:\Python312\Scripts\;C:\Python312\;C:\Program Files\Eclipse Adoptium\jdk-21.0.1.12-hotspot\bin;C:\Python311\Scripts\;C:\Python311\;C:\Program Files\Zulu\zulu-17\bin\;C:\Program Files\Eclipse Foundation\jdk-8.0.302.8-hotspot\bin;C:\PROGRAM FILES (X86)\COMMON FILES\ORACLE\JAVA\JAVAPATH;C:\WINDOWS\SYSTEM32;C:\WINDOWS;C:\WINDOWS\SYSTEM32\WBEM;C:\WINDOWS\SYSTEM32\WINDOWSPOWERSHELL\V1.0\;C:\WINDOWS\SYSTEM32\OPENSSH\;C:\PROGRAM FILES\NVIDIA CORPORATION\NVIDIA NVDLISR;C:\PROGRAM FILES (X86)\NVIDIA CORPORATION\PHYSX\COMMON;C:\PROGRAM FILES\DOTNET\;C:\USERDATA\GIT\CMD;C:\PROGRAM FILES\MICROSOFT SQL SERVER\130\TOOLS\BINN\;C:\PROGRAM FILES\MICROSOFT SQL SERVER\CLIENT SDK\ODBC\170\TOOLS\BINN\;C:\PROGRAM FILES\AZURE DATA STUDIO\BIN;C:\PROGRAM FILES (X86)\MICROSOFT SQL SERVER\150\DTS\BINN\;C:\PROGRAM FILES (X86)\MICROSOFT SQL SERVER\150\TOOLS\BINN\;C:\PROGRAM FILES\MICROSOFT SQL SERVER\150\TOOLS\BINN\;C:\PROGRAM FILES\MICROSOFT SQL SERVER\150\DTS\BINN\;C:\PROGRAM FILES\MICROSOFT SQL SERVER\120\TOOLS\BINN\;C:\MAMP\BIN\PHP\PHP7.4.1\PHP.EXE;C:\MAMP\BIN\PHP\PHP7.4.1\;C:\ProgramData\chocolatey\bin;C:\UserData\Git\cmd;C:\Program Files\sfdx\bin;C:\Program Files\Java\jdk1.8.0_281\lib;C:\Program Files\Java\jre1.8.0_281\lib;C:\MinGW\bin;D:\Code Space\NodeJS\;D:\Android Studio\SDKs\platform-tools;D:\Android Studio\SDKs\emulator;;C:\Program Files\Docker\Docker\resources\bin;C:\Users\alex\AppData\Local\Microsoft\WindowsApps;C:\Users\alex\AppData\Local\Programs\Microsoft VS Code\bin;C:\Users\alex\AppData\Local\GitHubDesktop\bin;C:\Users\alex\.dotnet\tools;C:\Program Files\Java\jre1.8.0_281\lib;C:\Program Files\Java\jdk1.8.0_281\lib;C:\MinGW\bin;C:\Program Files\heroku\bin;C:\Progra~1\sf\bin;C:\Users\alex\AppData\Local\Microsoft\WinGet\Links;C:\Users\alex\
USERNAME=alex
OS=Windows_NT
PROCESSOR_IDENTIFIER=Intel64 Family 6 Model 158 Stepping 9, GenuineIntel
TMP=C:\Users\alex\AppData\Local\Temp
TEMP=C:\Users\alex\AppData\Local\Temp



---------------  S Y S T E M  ---------------

OS:
 Windows 10 , 64 bit Build 19041 (10.0.19041.5915)
OS uptime: 0 days 7:28 hours
Hyper-V role detected

CPU: total 8 (initial active 8) (4 cores per cpu, 2 threads per core) family 6 model 158 stepping 9 microcode 0xb4, cx8, cmov, fxsr, ht, mmx, 3dnowpref, sse, sse2, sse3, ssse3, sse4.1, sse4.2, popcnt, lzcnt, tsc, tscinvbit, avx, avx2, aes, erms, clmul, bmi1, bmi2, rtm, adx, fma, vzeroupper, clflush, clflushopt, hv

Memory: 4k page, system-wide physical 24540M (5970M free)
TotalPageFile size 75740M (AvailPageFile size 18179M)
current process WorkingSet (physical memory assigned to process): 498M, peak: 572M
current process commit charge ("private bytes"): 3520M, peak: 3543M

vm_info: OpenJDK 64-Bit Server VM (17.0.7+7) for windows-amd64 JRE (17.0.7+7), built on Apr 18 2023 22:10:42 by "temurin" with MS VC++ 16.7 (VS2019)

END.
