#
# A fatal error has been detected by the Java Runtime Environment:
#
#  EXCEPTION_ACCESS_VIOLATION (0xc0000005) at pc=0x00007ff94ce4392a, pid=26692, tid=14492
#
# JRE version: OpenJDK Runtime Environment Temurin-17.0.7+7 (17.0.7+7) (build 17.0.7+7)
# Java VM: OpenJDK 64-Bit Server VM Temurin-17.0.7+7 (17.0.7+7, mixed mode, tiered, compressed oops, compressed class ptrs, g1 gc, windows-amd64)
# Problematic frame:
# C  [lwjgl_stb.dll+0x392a]
#
# No core dump will be written. Minidumps are not enabled by default on client versions of Windows
#
# If you would like to submit a bug report, please visit:
#   https://github.com/adoptium/adoptium-support/issues
# The crash happened outside the Java Virtual Machine in native code.
# See problematic frame for where to report the bug.
#

---------------  S U M M A R Y ------------

Command Line: -Dfile.encoding=UTF-8 -XX:+ShowCodeDetailsInExceptionMessages main.Main

Host: Intel(R) Core(TM) i7-7700 CPU @ 3.60GHz, 8 cores, 23G,  Windows 10 , 64 bit Build 19041 (10.0.19041.5915)
Time: Mon Dec  1 14:23:42 2025 US Mountain Standard Time elapsed time: 0.951994 seconds (0d 0h 0m 0s)

---------------  T H R E A D  ---------------

Current thread (0x0000020be9c17c80):  JavaThread "main" [_thread_in_native, id=14492, stack(0x0000008c44d00000,0x0000008c44e00000)]

Stack: [0x0000008c44d00000,0x0000008c44e00000],  sp=0x0000008c44df5420,  free space=981k
Native frames: (J=compiled Java code, j=interpreted, Vv=VM code, C=native code)
C  [lwjgl_stb.dll+0x392a]

Java frames: (J=compiled Java code, j=interpreted, Vv=VM code)
j  org.lwjgl.stb.STBImage.nstbi_load(JJJJI)J+0
j  org.lwjgl.stb.STBImage.stbi_load(Ljava/lang/CharSequence;Ljava/nio/IntBuffer;Ljava/nio/IntBuffer;Ljava/nio/IntBuffer;I)Ljava/nio/ByteBuffer;+64
j  terrain.Terrain.loadHeightMap(Ljava/lang/String;)V+22
j  terrain.Terrain.<init>(ILjava/lang/String;Ljava/lang/String;Lorg/joml/Vector3f;F)V+23
j  main.Main.init()V+211
j  main.Main.run()V+5
j  main.Main.main([Ljava/lang/String;)V+7
v  ~StubRoutines::call_stub

siginfo: EXCEPTION_ACCESS_VIOLATION (0xc0000005), writing address 0x0000000000000010


Register to memory mapping:

RIP=0x00007ff94ce4392a lwjgl_stb.dll
RAX=0x0000000000000080 is an unknown value
RBX=0x0000008c44dfde84 is pointing into the stack for thread: 0x0000020be9c17c80
RCX=0x0000000000000010 is an unknown value
RDX=0x0000020be7aa0000 points into unknown readable memory: 0x0000000000000000 | 00 00 00 00 00 00 00 00
RSP=0x0000008c44df5420 is pointing into the stack for thread: 0x0000020be9c17c80
RBP=0x0000000000000001 is an unknown value
RSI=0x0000008c44dfe7a0 is pointing into the stack for thread: 0x0000020be9c17c80
RDI=0x0000000000000010 is an unknown value
R8 =0x00000000ffffffff is an unknown value
R9 =0x0000000000000001 is an unknown value
R10=0x0000020be7aa0000 points into unknown readable memory: 0x0000000000000000 | 00 00 00 00 00 00 00 00
R11=0x0000008c44df5210 is pointing into the stack for thread: 0x0000020be9c17c80
R12=0x0000020b99696b00 points into unknown readable memory: 0x8e8e8e8e8e8e8e8e | 8e 8e 8e 8e 8e 8e 8e 8e
R13=0x0000000000000008 is an unknown value
R14=0x0000008c44dfe7a0 is pointing into the stack for thread: 0x0000020be9c17c80
R15=0x0000008c44dfe7d8 is pointing into the stack for thread: 0x0000020be9c17c80


Registers:
RAX=0x0000000000000080, RBX=0x0000008c44dfde84, RCX=0x0000000000000010, RDX=0x0000020be7aa0000
RSP=0x0000008c44df5420, RBP=0x0000000000000001, RSI=0x0000008c44dfe7a0, RDI=0x0000000000000010
R8 =0x00000000ffffffff, R9 =0x0000000000000001, R10=0x0000020be7aa0000, R11=0x0000008c44df5210
R12=0x0000020b99696b00, R13=0x0000000000000008, R14=0x0000008c44dfe7a0, R15=0x0000008c44dfe7d8
RIP=0x00007ff94ce4392a, EFLAGS=0x0000000000010206

Top of Stack: (sp=0x0000008c44df5420)
0x0000008c44df5420:   0000020b8e36b740 0000020b8e00be08
0x0000008c44df5430:   0000008c8e55e190 00007ff98e36c2d8
0x0000008c44df5440:   0000000000000080 000000008e353ab0
0x0000008c44df5450:   0000020b8e767998 0000020b8e36b628
0x0000008c44df5460:   0000020b8e36b890 00007ff98e3608e8
0x0000008c44df5470:   0000020b8e559c20 0000020b8e5223a8
0x0000008c44df5480:   0000020b8e36b708 0000020b8e522370
0x0000008c44df5490:   0000020b8e7d1c00 000000008e36c2a0
0x0000008c44df54a0:   0000000000000010 0000020b8e55ae08
0x0000008c44df54b0:   0000020b8e7d1ce0 0000020b8e6468a0
0x0000008c44df54c0:   000000008e7b9840 000000008e767808
0x0000008c44df54d0:   0000000000000010 0000000000000010
0x0000008c44df54e0:   0000020b8e36b858 0000008c8e36b5b8
0x0000008c44df54f0:   000000008e35ef50 00007ff98e623b90
0x0000008c44df5500:   0000020b8e332f50 00007ff98e74cb78
0x0000008c44df5510:   0000000000000010 0000008c00000000 

Instructions: (pc=0x00007ff94ce4392a)
0x00007ff94ce4382a:   41 ff 56 18 e9 f4 01 00 00 48 8b 8c 24 48 01 00
0x00007ff94ce4383a:   00 48 85 c9 74 06 ff 15 92 27 09 00 45 31 e4 48
0x00007ff94ce4384a:   8b 8c 24 58 01 00 00 ff 15 81 27 09 00 48 8b 8c
0x00007ff94ce4385a:   24 50 01 00 00 ff 15 73 27 09 00 e9 3a 02 00 00
0x00007ff94ce4386a:   66 0f 70 c0 ee 66 48 0f 7e c0 48 39 c1 73 30 48
0x00007ff94ce4387a:   8d 51 01 49 89 96 c0 00 00 00 0f b6 09 4c 8b a4
0x00007ff94ce4388a:   24 b0 00 00 00 80 f9 53 0f 85 58 0d 00 00 e9 1b
0x00007ff94ce4389a:   01 00 00 48 8d 05 d4 5e 08 00 e9 f5 01 00 00 41
0x00007ff94ce438aa:   83 7e 30 00 4c 8b a4 24 b0 00 00 00 0f 84 34 0d
0x00007ff94ce438ba:   00 00 45 8b 46 34 49 8b 4e 28 4c 89 fa 41 ff 56
0x00007ff94ce438ca:   10 41 8b 8e c0 00 00 00 41 2b 8e d0 00 00 00 41
0x00007ff94ce438da:   01 8e b8 00 00 00 85 c0 0f 84 a4 00 00 00 48 98
0x00007ff94ce438ea:   4c 01 f8 41 0f b6 0f e9 a8 00 00 00 48 8d 05 b9
0x00007ff94ce438fa:   5e 08 00 e9 9c 01 00 00 89 4c 24 20 4c 89 e1 41
0x00007ff94ce4390a:   89 e8 e8 df 51 00 00 49 89 c4 89 6e 0c 48 85 c0
0x00007ff94ce4391a:   0f 84 81 01 00 00 8b 06 48 8b 8c 24 b0 00 00 00
0x00007ff94ce4392a:   89 01 8b 46 04 48 8b 8c 24 b8 00 00 00 89 01 48
0x00007ff94ce4393a:   85 ff 74 05 8b 46 08 89 07 31 c9 ff 15 8d 26 09
0x00007ff94ce4394a:   00 48 8b 8c 24 50 01 00 00 ff 15 7f 26 09 00 48
0x00007ff94ce4395a:   8b 8c 24 48 01 00 00 ff 15 71 26 09 00 e9 38 01
0x00007ff94ce4396a:   00 00 f3 41 0f 6f 86 d0 00 00 00 f3 41 0f 7f 86
0x00007ff94ce4397a:   c0 00 00 00 83 f8 7c 0f 85 54 fd ff ff e9 64 fc
0x00007ff94ce4398a:   ff ff 41 c7 46 30 00 00 00 00 41 c6 46 38 00 31
0x00007ff94ce4399a:   c9 48 89 f0 49 89 86 c8 00 00 00 49 89 b6 c0 00
0x00007ff94ce439aa:   00 00 48 89 f2 80 f9 53 0f 85 38 0c 00 00 48 39
0x00007ff94ce439ba:   c2 73 13 4c 8d 42 01 4d 89 86 c0 00 00 00 0f b6
0x00007ff94ce439ca:   0a e9 ce 02 00 00 41 83 7e 30 00 0f 84 15 0c 00
0x00007ff94ce439da:   00 45 8b 46 34 49 8b 4e 28 4c 89 fa 41 ff 56 10
0x00007ff94ce439ea:   41 8b 8e c0 00 00 00 41 2b 8e d0 00 00 00 41 01
0x00007ff94ce439fa:   8e b8 00 00 00 85 c0 0f 84 74 02 00 00 48 98 4c
0x00007ff94ce43a0a:   01 f8 41 0f b6 0f e9 78 02 00 00 49 8b 86 c0 00
0x00007ff94ce43a1a:   00 00 48 83 c0 06 49 89 86 c0 00 00 00 4c 89 f1 


Stack slot to memory mapping:
stack at sp + 0 slots: 0x0000020b8e36b740 is pointing into metadata
stack at sp + 1 slots: {method} {0x0000020b8e00be10} 'replace' '(CC)Ljava/lang/String;' in 'java/lang/String'
stack at sp + 2 slots: 0x0000008c8e55e190 is an unknown value
stack at sp + 3 slots: 0x00007ff98e36c2d8 is an unknown value
stack at sp + 4 slots: 0x0000000000000080 is an unknown value
stack at sp + 5 slots: 0x000000008e353ab0 is an unknown value
stack at sp + 6 slots: 0x0000020b8e767998 is pointing into metadata
stack at sp + 7 slots: 0x0000020b8e36b628 is pointing into metadata


---------------  P R O C E S S  ---------------

Threads class SMR info:
_java_thread_list=0x0000020b990be480, length=13, elements={
0x0000020be9c17c80, 0x0000020b920507d0, 0x0000020b92052060, 0x0000020b92076900,
0x0000020b92077ee0, 0x0000020b9207a9a0, 0x0000020b9207b350, 0x0000020b9207c030,
0x0000020b920a2c80, 0x0000020b92105d90, 0x0000020b921f1aa0, 0x0000020b9220c8b0,
0x0000020b994cccd0
}

Java Threads: ( => current thread )
=>0x0000020be9c17c80 JavaThread "main" [_thread_in_native, id=14492, stack(0x0000008c44d00000,0x0000008c44e00000)]
  0x0000020b920507d0 JavaThread "Reference Handler" daemon [_thread_blocked, id=34836, stack(0x0000008c45400000,0x0000008c45500000)]
  0x0000020b92052060 JavaThread "Finalizer" daemon [_thread_blocked, id=22868, stack(0x0000008c45500000,0x0000008c45600000)]
  0x0000020b92076900 JavaThread "Signal Dispatcher" daemon [_thread_blocked, id=35348, stack(0x0000008c45600000,0x0000008c45700000)]
  0x0000020b92077ee0 JavaThread "Attach Listener" daemon [_thread_blocked, id=29756, stack(0x0000008c45700000,0x0000008c45800000)]
  0x0000020b9207a9a0 JavaThread "Service Thread" daemon [_thread_blocked, id=35076, stack(0x0000008c45800000,0x0000008c45900000)]
  0x0000020b9207b350 JavaThread "Monitor Deflation Thread" daemon [_thread_blocked, id=4660, stack(0x0000008c45900000,0x0000008c45a00000)]
  0x0000020b9207c030 JavaThread "C2 CompilerThread0" daemon [_thread_blocked, id=26828, stack(0x0000008c45a00000,0x0000008c45b00000)]
  0x0000020b920a2c80 JavaThread "C1 CompilerThread0" daemon [_thread_blocked, id=4236, stack(0x0000008c45b00000,0x0000008c45c00000)]
  0x0000020b92105d90 JavaThread "Sweeper thread" daemon [_thread_blocked, id=17256, stack(0x0000008c45c00000,0x0000008c45d00000)]
  0x0000020b921f1aa0 JavaThread "Notification Thread" daemon [_thread_blocked, id=31712, stack(0x0000008c45d00000,0x0000008c45e00000)]
  0x0000020b9220c8b0 JavaThread "Common-Cleaner" daemon [_thread_blocked, id=33968, stack(0x0000008c45f00000,0x0000008c46000000)]
  0x0000020b994cccd0 JavaThread "C2 CompilerThread1" daemon [_thread_blocked, id=1920, stack(0x0000008c46600000,0x0000008c46700000)]

Other Threads:
  0x0000020bff452330 VMThread "VM Thread" [stack: 0x0000008c45300000,0x0000008c45400000] [id=19400]
  0x0000020be9cb7170 WatcherThread [stack: 0x0000008c45e00000,0x0000008c45f00000] [id=15228]
  0x0000020be9ca2500 GCTaskThread "GC Thread#0" [stack: 0x0000008c44e00000,0x0000008c44f00000] [id=30584]
  0x0000020be9cafba0 ConcurrentGCThread "G1 Main Marker" [stack: 0x0000008c44f00000,0x0000008c45000000] [id=26852]
  0x0000020be9cb05b0 ConcurrentGCThread "G1 Conc#0" [stack: 0x0000008c45000000,0x0000008c45100000] [id=19116]
  0x0000020be9cde9f0 ConcurrentGCThread "G1 Refine#0" [stack: 0x0000008c45100000,0x0000008c45200000] [id=15764]
  0x0000020bff3036e0 ConcurrentGCThread "G1 Service" [stack: 0x0000008c45200000,0x0000008c45300000] [id=21172]

Threads with active compile tasks:

VM state: not at safepoint (normal execution)

VM Mutex/Monitor currently owned by a thread: None

Heap address: 0x0000000680800000, size: 6136 MB, Compressed Oops mode: Zero based, Oop shift amount: 3

CDS archive(s) not mapped
Compressed class space mapped at: 0x0000000800000000-0x0000000840000000, reserved size: 1073741824
Narrow klass base: 0x0000000800000000, Narrow klass shift: 0, Narrow klass range: 0x40000000

GC Precious Log:
 CPUs: 8 total, 8 available
 Memory: 24540M
 Large Page Support: Disabled
 NUMA Support: Disabled
 Compressed Oops: Enabled (Zero based)
 Heap Region Size: 4M
 Heap Min Capacity: 8M
 Heap Initial Capacity: 384M
 Heap Max Capacity: 6136M
 Pre-touch: Disabled
 Parallel Workers: 8
 Concurrent Workers: 2
 Concurrent Refinement Workers: 8
 Periodic GC: Disabled

Heap:
 garbage-first heap   total 393216K, used 24576K [0x0000000680800000, 0x0000000800000000)
  region size 4096K, 4 young (16384K), 0 survivors (0K)
 Metaspace       used 12689K, committed 12864K, reserved 1114112K
  class space    used 854K, committed 960K, reserved 1048576K

Heap Regions: E=young(eden), S=young(survivor), O=old, HS=humongous(starts), HC=humongous(continues), CS=collection set, F=free, OA=open archive, CA=closed archive, TAMS=top-at-mark-start (previous, next)
|   0|0x0000000680800000, 0x0000000680c00000, 0x0000000680c00000|100%|HS|  |TAMS 0x0000000680800000, 0x0000000680800000| Complete 
|   1|0x0000000680c00000, 0x0000000681000000, 0x0000000681000000|100%|HC|  |TAMS 0x0000000680c00000, 0x0000000680c00000| Complete 
|   2|0x0000000681000000, 0x0000000681400000, 0x0000000681400000|100%|HC|  |TAMS 0x0000000681000000, 0x0000000681000000| Complete 
|   3|0x0000000681400000, 0x0000000681400000, 0x0000000681800000|  0%| F|  |TAMS 0x0000000681400000, 0x0000000681400000| Untracked 
|   4|0x0000000681800000, 0x0000000681800000, 0x0000000681c00000|  0%| F|  |TAMS 0x0000000681800000, 0x0000000681800000| Untracked 
|   5|0x0000000681c00000, 0x0000000681c00000, 0x0000000682000000|  0%| F|  |TAMS 0x0000000681c00000, 0x0000000681c00000| Untracked 
|   6|0x0000000682000000, 0x0000000682000000, 0x0000000682400000|  0%| F|  |TAMS 0x0000000682000000, 0x0000000682000000| Untracked 
|   7|0x0000000682400000, 0x0000000682400000, 0x0000000682800000|  0%| F|  |TAMS 0x0000000682400000, 0x0000000682400000| Untracked 
|   8|0x0000000682800000, 0x0000000682800000, 0x0000000682c00000|  0%| F|  |TAMS 0x0000000682800000, 0x0000000682800000| Untracked 
|   9|0x0000000682c00000, 0x0000000682c00000, 0x0000000683000000|  0%| F|  |TAMS 0x0000000682c00000, 0x0000000682c00000| Untracked 
|  10|0x0000000683000000, 0x0000000683000000, 0x0000000683400000|  0%| F|  |TAMS 0x0000000683000000, 0x0000000683000000| Untracked 
|  11|0x0000000683400000, 0x0000000683400000, 0x0000000683800000|  0%| F|  |TAMS 0x0000000683400000, 0x0000000683400000| Untracked 
|  12|0x0000000683800000, 0x0000000683800000, 0x0000000683c00000|  0%| F|  |TAMS 0x0000000683800000, 0x0000000683800000| Untracked 
|  13|0x0000000683c00000, 0x0000000683c00000, 0x0000000684000000|  0%| F|  |TAMS 0x0000000683c00000, 0x0000000683c00000| Untracked 
|  14|0x0000000684000000, 0x0000000684000000, 0x0000000684400000|  0%| F|  |TAMS 0x0000000684000000, 0x0000000684000000| Untracked 
|  15|0x0000000684400000, 0x0000000684400000, 0x0000000684800000|  0%| F|  |TAMS 0x0000000684400000, 0x0000000684400000| Untracked 
|  16|0x0000000684800000, 0x0000000684800000, 0x0000000684c00000|  0%| F|  |TAMS 0x0000000684800000, 0x0000000684800000| Untracked 
|  17|0x0000000684c00000, 0x0000000684c00000, 0x0000000685000000|  0%| F|  |TAMS 0x0000000684c00000, 0x0000000684c00000| Untracked 
|  18|0x0000000685000000, 0x0000000685000000, 0x0000000685400000|  0%| F|  |TAMS 0x0000000685000000, 0x0000000685000000| Untracked 
|  19|0x0000000685400000, 0x0000000685400000, 0x0000000685800000|  0%| F|  |TAMS 0x0000000685400000, 0x0000000685400000| Untracked 
|  20|0x0000000685800000, 0x0000000685800000, 0x0000000685c00000|  0%| F|  |TAMS 0x0000000685800000, 0x0000000685800000| Untracked 
|  21|0x0000000685c00000, 0x0000000685c00000, 0x0000000686000000|  0%| F|  |TAMS 0x0000000685c00000, 0x0000000685c00000| Untracked 
|  22|0x0000000686000000, 0x0000000686000000, 0x0000000686400000|  0%| F|  |TAMS 0x0000000686000000, 0x0000000686000000| Untracked 
|  23|0x0000000686400000, 0x0000000686400000, 0x0000000686800000|  0%| F|  |TAMS 0x0000000686400000, 0x0000000686400000| Untracked 
|  24|0x0000000686800000, 0x0000000686800000, 0x0000000686c00000|  0%| F|  |TAMS 0x0000000686800000, 0x0000000686800000| Untracked 
|  25|0x0000000686c00000, 0x0000000686c00000, 0x0000000687000000|  0%| F|  |TAMS 0x0000000686c00000, 0x0000000686c00000| Untracked 
|  26|0x0000000687000000, 0x0000000687000000, 0x0000000687400000|  0%| F|  |TAMS 0x0000000687000000, 0x0000000687000000| Untracked 
|  27|0x0000000687400000, 0x0000000687400000, 0x0000000687800000|  0%| F|  |TAMS 0x0000000687400000, 0x0000000687400000| Untracked 
|  28|0x0000000687800000, 0x0000000687800000, 0x0000000687c00000|  0%| F|  |TAMS 0x0000000687800000, 0x0000000687800000| Untracked 
|  29|0x0000000687c00000, 0x0000000687c00000, 0x0000000688000000|  0%| F|  |TAMS 0x0000000687c00000, 0x0000000687c00000| Untracked 
|  30|0x0000000688000000, 0x0000000688000000, 0x0000000688400000|  0%| F|  |TAMS 0x0000000688000000, 0x0000000688000000| Untracked 
|  31|0x0000000688400000, 0x0000000688400000, 0x0000000688800000|  0%| F|  |TAMS 0x0000000688400000, 0x0000000688400000| Untracked 
|  32|0x0000000688800000, 0x0000000688800000, 0x0000000688c00000|  0%| F|  |TAMS 0x0000000688800000, 0x0000000688800000| Untracked 
|  33|0x0000000688c00000, 0x0000000688c00000, 0x0000000689000000|  0%| F|  |TAMS 0x0000000688c00000, 0x0000000688c00000| Untracked 
|  34|0x0000000689000000, 0x0000000689000000, 0x0000000689400000|  0%| F|  |TAMS 0x0000000689000000, 0x0000000689000000| Untracked 
|  35|0x0000000689400000, 0x0000000689400000, 0x0000000689800000|  0%| F|  |TAMS 0x0000000689400000, 0x0000000689400000| Untracked 
|  36|0x0000000689800000, 0x0000000689800000, 0x0000000689c00000|  0%| F|  |TAMS 0x0000000689800000, 0x0000000689800000| Untracked 
|  37|0x0000000689c00000, 0x0000000689c00000, 0x000000068a000000|  0%| F|  |TAMS 0x0000000689c00000, 0x0000000689c00000| Untracked 
|  38|0x000000068a000000, 0x000000068a000000, 0x000000068a400000|  0%| F|  |TAMS 0x000000068a000000, 0x000000068a000000| Untracked 
|  39|0x000000068a400000, 0x000000068a400000, 0x000000068a800000|  0%| F|  |TAMS 0x000000068a400000, 0x000000068a400000| Untracked 
|  40|0x000000068a800000, 0x000000068a800000, 0x000000068ac00000|  0%| F|  |TAMS 0x000000068a800000, 0x000000068a800000| Untracked 
|  41|0x000000068ac00000, 0x000000068ac00000, 0x000000068b000000|  0%| F|  |TAMS 0x000000068ac00000, 0x000000068ac00000| Untracked 
|  42|0x000000068b000000, 0x000000068b000000, 0x000000068b400000|  0%| F|  |TAMS 0x000000068b000000, 0x000000068b000000| Untracked 
|  43|0x000000068b400000, 0x000000068b400000, 0x000000068b800000|  0%| F|  |TAMS 0x000000068b400000, 0x000000068b400000| Untracked 
|  44|0x000000068b800000, 0x000000068b800000, 0x000000068bc00000|  0%| F|  |TAMS 0x000000068b800000, 0x000000068b800000| Untracked 
|  45|0x000000068bc00000, 0x000000068bc00000, 0x000000068c000000|  0%| F|  |TAMS 0x000000068bc00000, 0x000000068bc00000| Untracked 
|  46|0x000000068c000000, 0x000000068c000000, 0x000000068c400000|  0%| F|  |TAMS 0x000000068c000000, 0x000000068c000000| Untracked 
|  47|0x000000068c400000, 0x000000068c400000, 0x000000068c800000|  0%| F|  |TAMS 0x000000068c400000, 0x000000068c400000| Untracked 
|  48|0x000000068c800000, 0x000000068c800000, 0x000000068cc00000|  0%| F|  |TAMS 0x000000068c800000, 0x000000068c800000| Untracked 
|  49|0x000000068cc00000, 0x000000068cc00000, 0x000000068d000000|  0%| F|  |TAMS 0x000000068cc00000, 0x000000068cc00000| Untracked 
|  50|0x000000068d000000, 0x000000068d000000, 0x000000068d400000|  0%| F|  |TAMS 0x000000068d000000, 0x000000068d000000| Untracked 
|  51|0x000000068d400000, 0x000000068d400000, 0x000000068d800000|  0%| F|  |TAMS 0x000000068d400000, 0x000000068d400000| Untracked 
|  52|0x000000068d800000, 0x000000068d800000, 0x000000068dc00000|  0%| F|  |TAMS 0x000000068d800000, 0x000000068d800000| Untracked 
|  53|0x000000068dc00000, 0x000000068dc00000, 0x000000068e000000|  0%| F|  |TAMS 0x000000068dc00000, 0x000000068dc00000| Untracked 
|  54|0x000000068e000000, 0x000000068e000000, 0x000000068e400000|  0%| F|  |TAMS 0x000000068e000000, 0x000000068e000000| Untracked 
|  55|0x000000068e400000, 0x000000068e400000, 0x000000068e800000|  0%| F|  |TAMS 0x000000068e400000, 0x000000068e400000| Untracked 
|  56|0x000000068e800000, 0x000000068e800000, 0x000000068ec00000|  0%| F|  |TAMS 0x000000068e800000, 0x000000068e800000| Untracked 
|  57|0x000000068ec00000, 0x000000068ec00000, 0x000000068f000000|  0%| F|  |TAMS 0x000000068ec00000, 0x000000068ec00000| Untracked 
|  58|0x000000068f000000, 0x000000068f000000, 0x000000068f400000|  0%| F|  |TAMS 0x000000068f000000, 0x000000068f000000| Untracked 
|  59|0x000000068f400000, 0x000000068f400000, 0x000000068f800000|  0%| F|  |TAMS 0x000000068f400000, 0x000000068f400000| Untracked 
|  60|0x000000068f800000, 0x000000068f800000, 0x000000068fc00000|  0%| F|  |TAMS 0x000000068f800000, 0x000000068f800000| Untracked 
|  61|0x000000068fc00000, 0x000000068fc00000, 0x0000000690000000|  0%| F|  |TAMS 0x000000068fc00000, 0x000000068fc00000| Untracked 
|  62|0x0000000690000000, 0x0000000690000000, 0x0000000690400000|  0%| F|  |TAMS 0x0000000690000000, 0x0000000690000000| Untracked 
|  63|0x0000000690400000, 0x0000000690400000, 0x0000000690800000|  0%| F|  |TAMS 0x0000000690400000, 0x0000000690400000| Untracked 
|  64|0x0000000690800000, 0x0000000690800000, 0x0000000690c00000|  0%| F|  |TAMS 0x0000000690800000, 0x0000000690800000| Untracked 
|  65|0x0000000690c00000, 0x0000000690c00000, 0x0000000691000000|  0%| F|  |TAMS 0x0000000690c00000, 0x0000000690c00000| Untracked 
|  66|0x0000000691000000, 0x0000000691000000, 0x0000000691400000|  0%| F|  |TAMS 0x0000000691000000, 0x0000000691000000| Untracked 
|  67|0x0000000691400000, 0x0000000691400000, 0x0000000691800000|  0%| F|  |TAMS 0x0000000691400000, 0x0000000691400000| Untracked 
|  68|0x0000000691800000, 0x0000000691800000, 0x0000000691c00000|  0%| F|  |TAMS 0x0000000691800000, 0x0000000691800000| Untracked 
|  69|0x0000000691c00000, 0x0000000691c00000, 0x0000000692000000|  0%| F|  |TAMS 0x0000000691c00000, 0x0000000691c00000| Untracked 
|  70|0x0000000692000000, 0x0000000692000000, 0x0000000692400000|  0%| F|  |TAMS 0x0000000692000000, 0x0000000692000000| Untracked 
|  71|0x0000000692400000, 0x0000000692400000, 0x0000000692800000|  0%| F|  |TAMS 0x0000000692400000, 0x0000000692400000| Untracked 
|  72|0x0000000692800000, 0x0000000692800000, 0x0000000692c00000|  0%| F|  |TAMS 0x0000000692800000, 0x0000000692800000| Untracked 
|  73|0x0000000692c00000, 0x0000000692c00000, 0x0000000693000000|  0%| F|  |TAMS 0x0000000692c00000, 0x0000000692c00000| Untracked 
|  74|0x0000000693000000, 0x0000000693000000, 0x0000000693400000|  0%| F|  |TAMS 0x0000000693000000, 0x0000000693000000| Untracked 
|  75|0x0000000693400000, 0x0000000693400000, 0x0000000693800000|  0%| F|  |TAMS 0x0000000693400000, 0x0000000693400000| Untracked 
|  76|0x0000000693800000, 0x0000000693800000, 0x0000000693c00000|  0%| F|  |TAMS 0x0000000693800000, 0x0000000693800000| Untracked 
|  77|0x0000000693c00000, 0x0000000693c00000, 0x0000000694000000|  0%| F|  |TAMS 0x0000000693c00000, 0x0000000693c00000| Untracked 
|  78|0x0000000694000000, 0x0000000694000000, 0x0000000694400000|  0%| F|  |TAMS 0x0000000694000000, 0x0000000694000000| Untracked 
|  79|0x0000000694400000, 0x0000000694400000, 0x0000000694800000|  0%| F|  |TAMS 0x0000000694400000, 0x0000000694400000| Untracked 
|  80|0x0000000694800000, 0x0000000694800000, 0x0000000694c00000|  0%| F|  |TAMS 0x0000000694800000, 0x0000000694800000| Untracked 
|  81|0x0000000694c00000, 0x0000000694c00000, 0x0000000695000000|  0%| F|  |TAMS 0x0000000694c00000, 0x0000000694c00000| Untracked 
|  82|0x0000000695000000, 0x0000000695000000, 0x0000000695400000|  0%| F|  |TAMS 0x0000000695000000, 0x0000000695000000| Untracked 
|  83|0x0000000695400000, 0x0000000695400000, 0x0000000695800000|  0%| F|  |TAMS 0x0000000695400000, 0x0000000695400000| Untracked 
|  84|0x0000000695800000, 0x0000000695800000, 0x0000000695c00000|  0%| F|  |TAMS 0x0000000695800000, 0x0000000695800000| Untracked 
|  85|0x0000000695c00000, 0x0000000695c00000, 0x0000000696000000|  0%| F|  |TAMS 0x0000000695c00000, 0x0000000695c00000| Untracked 
|  86|0x0000000696000000, 0x0000000696000000, 0x0000000696400000|  0%| F|  |TAMS 0x0000000696000000, 0x0000000696000000| Untracked 
|  87|0x0000000696400000, 0x0000000696400000, 0x0000000696800000|  0%| F|  |TAMS 0x0000000696400000, 0x0000000696400000| Untracked 
|  88|0x0000000696800000, 0x0000000696800000, 0x0000000696c00000|  0%| F|  |TAMS 0x0000000696800000, 0x0000000696800000| Untracked 
|  89|0x0000000696c00000, 0x0000000696c00000, 0x0000000697000000|  0%| F|  |TAMS 0x0000000696c00000, 0x0000000696c00000| Untracked 
|  90|0x0000000697000000, 0x0000000697000000, 0x0000000697400000|  0%| F|  |TAMS 0x0000000697000000, 0x0000000697000000| Untracked 
|  91|0x0000000697400000, 0x0000000697400000, 0x0000000697800000|  0%| F|  |TAMS 0x0000000697400000, 0x0000000697400000| Untracked 
|  92|0x0000000697800000, 0x0000000697a06408, 0x0000000697c00000| 50%| E|  |TAMS 0x0000000697800000, 0x0000000697800000| Complete 
|  93|0x0000000697c00000, 0x0000000698000000, 0x0000000698000000|100%| E|CS|TAMS 0x0000000697c00000, 0x0000000697c00000| Complete 
|  94|0x0000000698000000, 0x0000000698400000, 0x0000000698400000|100%| E|CS|TAMS 0x0000000698000000, 0x0000000698000000| Complete 
|  95|0x0000000698400000, 0x0000000698800000, 0x0000000698800000|100%| E|CS|TAMS 0x0000000698400000, 0x0000000698400000| Complete 

Card table byte_map: [0x0000020bfd200000,0x0000020bfde00000] _byte_map_base: 0x0000020bf9dfc000

Marking Bits (Prev, Next): (CMBitMap*) 0x0000020be9ca2b10, (CMBitMap*) 0x0000020be9ca2b50
 Prev Bits: [0x0000020b80000000, 0x0000020b85fe0000)
 Next Bits: [0x0000020b85fe0000, 0x0000020b8bfc0000)

Polling page: 0x0000020be93e0000

Metaspace:

Usage:
  Non-class:     11.56 MB used.
      Class:    854.88 KB used.
       Both:     12.39 MB used.

Virtual space:
  Non-class space:       64.00 MB reserved,      11.62 MB ( 18%) committed,  1 nodes.
      Class space:        1.00 GB reserved,     960.00 KB ( <1%) committed,  1 nodes.
             Both:        1.06 GB reserved,      12.56 MB (  1%) committed. 

Chunk freelists:
   Non-Class:  3.58 MB
       Class:  15.09 MB
        Both:  18.67 MB

MaxMetaspaceSize: unlimited
CompressedClassSpaceSize: 1.00 GB
Initial GC threshold: 21.00 MB
Current GC threshold: 21.00 MB
CDS: off
MetaspaceReclaimPolicy: balanced
 - commit_granule_bytes: 65536.
 - commit_granule_words: 8192.
 - virtual_space_node_default_size: 8388608.
 - enlarge_chunks_in_place: 1.
 - new_chunks_are_fully_committed: 0.
 - uncommit_free_chunks: 1.
 - use_allocation_guard: 0.
 - handle_deallocations: 1.


Internal statistics:

num_allocs_failed_limit: 0.
num_arena_births: 68.
num_arena_deaths: 0.
num_vsnodes_births: 2.
num_vsnodes_deaths: 0.
num_space_committed: 199.
num_space_uncommitted: 0.
num_chunks_returned_to_freelist: 0.
num_chunks_taken_from_freelist: 252.
num_chunk_merges: 0.
num_chunk_splits: 174.
num_chunks_enlarged: 134.
num_inconsistent_stats: 0.

CodeHeap 'non-profiled nmethods': size=120000Kb used=214Kb max_used=214Kb free=119785Kb
 bounds [0x0000020bf4da0000, 0x0000020bf5010000, 0x0000020bfc2d0000]
CodeHeap 'profiled nmethods': size=120000Kb used=1211Kb max_used=1211Kb free=118788Kb
 bounds [0x0000020bed2d0000, 0x0000020bed540000, 0x0000020bf4800000]
CodeHeap 'non-nmethods': size=5760Kb used=1681Kb max_used=1701Kb free=4078Kb
 bounds [0x0000020bf4800000, 0x0000020bf4a70000, 0x0000020bf4da0000]
 total_blobs=1879 nmethods=740 adapters=1052
 compilation: enabled
              stopped_count=0, restarted_count=0
 full_count=0

Compilation events (20 events):
Event: 0.912 Thread 0x0000020b9207c030  730       4       java.util.zip.ZipUtils::LG (22 bytes)
Event: 0.912 Thread 0x0000020b920a2c80  731       3       java.lang.String::equalsIgnoreCase (45 bytes)
Event: 0.912 Thread 0x0000020b920a2c80 nmethod 731 0x0000020bed3f8a10 code [0x0000020bed3f8c00, 0x0000020bed3f9168]
Event: 0.912 Thread 0x0000020b9207c030 nmethod 730 0x0000020bf4dd4710 code [0x0000020bf4dd4880, 0x0000020bf4dd4978]
Event: 0.913 Thread 0x0000020b920a2c80  733       3       jdk.internal.loader.BuiltinClassLoader::findLoadedModule (33 bytes)
Event: 0.913 Thread 0x0000020b920a2c80 nmethod 733 0x0000020bed3f9390 code [0x0000020bed3f95a0, 0x0000020bed3f9bf8]
Event: 0.913 Thread 0x0000020b9207c030  734 %     4       java.lang.StringCoding::hasNegatives @ 2 (25 bytes)
Event: 0.915 Thread 0x0000020b9207c030 nmethod 734% 0x0000020bf4dd4f10 code [0x0000020bf4dd50a0, 0x0000020bf4dd52b8]
Event: 0.921 Thread 0x0000020b920a2c80  735       3       sun.nio.ch.FileChannelImpl::beginBlocking (12 bytes)
Event: 0.921 Thread 0x0000020b920a2c80 nmethod 735 0x0000020bed3f9e90 code [0x0000020bed3fa040, 0x0000020bed3fa1a8]
Event: 0.921 Thread 0x0000020b920a2c80  736       3       sun.nio.ch.FileChannelImpl::endBlocking (13 bytes)
Event: 0.921 Thread 0x0000020b920a2c80 nmethod 736 0x0000020bed3fa290 code [0x0000020bed3fa440, 0x0000020bed3fa5a8]
Event: 0.922 Thread 0x0000020b994cccd0  737       4       java.lang.StringLatin1::inflate (34 bytes)
Event: 0.923 Thread 0x0000020b920a2c80  738       3       java.lang.System$2::findBootstrapClassOrNull (5 bytes)
Event: 0.924 Thread 0x0000020b920a2c80 nmethod 738 0x0000020bed3fa690 code [0x0000020bed3fa840, 0x0000020bed3faa58]
Event: 0.924 Thread 0x0000020b920a2c80  739       3       java.lang.ClassLoader::findBootstrapClassOrNull (14 bytes)
Event: 0.924 Thread 0x0000020b920a2c80 nmethod 739 0x0000020bed3fab90 code [0x0000020bed3fad40, 0x0000020bed3faef8]
Event: 0.925 Thread 0x0000020b920a2c80  740       3       java.lang.String::<init> (828 bytes)
Event: 0.927 Thread 0x0000020b920a2c80 nmethod 740 0x0000020bed3faf90 code [0x0000020bed3fb480, 0x0000020bed3fe1b8]
Event: 0.927 Thread 0x0000020b994cccd0 nmethod 737 0x0000020bf4dd5410 code [0x0000020bf4dd5580, 0x0000020bf4dd58b8]

GC Heap History (0 events):
No events

Dll operation events (9 events):
Event: 0.006 Loaded shared library C:\Users\alex\.p2\pool\plugins\org.eclipse.justj.openjdk.hotspot.jre.full.win32.x86_64_17.0.7.v20230425-1502\jre\bin\java.dll
Event: 0.133 Loaded shared library C:\Users\alex\.p2\pool\plugins\org.eclipse.justj.openjdk.hotspot.jre.full.win32.x86_64_17.0.7.v20230425-1502\jre\bin\net.dll
Event: 0.135 Loaded shared library C:\Users\alex\.p2\pool\plugins\org.eclipse.justj.openjdk.hotspot.jre.full.win32.x86_64_17.0.7.v20230425-1502\jre\bin\nio.dll
Event: 0.142 Loaded shared library C:\Users\alex\.p2\pool\plugins\org.eclipse.justj.openjdk.hotspot.jre.full.win32.x86_64_17.0.7.v20230425-1502\jre\bin\zip.dll
Event: 0.215 Loaded shared library C:\Users\alex\.p2\pool\plugins\org.eclipse.justj.openjdk.hotspot.jre.full.win32.x86_64_17.0.7.v20230425-1502\jre\bin\jimage.dll
Event: 0.250 Loaded shared library C:\Users\alex\AppData\Local\Temp\lwjgl_alex\3.3.4+7\x64\lwjgl.dll
Event: 0.636 Loaded shared library C:\Users\alex\AppData\Local\Temp\lwjgl_alex\3.3.4+7\x64\lwjgl_opengl.dll
Event: 0.734 Loaded shared library C:\Users\alex\AppData\Local\Temp\lwjgl_alex\3.3.4+7\x64\lwjgl_stb.dll
Event: 0.758 Loaded shared library C:\Users\alex\.p2\pool\plugins\org.eclipse.justj.openjdk.hotspot.jre.full.win32.x86_64_17.0.7.v20230425-1502\jre\bin\verify.dll

Deoptimization events (20 events):
Event: 0.266 Thread 0x0000020be9c17c80 DEOPT PACKING pc=0x0000020bed2e86e7 sp=0x0000008c44dfd320
Event: 0.266 Thread 0x0000020be9c17c80 DEOPT UNPACKING pc=0x0000020bf4857143 sp=0x0000008c44dfc740 mode 0
Event: 0.274 Thread 0x0000020be9c17c80 DEOPT PACKING pc=0x0000020bed2d7ad1 sp=0x0000008c44dfe1e0
Event: 0.275 Thread 0x0000020be9c17c80 DEOPT UNPACKING pc=0x0000020bf4857143 sp=0x0000008c44dfd658 mode 0
Event: 0.648 Thread 0x0000020be9c17c80 Uncommon trap: trap_request=0xffffff54 fr.pc=0x0000020bf4dc2460 relative=0x0000000000000060
Event: 0.648 Thread 0x0000020be9c17c80 Uncommon trap: reason=speculate_null_assert action=make_not_entrant pc=0x0000020bf4dc2460 method=sun.misc.Unsafe.putLong(Ljava/lang/Object;JJ)V @ 7 c2
Event: 0.648 Thread 0x0000020be9c17c80 DEOPT PACKING pc=0x0000020bf4dc2460 sp=0x0000008c44dfefe0
Event: 0.648 Thread 0x0000020be9c17c80 DEOPT UNPACKING pc=0x0000020bf48569a3 sp=0x0000008c44dfef58 mode 2
Event: 0.656 Thread 0x0000020be9c17c80 Uncommon trap: trap_request=0xffffff54 fr.pc=0x0000020bf4dc3e5c relative=0x000000000000005c
Event: 0.656 Thread 0x0000020be9c17c80 Uncommon trap: reason=speculate_null_assert action=make_not_entrant pc=0x0000020bf4dc3e5c method=sun.misc.Unsafe.getLong(Ljava/lang/Object;J)J @ 5 c2
Event: 0.656 Thread 0x0000020be9c17c80 DEOPT PACKING pc=0x0000020bf4dc3e5c sp=0x0000008c44dff130
Event: 0.656 Thread 0x0000020be9c17c80 DEOPT UNPACKING pc=0x0000020bf48569a3 sp=0x0000008c44dff0b8 mode 2
Event: 0.887 Thread 0x0000020be9c17c80 Uncommon trap: trap_request=0xffffff45 fr.pc=0x0000020bf4dcdbdc relative=0x00000000000002bc
Event: 0.887 Thread 0x0000020be9c17c80 Uncommon trap: reason=unstable_if action=reinterpret pc=0x0000020bf4dcdbdc method=java.lang.String.startsWith(Ljava/lang/String;I)Z @ 14 c2
Event: 0.887 Thread 0x0000020be9c17c80 DEOPT PACKING pc=0x0000020bf4dcdbdc sp=0x0000008c44dff110
Event: 0.887 Thread 0x0000020be9c17c80 DEOPT UNPACKING pc=0x0000020bf48569a3 sp=0x0000008c44dff070 mode 2
Event: 0.922 Thread 0x0000020be9c17c80 DEOPT PACKING pc=0x0000020bed306abe sp=0x0000008c44dfeb30
Event: 0.922 Thread 0x0000020be9c17c80 DEOPT UNPACKING pc=0x0000020bf4857143 sp=0x0000008c44dfdfd0 mode 0
Event: 0.925 Thread 0x0000020be9c17c80 DEOPT PACKING pc=0x0000020bed3440c4 sp=0x0000008c44dfef00
Event: 0.925 Thread 0x0000020be9c17c80 DEOPT UNPACKING pc=0x0000020bf4857143 sp=0x0000008c44dfe3b0 mode 0

Classes unloaded (0 events):
No events

Classes redefined (0 events):
No events

Internal exceptions (20 events):
Event: 0.203 Thread 0x0000020be9c17c80 Exception <a 'java/lang/NoSuchMethodError'{0x00000006986dab18}: 'java.lang.Object java.lang.invoke.DirectMethodHandle$Holder.invokeStatic(java.lang.Object, java.lang.Object, int)'> (0x00000006986dab18) 
thrown [s\src\hotspot\share\interpreter\linkResolver.cpp, line 759]
Event: 0.204 Thread 0x0000020be9c17c80 Exception <a 'java/lang/NoSuchMethodError'{0x00000006986e6888}: 'void java.lang.invoke.DelegatingMethodHandle$Holder.delegate(java.lang.Object, java.lang.Object, int, java.lang.Object)'> (0x00000006986e6888) 
thrown [s\src\hotspot\share\interpreter\linkResolver.cpp, line 759]
Event: 0.205 Thread 0x0000020be9c17c80 Exception <a 'java/lang/NoSuchMethodError'{0x00000006986eaac8}: 'int java.lang.invoke.DirectMethodHandle$Holder.invokeSpecial(java.lang.Object, java.lang.Object, java.lang.Object)'> (0x00000006986eaac8) 
thrown [s\src\hotspot\share\interpreter\linkResolver.cpp, line 759]
Event: 0.256 Thread 0x0000020be9c17c80 Exception <a 'sun/nio/fs/WindowsException'{0x000000069876a4f0}> (0x000000069876a4f0) 
thrown [s\src\hotspot\share\prims\jni.cpp, line 516]
Event: 0.256 Thread 0x0000020be9c17c80 Exception <a 'sun/nio/fs/WindowsException'{0x000000069876aa30}> (0x000000069876aa30) 
thrown [s\src\hotspot\share\prims\jni.cpp, line 516]
Event: 0.280 Thread 0x0000020be9c17c80 Exception <a 'sun/nio/fs/WindowsException'{0x0000000698057688}> (0x0000000698057688) 
thrown [s\src\hotspot\share\prims\jni.cpp, line 516]
Event: 0.281 Thread 0x0000020be9c17c80 Exception <a 'sun/nio/fs/WindowsException'{0x00000006980579e0}> (0x00000006980579e0) 
thrown [s\src\hotspot\share\prims\jni.cpp, line 516]
Event: 0.285 Thread 0x0000020be9c17c80 Exception <a 'java/lang/NoSuchMethodError'{0x0000000698075bc8}: 'java.lang.Object java.lang.invoke.DirectMethodHandle$Holder.invokeStaticInit(java.lang.Object)'> (0x0000000698075bc8) 
thrown [s\src\hotspot\share\interpreter\linkResolver.cpp, line 759]
Event: 0.289 Thread 0x0000020be9c17c80 Exception <a 'java/lang/NoSuchMethodError'{0x00000006980a6c58}: 'int java.lang.invoke.DirectMethodHandle$Holder.invokeStaticInit(java.lang.Object, java.lang.Object, int, long)'> (0x00000006980a6c58) 
thrown [s\src\hotspot\share\interpreter\linkResolver.cpp, line 759]
Event: 0.289 Thread 0x0000020be9c17c80 Exception <a 'java/lang/NoSuchMethodError'{0x00000006980ac520}: 'java.lang.Object java.lang.invoke.DirectMethodHandle$Holder.newInvokeSpecial(java.lang.Object, java.lang.Object, int)'> (0x00000006980ac520) 
thrown [s\src\hotspot\share\interpreter\linkResolver.cpp, line 759]
Event: 0.291 Thread 0x0000020be9c17c80 Exception <a 'java/lang/NoSuchMethodError'{0x00000006980bb578}: 'int java.lang.invoke.DirectMethodHandle$Holder.invokeStaticInit(java.lang.Object, java.lang.Object, long, long)'> (0x00000006980bb578) 
thrown [s\src\hotspot\share\interpreter\linkResolver.cpp, line 759]
Event: 0.292 Thread 0x0000020be9c17c80 Exception <a 'java/lang/NoSuchMethodError'{0x00000006980c1688}: 'java.lang.Object java.lang.invoke.DirectMethodHandle$Holder.newInvokeSpecial(java.lang.Object, java.lang.Object, long)'> (0x00000006980c1688) 
thrown [s\src\hotspot\share\interpreter\linkResolver.cpp, line 759]
Event: 0.292 Thread 0x0000020be9c17c80 Exception <a 'java/lang/NoSuchMethodError'{0x00000006980c59e0}: 'java.lang.Object java.lang.invoke.Invokers$Holder.linkToTargetMethod(java.lang.Object, long, java.lang.Object)'> (0x00000006980c59e0) 
thrown [s\src\hotspot\share\interpreter\linkResolver.cpp, line 759]
Event: 0.293 Thread 0x0000020be9c17c80 Exception <a 'java/lang/NoSuchMethodError'{0x00000006980cd0f8}: 'int java.lang.invoke.DirectMethodHandle$Holder.invokeStaticInit(java.lang.Object, java.lang.Object, java.lang.Object, long)'> (0x00000006980cd0f8) 
thrown [s\src\hotspot\share\interpreter\linkResolver.cpp, line 759]
Event: 0.635 Thread 0x0000020be9c17c80 Exception <a 'sun/nio/fs/WindowsException'{0x0000000698169ff8}> (0x0000000698169ff8) 
thrown [s\src\hotspot\share\prims\jni.cpp, line 516]
Event: 0.635 Thread 0x0000020be9c17c80 Exception <a 'sun/nio/fs/WindowsException'{0x000000069816a388}> (0x000000069816a388) 
thrown [s\src\hotspot\share\prims\jni.cpp, line 516]
Event: 0.640 Thread 0x0000020be9c17c80 Exception <a 'sun/nio/fs/WindowsException'{0x00000006981776e8}> (0x00000006981776e8) 
thrown [s\src\hotspot\share\prims\jni.cpp, line 516]
Event: 0.640 Thread 0x0000020be9c17c80 Exception <a 'sun/nio/fs/WindowsException'{0x00000006981779b8}> (0x00000006981779b8) 
thrown [s\src\hotspot\share\prims\jni.cpp, line 516]
Event: 0.732 Thread 0x0000020be9c17c80 Exception <a 'sun/nio/fs/WindowsException'{0x0000000697c31f60}> (0x0000000697c31f60) 
thrown [s\src\hotspot\share\prims\jni.cpp, line 516]
Event: 0.733 Thread 0x0000020be9c17c80 Exception <a 'sun/nio/fs/WindowsException'{0x0000000697c322d0}> (0x0000000697c322d0) 
thrown [s\src\hotspot\share\prims\jni.cpp, line 516]

VM Operations (4 events):
Event: 0.150 Executing VM operation: HandshakeAllThreads
Event: 0.150 Executing VM operation: HandshakeAllThreads done
Event: 0.927 Executing VM operation: HandshakeAllThreads
Event: 0.927 Executing VM operation: HandshakeAllThreads done

Events (20 events):
Event: 0.793 loading class java/util/stream/IntPipeline$10$1 done
Event: 0.794 loading class java/lang/StringUTF16$CharsSpliterator
Event: 0.794 loading class java/lang/StringUTF16$CharsSpliterator done
Event: 0.794 loading class java/lang/CharacterData00
Event: 0.794 loading class java/lang/CharacterData00 done
Event: 0.800 loading class java/lang/SecurityException
Event: 0.800 loading class java/lang/SecurityException done
Event: 0.868 loading class java/lang/NumberFormatException
Event: 0.868 loading class java/lang/NumberFormatException done
Event: 0.868 loading class java/math/BigInteger
Event: 0.869 loading class java/math/BigInteger done
Event: 0.884 loading class java/io/FileReader
Event: 0.884 loading class java/io/FileReader done
Event: 0.887 loading class java/util/ArrayList$SubList
Event: 0.887 loading class java/util/ArrayList$SubList done
Event: 0.891 Thread 0x0000020b994cccd0 Thread added: 0x0000020b994cccd0
Event: 0.906 loading class java/lang/invoke/DirectMethodHandle$Special
Event: 0.906 loading class java/lang/invoke/DirectMethodHandle$Special done
Event: 0.927 loading class java/nio/HeapIntBuffer
Event: 0.927 loading class java/nio/HeapIntBuffer done


Dynamic libraries:
0x00007ff76c210000 - 0x00007ff76c21e000 	C:\Users\alex\.p2\pool\plugins\org.eclipse.justj.openjdk.hotspot.jre.full.win32.x86_64_17.0.7.v20230425-1502\jre\bin\javaw.exe
0x00007ff9a7510000 - 0x00007ff9a7708000 	C:\WINDOWS\SYSTEM32\ntdll.dll
0x00007ff9a7290000 - 0x00007ff9a7352000 	C:\WINDOWS\System32\KERNEL32.DLL
0x00007ff9a4fe0000 - 0x00007ff9a52d6000 	C:\WINDOWS\System32\KERNELBASE.dll
0x00007ff9a4dc0000 - 0x00007ff9a4ec0000 	C:\WINDOWS\System32\ucrtbase.dll
0x00007ff99eae0000 - 0x00007ff99eaf9000 	C:\Users\alex\.p2\pool\plugins\org.eclipse.justj.openjdk.hotspot.jre.full.win32.x86_64_17.0.7.v20230425-1502\jre\bin\VCRUNTIME140.dll
0x00007ff9760f0000 - 0x00007ff976107000 	C:\Users\alex\.p2\pool\plugins\org.eclipse.justj.openjdk.hotspot.jre.full.win32.x86_64_17.0.7.v20230425-1502\jre\bin\jli.dll
0x00007ff9a5820000 - 0x00007ff9a59c1000 	C:\WINDOWS\System32\USER32.dll
0x00007ff9a54d0000 - 0x00007ff9a54f2000 	C:\WINDOWS\System32\win32u.dll
0x00007ff992230000 - 0x00007ff9924cb000 	C:\WINDOWS\WinSxS\amd64_microsoft.windows.common-controls_6595b64144ccf1df_6.0.19041.6456_none_60b8a6cb71f64256\COMCTL32.dll
0x00007ff9a74a0000 - 0x00007ff9a74cb000 	C:\WINDOWS\System32\GDI32.dll
0x00007ff9a7400000 - 0x00007ff9a749e000 	C:\WINDOWS\System32\msvcrt.dll
0x00007ff9a4ec0000 - 0x00007ff9a4fd9000 	C:\WINDOWS\System32\gdi32full.dll
0x00007ff9a5580000 - 0x00007ff9a561d000 	C:\WINDOWS\System32\msvcp_win.dll
0x00007ff9a6840000 - 0x00007ff9a686f000 	C:\WINDOWS\System32\IMM32.DLL
0x00007ff99ff00000 - 0x00007ff99ff0c000 	C:\Users\alex\.p2\pool\plugins\org.eclipse.justj.openjdk.hotspot.jre.full.win32.x86_64_17.0.7.v20230425-1502\jre\bin\vcruntime140_1.dll
0x00007ff950610000 - 0x00007ff9506a1000 	C:\Users\alex\.p2\pool\plugins\org.eclipse.justj.openjdk.hotspot.jre.full.win32.x86_64_17.0.7.v20230425-1502\jre\bin\msvcp140.dll
0x00007ff92d820000 - 0x00007ff92e468000 	C:\Users\alex\.p2\pool\plugins\org.eclipse.justj.openjdk.hotspot.jre.full.win32.x86_64_17.0.7.v20230425-1502\jre\bin\server\jvm.dll
0x00007ff9a5640000 - 0x00007ff9a56f1000 	C:\WINDOWS\System32\ADVAPI32.dll
0x00007ff9a7360000 - 0x00007ff9a73ff000 	C:\WINDOWS\System32\sechost.dll
0x00007ff9a62f0000 - 0x00007ff9a6410000 	C:\WINDOWS\System32\RPCRT4.dll
0x00007ff9a5500000 - 0x00007ff9a5527000 	C:\WINDOWS\System32\bcrypt.dll
0x00007ff999180000 - 0x00007ff9991a7000 	C:\WINDOWS\SYSTEM32\WINMM.dll
0x00007ff969180000 - 0x00007ff969189000 	C:\WINDOWS\SYSTEM32\WSOCK32.dll
0x00007ff99db00000 - 0x00007ff99db0a000 	C:\WINDOWS\SYSTEM32\VERSION.dll
0x00007ff9a57b0000 - 0x00007ff9a581b000 	C:\WINDOWS\System32\WS2_32.dll
0x00007ff9a2ae0000 - 0x00007ff9a2af2000 	C:\WINDOWS\SYSTEM32\kernel.appcore.dll
0x00007ff9a15c0000 - 0x00007ff9a15ca000 	C:\Users\alex\.p2\pool\plugins\org.eclipse.justj.openjdk.hotspot.jre.full.win32.x86_64_17.0.7.v20230425-1502\jre\bin\jimage.dll
0x00007ff9979a0000 - 0x00007ff997ba1000 	C:\WINDOWS\SYSTEM32\DBGHELP.DLL
0x00007ff971080000 - 0x00007ff9710b4000 	C:\WINDOWS\SYSTEM32\dbgcore.DLL
0x00007ff9a5440000 - 0x00007ff9a54c2000 	C:\WINDOWS\System32\bcryptPrimitives.dll
0x00007ff973ba0000 - 0x00007ff973bc5000 	C:\Users\alex\.p2\pool\plugins\org.eclipse.justj.openjdk.hotspot.jre.full.win32.x86_64_17.0.7.v20230425-1502\jre\bin\java.dll
0x00007ff9a14b0000 - 0x00007ff9a14c8000 	C:\Users\alex\.p2\pool\plugins\org.eclipse.justj.openjdk.hotspot.jre.full.win32.x86_64_17.0.7.v20230425-1502\jre\bin\zip.dll
0x00007ff9a5a30000 - 0x00007ff9a61a0000 	C:\WINDOWS\System32\SHELL32.dll
0x00007ff9a2ce0000 - 0x00007ff9a3485000 	C:\WINDOWS\SYSTEM32\windows.storage.dll
0x00007ff9a6420000 - 0x00007ff9a6774000 	C:\WINDOWS\System32\combase.dll
0x00007ff9a45e0000 - 0x00007ff9a460b000 	C:\WINDOWS\SYSTEM32\Wldp.dll
0x00007ff9a6220000 - 0x00007ff9a62ed000 	C:\WINDOWS\System32\OLEAUT32.dll
0x00007ff9a6790000 - 0x00007ff9a683d000 	C:\WINDOWS\System32\SHCORE.dll
0x00007ff9a59d0000 - 0x00007ff9a5a2b000 	C:\WINDOWS\System32\shlwapi.dll
0x00007ff9a4bc0000 - 0x00007ff9a4be4000 	C:\WINDOWS\SYSTEM32\profapi.dll
0x00007ff99dc30000 - 0x00007ff99dc49000 	C:\Users\alex\.p2\pool\plugins\org.eclipse.justj.openjdk.hotspot.jre.full.win32.x86_64_17.0.7.v20230425-1502\jre\bin\net.dll
0x00007ff99fae0000 - 0x00007ff99fbea000 	C:\WINDOWS\SYSTEM32\WINHTTP.dll
0x00007ff9a43c0000 - 0x00007ff9a442a000 	C:\WINDOWS\system32\mswsock.dll
0x00007ff975290000 - 0x00007ff9752a5000 	C:\Users\alex\.p2\pool\plugins\org.eclipse.justj.openjdk.hotspot.jre.full.win32.x86_64_17.0.7.v20230425-1502\jre\bin\nio.dll
0x00007ff94de60000 - 0x00007ff94dedb000 	C:\Users\alex\AppData\Local\Temp\lwjgl_alex\3.3.4+7\x64\lwjgl.dll
0x00007ff94d9f0000 - 0x00007ff94da75000 	C:\Users\alex\AppData\Local\Temp\lwjgl_alex\3.3.4+7\x64\glfw.dll
0x00007ff9504b0000 - 0x00007ff9504f5000 	C:\WINDOWS\SYSTEM32\dinput8.dll
0x00007ff967e70000 - 0x00007ff967e81000 	C:\WINDOWS\SYSTEM32\xinput1_4.dll
0x00007ff9a5530000 - 0x00007ff9a557e000 	C:\WINDOWS\System32\cfgmgr32.dll
0x00007ff9a4a20000 - 0x00007ff9a4a53000 	C:\WINDOWS\SYSTEM32\DEVOBJ.dll
0x00007ff9a2700000 - 0x00007ff9a272e000 	C:\WINDOWS\SYSTEM32\dwmapi.dll
0x00007ff96e0a0000 - 0x00007ff96e1f2000 	C:\WINDOWS\SYSTEM32\inputhost.dll
0x00007ff9a0940000 - 0x00007ff9a0a97000 	C:\WINDOWS\SYSTEM32\wintypes.dll
0x00007ff9a18b0000 - 0x00007ff9a19a2000 	C:\WINDOWS\SYSTEM32\CoreMessaging.dll
0x00007ff9a07b0000 - 0x00007ff9a08a4000 	C:\WINDOWS\SYSTEM32\PROPSYS.dll
0x00007ff99f050000 - 0x00007ff99f3ab000 	C:\WINDOWS\SYSTEM32\CoreUIComponents.dll
0x00007ff9a3ee0000 - 0x00007ff9a3f13000 	C:\WINDOWS\SYSTEM32\ntmarta.dll
0x00007ff9a2550000 - 0x00007ff9a25ee000 	C:\WINDOWS\system32\uxtheme.dll
0x00007ff9a6e20000 - 0x00007ff9a6f35000 	C:\WINDOWS\System32\MSCTF.dll
0x00007ff94d310000 - 0x00007ff94d438000 	C:\WINDOWS\SYSTEM32\opengl32.dll
0x00007ff9647c0000 - 0x00007ff9647ec000 	C:\WINDOWS\SYSTEM32\GLU32.dll
0x00007ff9a5700000 - 0x00007ff9a57a9000 	C:\WINDOWS\System32\clbcatq.dll
0x00007ff928930000 - 0x00007ff92b8ef000 	C:\WINDOWS\System32\DriverStore\FileRepository\nvgbdi.inf_amd64_4a2574804558c4b2\nvoglv64.dll
0x00007ff9a6870000 - 0x00007ff9a6ce0000 	C:\WINDOWS\System32\SETUPAPI.dll
0x00007ff9a6cf0000 - 0x00007ff9a6e1b000 	C:\WINDOWS\System32\ole32.dll
0x00007ff99fbf0000 - 0x00007ff99fc04000 	C:\WINDOWS\SYSTEM32\WTSAPI32.dll
0x00007ff9a4550000 - 0x00007ff9a455c000 	C:\WINDOWS\SYSTEM32\CRYPTBASE.DLL
0x00007ff9a4850000 - 0x00007ff9a4862000 	C:\WINDOWS\SYSTEM32\msasn1.dll
0x00007ff99d970000 - 0x00007ff99d9a1000 	C:\WINDOWS\SYSTEM32\cryptnet.dll
0x00007ff9a52e0000 - 0x00007ff9a543d000 	C:\WINDOWS\System32\CRYPT32.dll
0x00007ff9996f0000 - 0x00007ff999837000 	C:\WINDOWS\SYSTEM32\drvstore.dll
0x00007ff9a4d40000 - 0x00007ff9a4db3000 	C:\WINDOWS\System32\WINTRUST.dll
0x00007ff9a1520000 - 0x00007ff9a155b000 	C:\WINDOWS\SYSTEM32\dxcore.dll
0x00007ff9a0300000 - 0x00007ff9a05c5000 	C:\WINDOWS\system32\nvspcap64.dll
0x00007ff9a41e0000 - 0x00007ff9a422b000 	C:\WINDOWS\SYSTEM32\powrprof.dll
0x00007ff9a4050000 - 0x00007ff9a4062000 	C:\WINDOWS\SYSTEM32\UMPDC.dll
0x00007ff9a3900000 - 0x00007ff9a3963000 	C:\WINDOWS\SYSTEM32\WINSTA.dll
0x00007ff97a3e0000 - 0x00007ff97a4d9000 	C:\WINDOWS\SYSTEM32\textinputframework.dll
0x00007ff94d980000 - 0x00007ff94d9e1000 	C:\Users\alex\AppData\Local\Temp\lwjgl_alex\3.3.4+7\x64\lwjgl_opengl.dll
0x00007ff94ce40000 - 0x00007ff94cee0000 	C:\Users\alex\AppData\Local\Temp\lwjgl_alex\3.3.4+7\x64\lwjgl_stb.dll
0x00007ff99ff70000 - 0x00007ff99ff80000 	C:\Users\alex\.p2\pool\plugins\org.eclipse.justj.openjdk.hotspot.jre.full.win32.x86_64_17.0.7.v20230425-1502\jre\bin\verify.dll

dbghelp: loaded successfully - version: 4.0.5 - missing functions: none
symbol engine: initialized successfully - sym options: 0x614 - pdb path: .;C:\Users\alex\.p2\pool\plugins\org.eclipse.justj.openjdk.hotspot.jre.full.win32.x86_64_17.0.7.v20230425-1502\jre\bin;C:\WINDOWS\SYSTEM32;C:\WINDOWS\WinSxS\amd64_microsoft.windows.common-controls_6595b64144ccf1df_6.0.19041.6456_none_60b8a6cb71f64256;C:\Users\alex\.p2\pool\plugins\org.eclipse.justj.openjdk.hotspot.jre.full.win32.x86_64_17.0.7.v20230425-1502\jre\bin\server;C:\Users\alex\AppData\Local\Temp\lwjgl_alex\3.3.4+7\x64;C:\WINDOWS\System32\DriverStore\FileRepository\nvgbdi.inf_amd64_4a2574804558c4b2

VM Arguments:
jvm_args: -Dfile.encoding=UTF-8 -XX:+ShowCodeDetailsInExceptionMessages 
java_command: main.Main
java_class_path (initial): D:\Code Space\Java\CurrentRenderingPipeline\bin;D:\Code Space\Java\CurrentRenderingPipeline\lib\jars\jbullet.jar;D:\Code Space\Java\CurrentRenderingPipeline\lib\jars\jinput-2.0.10.jar;D:\Code Space\Java\CurrentRenderingPipeline\lib\jars\joml-1.10.7.jar;D:\Code Space\Java\CurrentRenderingPipeline\lib\jars\joml-1.10.7-javadoc.jar;D:\Code Space\Java\CurrentRenderingPipeline\lib\jars\joml-1.10.7-sources.jar;D:\Code Space\Java\CurrentRenderingPipeline\lib\jars\lwjgl_util.jar;D:\Code Space\Java\CurrentRenderingPipeline\lib\jars\lwjgl.jar;D:\Code Space\Java\CurrentRenderingPipeline\lib\jars\lwjgl-assimp.jar;D:\Code Space\Java\CurrentRenderingPipeline\lib\jars\lwjgl-assimp-javadoc.jar;D:\Code Space\Java\CurrentRenderingPipeline\lib\jars\lwjgl-assimp-natives-windows.jar;D:\Code Space\Java\CurrentRenderingPipeline\lib\jars\lwjgl-assimp-sources.jar;D:\Code Space\Java\CurrentRenderingPipeline\lib\jars\lwjgl-glfw.jar;D:\Code Space\Java\CurrentRenderingPipeline\lib\jars\lwjgl-glfw-javadoc.jar;D:\Code Space\Java\CurrentRenderingPipeline\lib\jars\lwjgl-glfw-natives-windows.jar;D:\Code Space\Java\CurrentRenderingPipeline\lib\jars\lwjgl-glfw-sources.jar;D:\Code Space\Java\CurrentRenderingPipeline\lib\jars\lwjgl-javadoc.jar;D:\Code Space\Java\CurrentRenderingPipeline\lib\jars\lwjgl-natives-windows.jar;D:\Code Space\Java\CurrentRenderingPipeline\lib\jars\lwjgl-openal.jar;D:\Code Space\Java\CurrentRenderingPipeline\lib\jars\lwjgl-openal-javadoc.jar;D:\Code Space\Java\CurrentRenderingPipeline\lib\jars\lwjgl-openal-natives-windows.jar;D:\Code Space\Java\CurrentRenderingPipeline\lib\jars\lwjgl-openal-sources.jar;D:\Code Space\Java\CurrentRenderingPipeline\lib\jars\lwjgl-opengl.jar;D:\Code Space\Java\CurrentRenderingPipeline\lib\jars\lwjgl-opengl-javadoc.jar;D:\Code Space\Java\CurrentRenderingPipeline\lib\jars\lwjgl-opengl-natives-windows.jar;D:\Code Space\Java\CurrentRenderingPipeline\lib\jars\lwjgl-opengl-sources.jar;D:\Code Space\Java\CurrentRenderingPipeline
Launcher Type: SUN_STANDARD

[Global flags]
     intx CICompilerCount                          = 4                                         {product} {ergonomic}
     uint ConcGCThreads                            = 2                                         {product} {ergonomic}
     uint G1ConcRefinementThreads                  = 8                                         {product} {ergonomic}
   size_t G1HeapRegionSize                         = 4194304                                   {product} {ergonomic}
    uintx GCDrainStackTargetSize                   = 64                                        {product} {ergonomic}
   size_t InitialHeapSize                          = 402653184                                 {product} {ergonomic}
   size_t MarkStackSize                            = 4194304                                   {product} {ergonomic}
   size_t MaxHeapSize                              = 6434062336                                {product} {ergonomic}
   size_t MaxNewSize                               = 3858759680                                {product} {ergonomic}
   size_t MinHeapDeltaBytes                        = 4194304                                   {product} {ergonomic}
   size_t MinHeapSize                              = 8388608                                   {product} {ergonomic}
    uintx NonNMethodCodeHeapSize                   = 5839372                                {pd product} {ergonomic}
    uintx NonProfiledCodeHeapSize                  = 122909434                              {pd product} {ergonomic}
    uintx ProfiledCodeHeapSize                     = 122909434                              {pd product} {ergonomic}
    uintx ReservedCodeCacheSize                    = 251658240                              {pd product} {ergonomic}
     bool SegmentedCodeCache                       = true                                      {product} {ergonomic}
     bool ShowCodeDetailsInExceptionMessages       = true                                   {manageable} {command line}
   size_t SoftMaxHeapSize                          = 6434062336                             {manageable} {ergonomic}
     bool UseCompressedClassPointers               = true                           {product lp64_product} {ergonomic}
     bool UseCompressedOops                        = true                           {product lp64_product} {ergonomic}
     bool UseG1GC                                  = true                                      {product} {ergonomic}
     bool UseLargePagesIndividualAllocation        = false                                  {pd product} {ergonomic}

Logging:
Log output configuration:
 #0: stdout all=warning uptime,level,tags
 #1: stderr all=off uptime,level,tags

Environment Variables:
JAVA_HOME=C:\Program Files\Java\jre1.8.0_281\lib
CLASSPATH=C:\Users\Sunbond\Documents\apache-tomcat-8.5.65\lib\servlet-api.jar
PATH=C:/Users/alex/.p2/pool/plugins/org.eclipse.justj.openjdk.hotspot.jre.full.win32.x86_64_17.0.7.v20230425-1502/jre/bin/server;C:/Users/alex/.p2/pool/plugins/org.eclipse.justj.openjdk.hotspot.jre.full.win32.x86_64_17.0.7.v20230425-1502/jre/bin;C:\Python312\Scripts\;C:\Python312\;C:\Program Files\Eclipse Adoptium\jdk-21.0.1.12-hotspot\bin;C:\Python311\Scripts\;C:\Python311\;C:\Program Files\Zulu\zulu-17\bin\;C:\Program Files\Eclipse Foundation\jdk-8.0.302.8-hotspot\bin;C:\PROGRAM FILES (X86)\COMMON FILES\ORACLE\JAVA\JAVAPATH;C:\WINDOWS\SYSTEM32;C:\WINDOWS;C:\WINDOWS\SYSTEM32\WBEM;C:\WINDOWS\SYSTEM32\WINDOWSPOWERSHELL\V1.0\;C:\WINDOWS\SYSTEM32\OPENSSH\;C:\PROGRAM FILES\NVIDIA CORPORATION\NVIDIA NVDLISR;C:\PROGRAM FILES (X86)\NVIDIA CORPORATION\PHYSX\COMMON;C:\PROGRAM FILES\DOTNET\;C:\USERDATA\GIT\CMD;C:\PROGRAM FILES\MICROSOFT SQL SERVER\130\TOOLS\BINN\;C:\PROGRAM FILES\MICROSOFT SQL SERVER\CLIENT SDK\ODBC\170\TOOLS\BINN\;C:\PROGRAM FILES\AZURE DATA STUDIO\BIN;C:\PROGRAM FILES (X86)\MICROSOFT SQL SERVER\150\DTS\BINN\;C:\PROGRAM FILES (X86)\MICROSOFT SQL SERVER\150\TOOLS\BINN\;C:\PROGRAM FILES\MICROSOFT SQL SERVER\150\TOOLS\BINN\;C:\PROGRAM FILES\MICROSOFT SQL SERVER\150\DTS\BINN\;C:\PROGRAM FILES\MICROSOFT SQL SERVER\120\TOOLS\BINN\;C:\MAMP\BIN\PHP\PHP7.4.1\PHP.EXE;C:\MAMP\BIN\PHP\PHP7.4.1\;C:\ProgramData\chocolatey\bin;C:\UserData\Git\cmd;C:\Program Files\sfdx\bin;C:\Program Files\Java\jdk1.8.0_281\lib;C:\Program Files\Java\jre1.8.0_281\lib;C:\MinGW\bin;D:\Code Space\NodeJS\;D:\Android Studio\SDKs\platform-tools;D:\Android Studio\SDKs\emulator;;C:\Program Files\Docker\Docker\resources\bin;C:\Users\alex\AppData\Local\Microsoft\WindowsApps;C:\Users\alex\AppData\Local\Programs\Microsoft VS Code\bin;C:\Users\alex\AppData\Local\GitHubDesktop\bin;C:\Users\alex\.dotnet\tools;C:\Program Files\Java\jre1.8.0_281\lib;C:\Program Files\Java\jdk1.8.0_281\lib;C:\MinGW\bin;C:\Program Files\heroku\bin;C:\Progra~1\sf\bin;C:\Users\alex\AppData\Local\Microsoft\WinGet\Links;C:\Users\alex\
USERNAME=alex
OS=Windows_NT
PROCESSOR_IDENTIFIER=Intel64 Family 6 Model 158 Stepping 9, GenuineIntel
TMP=C:\Users\alex\AppData\Local\Temp
TEMP=C:\Users\alex\AppData\Local\Temp



---------------  S Y S T E M  ---------------

OS:
 Windows 10 , 64 bit Build 19041 (10.0.19041.5915)
OS uptime: 0 days 6:40 hours
Hyper-V role detected

CPU: total 8 (initial active 8) (4 cores per cpu, 2 threads per core) family 6 model 158 stepping 9 microcode 0xb4, cx8, cmov, fxsr, ht, mmx, 3dnowpref, sse, sse2, sse3, ssse3, sse4.1, sse4.2, popcnt, lzcnt, tsc, tscinvbit, avx, avx2, aes, erms, clmul, bmi1, bmi2, rtm, adx, fma, vzeroupper, clflush, clflushopt, hv

Memory: 4k page, system-wide physical 24540M (6627M free)
TotalPageFile size 75740M (AvailPageFile size 23403M)
current process WorkingSet (physical memory assigned to process): 119M, peak: 120M
current process commit charge ("private bytes"): 600M, peak: 600M

vm_info: OpenJDK 64-Bit Server VM (17.0.7+7) for windows-amd64 JRE (17.0.7+7), built on Apr 18 2023 22:10:42 by "temurin" with MS VC++ 16.7 (VS2019)

END.
