#
# A fatal error has been detected by the Java Runtime Environment:
#
#  EXCEPTION_ACCESS_VIOLATION (0xc0000005) at pc=0x00007ff8628a8d41, pid=25532, tid=25560
#
# JRE version: OpenJDK Runtime Environment Temurin-17.0.7+7 (17.0.7+7) (build 17.0.7+7)
# Java VM: OpenJDK 64-Bit Server VM Temurin-17.0.7+7 (17.0.7+7, mixed mode, tiered, compressed oops, compressed class ptrs, g1 gc, windows-amd64)
# Problematic frame:
# V  [jvm.dll+0x308d41]
#
# No core dump will be written. Minidumps are not enabled by default on client versions of Windows
#
# If you would like to submit a bug report, please visit:
#   https://github.com/adoptium/adoptium-support/issues
#

---------------  S U M M A R Y ------------

Command Line: -XX:+ShowCodeDetailsInExceptionMessages -agentlib:jdwp=transport=dt_socket,suspend=y,address=localhost:46903 -javaagent:D:\Eclipse\eclipse\configuration\org.eclipse.osgi\231\0\.cp\lib\javaagent-shaded.jar -Dfile.encoding=UTF-8 main.Main

Host: Intel(R) Core(TM) i7-7700 CPU @ 3.60GHz, 8 cores, 23G,  Windows 10 , 64 bit Build 19041 (10.0.19041.5915)
Time: Mon Jan  5 11:54:37 2026 US Mountain Standard Time elapsed time: 14.689690 seconds (0d 0h 0m 14s)

---------------  T H R E A D  ---------------

Current thread (0x000001e7b0be7800):  GCTaskThread "GC Thread#3" [stack: 0x00000063d2d00000,0x00000063d2e00000] [id=25560]

Stack: [0x00000063d2d00000,0x00000063d2e00000],  sp=0x00000063d2dff4d0,  free space=1021k
Native frames: (J=compiled Java code, j=interpreted, Vv=VM code, C=native code)
V  [jvm.dll+0x308d41]
V  [jvm.dll+0x308906]
V  [jvm.dll+0x2dc224]
V  [jvm.dll+0x2dc9ca]
V  [jvm.dll+0x2dcac7]
V  [jvm.dll+0x2e208b]
V  [jvm.dll+0x860ffb]
V  [jvm.dll+0x861046]
V  [jvm.dll+0x7e4e7a]
V  [jvm.dll+0x676395]
C  [ucrtbase.dll+0x21bb2]
C  [KERNEL32.DLL+0x17374]
C  [ntdll.dll+0x4cc91]


siginfo: EXCEPTION_ACCESS_VIOLATION (0xc0000005), reading address 0x0000000342523f48


Register to memory mapping:

RIP=0x00007ff8628a8d41 jvm.dll
RAX=0x000001e7843fd9fc points into unknown readable memory: 00 00 00 00
RBX=0x0000000691465ca5 is pointing into object: [Ljava.lang.Object; 
{0x000000069141fc78} - klass: 'java/lang/Object'[]
 - length: 360145
RCX=0x0 is NULL
RDX=0x0000000000000d09 is an unknown value
RSP=0x00000063d2dff4d0 points into unknown readable memory: 0x000000068b080000 | 00 00 08 8b 06 00 00 00
RBP=0x0000000000000485 is an unknown value
RSI=0x0000000691465ca4 is pointing into object: [Ljava.lang.Object; 
{0x000000069141fc78} - klass: 'java/lang/Object'[]
 - length: 360145
RDI=0x000001e7c5c4abe0 points into unknown readable memory: 0x00007ff862ef84e8 | e8 84 ef 62 f8 7f 00 00
R8 =0x000000069082ff50 is an oop: org.joml.Vector3f 
{0x000000069082ff50} - klass: 'org/joml/Vector3f'
 - ---- fields (total size 3 words):
 - public 'x' 'F' @12  -1.868247 (bfef22b8)
 - public 'y' 'F' @16  52.372448 (42517d63)
 - public 'z' 'F' @20  -15.318551 (c17518c9)
R9 =0x00007ff86309ffb8 jvm.dll
R10=0x0000000342523f48 is an unknown value
R11=0x0000000000000001 is an unknown value
R12=0x0000000000000003 is an unknown value
R13=0x00000063d2dff670 points into unknown readable memory: 0x00007ff862ef1da0 | a0 1d ef 62 f8 7f 00 00
R14=0x0 is NULL
R15=0x0 is NULL


Registers:
RAX=0x000001e7843fd9fc, RBX=0x0000000691465ca5, RCX=0x0000000000000000, RDX=0x0000000000000d09
RSP=0x00000063d2dff4d0, RBP=0x0000000000000485, RSI=0x0000000691465ca4, RDI=0x000001e7c5c4abe0
R8 =0x000000069082ff50, R9 =0x00007ff86309ffb8, R10=0x0000000342523f48, R11=0x0000000000000001
R12=0x0000000000000003, R13=0x00000063d2dff670, R14=0x0000000000000000, R15=0x0000000000000000
RIP=0x00007ff8628a8d41, EFLAGS=0x0000000000010246

Top of Stack: (sp=0x00000063d2dff4d0)
0x00000063d2dff4d0:   000000068b080000 0000000000000001
0x00000063d2dff4e0:   000001e784390001 0000000000000011
0x00000063d2dff4f0:   000011070000045a 000011060000045a
0x00000063d2dff500:   000001e7c5c4ad60 00007ff8628a6aeb
0x00000063d2dff510:   0000000691421ed0 000000000000000b
0x00000063d2dff520:   000001e7c5c4abe0 00000063d14fe700
0x00000063d2dff530:   00007ff862ef5e78 000001e784389fb0
0x00000063d2dff540:   000001e7c5c4abe0 00007ff8628a8906
0x00000063d2dff550:   000001e7c5c4abe0 000001e784389fb0
0x00000063d2dff560:   00007ff862ef0000 00000f1e00001355
0x00000063d2dff570:   00000063d14fe700 00000063d2dff5f0
0x00000063d2dff580:   0000000000000000 00007ff86287c224
0x00000063d2dff590:   000001e7a9c539a8 00007ff862ef5e78
0x00000063d2dff5a0:   000000068b083a3a 00007ff800000001
0x00000063d2dff5b0:   0000000000000008 00007ff86289d5f7
0x00000063d2dff5c0:   0000000000000000 0000000000000000 

Instructions: (pc=0x00007ff8628a8d41)
0x00007ff8628a8c41:   1b fd ff ff 66 66 66 0f 1f 84 00 00 00 00 00 48
0x00007ff8628a8c51:   8b 77 10 8b ae 80 00 00 00 8b cd 8b 86 00 01 00
0x00007ff8628a8c61:   00 2b c8 81 e1 ff ff 01 00 41 3b ce 0f 86 06 03
0x00007ff8628a8c71:   00 00 ff cd 81 e5 ff ff 01 00 89 ae 80 00 00 00
0x00007ff8628a8c81:   e8 5a fa 35 00 8b 86 00 01 00 00 8b cd 48 8b 9e
0x00007ff8628a8c91:   80 01 00 00 2b c8 81 e1 ff ff 01 00 8b d5 81 f9
0x00007ff8628a8ca1:   ff ff 01 00 48 8b 1c eb 41 0f 44 cf 85 c9 75 41
0x00007ff8628a8cb1:   48 8b 86 00 01 00 00 48 8b c8 48 89 44 24 28 48
0x00007ff8628a8cc1:   c1 e9 20 ff c1 89 6c 24 20 89 4c 24 24 3b e8 0f
0x00007ff8628a8cd1:   85 91 02 00 00 48 c1 e1 20 48 0b ca f0 48 0f b1
0x00007ff8628a8ce1:   8e 00 01 00 00 0f 85 7b 02 00 00 8b 86 00 01 00
0x00007ff8628a8cf1:   00 f6 c3 01 0f 84 3c 01 00 00 8b 0d e7 65 7f 00
0x00007ff8628a8d01:   48 8d 73 ff 48 8b 47 08 44 8b 16 49 d3 e2 4c 03
0x00007ff8628a8d11:   15 ca 65 7f 00 8b 88 90 05 00 00 49 8b d2 48 8b
0x00007ff8628a8d21:   80 80 05 00 00 48 d3 ea 0f b7 0c 50 66 89 8c 24
0x00007ff8628a8d31:   90 00 00 00 66 c1 e9 08 84 c9 0f 88 0f ff ff ff
0x00007ff8628a8d41:   4d 8b 02 41 0f b6 c0 24 03 3c 03 75 1e 44 38 3d
0x00007ff8628a8d51:   fb 28 86 00 74 0f 41 0f b6 c0 24 07 3c 05 75 05
0x00007ff8628a8d61:   4d 8b c7 eb 1f 49 83 e0 fc eb 19 0f b7 94 24 90
0x00007ff8628a8d71:   00 00 00 4d 8b c8 4d 8b c2 48 8b cf e8 1e ef ff
0x00007ff8628a8d81:   ff 4c 8b c0 8b 0d 5d 65 7f 00 49 8b d0 48 2b 15
0x00007ff8628a8d91:   4b 65 7f 00 48 d3 ea 89 16 49 8b d0 8b 0d 2d 31
0x00007ff8628a8da1:   86 00 48 33 d6 48 d3 ea 48 85 d2 0f 84 9e fe ff
0x00007ff8628a8db1:   ff 48 8b 47 08 48 8b d6 8b 88 c0 01 00 00 48 8b
0x00007ff8628a8dc1:   80 b0 01 00 00 48 d3 ea 48 8b 0c d0 8b 81 94 00
0x00007ff8628a8dd1:   00 00 d1 e8 a8 01 0f 85 73 fe ff ff 48 8b 47 08
0x00007ff8628a8de1:   8b 88 90 05 00 00 48 8b 80 80 05 00 00 49 d3 e8
0x00007ff8628a8df1:   46 38 3c 40 0f 84 55 fe ff ff 48 8b 47 60 48 c1
0x00007ff8628a8e01:   ee 09 48 8b 58 40 48 8b 48 38 48 03 de 48 2b d9
0x00007ff8628a8e11:   48 39 9f b0 01 00 00 0f 84 32 fe ff ff 48 8d 14
0x00007ff8628a8e21:   0b 48 8d 4f 18 e8 c5 40 00 00 48 89 9f b0 01 00
0x00007ff8628a8e31:   00 e9 19 fe ff ff f6 c3 03 0f 85 16 01 00 00 48 


Stack slot to memory mapping:
stack at sp + 0 slots: 0x000000068b080000 is pointing into object: [F 
{0x000000068b0370c0} - klass: {type array float}
 - length: 78426
stack at sp + 1 slots: 0x0000000000000001 is an unknown value
stack at sp + 2 slots: 0x000001e784390001 points into unknown readable memory: 35 36 4b 2c 20 72 65
stack at sp + 3 slots: 0x0000000000000011 is an unknown value
stack at sp + 4 slots: 0x000011070000045a is an unknown value
stack at sp + 5 slots: 0x000011060000045a is an unknown value
stack at sp + 6 slots: 0x000001e7c5c4ad60 points into unknown readable memory: 0x00007ff862ef84a0 | a0 84 ef 62 f8 7f 00 00
stack at sp + 7 slots: 0x00007ff8628a6aeb jvm.dll


---------------  P R O C E S S  ---------------

Threads class SMR info:
_java_thread_list=0x000001e7aeb311b0, length=15, elements={
0x000001e784379720, 0x000001e7a9bb62c0, 0x000001e7a9bb73b0, 0x000001e7a9bc0760,
0x000001e7a9bc2320, 0x000001e7a9bfd120, 0x000001e7a9c08fe0, 0x000001e7a9c0b8e0,
0x000001e7a9c0bee0, 0x000001e7a9c268c0, 0x000001e7a9d9b010, 0x000001e7a9e73a30,
0x000001e7a9eafee0, 0x000001e7a9eb05c0, 0x000001e7ae5850f0
}

Java Threads: ( => current thread )
  0x000001e784379720 JavaThread "main" [_thread_blocked, id=24756, stack(0x00000063d0e00000,0x00000063d0f00000)]
  0x000001e7a9bb62c0 JavaThread "Reference Handler" daemon [_thread_blocked, id=5224, stack(0x00000063d1500000,0x00000063d1600000)]
  0x000001e7a9bb73b0 JavaThread "Finalizer" daemon [_thread_blocked, id=16716, stack(0x00000063d1600000,0x00000063d1700000)]
  0x000001e7a9bc0760 JavaThread "Signal Dispatcher" daemon [_thread_blocked, id=5500, stack(0x00000063d1700000,0x00000063d1800000)]
  0x000001e7a9bc2320 JavaThread "Attach Listener" daemon [_thread_blocked, id=16724, stack(0x00000063d1800000,0x00000063d1900000)]
  0x000001e7a9bfd120 JavaThread "Service Thread" daemon [_thread_blocked, id=920, stack(0x00000063d1900000,0x00000063d1a00000)]
  0x000001e7a9c08fe0 JavaThread "Monitor Deflation Thread" daemon [_thread_blocked, id=20808, stack(0x00000063d1a00000,0x00000063d1b00000)]
  0x000001e7a9c0b8e0 JavaThread "C2 CompilerThread0" daemon [_thread_blocked, id=11860, stack(0x00000063d1b00000,0x00000063d1c00000)]
  0x000001e7a9c0bee0 JavaThread "C1 CompilerThread0" daemon [_thread_blocked, id=24492, stack(0x00000063d1c00000,0x00000063d1d00000)]
  0x000001e7a9c268c0 JavaThread "Sweeper thread" daemon [_thread_blocked, id=23692, stack(0x00000063d1d00000,0x00000063d1e00000)]
  0x000001e7a9d9b010 JavaThread "Common-Cleaner" daemon [_thread_blocked, id=13256, stack(0x00000063d1e00000,0x00000063d1f00000)]
  0x000001e7a9e73a30 JavaThread "JDWP Transport Listener: dt_socket" daemon [_thread_blocked, id=19240, stack(0x00000063d1f00000,0x00000063d2000000)]
  0x000001e7a9eafee0 JavaThread "JDWP Event Helper Thread" daemon [_thread_blocked, id=9564, stack(0x00000063d2000000,0x00000063d2100000)]
  0x000001e7a9eb05c0 JavaThread "JDWP Command Reader" daemon [_thread_in_native, id=5440, stack(0x00000063d2100000,0x00000063d2200000)]
  0x000001e7ae5850f0 JavaThread "Notification Thread" daemon [_thread_blocked, id=1600, stack(0x00000063d2200000,0x00000063d2300000)]

Other Threads:
  0x000001e7a9b7ded0 VMThread "VM Thread" [stack: 0x00000063d1400000,0x00000063d1500000] [id=9652]
  0x000001e7ae737bb0 WatcherThread [stack: 0x00000063d2300000,0x00000063d2400000] [id=27588]
  0x000001e7844020f0 GCTaskThread "GC Thread#0" [stack: 0x00000063d0f00000,0x00000063d1000000] [id=28208]
  0x000001e7b0be6e90 GCTaskThread "GC Thread#1" [stack: 0x00000063d2b00000,0x00000063d2c00000] [id=23488]
  0x000001e7b0be7140 GCTaskThread "GC Thread#2" [stack: 0x00000063d2c00000,0x00000063d2d00000] [id=9868]
=>0x000001e7b0be7800 GCTaskThread "GC Thread#3" [stack: 0x00000063d2d00000,0x00000063d2e00000] [id=25560]
  0x000001e7b0bf4a90 GCTaskThread "GC Thread#4" [stack: 0x00000063d2e00000,0x00000063d2f00000] [id=24940]
  0x000001e7b0b99040 GCTaskThread "GC Thread#5" [stack: 0x00000063d2f00000,0x00000063d3000000] [id=3224]
  0x000001e7b0b99700 GCTaskThread "GC Thread#6" [stack: 0x00000063d3000000,0x00000063d3100000] [id=3612]
  0x000001e7b0bf4d40 GCTaskThread "GC Thread#7" [stack: 0x00000063d3100000,0x00000063d3200000] [id=11076]
  0x000001e78440eff0 ConcurrentGCThread "G1 Main Marker" [stack: 0x00000063d1000000,0x00000063d1100000] [id=7844]
  0x000001e78440fa00 ConcurrentGCThread "G1 Conc#0" [stack: 0x00000063d1100000,0x00000063d1200000] [id=19576]
  0x000001e78443e870 ConcurrentGCThread "G1 Refine#0" [stack: 0x00000063d1200000,0x00000063d1300000] [id=8156]
  0x000001e7a9a08930 ConcurrentGCThread "G1 Service" [stack: 0x00000063d1300000,0x00000063d1400000] [id=22448]

Threads with active compile tasks:
C2 CompilerThread0    14824 1777       4       java.io.BufferedReader::fill (170 bytes)

VM state: at safepoint (normal execution)

VM Mutex/Monitor currently owned by a thread:  ([mutex/lock_event])
[0x000001e784374240] Threads_lock - owner thread: 0x000001e7a9b7ded0
[0x000001e784374750] Heap_lock - owner thread: 0x000001e784379720

Heap address: 0x0000000680800000, size: 6136 MB, Compressed Oops mode: Zero based, Oop shift amount: 3

CDS archive(s) not mapped
Compressed class space mapped at: 0x0000000800000000-0x0000000840000000, reserved size: 1073741824
Narrow klass base: 0x0000000800000000, Narrow klass shift: 0, Narrow klass range: 0x40000000

GC Precious Log:
 CPUs: 8 total, 8 available
 Memory: 24540M
 Large Page Support: Disabled
 NUMA Support: Disabled
 Compressed Oops: Enabled (Zero based)
 Heap Region Size: 4M
 Heap Min Capacity: 8M
 Heap Initial Capacity: 384M
 Heap Max Capacity: 6136M
 Pre-touch: Disabled
 Parallel Workers: 8
 Concurrent Workers: 2
 Concurrent Refinement Workers: 8
 Periodic GC: Disabled

Heap:
 garbage-first heap   total 643072K, used 450599K [0x0000000680800000, 0x0000000800000000)
  region size 4096K, 96 young (393216K), 7 survivors (28672K)
 Metaspace       used 17747K, committed 17856K, reserved 1114112K
  class space    used 1269K, committed 1344K, reserved 1048576K

Heap Regions: E=young(eden), S=young(survivor), O=old, HS=humongous(starts), HC=humongous(continues), CS=collection set, F=free, OA=open archive, CA=closed archive, TAMS=top-at-mark-start (previous, next)
|   0|0x0000000680800000, 0x0000000680c00000, 0x0000000680c00000|100%| O|  |TAMS 0x0000000680800000, 0x0000000680800000| Untracked 
|   1|0x0000000680c00000, 0x0000000681000000, 0x0000000681000000|100%|HS|  |TAMS 0x0000000680c00000, 0x0000000680c00000| Complete 
|   2|0x0000000681000000, 0x0000000681400000, 0x0000000681400000|100%|HS|  |TAMS 0x0000000681000000, 0x0000000681000000| Complete 
|   3|0x0000000681400000, 0x0000000681800000, 0x0000000681800000|100%|HS|  |TAMS 0x0000000681400000, 0x0000000681400000| Complete 
|   4|0x0000000681800000, 0x0000000681c00000, 0x0000000681c00000|100%|HC|  |TAMS 0x0000000681800000, 0x0000000681800000| Complete 
|   5|0x0000000681c00000, 0x0000000682000000, 0x0000000682000000|100%|HC|  |TAMS 0x0000000681c00000, 0x0000000681c00000| Complete 
|   6|0x0000000682000000, 0x0000000682400000, 0x0000000682400000|100%|HC|  |TAMS 0x0000000682000000, 0x0000000682000000| Complete 
|   7|0x0000000682400000, 0x0000000682800000, 0x0000000682800000|100%|HS|  |TAMS 0x0000000682400000, 0x0000000682400000| Complete 
|   8|0x0000000682800000, 0x0000000682c00000, 0x0000000682c00000|100%|HS|  |TAMS 0x0000000682800000, 0x0000000682800000| Complete 
|   9|0x0000000682c00000, 0x0000000683000000, 0x0000000683000000|100%|HS|  |TAMS 0x0000000682c00000, 0x0000000682c00000| Complete 
|  10|0x0000000683000000, 0x0000000683400000, 0x0000000683400000|100%|HS|  |TAMS 0x0000000683000000, 0x0000000683000000| Complete 
|  11|0x0000000683400000, 0x0000000683800000, 0x0000000683800000|100%| O|  |TAMS 0x0000000683400000, 0x0000000683400000| Untracked 
|  12|0x0000000683800000, 0x0000000683c00000, 0x0000000683c00000|100%| O|  |TAMS 0x0000000683800000, 0x0000000683800000| Untracked 
|  13|0x0000000683c00000, 0x0000000684000000, 0x0000000684000000|100%| O|  |TAMS 0x0000000683c00000, 0x0000000683c00000| Untracked 
|  14|0x0000000684000000, 0x0000000684400000, 0x0000000684400000|100%|HS|  |TAMS 0x0000000684000000, 0x0000000684000000| Complete 
|  15|0x0000000684400000, 0x0000000684800000, 0x0000000684800000|100%| O|  |TAMS 0x0000000684400000, 0x0000000684400000| Untracked 
|  16|0x0000000684800000, 0x00000006849fee00, 0x0000000684c00000| 49%| O|  |TAMS 0x0000000684800000, 0x0000000684800000| Untracked 
|  17|0x0000000684c00000, 0x0000000684c00000, 0x0000000685000000|  0%| F|  |TAMS 0x0000000684c00000, 0x0000000684c00000| Untracked 
|  18|0x0000000685000000, 0x0000000685000000, 0x0000000685400000|  0%| F|  |TAMS 0x0000000685000000, 0x0000000685000000| Untracked 
|  19|0x0000000685400000, 0x0000000685400000, 0x0000000685800000|  0%| F|  |TAMS 0x0000000685400000, 0x0000000685400000| Untracked 
|  20|0x0000000685800000, 0x0000000685800000, 0x0000000685c00000|  0%| F|  |TAMS 0x0000000685800000, 0x0000000685800000| Untracked 
|  21|0x0000000685c00000, 0x0000000685c00000, 0x0000000686000000|  0%| F|  |TAMS 0x0000000685c00000, 0x0000000685c00000| Untracked 
|  22|0x0000000686000000, 0x0000000686000000, 0x0000000686400000|  0%| F|  |TAMS 0x0000000686000000, 0x0000000686000000| Untracked 
|  23|0x0000000686400000, 0x0000000686400000, 0x0000000686800000|  0%| F|  |TAMS 0x0000000686400000, 0x0000000686400000| Untracked 
|  24|0x0000000686800000, 0x0000000686800000, 0x0000000686c00000|  0%| F|  |TAMS 0x0000000686800000, 0x0000000686800000| Untracked 
|  25|0x0000000686c00000, 0x0000000686c00000, 0x0000000687000000|  0%| F|  |TAMS 0x0000000686c00000, 0x0000000686c00000| Untracked 
|  26|0x0000000687000000, 0x0000000687000000, 0x0000000687400000|  0%| F|  |TAMS 0x0000000687000000, 0x0000000687000000| Untracked 
|  27|0x0000000687400000, 0x0000000687400000, 0x0000000687800000|  0%| F|  |TAMS 0x0000000687400000, 0x0000000687400000| Untracked 
|  28|0x0000000687800000, 0x0000000687800000, 0x0000000687c00000|  0%| F|  |TAMS 0x0000000687800000, 0x0000000687800000| Untracked 
|  29|0x0000000687c00000, 0x0000000687c00000, 0x0000000688000000|  0%| F|  |TAMS 0x0000000687c00000, 0x0000000687c00000| Untracked 
|  30|0x0000000688000000, 0x0000000688000000, 0x0000000688400000|  0%| F|  |TAMS 0x0000000688000000, 0x0000000688000000| Untracked 
|  31|0x0000000688400000, 0x0000000688400000, 0x0000000688800000|  0%| F|  |TAMS 0x0000000688400000, 0x0000000688400000| Untracked 
|  32|0x0000000688800000, 0x0000000688800000, 0x0000000688c00000|  0%| F|  |TAMS 0x0000000688800000, 0x0000000688800000| Untracked 
|  33|0x0000000688c00000, 0x0000000688c00000, 0x0000000689000000|  0%| F|  |TAMS 0x0000000688c00000, 0x0000000688c00000| Untracked 
|  34|0x0000000689000000, 0x000000068920af20, 0x0000000689400000| 51%| E|CS|TAMS 0x0000000689000000, 0x0000000689000000| Complete 
|  35|0x0000000689400000, 0x0000000689400000, 0x0000000689800000|  0%| F|  |TAMS 0x0000000689400000, 0x0000000689400000| Untracked 
|  36|0x0000000689800000, 0x0000000689800000, 0x0000000689c00000|  0%| F|  |TAMS 0x0000000689800000, 0x0000000689800000| Untracked 
|  37|0x0000000689c00000, 0x0000000689c00000, 0x000000068a000000|  0%| F|  |TAMS 0x0000000689c00000, 0x0000000689c00000| Untracked 
|  38|0x000000068a000000, 0x000000068a000000, 0x000000068a400000|  0%| F|  |TAMS 0x000000068a000000, 0x000000068a000000| Untracked 
|  39|0x000000068a400000, 0x000000068a800000, 0x000000068a800000|100%| E|CS|TAMS 0x000000068a400000, 0x000000068a400000| Complete 
|  40|0x000000068a800000, 0x000000068ac00000, 0x000000068ac00000|100%| E|CS|TAMS 0x000000068a800000, 0x000000068a800000| Complete 
|  41|0x000000068ac00000, 0x000000068b000000, 0x000000068b000000|100%| E|CS|TAMS 0x000000068ac00000, 0x000000068ac00000| Complete 
|  42|0x000000068b000000, 0x000000068b400000, 0x000000068b400000|100%| E|CS|TAMS 0x000000068b000000, 0x000000068b000000| Complete 
|  43|0x000000068b400000, 0x000000068b400000, 0x000000068b800000|  0%| F|  |TAMS 0x000000068b400000, 0x000000068b400000| Untracked 
|  44|0x000000068b800000, 0x000000068b800000, 0x000000068bc00000|  0%| F|  |TAMS 0x000000068b800000, 0x000000068b800000| Untracked 
|  45|0x000000068bc00000, 0x000000068bc00000, 0x000000068c000000|  0%| F|  |TAMS 0x000000068bc00000, 0x000000068bc00000| Untracked 
|  46|0x000000068c000000, 0x000000068c000000, 0x000000068c400000|  0%| F|  |TAMS 0x000000068c000000, 0x000000068c000000| Untracked 
|  47|0x000000068c400000, 0x000000068c400000, 0x000000068c800000|  0%| F|  |TAMS 0x000000068c400000, 0x000000068c400000| Untracked 
|  48|0x000000068c800000, 0x000000068c800000, 0x000000068cc00000|  0%| F|  |TAMS 0x000000068c800000, 0x000000068c800000| Untracked 
|  49|0x000000068cc00000, 0x000000068cc00000, 0x000000068d000000|  0%| F|  |TAMS 0x000000068cc00000, 0x000000068cc00000| Untracked 
|  50|0x000000068d000000, 0x000000068d000000, 0x000000068d400000|  0%| F|  |TAMS 0x000000068d000000, 0x000000068d000000| Untracked 
|  51|0x000000068d400000, 0x000000068d400000, 0x000000068d800000|  0%| F|  |TAMS 0x000000068d400000, 0x000000068d400000| Untracked 
|  52|0x000000068d800000, 0x000000068d800000, 0x000000068dc00000|  0%| F|  |TAMS 0x000000068d800000, 0x000000068d800000| Untracked 
|  53|0x000000068dc00000, 0x000000068dc00000, 0x000000068e000000|  0%| F|  |TAMS 0x000000068dc00000, 0x000000068dc00000| Untracked 
|  54|0x000000068e000000, 0x000000068e000000, 0x000000068e400000|  0%| F|  |TAMS 0x000000068e000000, 0x000000068e000000| Untracked 
|  55|0x000000068e400000, 0x000000068e400000, 0x000000068e800000|  0%| F|  |TAMS 0x000000068e400000, 0x000000068e400000| Untracked 
|  56|0x000000068e800000, 0x000000068e800000, 0x000000068ec00000|  0%| F|  |TAMS 0x000000068e800000, 0x000000068e800000| Untracked 
|  57|0x000000068ec00000, 0x000000068ec00000, 0x000000068f000000|  0%| F|  |TAMS 0x000000068ec00000, 0x000000068ec00000| Untracked 
|  58|0x000000068f000000, 0x000000068f000000, 0x000000068f400000|  0%| F|  |TAMS 0x000000068f000000, 0x000000068f000000| Untracked 
|  59|0x000000068f400000, 0x000000068f400000, 0x000000068f800000|  0%| F|  |TAMS 0x000000068f400000, 0x000000068f400000| Untracked 
|  60|0x000000068f800000, 0x000000068f800000, 0x000000068fc00000|  0%| F|  |TAMS 0x000000068f800000, 0x000000068f800000| Untracked 
|  61|0x000000068fc00000, 0x000000068fd5d928, 0x0000000690000000| 34%| S|  |TAMS 0x000000068fc00000, 0x000000068fc00000| Complete 
|  62|0x0000000690000000, 0x0000000690400000, 0x0000000690400000|100%| S|  |TAMS 0x0000000690000000, 0x0000000690000000| Complete 
|  63|0x0000000690400000, 0x0000000690800000, 0x0000000690800000|100%| S|  |TAMS 0x0000000690400000, 0x0000000690400000| Complete 
|  64|0x0000000690800000, 0x0000000690c00000, 0x0000000690c00000|100%| S|  |TAMS 0x0000000690800000, 0x0000000690800000| Complete 
|  65|0x0000000690c00000, 0x0000000691000000, 0x0000000691000000|100%| S|  |TAMS 0x0000000690c00000, 0x0000000690c00000| Complete 
|  66|0x0000000691000000, 0x0000000691400000, 0x0000000691400000|100%| S|  |TAMS 0x0000000691000000, 0x0000000691000000| Complete 
|  67|0x0000000691400000, 0x0000000691800000, 0x0000000691800000|100%| S|  |TAMS 0x0000000691400000, 0x0000000691400000| Complete 
|  68|0x0000000691800000, 0x0000000691c00000, 0x0000000691c00000|100%| E|CS|TAMS 0x0000000691800000, 0x0000000691800000| Complete 
|  69|0x0000000691c00000, 0x0000000692000000, 0x0000000692000000|100%| E|CS|TAMS 0x0000000691c00000, 0x0000000691c00000| Complete 
|  70|0x0000000692000000, 0x0000000692400000, 0x0000000692400000|100%| E|CS|TAMS 0x0000000692000000, 0x0000000692000000| Complete 
|  71|0x0000000692400000, 0x0000000692800000, 0x0000000692800000|100%| E|CS|TAMS 0x0000000692400000, 0x0000000692400000| Complete 
|  72|0x0000000692800000, 0x0000000692c00000, 0x0000000692c00000|100%| E|CS|TAMS 0x0000000692800000, 0x0000000692800000| Complete 
|  73|0x0000000692c00000, 0x0000000693000000, 0x0000000693000000|100%| E|CS|TAMS 0x0000000692c00000, 0x0000000692c00000| Complete 
|  74|0x0000000693000000, 0x0000000693400000, 0x0000000693400000|100%| E|CS|TAMS 0x0000000693000000, 0x0000000693000000| Complete 
|  75|0x0000000693400000, 0x0000000693800000, 0x0000000693800000|100%| E|CS|TAMS 0x0000000693400000, 0x0000000693400000| Complete 
|  76|0x0000000693800000, 0x0000000693c00000, 0x0000000693c00000|100%| E|CS|TAMS 0x0000000693800000, 0x0000000693800000| Complete 
|  77|0x0000000693c00000, 0x0000000694000000, 0x0000000694000000|100%| E|CS|TAMS 0x0000000693c00000, 0x0000000693c00000| Complete 
|  78|0x0000000694000000, 0x0000000694400000, 0x0000000694400000|100%| E|CS|TAMS 0x0000000694000000, 0x0000000694000000| Complete 
|  79|0x0000000694400000, 0x0000000694800000, 0x0000000694800000|100%| E|CS|TAMS 0x0000000694400000, 0x0000000694400000| Complete 
|  80|0x0000000694800000, 0x0000000694c00000, 0x0000000694c00000|100%| E|CS|TAMS 0x0000000694800000, 0x0000000694800000| Complete 
|  81|0x0000000694c00000, 0x0000000695000000, 0x0000000695000000|100%| E|CS|TAMS 0x0000000694c00000, 0x0000000694c00000| Complete 
|  82|0x0000000695000000, 0x0000000695400000, 0x0000000695400000|100%| E|CS|TAMS 0x0000000695000000, 0x0000000695000000| Complete 
|  83|0x0000000695400000, 0x0000000695800000, 0x0000000695800000|100%| E|CS|TAMS 0x0000000695400000, 0x0000000695400000| Complete 
|  84|0x0000000695800000, 0x0000000695c00000, 0x0000000695c00000|100%| E|CS|TAMS 0x0000000695800000, 0x0000000695800000| Complete 
|  85|0x0000000695c00000, 0x0000000696000000, 0x0000000696000000|100%| E|CS|TAMS 0x0000000695c00000, 0x0000000695c00000| Complete 
|  86|0x0000000696000000, 0x0000000696400000, 0x0000000696400000|100%| E|CS|TAMS 0x0000000696000000, 0x0000000696000000| Complete 
|  87|0x0000000696400000, 0x0000000696800000, 0x0000000696800000|100%| E|CS|TAMS 0x0000000696400000, 0x0000000696400000| Complete 
|  88|0x0000000696800000, 0x0000000696c00000, 0x0000000696c00000|100%| E|CS|TAMS 0x0000000696800000, 0x0000000696800000| Complete 
|  89|0x0000000696c00000, 0x0000000697000000, 0x0000000697000000|100%| E|CS|TAMS 0x0000000696c00000, 0x0000000696c00000| Complete 
|  90|0x0000000697000000, 0x0000000697400000, 0x0000000697400000|100%| E|CS|TAMS 0x0000000697000000, 0x0000000697000000| Complete 
|  91|0x0000000697400000, 0x0000000697800000, 0x0000000697800000|100%| E|CS|TAMS 0x0000000697400000, 0x0000000697400000| Complete 
|  92|0x0000000697800000, 0x0000000697c00000, 0x0000000697c00000|100%| E|CS|TAMS 0x0000000697800000, 0x0000000697800000| Complete 
|  93|0x0000000697c00000, 0x0000000698000000, 0x0000000698000000|100%| E|CS|TAMS 0x0000000697c00000, 0x0000000697c00000| Complete 
|  94|0x0000000698000000, 0x0000000698400000, 0x0000000698400000|100%| E|CS|TAMS 0x0000000698000000, 0x0000000698000000| Complete 
|  95|0x0000000698400000, 0x0000000698800000, 0x0000000698800000|100%| E|CS|TAMS 0x0000000698400000, 0x0000000698400000| Complete 
|  96|0x0000000698800000, 0x0000000698c00000, 0x0000000698c00000|100%| E|CS|TAMS 0x0000000698800000, 0x0000000698800000| Complete 
|  97|0x0000000698c00000, 0x0000000699000000, 0x0000000699000000|100%| E|CS|TAMS 0x0000000698c00000, 0x0000000698c00000| Complete 
|  98|0x0000000699000000, 0x0000000699400000, 0x0000000699400000|100%| E|CS|TAMS 0x0000000699000000, 0x0000000699000000| Complete 
|  99|0x0000000699400000, 0x0000000699800000, 0x0000000699800000|100%| E|CS|TAMS 0x0000000699400000, 0x0000000699400000| Complete 
| 100|0x0000000699800000, 0x0000000699c00000, 0x0000000699c00000|100%| E|CS|TAMS 0x0000000699800000, 0x0000000699800000| Complete 
| 101|0x0000000699c00000, 0x000000069a000000, 0x000000069a000000|100%| E|CS|TAMS 0x0000000699c00000, 0x0000000699c00000| Complete 
| 102|0x000000069a000000, 0x000000069a400000, 0x000000069a400000|100%| E|CS|TAMS 0x000000069a000000, 0x000000069a000000| Complete 
| 103|0x000000069a400000, 0x000000069a800000, 0x000000069a800000|100%| E|CS|TAMS 0x000000069a400000, 0x000000069a400000| Complete 
| 104|0x000000069a800000, 0x000000069ac00000, 0x000000069ac00000|100%| E|CS|TAMS 0x000000069a800000, 0x000000069a800000| Complete 
| 105|0x000000069ac00000, 0x000000069b000000, 0x000000069b000000|100%| E|CS|TAMS 0x000000069ac00000, 0x000000069ac00000| Complete 
| 106|0x000000069b000000, 0x000000069b400000, 0x000000069b400000|100%| E|CS|TAMS 0x000000069b000000, 0x000000069b000000| Complete 
| 107|0x000000069b400000, 0x000000069b800000, 0x000000069b800000|100%| E|CS|TAMS 0x000000069b400000, 0x000000069b400000| Complete 
| 108|0x000000069b800000, 0x000000069bc00000, 0x000000069bc00000|100%| E|CS|TAMS 0x000000069b800000, 0x000000069b800000| Complete 
| 109|0x000000069bc00000, 0x000000069c000000, 0x000000069c000000|100%| E|CS|TAMS 0x000000069bc00000, 0x000000069bc00000| Complete 
| 110|0x000000069c000000, 0x000000069c400000, 0x000000069c400000|100%| E|CS|TAMS 0x000000069c000000, 0x000000069c000000| Complete 
| 111|0x000000069c400000, 0x000000069c800000, 0x000000069c800000|100%| E|CS|TAMS 0x000000069c400000, 0x000000069c400000| Complete 
| 112|0x000000069c800000, 0x000000069cc00000, 0x000000069cc00000|100%| E|CS|TAMS 0x000000069c800000, 0x000000069c800000| Complete 
| 113|0x000000069cc00000, 0x000000069d000000, 0x000000069d000000|100%| E|CS|TAMS 0x000000069cc00000, 0x000000069cc00000| Complete 
| 114|0x000000069d000000, 0x000000069d400000, 0x000000069d400000|100%| E|CS|TAMS 0x000000069d000000, 0x000000069d000000| Complete 
| 115|0x000000069d400000, 0x000000069d800000, 0x000000069d800000|100%| E|CS|TAMS 0x000000069d400000, 0x000000069d400000| Complete 
| 116|0x000000069d800000, 0x000000069dc00000, 0x000000069dc00000|100%| E|CS|TAMS 0x000000069d800000, 0x000000069d800000| Complete 
| 117|0x000000069dc00000, 0x000000069e000000, 0x000000069e000000|100%| E|CS|TAMS 0x000000069dc00000, 0x000000069dc00000| Complete 
| 118|0x000000069e000000, 0x000000069e400000, 0x000000069e400000|100%| E|CS|TAMS 0x000000069e000000, 0x000000069e000000| Complete 
| 119|0x000000069e400000, 0x000000069e800000, 0x000000069e800000|100%| E|CS|TAMS 0x000000069e400000, 0x000000069e400000| Complete 
| 120|0x000000069e800000, 0x000000069ec00000, 0x000000069ec00000|100%| E|CS|TAMS 0x000000069e800000, 0x000000069e800000| Complete 
| 121|0x000000069ec00000, 0x000000069f000000, 0x000000069f000000|100%| E|CS|TAMS 0x000000069ec00000, 0x000000069ec00000| Complete 
| 122|0x000000069f000000, 0x000000069f400000, 0x000000069f400000|100%| E|CS|TAMS 0x000000069f000000, 0x000000069f000000| Complete 
| 123|0x000000069f400000, 0x000000069f800000, 0x000000069f800000|100%| E|CS|TAMS 0x000000069f400000, 0x000000069f400000| Complete 
| 124|0x000000069f800000, 0x000000069fc00000, 0x000000069fc00000|100%| E|CS|TAMS 0x000000069f800000, 0x000000069f800000| Complete 
| 125|0x000000069fc00000, 0x00000006a0000000, 0x00000006a0000000|100%| E|CS|TAMS 0x000000069fc00000, 0x000000069fc00000| Complete 
| 126|0x00000006a0000000, 0x00000006a0400000, 0x00000006a0400000|100%| E|CS|TAMS 0x00000006a0000000, 0x00000006a0000000| Complete 
| 127|0x00000006a0400000, 0x00000006a0800000, 0x00000006a0800000|100%| E|CS|TAMS 0x00000006a0400000, 0x00000006a0400000| Complete 
| 128|0x00000006a0800000, 0x00000006a0c00000, 0x00000006a0c00000|100%| E|CS|TAMS 0x00000006a0800000, 0x00000006a0800000| Complete 
| 129|0x00000006a0c00000, 0x00000006a1000000, 0x00000006a1000000|100%| E|CS|TAMS 0x00000006a0c00000, 0x00000006a0c00000| Complete 
| 130|0x00000006a1000000, 0x00000006a1400000, 0x00000006a1400000|100%| E|CS|TAMS 0x00000006a1000000, 0x00000006a1000000| Complete 
| 131|0x00000006a1400000, 0x00000006a1800000, 0x00000006a1800000|100%| E|CS|TAMS 0x00000006a1400000, 0x00000006a1400000| Complete 
| 132|0x00000006a1800000, 0x00000006a1c00000, 0x00000006a1c00000|100%| E|CS|TAMS 0x00000006a1800000, 0x00000006a1800000| Complete 
| 133|0x00000006a1c00000, 0x00000006a2000000, 0x00000006a2000000|100%| E|CS|TAMS 0x00000006a1c00000, 0x00000006a1c00000| Complete 
| 134|0x00000006a2000000, 0x00000006a2400000, 0x00000006a2400000|100%| E|CS|TAMS 0x00000006a2000000, 0x00000006a2000000| Complete 
| 135|0x00000006a2400000, 0x00000006a2800000, 0x00000006a2800000|100%| E|CS|TAMS 0x00000006a2400000, 0x00000006a2400000| Complete 
| 136|0x00000006a2800000, 0x00000006a2c00000, 0x00000006a2c00000|100%| E|CS|TAMS 0x00000006a2800000, 0x00000006a2800000| Complete 
| 137|0x00000006a2c00000, 0x00000006a3000000, 0x00000006a3000000|100%| E|CS|TAMS 0x00000006a2c00000, 0x00000006a2c00000| Complete 
| 138|0x00000006a3000000, 0x00000006a3400000, 0x00000006a3400000|100%| E|CS|TAMS 0x00000006a3000000, 0x00000006a3000000| Complete 
| 139|0x00000006a3400000, 0x00000006a3800000, 0x00000006a3800000|100%| E|CS|TAMS 0x00000006a3400000, 0x00000006a3400000| Complete 
| 140|0x00000006a3800000, 0x00000006a3c00000, 0x00000006a3c00000|100%| E|CS|TAMS 0x00000006a3800000, 0x00000006a3800000| Complete 
| 141|0x00000006a3c00000, 0x00000006a4000000, 0x00000006a4000000|100%| E|CS|TAMS 0x00000006a3c00000, 0x00000006a3c00000| Complete 
| 142|0x00000006a4000000, 0x00000006a4400000, 0x00000006a4400000|100%| E|CS|TAMS 0x00000006a4000000, 0x00000006a4000000| Complete 
| 143|0x00000006a4400000, 0x00000006a4800000, 0x00000006a4800000|100%| E|CS|TAMS 0x00000006a4400000, 0x00000006a4400000| Complete 
| 144|0x00000006a4800000, 0x00000006a4c00000, 0x00000006a4c00000|100%| E|CS|TAMS 0x00000006a4800000, 0x00000006a4800000| Complete 
| 145|0x00000006a4c00000, 0x00000006a5000000, 0x00000006a5000000|100%| E|CS|TAMS 0x00000006a4c00000, 0x00000006a4c00000| Complete 
| 146|0x00000006a5000000, 0x00000006a5400000, 0x00000006a5400000|100%| E|CS|TAMS 0x00000006a5000000, 0x00000006a5000000| Complete 
| 147|0x00000006a5400000, 0x00000006a5800000, 0x00000006a5800000|100%| E|CS|TAMS 0x00000006a5400000, 0x00000006a5400000| Complete 
| 148|0x00000006a5800000, 0x00000006a5c00000, 0x00000006a5c00000|100%| E|CS|TAMS 0x00000006a5800000, 0x00000006a5800000| Complete 
| 149|0x00000006a5c00000, 0x00000006a6000000, 0x00000006a6000000|100%| E|CS|TAMS 0x00000006a5c00000, 0x00000006a5c00000| Complete 
| 150|0x00000006a6000000, 0x00000006a6400000, 0x00000006a6400000|100%| E|CS|TAMS 0x00000006a6000000, 0x00000006a6000000| Complete 
| 151|0x00000006a6400000, 0x00000006a6800000, 0x00000006a6800000|100%| E|CS|TAMS 0x00000006a6400000, 0x00000006a6400000| Complete 
| 152|0x00000006a6800000, 0x00000006a6c00000, 0x00000006a6c00000|100%| E|CS|TAMS 0x00000006a6800000, 0x00000006a6800000| Complete 
| 153|0x00000006a6c00000, 0x00000006a7000000, 0x00000006a7000000|100%| E|CS|TAMS 0x00000006a6c00000, 0x00000006a6c00000| Complete 
| 154|0x00000006a7000000, 0x00000006a7400000, 0x00000006a7400000|100%| E|CS|TAMS 0x00000006a7000000, 0x00000006a7000000| Complete 
| 155|0x00000006a7400000, 0x00000006a7800000, 0x00000006a7800000|100%| E|CS|TAMS 0x00000006a7400000, 0x00000006a7400000| Complete 
| 156|0x00000006a7800000, 0x00000006a7c00000, 0x00000006a7c00000|100%| E|CS|TAMS 0x00000006a7800000, 0x00000006a7800000| Complete 

Card table byte_map: [0x000001e7998c0000,0x000001e79a4c0000] _byte_map_base: 0x000001e7964bc000

Marking Bits (Prev, Next): (CMBitMap*) 0x000001e784402700, (CMBitMap*) 0x000001e784402740
 Prev Bits: [0x000001e79b0c0000, 0x000001e7a10a0000)
 Next Bits: [0x000001e7a10a0000, 0x000001e7a7080000)

Polling page: 0x000001e784440000

Metaspace:

Usage:
  Non-class:     16.09 MB used.
      Class:      1.24 MB used.
       Both:     17.33 MB used.

Virtual space:
  Non-class space:       64.00 MB reserved,      16.12 MB ( 25%) committed,  1 nodes.
      Class space:        1.00 GB reserved,       1.31 MB ( <1%) committed,  1 nodes.
             Both:        1.06 GB reserved,      17.44 MB (  2%) committed. 

Chunk freelists:
   Non-Class:  15.56 MB
       Class:  14.70 MB
        Both:  30.27 MB

MaxMetaspaceSize: unlimited
CompressedClassSpaceSize: 1.00 GB
Initial GC threshold: 21.00 MB
Current GC threshold: 21.00 MB
CDS: off
MetaspaceReclaimPolicy: balanced
 - commit_granule_bytes: 65536.
 - commit_granule_words: 8192.
 - virtual_space_node_default_size: 8388608.
 - enlarge_chunks_in_place: 1.
 - new_chunks_are_fully_committed: 0.
 - uncommit_free_chunks: 1.
 - use_allocation_guard: 0.
 - handle_deallocations: 1.


Internal statistics:

num_allocs_failed_limit: 0.
num_arena_births: 68.
num_arena_deaths: 0.
num_vsnodes_births: 2.
num_vsnodes_deaths: 0.
num_space_committed: 277.
num_space_uncommitted: 0.
num_chunks_returned_to_freelist: 0.
num_chunks_taken_from_freelist: 316.
num_chunk_merges: 0.
num_chunk_splits: 233.
num_chunks_enlarged: 191.
num_inconsistent_stats: 0.

CodeHeap 'non-profiled nmethods': size=120000Kb used=1499Kb max_used=1499Kb free=118500Kb
 bounds [0x000001e790d20000, 0x000001e790f90000, 0x000001e798250000]
CodeHeap 'profiled nmethods': size=120000Kb used=3848Kb max_used=3848Kb free=116151Kb
 bounds [0x000001e789250000, 0x000001e789620000, 0x000001e790780000]
CodeHeap 'non-nmethods': size=5760Kb used=1793Kb max_used=1882Kb free=3966Kb
 bounds [0x000001e790780000, 0x000001e7909f0000, 0x000001e790d20000]
 total_blobs=2968 nmethods=1776 adapters=1105
 compilation: enabled
              stopped_count=0, restarted_count=0
 full_count=0

Compilation events (20 events):
Event: 12.555 Thread 0x000001e7a9c0bee0 nmethod 1766 0x000001e78960fb10 code [0x000001e78960fcc0, 0x000001e78960fe98]
Event: 13.021 Thread 0x000001e7a9c0bee0 1768       3       java.util.regex.Matcher::find (35 bytes)
Event: 13.022 Thread 0x000001e7a9c0bee0 nmethod 1768 0x000001e78960ff90 code [0x000001e789610180, 0x000001e789610598]
Event: 13.022 Thread 0x000001e7a9c0bee0 1769       3       java.util.regex.Pattern$$Lambda$45/0x00000008000e3d78::is (13 bytes)
Event: 13.022 Thread 0x000001e7a9c0bee0 nmethod 1769 0x000001e789610790 code [0x000001e789610940, 0x000001e789610b98]
Event: 13.022 Thread 0x000001e7a9c0bee0 1770       3       java.util.Formatter$FormatSpecifier::printFloat (87 bytes)
Event: 13.022 Thread 0x000001e7a9c0bee0 nmethod 1770 0x000001e789610c90 code [0x000001e789610f00, 0x000001e789611b08]
Event: 14.109 Thread 0x000001e7a9c0bee0 1771       3       org.lwjgl.system.MemoryStack::close (6 bytes)
Event: 14.110 Thread 0x000001e7a9c0bee0 nmethod 1771 0x000001e789611e10 code [0x000001e789611fa0, 0x000001e789612168]
Event: 14.201 Thread 0x000001e7a9c0b8e0 1772       4       sun.nio.cs.UTF_8$Decoder::decodeLoop (28 bytes)
Event: 14.201 Thread 0x000001e7a9c0b8e0 nmethod 1772 0x000001e790e94310 code [0x000001e790e944a0, 0x000001e790e94608]
Event: 14.201 Thread 0x000001e7a9c0b8e0 1773   !   4       java.nio.charset.CharsetDecoder::decode (275 bytes)
Event: 14.204 Thread 0x000001e7a9c0b8e0 nmethod 1773 0x000001e790e94790 code [0x000001e790e94940, 0x000001e790e94ba8]
Event: 14.204 Thread 0x000001e7a9c0b8e0 1774       4       sun.nio.cs.UTF_8$Decoder::decodeArrayLoop (688 bytes)
Event: 14.208 Thread 0x000001e7a9c0b8e0 nmethod 1774 0x000001e790e94f10 code [0x000001e790e950a0, 0x000001e790e95a98]
Event: 14.293 Thread 0x000001e7a9c0b8e0 1775       4       java.nio.ByteBuffer::flip (7 bytes)
Event: 14.293 Thread 0x000001e7a9c0b8e0 nmethod 1775 0x000001e790e96310 code [0x000001e790e96480, 0x000001e790e96518]
Event: 14.579 Thread 0x000001e7a9c0b8e0 1776       4       java.nio.Buffer::<init> (105 bytes)
Event: 14.581 Thread 0x000001e7a9c0b8e0 nmethod 1776 0x000001e790e96610 code [0x000001e790e967a0, 0x000001e790e96b98]
Event: 14.629 Thread 0x000001e7a9c0b8e0 1777       4       java.io.BufferedReader::fill (170 bytes)

GC Heap History (20 events):
Event: 2.217 GC heap after
{Heap after GC invocations=2 (full 0):
 garbage-first heap   total 393216K, used 3644K [0x0000000680800000, 0x0000000800000000)
  region size 4096K, 1 young (4096K), 1 survivors (4096K)
 Metaspace       used 16923K, committed 17152K, reserved 1114112K
  class space    used 1242K, committed 1344K, reserved 1048576K
}
Event: 7.121 GC heap before
{Heap before GC invocations=2 (full 0):
 garbage-first heap   total 393216K, used 237116K [0x0000000680800000, 0x0000000800000000)
  region size 4096K, 57 young (233472K), 1 survivors (4096K)
 Metaspace       used 17721K, committed 17856K, reserved 1114112K
  class space    used 1269K, committed 1344K, reserved 1048576K
}
Event: 7.124 GC heap after
{Heap after GC invocations=3 (full 0):
 garbage-first heap   total 393216K, used 11944K [0x0000000680800000, 0x0000000800000000)
  region size 4096K, 2 young (8192K), 2 survivors (8192K)
 Metaspace       used 17721K, committed 17856K, reserved 1114112K
  class space    used 1269K, committed 1344K, reserved 1048576K
}
Event: 10.587 GC heap before
{Heap before GC invocations=3 (full 0):
 garbage-first heap   total 393216K, used 241320K [0x0000000680800000, 0x0000000800000000)
  region size 4096K, 57 young (233472K), 2 survivors (8192K)
 Metaspace       used 17726K, committed 17856K, reserved 1114112K
  class space    used 1269K, committed 1344K, reserved 1048576K
}
Event: 10.594 GC heap after
{Heap after GC invocations=4 (full 0):
 garbage-first heap   total 393216K, used 23713K [0x0000000680800000, 0x0000000800000000)
  region size 4096K, 4 young (16384K), 4 survivors (16384K)
 Metaspace       used 17726K, committed 17856K, reserved 1114112K
  class space    used 1269K, committed 1344K, reserved 1048576K
}
Event: 10.723 GC heap before
{Heap before GC invocations=4 (full 0):
 garbage-first heap   total 393216K, used 240801K [0x0000000680800000, 0x0000000800000000)
  region size 4096K, 57 young (233472K), 4 survivors (16384K)
 Metaspace       used 17726K, committed 17856K, reserved 1114112K
  class space    used 1269K, committed 1344K, reserved 1048576K
}
Event: 10.730 GC heap after
{Heap after GC invocations=5 (full 0):
 garbage-first heap   total 393216K, used 29203K [0x0000000680800000, 0x0000000800000000)
  region size 4096K, 5 young (20480K), 5 survivors (20480K)
 Metaspace       used 17726K, committed 17856K, reserved 1114112K
  class space    used 1269K, committed 1344K, reserved 1048576K
}
Event: 10.867 GC heap before
{Heap before GC invocations=5 (full 0):
 garbage-first heap   total 393216K, used 242195K [0x0000000680800000, 0x0000000800000000)
  region size 4096K, 57 young (233472K), 5 survivors (20480K)
 Metaspace       used 17726K, committed 17856K, reserved 1114112K
  class space    used 1269K, committed 1344K, reserved 1048576K
}
Event: 10.883 GC heap after
{Heap after GC invocations=6 (full 0):
 garbage-first heap   total 393216K, used 44470K [0x0000000680800000, 0x0000000800000000)
  region size 4096K, 8 young (32768K), 8 survivors (32768K)
 Metaspace       used 17726K, committed 17856K, reserved 1114112K
  class space    used 1269K, committed 1344K, reserved 1048576K
}
Event: 12.367 GC heap before
{Heap before GC invocations=6 (full 0):
 garbage-first heap   total 393216K, used 273846K [0x0000000680800000, 0x0000000800000000)
  region size 4096K, 57 young (233472K), 8 survivors (32768K)
 Metaspace       used 17740K, committed 17856K, reserved 1114112K
  class space    used 1269K, committed 1344K, reserved 1048576K
}
Event: 12.369 GC heap after
{Heap after GC invocations=7 (full 0):
 garbage-first heap   total 393216K, used 60430K [0x0000000680800000, 0x0000000800000000)
  region size 4096K, 2 young (8192K), 2 survivors (8192K)
 Metaspace       used 17740K, committed 17856K, reserved 1114112K
  class space    used 1269K, committed 1344K, reserved 1048576K
}
Event: 12.510 GC heap before
{Heap before GC invocations=7 (full 0):
 garbage-first heap   total 393216K, used 285710K [0x0000000680800000, 0x0000000800000000)
  region size 4096K, 57 young (233472K), 2 survivors (8192K)
 Metaspace       used 17740K, committed 17856K, reserved 1114112K
  class space    used 1269K, committed 1344K, reserved 1048576K
}
Event: 12.515 GC heap after
{Heap after GC invocations=8 (full 0):
 garbage-first heap   total 393216K, used 68629K [0x0000000680800000, 0x0000000800000000)
  region size 4096K, 4 young (16384K), 4 survivors (16384K)
 Metaspace       used 17740K, committed 17856K, reserved 1114112K
  class space    used 1269K, committed 1344K, reserved 1048576K
}
Event: 14.175 GC heap before
{Heap before GC invocations=8 (full 0):
 garbage-first heap   total 393216K, used 285717K [0x0000000680800000, 0x0000000800000000)
  region size 4096K, 57 young (233472K), 4 survivors (16384K)
 Metaspace       used 17747K, committed 17856K, reserved 1114112K
  class space    used 1269K, committed 1344K, reserved 1048576K
}
Event: 14.179 GC heap after
{Heap after GC invocations=9 (full 0):
 garbage-first heap   total 393216K, used 77209K [0x0000000680800000, 0x0000000800000000)
  region size 4096K, 5 young (20480K), 5 survivors (20480K)
 Metaspace       used 17747K, committed 17856K, reserved 1114112K
  class space    used 1269K, committed 1344K, reserved 1048576K
}
Event: 14.296 GC heap before
{Heap before GC invocations=9 (full 0):
 garbage-first heap   total 393216K, used 290201K [0x0000000680800000, 0x0000000800000000)
  region size 4096K, 57 young (233472K), 5 survivors (20480K)
 Metaspace       used 17747K, committed 17856K, reserved 1114112K
  class space    used 1269K, committed 1344K, reserved 1048576K
}
Event: 14.302 GC heap after
{Heap after GC invocations=10 (full 0):
 garbage-first heap   total 393216K, used 81649K [0x0000000680800000, 0x0000000800000000)
  region size 4096K, 5 young (20480K), 5 survivors (20480K)
 Metaspace       used 17747K, committed 17856K, reserved 1114112K
  class space    used 1269K, committed 1344K, reserved 1048576K
}
Event: 14.410 GC heap before
{Heap before GC invocations=10 (full 0):
 garbage-first heap   total 393216K, used 294641K [0x0000000680800000, 0x0000000800000000)
  region size 4096K, 57 young (233472K), 5 survivors (20480K)
 Metaspace       used 17747K, committed 17856K, reserved 1114112K
  class space    used 1269K, committed 1344K, reserved 1048576K
}
Event: 14.417 GC heap after
{Heap after GC invocations=11 (full 0):
 garbage-first heap   total 643072K, used 86055K [0x0000000680800000, 0x0000000800000000)
  region size 4096K, 5 young (20480K), 5 survivors (20480K)
 Metaspace       used 17747K, committed 17856K, reserved 1114112K
  class space    used 1269K, committed 1344K, reserved 1048576K
}
Event: 14.673 GC heap before
{Heap before GC invocations=11 (full 0):
 garbage-first heap   total 643072K, used 450599K [0x0000000680800000, 0x0000000800000000)
  region size 4096K, 94 young (385024K), 5 survivors (20480K)
 Metaspace       used 17747K, committed 17856K, reserved 1114112K
  class space    used 1269K, committed 1344K, reserved 1048576K
}

Dll operation events (11 events):
Event: 0.016 Loaded shared library C:\Users\alex\.p2\pool\plugins\org.eclipse.justj.openjdk.hotspot.jre.full.win32.x86_64_17.0.7.v20230425-1502\jre\bin\java.dll
Event: 0.303 Loaded shared library C:\Users\alex\.p2\pool\plugins\org.eclipse.justj.openjdk.hotspot.jre.full.win32.x86_64_17.0.7.v20230425-1502\jre\bin\zip.dll
Event: 0.307 Loaded shared library C:\Users\alex\.p2\pool\plugins\org.eclipse.justj.openjdk.hotspot.jre.full.win32.x86_64_17.0.7.v20230425-1502\jre\bin\instrument.dll
Event: 0.319 Loaded shared library C:\Users\alex\.p2\pool\plugins\org.eclipse.justj.openjdk.hotspot.jre.full.win32.x86_64_17.0.7.v20230425-1502\jre\bin\net.dll
Event: 0.320 Loaded shared library C:\Users\alex\.p2\pool\plugins\org.eclipse.justj.openjdk.hotspot.jre.full.win32.x86_64_17.0.7.v20230425-1502\jre\bin\nio.dll
Event: 0.328 Loaded shared library C:\Users\alex\.p2\pool\plugins\org.eclipse.justj.openjdk.hotspot.jre.full.win32.x86_64_17.0.7.v20230425-1502\jre\bin\zip.dll
Event: 0.431 Loaded shared library C:\Users\alex\.p2\pool\plugins\org.eclipse.justj.openjdk.hotspot.jre.full.win32.x86_64_17.0.7.v20230425-1502\jre\bin\jimage.dll
Event: 0.487 Loaded shared library C:\Users\alex\.p2\pool\plugins\org.eclipse.justj.openjdk.hotspot.jre.full.win32.x86_64_17.0.7.v20230425-1502\jre\bin\verify.dll
Event: 0.580 Loaded shared library C:\Users\alex\AppData\Local\Temp\lwjgl_alex\3.3.4+7\x64\lwjgl.dll
Event: 0.929 Loaded shared library C:\Users\alex\AppData\Local\Temp\lwjgl_alex\3.3.4+7\x64\lwjgl_opengl.dll
Event: 1.040 Loaded shared library C:\Users\alex\AppData\Local\Temp\lwjgl_alex\3.3.4+7\x64\lwjgl_stb.dll

Deoptimization events (20 events):
Event: 7.176 Thread 0x000001e784379720 DEOPT PACKING pc=0x000001e790e30eb8 sp=0x00000063d0eff320
Event: 7.176 Thread 0x000001e784379720 DEOPT UNPACKING pc=0x000001e7907d69a3 sp=0x00000063d0eff1c8 mode 2
Event: 7.708 Thread 0x000001e784379720 Uncommon trap: trap_request=0xffffff45 fr.pc=0x000001e790dae8cc relative=0x000000000000060c
Event: 7.708 Thread 0x000001e784379720 Uncommon trap: reason=unstable_if action=reinterpret pc=0x000001e790dae8cc method=jdk.internal.math.FDBigInteger.leftShift(I)Ljdk/internal/math/FDBigInteger; @ 26 c2
Event: 7.708 Thread 0x000001e784379720 DEOPT PACKING pc=0x000001e790dae8cc sp=0x00000063d0efe9c0
Event: 7.708 Thread 0x000001e784379720 DEOPT UNPACKING pc=0x000001e7907d69a3 sp=0x00000063d0efe970 mode 2
Event: 7.708 Thread 0x000001e784379720 Uncommon trap: trap_request=0xffffff45 fr.pc=0x000001e790e37b84 relative=0x00000000000002e4
Event: 7.708 Thread 0x000001e784379720 Uncommon trap: reason=unstable_if action=reinterpret pc=0x000001e790e37b84 method=jdk.internal.math.FDBigInteger.cmp(Ljdk/internal/math/FDBigInteger;)I @ 22 c2
Event: 7.708 Thread 0x000001e784379720 DEOPT PACKING pc=0x000001e790e37b84 sp=0x00000063d0efea00
Event: 7.708 Thread 0x000001e784379720 DEOPT UNPACKING pc=0x000001e7907d69a3 sp=0x00000063d0efe978 mode 2
Event: 7.708 Thread 0x000001e784379720 Uncommon trap: trap_request=0xffffff45 fr.pc=0x000001e790e2d260 relative=0x00000000000004c0
Event: 7.708 Thread 0x000001e784379720 Uncommon trap: reason=unstable_if action=reinterpret pc=0x000001e790e2d260 method=jdk.internal.math.FDBigInteger.valueOfMulPow52(JII)Ljdk/internal/math/FDBigInteger; @ 138 c2
Event: 7.708 Thread 0x000001e784379720 DEOPT PACKING pc=0x000001e790e2d260 sp=0x00000063d0efe990
Event: 7.708 Thread 0x000001e784379720 DEOPT UNPACKING pc=0x000001e7907d69a3 sp=0x00000063d0efe958 mode 2
Event: 10.535 Thread 0x000001e784379720 DEOPT PACKING pc=0x000001e7895db5ff sp=0x00000063d0efeff0
Event: 10.535 Thread 0x000001e784379720 DEOPT UNPACKING pc=0x000001e7907d7143 sp=0x00000063d0efe6c0 mode 0
Event: 10.614 Thread 0x000001e784379720 Uncommon trap: trap_request=0xffffff45 fr.pc=0x000001e790e54da4 relative=0x0000000000003064
Event: 10.614 Thread 0x000001e784379720 Uncommon trap: reason=unstable_if action=reinterpret pc=0x000001e790e54da4 method=loaders.ObjLoader.loadObj(Ljava/lang/String;)Ltoolbox/Mesh; @ 249 c2
Event: 10.614 Thread 0x000001e784379720 DEOPT PACKING pc=0x000001e790e54da4 sp=0x00000063d0eff230
Event: 10.614 Thread 0x000001e784379720 DEOPT UNPACKING pc=0x000001e7907d69a3 sp=0x00000063d0eff1d0 mode 2

Classes unloaded (0 events):
No events

Classes redefined (0 events):
No events

Internal exceptions (20 events):
Event: 0.584 Thread 0x000001e784379720 Exception <a 'sun/nio/fs/WindowsException'{0x0000000697e5bc28}> (0x0000000697e5bc28) 
thrown [s\src\hotspot\share\prims\jni.cpp, line 516]
Event: 0.594 Thread 0x000001e784379720 Exception <a 'sun/nio/fs/WindowsException'{0x0000000697edb6d8}> (0x0000000697edb6d8) 
thrown [s\src\hotspot\share\prims\jni.cpp, line 516]
Event: 0.594 Thread 0x000001e784379720 Exception <a 'sun/nio/fs/WindowsException'{0x0000000697edba30}> (0x0000000697edba30) 
thrown [s\src\hotspot\share\prims\jni.cpp, line 516]
Event: 0.599 Thread 0x000001e784379720 Exception <a 'java/lang/NoSuchMethodError'{0x0000000697f7afc8}: 'java.lang.Object java.lang.invoke.DirectMethodHandle$Holder.invokeStaticInit(java.lang.Object)'> (0x0000000697f7afc8) 
thrown [s\src\hotspot\share\interpreter\linkResolver.cpp, line 759]
Event: 0.604 Thread 0x000001e784379720 Exception <a 'java/lang/NoSuchMethodError'{0x0000000697fcb630}: 'int java.lang.invoke.DirectMethodHandle$Holder.invokeStaticInit(java.lang.Object, java.lang.Object, int, long)'> (0x0000000697fcb630) 
thrown [s\src\hotspot\share\interpreter\linkResolver.cpp, line 759]
Event: 0.604 Thread 0x000001e784379720 Exception <a 'java/lang/NoSuchMethodError'{0x0000000697fd0ef8}: 'java.lang.Object java.lang.invoke.DirectMethodHandle$Holder.newInvokeSpecial(java.lang.Object, java.lang.Object, int)'> (0x0000000697fd0ef8) 
thrown [s\src\hotspot\share\interpreter\linkResolver.cpp, line 759]
Event: 0.606 Thread 0x000001e784379720 Exception <a 'java/lang/NoSuchMethodError'{0x0000000697feae00}: 'int java.lang.invoke.DirectMethodHandle$Holder.invokeStaticInit(java.lang.Object, java.lang.Object, long, long)'> (0x0000000697feae00) 
thrown [s\src\hotspot\share\interpreter\linkResolver.cpp, line 759]
Event: 0.607 Thread 0x000001e784379720 Exception <a 'java/lang/NoSuchMethodError'{0x0000000697ff0f10}: 'java.lang.Object java.lang.invoke.DirectMethodHandle$Holder.newInvokeSpecial(java.lang.Object, java.lang.Object, long)'> (0x0000000697ff0f10) 
thrown [s\src\hotspot\share\interpreter\linkResolver.cpp, line 759]
Event: 0.607 Thread 0x000001e784379720 Exception <a 'java/lang/NoSuchMethodError'{0x0000000697ff5200}: 'java.lang.Object java.lang.invoke.Invokers$Holder.linkToTargetMethod(java.lang.Object, long, java.lang.Object)'> (0x0000000697ff5200) 
thrown [s\src\hotspot\share\interpreter\linkResolver.cpp, line 759]
Event: 0.608 Thread 0x000001e784379720 Exception <a 'java/lang/NoSuchMethodError'{0x0000000697ffc918}: 'int java.lang.invoke.DirectMethodHandle$Holder.invokeStaticInit(java.lang.Object, java.lang.Object, java.lang.Object, long)'> (0x0000000697ffc918) 
thrown [s\src\hotspot\share\interpreter\linkResolver.cpp, line 759]
Event: 0.928 Thread 0x000001e784379720 Exception <a 'sun/nio/fs/WindowsException'{0x0000000697a24ec8}> (0x0000000697a24ec8) 
thrown [s\src\hotspot\share\prims\jni.cpp, line 516]
Event: 0.928 Thread 0x000001e784379720 Exception <a 'sun/nio/fs/WindowsException'{0x0000000697a25258}> (0x0000000697a25258) 
thrown [s\src\hotspot\share\prims\jni.cpp, line 516]
Event: 0.933 Thread 0x000001e784379720 Exception <a 'sun/nio/fs/WindowsException'{0x0000000697a350d8}> (0x0000000697a350d8) 
thrown [s\src\hotspot\share\prims\jni.cpp, line 516]
Event: 0.933 Thread 0x000001e784379720 Exception <a 'sun/nio/fs/WindowsException'{0x0000000697a353a8}> (0x0000000697a353a8) 
thrown [s\src\hotspot\share\prims\jni.cpp, line 516]
Event: 1.038 Thread 0x000001e784379720 Exception <a 'sun/nio/fs/WindowsException'{0x0000000698735990}> (0x0000000698735990) 
thrown [s\src\hotspot\share\prims\jni.cpp, line 516]
Event: 1.039 Thread 0x000001e784379720 Exception <a 'sun/nio/fs/WindowsException'{0x0000000698735d00}> (0x0000000698735d00) 
thrown [s\src\hotspot\share\prims\jni.cpp, line 516]
Event: 6.314 Thread 0x000001e784379720 Exception <a 'sun/nio/fs/WindowsException'{0x0000000698378468}> (0x0000000698378468) 
thrown [s\src\hotspot\share\prims\jni.cpp, line 516]
Event: 6.314 Thread 0x000001e784379720 Exception <a 'sun/nio/fs/WindowsException'{0x00000006983787c8}> (0x00000006983787c8) 
thrown [s\src\hotspot\share\prims\jni.cpp, line 516]
Event: 6.352 Thread 0x000001e784379720 Exception <a 'sun/nio/fs/WindowsException'{0x000000069838b2b0}> (0x000000069838b2b0) 
thrown [s\src\hotspot\share\prims\jni.cpp, line 516]
Event: 6.352 Thread 0x000001e784379720 Exception <a 'sun/nio/fs/WindowsException'{0x000000069838b620}> (0x000000069838b620) 
thrown [s\src\hotspot\share\prims\jni.cpp, line 516]

VM Operations (20 events):
Event: 7.124 Executing VM operation: G1CollectForAllocation done
Event: 8.127 Executing VM operation: Cleanup
Event: 8.127 Executing VM operation: Cleanup done
Event: 10.587 Executing VM operation: G1CollectForAllocation
Event: 10.594 Executing VM operation: G1CollectForAllocation done
Event: 10.723 Executing VM operation: G1CollectForAllocation
Event: 10.730 Executing VM operation: G1CollectForAllocation done
Event: 10.867 Executing VM operation: G1CollectForAllocation
Event: 10.883 Executing VM operation: G1CollectForAllocation done
Event: 12.367 Executing VM operation: G1CollectForAllocation
Event: 12.369 Executing VM operation: G1CollectForAllocation done
Event: 12.510 Executing VM operation: G1CollectForAllocation
Event: 12.515 Executing VM operation: G1CollectForAllocation done
Event: 14.175 Executing VM operation: G1CollectForAllocation
Event: 14.179 Executing VM operation: G1CollectForAllocation done
Event: 14.296 Executing VM operation: G1CollectForAllocation
Event: 14.302 Executing VM operation: G1CollectForAllocation done
Event: 14.409 Executing VM operation: G1CollectForAllocation
Event: 14.417 Executing VM operation: G1CollectForAllocation done
Event: 14.673 Executing VM operation: G1CollectForAllocation

Events (20 events):
Event: 2.213 Thread 0x000001e7b0bb5f40 Thread added: 0x000001e7b0bb5f40
Event: 2.222 Thread 0x000001e7b6aee540 Thread added: 0x000001e7b6aee540
Event: 2.612 Thread 0x000001e7b6aee540 Thread exited: 0x000001e7b6aee540
Event: 2.612 Thread 0x000001e7b0bb5f40 Thread exited: 0x000001e7b0bb5f40
Event: 3.368 Thread 0x000001e7b10574b0 Thread added: 0x000001e7b10574b0
Event: 3.369 Thread 0x000001e7b731f0f0 Thread added: 0x000001e7b731f0f0
Event: 3.657 Thread 0x000001e7b731f0f0 Thread exited: 0x000001e7b731f0f0
Event: 3.657 Thread 0x000001e7b10574b0 Thread exited: 0x000001e7b10574b0
Event: 3.999 Thread 0x000001e7b6e72680 Thread added: 0x000001e7b6e72680
Event: 4.538 Thread 0x000001e7b6e72680 Thread exited: 0x000001e7b6e72680
Event: 6.356 Thread 0x000001e7b69c9b90 Thread added: 0x000001e7b69c9b90
Event: 6.402 Thread 0x000001e7b1580160 Thread added: 0x000001e7b1580160
Event: 6.575 Thread 0x000001e7b1580160 Thread exited: 0x000001e7b1580160
Event: 6.643 Thread 0x000001e7b6aeb700 Thread added: 0x000001e7b6aeb700
Event: 6.832 Thread 0x000001e7b6aeb700 Thread exited: 0x000001e7b6aeb700
Event: 6.879 Thread 0x000001e7b8b6da90 Thread added: 0x000001e7b8b6da90
Event: 7.708 Thread 0x000001e7b8b6da90 Thread exited: 0x000001e7b8b6da90
Event: 7.708 Thread 0x000001e7b69c9b90 Thread exited: 0x000001e7b69c9b90
Event: 11.049 Thread 0x000001e7b80de0b0 Thread added: 0x000001e7b80de0b0
Event: 11.151 Thread 0x000001e7b80de0b0 Thread exited: 0x000001e7b80de0b0


Dynamic libraries:
0x00007ff6849f0000 - 0x00007ff6849fe000 	C:\Users\alex\.p2\pool\plugins\org.eclipse.justj.openjdk.hotspot.jre.full.win32.x86_64_17.0.7.v20230425-1502\jre\bin\javaw.exe
0x00007ff908710000 - 0x00007ff908908000 	C:\WINDOWS\SYSTEM32\ntdll.dll
0x00007ff9080a0000 - 0x00007ff908162000 	C:\WINDOWS\System32\KERNEL32.DLL
0x00007ff906220000 - 0x00007ff906516000 	C:\WINDOWS\System32\KERNELBASE.dll
0x00007ff905e30000 - 0x00007ff905f30000 	C:\WINDOWS\System32\ucrtbase.dll
0x00007ff8f2f10000 - 0x00007ff8f2f27000 	C:\Users\alex\.p2\pool\plugins\org.eclipse.justj.openjdk.hotspot.jre.full.win32.x86_64_17.0.7.v20230425-1502\jre\bin\jli.dll
0x00007ff907290000 - 0x00007ff907431000 	C:\WINDOWS\System32\USER32.dll
0x00007ff906570000 - 0x00007ff906592000 	C:\WINDOWS\System32\win32u.dll
0x00007ff908630000 - 0x00007ff90865b000 	C:\WINDOWS\System32\GDI32.dll
0x00007ff905f30000 - 0x00007ff906049000 	C:\WINDOWS\System32\gdi32full.dll
0x00007ff9060d0000 - 0x00007ff90616d000 	C:\WINDOWS\System32\msvcp_win.dll
0x00007ff8caf10000 - 0x00007ff8caf29000 	C:\Users\alex\.p2\pool\plugins\org.eclipse.justj.openjdk.hotspot.jre.full.win32.x86_64_17.0.7.v20230425-1502\jre\bin\VCRUNTIME140.dll
0x00007ff9051a0000 - 0x00007ff90543b000 	C:\WINDOWS\WinSxS\amd64_microsoft.windows.common-controls_6595b64144ccf1df_6.0.19041.6456_none_60b8a6cb71f64256\COMCTL32.dll
0x00007ff908000000 - 0x00007ff90809e000 	C:\WINDOWS\System32\msvcrt.dll
0x00007ff9068b0000 - 0x00007ff9068df000 	C:\WINDOWS\System32\IMM32.DLL
0x00007ff901730000 - 0x00007ff90173c000 	C:\Users\alex\.p2\pool\plugins\org.eclipse.justj.openjdk.hotspot.jre.full.win32.x86_64_17.0.7.v20230425-1502\jre\bin\vcruntime140_1.dll
0x00007ff8c4020000 - 0x00007ff8c40b1000 	C:\Users\alex\.p2\pool\plugins\org.eclipse.justj.openjdk.hotspot.jre.full.win32.x86_64_17.0.7.v20230425-1502\jre\bin\msvcp140.dll
0x00007ff8625a0000 - 0x00007ff8631e8000 	C:\Users\alex\.p2\pool\plugins\org.eclipse.justj.openjdk.hotspot.jre.full.win32.x86_64_17.0.7.v20230425-1502\jre\bin\server\jvm.dll
0x00007ff908170000 - 0x00007ff908221000 	C:\WINDOWS\System32\ADVAPI32.dll
0x00007ff9075e0000 - 0x00007ff90767f000 	C:\WINDOWS\System32\sechost.dll
0x00007ff906790000 - 0x00007ff9068b0000 	C:\WINDOWS\System32\RPCRT4.dll
0x00007ff905e00000 - 0x00007ff905e27000 	C:\WINDOWS\System32\bcrypt.dll
0x00007ff8d4ce0000 - 0x00007ff8d4ce9000 	C:\WINDOWS\SYSTEM32\WSOCK32.dll
0x00007ff9082b0000 - 0x00007ff90831b000 	C:\WINDOWS\System32\WS2_32.dll
0x00007ff8f6470000 - 0x00007ff8f6497000 	C:\WINDOWS\SYSTEM32\WINMM.dll
0x00007ff8fd610000 - 0x00007ff8fd61a000 	C:\WINDOWS\SYSTEM32\VERSION.dll
0x00007ff9035b0000 - 0x00007ff9035c2000 	C:\WINDOWS\SYSTEM32\kernel.appcore.dll
0x00007ff8d3c20000 - 0x00007ff8d3c2a000 	C:\Users\alex\.p2\pool\plugins\org.eclipse.justj.openjdk.hotspot.jre.full.win32.x86_64_17.0.7.v20230425-1502\jre\bin\jimage.dll
0x00007ff9057e0000 - 0x00007ff9059e1000 	C:\WINDOWS\SYSTEM32\DBGHELP.DLL
0x00007ff905720000 - 0x00007ff905754000 	C:\WINDOWS\SYSTEM32\dbgcore.DLL
0x00007ff9065a0000 - 0x00007ff906622000 	C:\WINDOWS\System32\bcryptPrimitives.dll
0x00007ff8cd8e0000 - 0x00007ff8cd91b000 	C:\Users\alex\.p2\pool\plugins\org.eclipse.justj.openjdk.hotspot.jre.full.win32.x86_64_17.0.7.v20230425-1502\jre\bin\jdwp.dll
0x00007ff8de230000 - 0x00007ff8de23e000 	C:\Users\alex\.p2\pool\plugins\org.eclipse.justj.openjdk.hotspot.jre.full.win32.x86_64_17.0.7.v20230425-1502\jre\bin\instrument.dll
0x00007ff8c5c60000 - 0x00007ff8c5c85000 	C:\Users\alex\.p2\pool\plugins\org.eclipse.justj.openjdk.hotspot.jre.full.win32.x86_64_17.0.7.v20230425-1502\jre\bin\java.dll
0x00007ff8c9f10000 - 0x00007ff8c9f28000 	C:\Users\alex\.p2\pool\plugins\org.eclipse.justj.openjdk.hotspot.jre.full.win32.x86_64_17.0.7.v20230425-1502\jre\bin\zip.dll
0x00007ff906a10000 - 0x00007ff907180000 	C:\WINDOWS\System32\SHELL32.dll
0x00007ff9037b0000 - 0x00007ff903f55000 	C:\WINDOWS\SYSTEM32\windows.storage.dll
0x00007ff907740000 - 0x00007ff907a94000 	C:\WINDOWS\System32\combase.dll
0x00007ff905050000 - 0x00007ff90507b000 	C:\WINDOWS\SYSTEM32\Wldp.dll
0x00007ff908560000 - 0x00007ff90862d000 	C:\WINDOWS\System32\OLEAUT32.dll
0x00007ff9071e0000 - 0x00007ff90728d000 	C:\WINDOWS\System32\SHCORE.dll
0x00007ff908230000 - 0x00007ff90828b000 	C:\WINDOWS\System32\shlwapi.dll
0x00007ff905d30000 - 0x00007ff905d54000 	C:\WINDOWS\SYSTEM32\profapi.dll
0x00007ff8d2a70000 - 0x00007ff8d2a7c000 	C:\Users\alex\.p2\pool\plugins\org.eclipse.justj.openjdk.hotspot.jre.full.win32.x86_64_17.0.7.v20230425-1502\jre\bin\dt_socket.dll
0x00007ff904b00000 - 0x00007ff904b3b000 	C:\WINDOWS\SYSTEM32\IPHLPAPI.DLL
0x00007ff904de0000 - 0x00007ff904e4a000 	C:\WINDOWS\system32\mswsock.dll
0x00007ff904b40000 - 0x00007ff904c0a000 	C:\WINDOWS\SYSTEM32\DNSAPI.dll
0x00007ff908660000 - 0x00007ff908668000 	C:\WINDOWS\System32\NSI.dll
0x000000005bc30000 - 0x000000005bc65000 	C:\Program Files\Bonjour\mdnsNSP.dll
0x00007ff8f5190000 - 0x00007ff8f519a000 	C:\Windows\System32\rasadhlp.dll
0x00007ff8f5110000 - 0x00007ff8f5190000 	C:\WINDOWS\System32\fwpuclnt.dll
0x00007ff8c78c0000 - 0x00007ff8c78d9000 	C:\Users\alex\.p2\pool\plugins\org.eclipse.justj.openjdk.hotspot.jre.full.win32.x86_64_17.0.7.v20230425-1502\jre\bin\net.dll
0x00007ff8fe020000 - 0x00007ff8fe12a000 	C:\WINDOWS\SYSTEM32\WINHTTP.dll
0x00007ff8c5ca0000 - 0x00007ff8c5cb5000 	C:\Users\alex\.p2\pool\plugins\org.eclipse.justj.openjdk.hotspot.jre.full.win32.x86_64_17.0.7.v20230425-1502\jre\bin\nio.dll
0x00007ff8d3aa0000 - 0x00007ff8d3ab0000 	C:\Users\alex\.p2\pool\plugins\org.eclipse.justj.openjdk.hotspot.jre.full.win32.x86_64_17.0.7.v20230425-1502\jre\bin\verify.dll
0x00007ff8c3fa0000 - 0x00007ff8c401b000 	C:\Users\alex\AppData\Local\Temp\lwjgl_alex\3.3.4+7\x64\lwjgl.dll
0x00007ff8c2b90000 - 0x00007ff8c2c15000 	C:\Users\alex\AppData\Local\Temp\lwjgl_alex\3.3.4+7\x64\glfw.dll
0x00007ff8c43a0000 - 0x00007ff8c43e5000 	C:\WINDOWS\SYSTEM32\dinput8.dll
0x00007ff8c6800000 - 0x00007ff8c6811000 	C:\WINDOWS\SYSTEM32\xinput1_4.dll
0x00007ff906520000 - 0x00007ff90656e000 	C:\WINDOWS\System32\cfgmgr32.dll
0x00007ff905b90000 - 0x00007ff905bc3000 	C:\WINDOWS\SYSTEM32\DEVOBJ.dll
0x00007ff9032c0000 - 0x00007ff9032ee000 	C:\WINDOWS\SYSTEM32\dwmapi.dll
0x00007ff8faa60000 - 0x00007ff8fabb2000 	C:\WINDOWS\SYSTEM32\inputhost.dll
0x00007ff901500000 - 0x00007ff901657000 	C:\WINDOWS\SYSTEM32\wintypes.dll
0x00007ff9024b0000 - 0x00007ff9025a2000 	C:\WINDOWS\SYSTEM32\CoreMessaging.dll
0x00007ff901370000 - 0x00007ff901464000 	C:\WINDOWS\SYSTEM32\PROPSYS.dll
0x00007ff900570000 - 0x00007ff9008cb000 	C:\WINDOWS\SYSTEM32\CoreUIComponents.dll
0x00007ff905b30000 - 0x00007ff905b63000 	C:\WINDOWS\SYSTEM32\ntmarta.dll
0x00007ff903110000 - 0x00007ff9031ae000 	C:\WINDOWS\system32\uxtheme.dll
0x00007ff907440000 - 0x00007ff907555000 	C:\WINDOWS\System32\MSCTF.dll
0x00007ff8c2850000 - 0x00007ff8c2978000 	C:\WINDOWS\SYSTEM32\opengl32.dll
0x00007ff8c42e0000 - 0x00007ff8c430c000 	C:\WINDOWS\SYSTEM32\GLU32.dll
0x00007ff907690000 - 0x00007ff907739000 	C:\WINDOWS\System32\clbcatq.dll
0x00007ff85f5e0000 - 0x00007ff86259f000 	C:\WINDOWS\System32\DriverStore\FileRepository\nvgbdi.inf_amd64_4a2574804558c4b2\nvoglv64.dll
0x00007ff907b90000 - 0x00007ff908000000 	C:\WINDOWS\System32\SETUPAPI.dll
0x00007ff9068e0000 - 0x00007ff906a0b000 	C:\WINDOWS\System32\ole32.dll
0x00007ff900550000 - 0x00007ff900564000 	C:\WINDOWS\SYSTEM32\WTSAPI32.dll
0x00007ff905020000 - 0x00007ff90502c000 	C:\WINDOWS\SYSTEM32\CRYPTBASE.DLL
0x00007ff905550000 - 0x00007ff905562000 	C:\WINDOWS\SYSTEM32\msasn1.dll
0x00007ff8fd5b0000 - 0x00007ff8fd5e1000 	C:\WINDOWS\SYSTEM32\cryptnet.dll
0x00007ff906630000 - 0x00007ff90678d000 	C:\WINDOWS\System32\CRYPT32.dll
0x00007ff8fa450000 - 0x00007ff8fa597000 	C:\WINDOWS\SYSTEM32\drvstore.dll
0x00007ff906050000 - 0x00007ff9060c3000 	C:\WINDOWS\System32\WINTRUST.dll
0x00007ff900ca0000 - 0x00007ff900cdb000 	C:\WINDOWS\SYSTEM32\dxcore.dll
0x00007ff894c10000 - 0x00007ff894ed5000 	C:\WINDOWS\system32\nvspcap64.dll
0x00007ff9059f0000 - 0x00007ff905a3b000 	C:\WINDOWS\SYSTEM32\powrprof.dll
0x00007ff905530000 - 0x00007ff905542000 	C:\WINDOWS\SYSTEM32\UMPDC.dll
0x00007ff904410000 - 0x00007ff904473000 	C:\WINDOWS\SYSTEM32\WINSTA.dll
0x00007ff8fabd0000 - 0x00007ff8facc9000 	C:\WINDOWS\SYSTEM32\textinputframework.dll
0x00007ff8c2ab0000 - 0x00007ff8c2b11000 	C:\Users\alex\AppData\Local\Temp\lwjgl_alex\3.3.4+7\x64\lwjgl_opengl.dll
0x00007ff8c2100000 - 0x00007ff8c21a0000 	C:\Users\alex\AppData\Local\Temp\lwjgl_alex\3.3.4+7\x64\lwjgl_stb.dll
0x00007ff8c1fd0000 - 0x00007ff8c20f8000 	C:\Users\alex\AppData\Local\Temp\lwjgl_alex\3.3.4+7\x64\draco.dll
0x00007ff8671c0000 - 0x00007ff86787b000 	C:\Users\alex\AppData\Local\Temp\lwjgl_alex\3.3.4+7\x64\assimp.dll

dbghelp: loaded successfully - version: 4.0.5 - missing functions: none
symbol engine: initialized successfully - sym options: 0x614 - pdb path: .;C:\Users\alex\.p2\pool\plugins\org.eclipse.justj.openjdk.hotspot.jre.full.win32.x86_64_17.0.7.v20230425-1502\jre\bin;C:\WINDOWS\SYSTEM32;C:\WINDOWS\WinSxS\amd64_microsoft.windows.common-controls_6595b64144ccf1df_6.0.19041.6456_none_60b8a6cb71f64256;C:\Users\alex\.p2\pool\plugins\org.eclipse.justj.openjdk.hotspot.jre.full.win32.x86_64_17.0.7.v20230425-1502\jre\bin\server;C:\Program Files\Bonjour;C:\Users\alex\AppData\Local\Temp\lwjgl_alex\3.3.4+7\x64;C:\WINDOWS\System32\DriverStore\FileRepository\nvgbdi.inf_amd64_4a2574804558c4b2

VM Arguments:
jvm_args: -XX:+ShowCodeDetailsInExceptionMessages -agentlib:jdwp=transport=dt_socket,suspend=y,address=localhost:46903 -javaagent:D:\Eclipse\eclipse\configuration\org.eclipse.osgi\231\0\.cp\lib\javaagent-shaded.jar -Dfile.encoding=UTF-8 
java_command: main.Main
java_class_path (initial): D:\Code Space\Java\CurrentRenderingPipeline\bin;D:\Code Space\Java\CurrentRenderingPipeline\lib\jars\jbullet.jar;D:\Code Space\Java\CurrentRenderingPipeline\lib\jars\jinput-2.0.10.jar;D:\Code Space\Java\CurrentRenderingPipeline\lib\jars\joml-1.10.7.jar;D:\Code Space\Java\CurrentRenderingPipeline\lib\jars\joml-1.10.7-javadoc.jar;D:\Code Space\Java\CurrentRenderingPipeline\lib\jars\joml-1.10.7-sources.jar;D:\Code Space\Java\CurrentRenderingPipeline\lib\jars\lwjgl_util.jar;D:\Code Space\Java\CurrentRenderingPipeline\lib\jars\lwjgl.jar;D:\Code Space\Java\CurrentRenderingPipeline\lib\jars\lwjgl-assimp.jar;D:\Code Space\Java\CurrentRenderingPipeline\lib\jars\lwjgl-assimp-javadoc.jar;D:\Code Space\Java\CurrentRenderingPipeline\lib\jars\lwjgl-assimp-natives-windows.jar;D:\Code Space\Java\CurrentRenderingPipeline\lib\jars\lwjgl-assimp-sources.jar;D:\Code Space\Java\CurrentRenderingPipeline\lib\jars\lwjgl-glfw.jar;D:\Code Space\Java\CurrentRenderingPipeline\lib\jars\lwjgl-glfw-javadoc.jar;D:\Code Space\Java\CurrentRenderingPipeline\lib\jars\lwjgl-glfw-natives-windows.jar;D:\Code Space\Java\CurrentRenderingPipeline\lib\jars\lwjgl-glfw-sources.jar;D:\Code Space\Java\CurrentRenderingPipeline\lib\jars\lwjgl-javadoc.jar;D:\Code Space\Java\CurrentRenderingPipeline\lib\jars\lwjgl-natives-windows.jar;D:\Code Space\Java\CurrentRenderingPipeline\lib\jars\lwjgl-openal.jar;D:\Code Space\Java\CurrentRenderingPipeline\lib\jars\lwjgl-openal-javadoc.jar;D:\Code Space\Java\CurrentRenderingPipeline\lib\jars\lwjgl-openal-natives-windows.jar;D:\Code Space\Java\CurrentRenderingPipeline\lib\jars\lwjgl-openal-sources.jar;D:\Code Space\Java\CurrentRenderingPipeline\lib\jars\lwjgl-opengl.jar;D:\Code Space\Java\CurrentRenderingPipeline\lib\jars\lwjgl-opengl-javadoc.jar;D:\Code Space\Java\CurrentRenderingPipeline\lib\jars\lwjgl-opengl-natives-windows.jar;D:\Code Space\Java\CurrentRenderingPipeline\lib\jars\lwjgl-opengl-sources.jar;D:\Code Space\Java\CurrentRenderingPipeline
Launcher Type: SUN_STANDARD

[Global flags]
     intx CICompilerCount                          = 4                                         {product} {ergonomic}
     uint ConcGCThreads                            = 2                                         {product} {ergonomic}
     uint G1ConcRefinementThreads                  = 8                                         {product} {ergonomic}
   size_t G1HeapRegionSize                         = 4194304                                   {product} {ergonomic}
    uintx GCDrainStackTargetSize                   = 64                                        {product} {ergonomic}
   size_t InitialHeapSize                          = 402653184                                 {product} {ergonomic}
   size_t MarkStackSize                            = 4194304                                   {product} {ergonomic}
   size_t MaxHeapSize                              = 6434062336                                {product} {ergonomic}
   size_t MaxNewSize                               = 3858759680                                {product} {ergonomic}
   size_t MinHeapDeltaBytes                        = 4194304                                   {product} {ergonomic}
   size_t MinHeapSize                              = 8388608                                   {product} {ergonomic}
    uintx NonNMethodCodeHeapSize                   = 5839372                                {pd product} {ergonomic}
    uintx NonProfiledCodeHeapSize                  = 122909434                              {pd product} {ergonomic}
    uintx ProfiledCodeHeapSize                     = 122909434                              {pd product} {ergonomic}
    uintx ReservedCodeCacheSize                    = 251658240                              {pd product} {ergonomic}
     bool SegmentedCodeCache                       = true                                      {product} {ergonomic}
     bool ShowCodeDetailsInExceptionMessages       = true                                   {manageable} {command line}
   size_t SoftMaxHeapSize                          = 6434062336                             {manageable} {ergonomic}
     bool UseCompressedClassPointers               = true                           {product lp64_product} {ergonomic}
     bool UseCompressedOops                        = true                           {product lp64_product} {ergonomic}
     bool UseG1GC                                  = true                                      {product} {ergonomic}
     bool UseLargePagesIndividualAllocation        = false                                  {pd product} {ergonomic}

Logging:
Log output configuration:
 #0: stdout all=warning uptime,level,tags
 #1: stderr all=off uptime,level,tags

Environment Variables:
JAVA_HOME=C:\Program Files\Java\jre1.8.0_281\lib
CLASSPATH=C:\Users\Sunbond\Documents\apache-tomcat-8.5.65\lib\servlet-api.jar
PATH=C:\Users\alex\.p2\pool\plugins\org.eclipse.justj.openjdk.hotspot.jre.full.win32.x86_64_17.0.7.v20230425-1502\jre\bin;C:/Users/alex/.p2/pool/plugins/org.eclipse.justj.openjdk.hotspot.jre.full.win32.x86_64_17.0.7.v20230425-1502/jre/bin/server;C:/Users/alex/.p2/pool/plugins/org.eclipse.justj.openjdk.hotspot.jre.full.win32.x86_64_17.0.7.v20230425-1502/jre/bin;C:\Python312\Scripts\;C:\Python312\;C:\Program Files\Eclipse Adoptium\jdk-21.0.1.12-hotspot\bin;C:\Python311\Scripts\;C:\Python311\;C:\Program Files\Zulu\zulu-17\bin\;C:\Program Files\Eclipse Foundation\jdk-8.0.302.8-hotspot\bin;C:\PROGRAM FILES (X86)\COMMON FILES\ORACLE\JAVA\JAVAPATH;C:\WINDOWS\SYSTEM32;C:\WINDOWS;C:\WINDOWS\SYSTEM32\WBEM;C:\WINDOWS\SYSTEM32\WINDOWSPOWERSHELL\V1.0\;C:\WINDOWS\SYSTEM32\OPENSSH\;C:\PROGRAM FILES\NVIDIA CORPORATION\NVIDIA NVDLISR;C:\PROGRAM FILES (X86)\NVIDIA CORPORATION\PHYSX\COMMON;C:\PROGRAM FILES\DOTNET\;C:\USERDATA\GIT\CMD;C:\PROGRAM FILES\MICROSOFT SQL SERVER\130\TOOLS\BINN\;C:\PROGRAM FILES\MICROSOFT SQL SERVER\CLIENT SDK\ODBC\170\TOOLS\BINN\;C:\PROGRAM FILES\AZURE DATA STUDIO\BIN;C:\PROGRAM FILES (X86)\MICROSOFT SQL SERVER\150\DTS\BINN\;C:\PROGRAM FILES (X86)\MICROSOFT SQL SERVER\150\TOOLS\BINN\;C:\PROGRAM FILES\MICROSOFT SQL SERVER\150\TOOLS\BINN\;C:\PROGRAM FILES\MICROSOFT SQL SERVER\150\DTS\BINN\;C:\PROGRAM FILES\MICROSOFT SQL SERVER\120\TOOLS\BINN\;C:\MAMP\BIN\PHP\PHP7.4.1\PHP.EXE;C:\MAMP\BIN\PHP\PHP7.4.1\;C:\ProgramData\chocolatey\bin;C:\UserData\Git\cmd;C:\Program Files\sfdx\bin;C:\Program Files\Java\jdk1.8.0_281\lib;C:\Program Files\Java\jre1.8.0_281\lib;C:\MinGW\bin;D:\Code Space\NodeJS\;D:\Android Studio\SDKs\platform-tools;D:\Android Studio\SDKs\emulator;;C:\Program Files\Docker\Docker\resources\bin;C:\Users\alex\AppData\Local\Microsoft\WindowsApps;C:\Users\alex\AppData\Local\Programs\Microsoft VS Code\bin;C:\Users\alex\AppData\Local\GitHubDesktop\bin;C:\Users\alex\.dotnet\tools;C:\Program Files\Java\jre1.8.0_281\lib;C:\Program Files\Java\jdk1.8.0_281\lib;C:\MinGW
USERNAME=alex
OS=Windows_NT
PROCESSOR_IDENTIFIER=Intel64 Family 6 Model 158 Stepping 9, GenuineIntel
TMP=C:\Users\alex\AppData\Local\Temp
TEMP=C:\Users\alex\AppData\Local\Temp



---------------  S Y S T E M  ---------------

OS:
 Windows 10 , 64 bit Build 19041 (10.0.19041.5915)
OS uptime: 0 days 3:34 hours
Hyper-V role detected

CPU: total 8 (initial active 8) (4 cores per cpu, 2 threads per core) family 6 model 158 stepping 9 microcode 0xb4, cx8, cmov, fxsr, ht, mmx, 3dnowpref, sse, sse2, sse3, ssse3, sse4.1, sse4.2, popcnt, lzcnt, tsc, tscinvbit, avx, avx2, aes, erms, clmul, bmi1, bmi2, rtm, adx, fma, vzeroupper, clflush, clflushopt, hv

Memory: 4k page, system-wide physical 24540M (8338M free)
TotalPageFile size 59356M (AvailPageFile size 28419M)
current process WorkingSet (physical memory assigned to process): 789M, peak: 789M
current process commit charge ("private bytes"): 2893M, peak: 2893M

vm_info: OpenJDK 64-Bit Server VM (17.0.7+7) for windows-amd64 JRE (17.0.7+7), built on Apr 18 2023 22:10:42 by "temurin" with MS VC++ 16.7 (VS2019)

END.
