#
# A fatal error has been detected by the Java Runtime Environment:
#
#  EXCEPTION_ACCESS_VIOLATION (0xc0000005) at pc=0x00007fffd294f9a6, pid=23888, tid=33652
#
# JRE version: OpenJDK Runtime Environment Temurin-17.0.7+7 (17.0.7+7) (build 17.0.7+7)
# Java VM: OpenJDK 64-Bit Server VM Temurin-17.0.7+7 (17.0.7+7, mixed mode, tiered, compressed oops, compressed class ptrs, g1 gc, windows-amd64)
# Problematic frame:
# V  [jvm.dll+0x1bf9a6]
#
# No core dump will be written. Minidumps are not enabled by default on client versions of Windows
#
# If you would like to submit a bug report, please visit:
#   https://github.com/adoptium/adoptium-support/issues
#

---------------  S U M M A R Y ------------

Command Line: -Dfile.encoding=UTF-8 -XX:+ShowCodeDetailsInExceptionMessages main.Main

Host: Intel(R) Core(TM) i7-7700 CPU @ 3.60GHz, 8 cores, 23G,  Windows 10 , 64 bit Build 19041 (10.0.19041.5915)
Time: Mon Dec 29 09:13:27 2025 US Mountain Standard Time elapsed time: 8.093547 seconds (0d 0h 0m 8s)

---------------  T H R E A D  ---------------

Current thread (0x000001e6bb2df580):  JavaThread "C2 CompilerThread1" daemon [_thread_in_native, id=33652, stack(0x0000000133300000,0x0000000133400000)]


Current CompileTask:
C2:   8093  909       4       java.lang.String::split (327 bytes)

Stack: [0x0000000133300000,0x0000000133400000],  sp=0x00000001333fb880,  free space=1006k
Native frames: (J=compiled Java code, j=interpreted, Vv=VM code, C=native code)
V  [jvm.dll+0x1bf9a6]
V  [jvm.dll+0x364ffb]
V  [jvm.dll+0x364592]
V  [jvm.dll+0x1bc981]
V  [jvm.dll+0x219799]
V  [jvm.dll+0x218a61]
V  [jvm.dll+0x1a4d8d]
V  [jvm.dll+0x2284da]
V  [jvm.dll+0x226615]
V  [jvm.dll+0x7ea90b]
V  [jvm.dll+0x7e4e7a]
V  [jvm.dll+0x676395]
C  [ucrtbase.dll+0x21bb2]
C  [KERNEL32.DLL+0x17374]
C  [ntdll.dll+0x4cc91]


siginfo: EXCEPTION_ACCESS_VIOLATION (0xc0000005), reading address 0x000001e2c3082380


Register to memory mapping:

RIP=0x00007fffd294f9a6 jvm.dll
RAX=0x000001e2c3082380 is an unknown value
RBX=0x000001e6c3082370 points into unknown readable memory: 0x0000000000000000 | 00 00 00 00 00 00 00 00
RCX=0x0 is NULL
RDX=0x000000000000000b is an unknown value
RSP=0x00000001333fb880 is pointing into the stack for thread: 0x000001e6bb2df580
RBP=0x00000001333fbaa0 is pointing into the stack for thread: 0x000001e6bb2df580
RSI=0x00000000000006d7 is an unknown value
RDI=0x000000000000000b is an unknown value
R8 =0x000000000000000b is an unknown value
R9 =0x000000000000002e is an unknown value
R10=1024 is a compressed pointer to class: 0x0000000800000400
org.lwjgl.system.Pointer$Default {0x0000000800000408}
 - instance size:     3
 - klass size:        68
 - access:            public synchronized abstract 
 - state:             fully_initialized
 - name:              'org/lwjgl/system/Pointer$Default'
 - super:             'java/lang/Object'
 - sub:               'org/lwjgl/system/MemoryStack'   'org/lwjgl/system/SharedLibrary$Default'   'org/lwjgl/system/CustomBuffer'   
 - arrays:            NULL
 - methods:           Array<T>(0x000001e6b7422930)
 - method ordering:   Array<T>(0x000001e6b7000018)
 - default_methods:   Array<T>(0x0000000000000000)
 - local interfaces:  Array<T>(0x000001e6b74228b8)
 - trans. interfaces: Array<T>(0x000001e6b74228b8)
 - constants:         constant pool [134] {0x000001e6b740e2a8} for 'org/lwjgl/system/Pointer$Default' cache=0x000001e6b770e7b0
 - class loader data:  loader data: 0x000001e6b6db4c50 for instance a 'jdk/internal/loader/ClassLoaders$AppClassLoader'{0x0000000697000000}
 - source file:       'Pointer.java'
 - class annotations:       Array<T>(0x0000000000000000)
 - class type annotations:  Array<T>(0x0000000000000000)
 - field annotations:       Array<T>(0x0000000000000000)
 - field type annotations:  Array<T>(0x0000000000000000)
 - inner classes:     Array<T>(0x000001e6b7422ea8)
 - nest members:     Array<T>(0x000001e6b7000028)
 - permitted subclasses:     Array<T>(0x000001e6b7000028)
 - java mirror:       a 'java/lang/Class'{0x0000000697164a38} = 'org/lwjgl/system/Pointer$Default'
 - vtable length      6  (start addr: 0x00000008000005c8)
 - itable length      5 (start addr: 0x00000008000005f8)
 - ---- static fields (7 words):
 - protected static final 'UNSAFE' 'Lsun/misc/Unsafe;' @112 
 - protected static final 'ADDRESS' 'J' @120 
 - protected static final 'BUFFER_CONTAINER' 'J' @128 
 - protected static final 'BUFFER_MARK' 'J' @136 
 - protected static final 'BUFFER_POSITION' 'J' @144 
 - protected static final 'BUFFER_LIMIT' 'J' @152 
 - protected static final 'BUFFER_CAPACITY' 'J' @160 
 - ---- non-static fields (3 words):
 - protected 'address' 'J' @16 
 - non-static oop maps: 
R11=0x0 is NULL
R12=0x000001e6c2bfb090 points into unknown readable memory: 0x00007fffd30ab3c0 | c0 b3 0a d3 ff 7f 00 00
R13=0x0000000000000005 is an unknown value
R14=0x00000001333fbe40 is pointing into the stack for thread: 0x000001e6bb2df580
R15=0x0 is NULL


Registers:
RAX=0x000001e2c3082380, RBX=0x000001e6c3082370, RCX=0x0000000000000000, RDX=0x000000000000000b
RSP=0x00000001333fb880, RBP=0x00000001333fbaa0, RSI=0x00000000000006d7, RDI=0x000000000000000b
R8 =0x000000000000000b, R9 =0x000000000000002e, R10=0x0000000000000400, R11=0x0000000000000000
R12=0x000001e6c2bfb090, R13=0x0000000000000005, R14=0x00000001333fbe40, R15=0x0000000000000000
RIP=0x00007fffd294f9a6, EFLAGS=0x0000000000010246

Top of Stack: (sp=0x00000001333fb880)
0x00000001333fb880:   000001e6c30824b0 00000001333fbaa0
0x00000001333fb890:   00007fffd32fbf48 000001e6c2871c20
0x00000001333fb8a0:   000001e6c30982e0 00007fffd2af4ffb
0x00000001333fb8b0:   000001e6c30e2f20 000001e6c30e2f20
0x00000001333fb8c0:   00000001333fe790 000001e6c27d9a30
0x00000001333fb8d0:   000000000000002e 000000010000000b
0x00000001333fb8e0:   0000000700000001 000001e6c26b1600
0x00000001333fb8f0:   000001e6c27d10c0 000001e6c27d10b0
0x00000001333fb900:   00000000000006d7 00000001333fbe40
0x00000001333fb910:   000001e6c27d10b0 00007fffd2af4592
0x00000001333fb920:   000001e6c28df900 0000000000000000
0x00000001333fb930:   0000000000000003 00007fffd32fbf48
0x00000001333fb940:   00007fffd32f0000 0000000000000000
0x00000001333fb950:   000000000018bb28 000001e6c29a8f00
0x00000001333fb960:   000001e6c29aeed8 00007fffd30f1900
0x00000001333fb970:   0000000000000000 0000000000000000 

Instructions: (pc=0x00007fffd294f9a6)
0x00007fffd294f8a6:   00 00 83 f8 01 76 17 f7 83 a8 00 00 00 00 02 00
0x00007fffd294f8b6:   00 75 0b 8b d0 48 8d 4b 38 e8 fc 6d 50 00 48 83
0x00007fffd294f8c6:   bb 88 00 00 00 00 7d 07 b8 ff ff 0f 00 eb 09 48
0x00007fffd294f8d6:   8d 4b 38 e8 e2 6c 50 00 0f b7 8b 9c 00 00 00 3b
0x00007fffd294f8e6:   c1 89 83 98 00 00 00 79 11 81 8b a8 00 00 00 80
0x00007fffd294f8f6:   00 00 00 c7 43 30 2f 75 00 00 ff c7 c7 43 34 00
0x00007fffd294f906:   00 00 00 3b be e0 00 00 00 0f 82 7b ff ff ff 48
0x00007fffd294f916:   81 c4 80 00 00 00 5f 5e 5b c3 f9 f4 1b 00 8b f5
0x00007fffd294f926:   1b 00 f9 f4 1b 00 f9 f4 1b 00 76 f4 1b 00 f9 f4
0x00007fffd294f936:   1b 00 b9 f4 1b 00 b9 f4 1b 00 3d f5 1b 00 f9 f4
0x00007fffd294f946:   1b 00 11 f5 1b 00 27 f5 1b 00 3d f5 1b 00 53 f5
0x00007fffd294f956:   1b 00 11 f5 1b 00 f9 f4 1b 00 48 8b 41 58 48 63
0x00007fffd294f966:   48 10 48 8d 05 05 77 95 00 48 c1 e1 05 8b 04 01
0x00007fffd294f976:   c3 cc cc cc cc cc cc cc cc cc 40 53 48 83 ec 20
0x00007fffd294f986:   48 8b d9 85 d2 75 08 32 c0 48 83 c4 20 5b c3 48
0x00007fffd294f996:   8b 43 08 8b ca 48 c1 e9 08 48 89 7c 24 30 8b fa
0x00007fffd294f9a6:   4c 8b 04 c8 48 8d 05 97 c5 9a 00 4c 3b c0 75 0b
0x00007fffd294f9b6:   48 8b cb e8 32 a5 1a 00 4c 8b c0 40 0f b6 cf ba
0x00007fffd294f9c6:   01 00 00 00 48 c1 ef 06 80 e1 3f 83 e7 03 48 d3
0x00007fffd294f9d6:   e2 49 8b 0c f8 48 8b c1 48 0b c2 49 89 04 f8 48
0x00007fffd294f9e6:   8b 7c 24 30 48 23 ca 75 02 ff 03 48 85 c9 0f 94
0x00007fffd294f9f6:   c0 48 83 c4 20 5b c3 cc cc cc 44 8b d2 41 3b d0
0x00007fffd294fa06:   7c 47 41 8d 80 c0 02 00 00 3b d0 7d 3c 44 8b ca
0x00007fffd294fa16:   45 2b c8 41 8b c1 83 e0 3f 0f b6 d0 41 8b c1 48
0x00007fffd294fa26:   c1 e8 06 48 8b 44 c1 38 48 0f a3 d0 73 1b 0f b7
0x00007fffd294fa36:   81 9c 00 00 00 83 f8 01 74 0c 8d 48 ff 8b c1 41
0x00007fffd294fa46:   23 c2 3b c1 75 03 b0 01 c3 32 c0 c3 cc cc cc cc
0x00007fffd294fa56:   cc cc cc cc cc cc cc cc cc cc 40 57 41 57 48 83
0x00007fffd294fa66:   ec 38 4c 8b 41 48 33 ff 48 89 5c 24 58 4c 8b f9
0x00007fffd294fa76:   48 89 74 24 68 4c 89 64 24 30 44 8b e7 4c 89 6c
0x00007fffd294fa86:   24 28 44 8b ef 41 39 78 40 0f 86 ba 00 00 00 48
0x00007fffd294fa96:   89 6c 24 60 4c 89 74 24 20 90 49 8b 40 30 8b ef 


Stack slot to memory mapping:
stack at sp + 0 slots: 0x000001e6c30824b0 points into unknown readable memory: 0x0000000700000001 | 01 00 00 00 07 00 00 00
stack at sp + 1 slots: 0x00000001333fbaa0 is pointing into the stack for thread: 0x000001e6bb2df580
stack at sp + 2 slots: 0x00007fffd32fbf48 jvm.dll
stack at sp + 3 slots: 0x000001e6c2871c20 points into unknown readable memory: 0x000000000000007e | 7e 00 00 00 00 00 00 00
stack at sp + 4 slots: 0x000001e6c30982e0 points into unknown readable memory: 0x0000000000000000 | 00 00 00 00 00 00 00 00
stack at sp + 5 slots: 0x00007fffd2af4ffb jvm.dll
stack at sp + 6 slots: 0x000001e6c30e2f20 points into unknown readable memory: 0x0000000000000000 | 00 00 00 00 00 00 00 00
stack at sp + 7 slots: 0x000001e6c30e2f20 points into unknown readable memory: 0x0000000000000000 | 00 00 00 00 00 00 00 00


---------------  P R O C E S S  ---------------

Threads class SMR info:
_java_thread_list=0x000001e6c2782dd0, length=13, elements={
0x000001e6933c6240, 0x000001e6b6bec350, 0x000001e6b6c3c350, 0x000001e6b6c9fe70,
0x000001e6b6ca1940, 0x000001e6b6ca2200, 0x000001e6b6c85090, 0x000001e6b6ca9d60,
0x000001e6b6caa660, 0x000001e6b6cacf70, 0x000001e6b6e152c0, 0x000001e6b6e32410,
0x000001e6bb2df580
}

Java Threads: ( => current thread )
  0x000001e6933c6240 JavaThread "main" [_thread_in_native, id=30572, stack(0x0000000131a00000,0x0000000131b00000)]
  0x000001e6b6bec350 JavaThread "Reference Handler" daemon [_thread_blocked, id=32000, stack(0x0000000132100000,0x0000000132200000)]
  0x000001e6b6c3c350 JavaThread "Finalizer" daemon [_thread_blocked, id=43956, stack(0x0000000132200000,0x0000000132300000)]
  0x000001e6b6c9fe70 JavaThread "Signal Dispatcher" daemon [_thread_blocked, id=27808, stack(0x0000000132300000,0x0000000132400000)]
  0x000001e6b6ca1940 JavaThread "Attach Listener" daemon [_thread_blocked, id=24952, stack(0x0000000132400000,0x0000000132500000)]
  0x000001e6b6ca2200 JavaThread "Service Thread" daemon [_thread_blocked, id=8376, stack(0x0000000132500000,0x0000000132600000)]
  0x000001e6b6c85090 JavaThread "Monitor Deflation Thread" daemon [_thread_blocked, id=36920, stack(0x0000000132600000,0x0000000132700000)]
  0x000001e6b6ca9d60 JavaThread "C2 CompilerThread0" daemon [_thread_blocked, id=44688, stack(0x0000000132700000,0x0000000132800000)]
  0x000001e6b6caa660 JavaThread "C1 CompilerThread0" daemon [_thread_blocked, id=2620, stack(0x0000000132800000,0x0000000132900000)]
  0x000001e6b6cacf70 JavaThread "Sweeper thread" daemon [_thread_blocked, id=18000, stack(0x0000000132900000,0x0000000132a00000)]
  0x000001e6b6e152c0 JavaThread "Notification Thread" daemon [_thread_blocked, id=30768, stack(0x0000000132a00000,0x0000000132b00000)]
  0x000001e6b6e32410 JavaThread "Common-Cleaner" daemon [_thread_blocked, id=34496, stack(0x0000000132c00000,0x0000000132d00000)]
=>0x000001e6bb2df580 JavaThread "C2 CompilerThread1" daemon [_thread_in_native, id=33652, stack(0x0000000133300000,0x0000000133400000)]

Other Threads:
  0x000001e6b6bda210 VMThread "VM Thread" [stack: 0x0000000132000000,0x0000000132100000] [id=31360]
  0x000001e69346ba90 WatcherThread [stack: 0x0000000132b00000,0x0000000132c00000] [id=22792]
  0x000001e693451bb0 GCTaskThread "GC Thread#0" [stack: 0x0000000131b00000,0x0000000131c00000] [id=24716]
  0x000001e6c27596a0 GCTaskThread "GC Thread#1" [stack: 0x0000000133400000,0x0000000133500000] [id=22908]
  0x000001e6c2a23070 GCTaskThread "GC Thread#2" [stack: 0x0000000133500000,0x0000000133600000] [id=30920]
  0x000001e6c2a23320 GCTaskThread "GC Thread#3" [stack: 0x0000000133600000,0x0000000133700000] [id=45840]
  0x000001e6c298e8f0 GCTaskThread "GC Thread#4" [stack: 0x0000000133700000,0x0000000133800000] [id=27708]
  0x000001e6c298eba0 GCTaskThread "GC Thread#5" [stack: 0x0000000133800000,0x0000000133900000] [id=20108]
  0x000001e6c2635280 GCTaskThread "GC Thread#6" [stack: 0x0000000133900000,0x0000000133a00000] [id=45436]
  0x000001e6c2635530 GCTaskThread "GC Thread#7" [stack: 0x0000000133a00000,0x0000000133b00000] [id=40932]
  0x000001e69345e9c0 ConcurrentGCThread "G1 Main Marker" [stack: 0x0000000131c00000,0x0000000131d00000] [id=35016]
  0x000001e69345fa80 ConcurrentGCThread "G1 Conc#0" [stack: 0x0000000131d00000,0x0000000131e00000] [id=35304]
  0x000001e69348e980 ConcurrentGCThread "G1 Refine#0" [stack: 0x0000000131e00000,0x0000000131f00000] [id=25184]
  0x000001e6b6a85590 ConcurrentGCThread "G1 Service" [stack: 0x0000000131f00000,0x0000000132000000] [id=32584]

Threads with active compile tasks:
C2 CompilerThread1     8198  909       4       java.lang.String::split (327 bytes)

VM state: not at safepoint (normal execution)

VM Mutex/Monitor currently owned by a thread: None

Heap address: 0x0000000680800000, size: 6136 MB, Compressed Oops mode: Zero based, Oop shift amount: 3

CDS archive(s) not mapped
Compressed class space mapped at: 0x0000000800000000-0x0000000840000000, reserved size: 1073741824
Narrow klass base: 0x0000000800000000, Narrow klass shift: 0, Narrow klass range: 0x40000000

GC Precious Log:
 CPUs: 8 total, 8 available
 Memory: 24540M
 Large Page Support: Disabled
 NUMA Support: Disabled
 Compressed Oops: Enabled (Zero based)
 Heap Region Size: 4M
 Heap Min Capacity: 8M
 Heap Initial Capacity: 384M
 Heap Max Capacity: 6136M
 Pre-touch: Disabled
 Parallel Workers: 8
 Concurrent Workers: 2
 Concurrent Refinement Workers: 8
 Periodic GC: Disabled

Heap:
 garbage-first heap   total 393216K, used 3120K [0x0000000680800000, 0x0000000800000000)
  region size 4096K, 2 young (8192K), 1 survivors (4096K)
 Metaspace       used 13351K, committed 13504K, reserved 1114112K
  class space    used 928K, committed 1024K, reserved 1048576K

Heap Regions: E=young(eden), S=young(survivor), O=old, HS=humongous(starts), HC=humongous(continues), CS=collection set, F=free, OA=open archive, CA=closed archive, TAMS=top-at-mark-start (previous, next)
|   0|0x0000000680800000, 0x0000000680800000, 0x0000000680c00000|  0%| F|  |TAMS 0x0000000680800000, 0x0000000680800000| Untracked 
|   1|0x0000000680c00000, 0x0000000680c00000, 0x0000000681000000|  0%| F|  |TAMS 0x0000000680c00000, 0x0000000680c00000| Untracked 
|   2|0x0000000681000000, 0x0000000681000000, 0x0000000681400000|  0%| F|  |TAMS 0x0000000681000000, 0x0000000681000000| Untracked 
|   3|0x0000000681400000, 0x0000000681400000, 0x0000000681800000|  0%| F|  |TAMS 0x0000000681400000, 0x0000000681400000| Untracked 
|   4|0x0000000681800000, 0x0000000681800000, 0x0000000681c00000|  0%| F|  |TAMS 0x0000000681800000, 0x0000000681800000| Untracked 
|   5|0x0000000681c00000, 0x0000000681c00000, 0x0000000682000000|  0%| F|  |TAMS 0x0000000681c00000, 0x0000000681c00000| Untracked 
|   6|0x0000000682000000, 0x0000000682000000, 0x0000000682400000|  0%| F|  |TAMS 0x0000000682000000, 0x0000000682000000| Untracked 
|   7|0x0000000682400000, 0x0000000682400000, 0x0000000682800000|  0%| F|  |TAMS 0x0000000682400000, 0x0000000682400000| Untracked 
|   8|0x0000000682800000, 0x0000000682800000, 0x0000000682c00000|  0%| F|  |TAMS 0x0000000682800000, 0x0000000682800000| Untracked 
|   9|0x0000000682c00000, 0x0000000682c00000, 0x0000000683000000|  0%| F|  |TAMS 0x0000000682c00000, 0x0000000682c00000| Untracked 
|  10|0x0000000683000000, 0x0000000683000000, 0x0000000683400000|  0%| F|  |TAMS 0x0000000683000000, 0x0000000683000000| Untracked 
|  11|0x0000000683400000, 0x0000000683400000, 0x0000000683800000|  0%| F|  |TAMS 0x0000000683400000, 0x0000000683400000| Untracked 
|  12|0x0000000683800000, 0x0000000683800000, 0x0000000683c00000|  0%| F|  |TAMS 0x0000000683800000, 0x0000000683800000| Untracked 
|  13|0x0000000683c00000, 0x0000000683c00000, 0x0000000684000000|  0%| F|  |TAMS 0x0000000683c00000, 0x0000000683c00000| Untracked 
|  14|0x0000000684000000, 0x0000000684000000, 0x0000000684400000|  0%| F|  |TAMS 0x0000000684000000, 0x0000000684000000| Untracked 
|  15|0x0000000684400000, 0x0000000684400000, 0x0000000684800000|  0%| F|  |TAMS 0x0000000684400000, 0x0000000684400000| Untracked 
|  16|0x0000000684800000, 0x0000000684800000, 0x0000000684c00000|  0%| F|  |TAMS 0x0000000684800000, 0x0000000684800000| Untracked 
|  17|0x0000000684c00000, 0x0000000684c00000, 0x0000000685000000|  0%| F|  |TAMS 0x0000000684c00000, 0x0000000684c00000| Untracked 
|  18|0x0000000685000000, 0x0000000685000000, 0x0000000685400000|  0%| F|  |TAMS 0x0000000685000000, 0x0000000685000000| Untracked 
|  19|0x0000000685400000, 0x0000000685400000, 0x0000000685800000|  0%| F|  |TAMS 0x0000000685400000, 0x0000000685400000| Untracked 
|  20|0x0000000685800000, 0x0000000685800000, 0x0000000685c00000|  0%| F|  |TAMS 0x0000000685800000, 0x0000000685800000| Untracked 
|  21|0x0000000685c00000, 0x0000000685c00000, 0x0000000686000000|  0%| F|  |TAMS 0x0000000685c00000, 0x0000000685c00000| Untracked 
|  22|0x0000000686000000, 0x0000000686000000, 0x0000000686400000|  0%| F|  |TAMS 0x0000000686000000, 0x0000000686000000| Untracked 
|  23|0x0000000686400000, 0x0000000686400000, 0x0000000686800000|  0%| F|  |TAMS 0x0000000686400000, 0x0000000686400000| Untracked 
|  24|0x0000000686800000, 0x0000000686800000, 0x0000000686c00000|  0%| F|  |TAMS 0x0000000686800000, 0x0000000686800000| Untracked 
|  25|0x0000000686c00000, 0x0000000686c00000, 0x0000000687000000|  0%| F|  |TAMS 0x0000000686c00000, 0x0000000686c00000| Untracked 
|  26|0x0000000687000000, 0x0000000687000000, 0x0000000687400000|  0%| F|  |TAMS 0x0000000687000000, 0x0000000687000000| Untracked 
|  27|0x0000000687400000, 0x0000000687400000, 0x0000000687800000|  0%| F|  |TAMS 0x0000000687400000, 0x0000000687400000| Untracked 
|  28|0x0000000687800000, 0x0000000687800000, 0x0000000687c00000|  0%| F|  |TAMS 0x0000000687800000, 0x0000000687800000| Untracked 
|  29|0x0000000687c00000, 0x0000000687c00000, 0x0000000688000000|  0%| F|  |TAMS 0x0000000687c00000, 0x0000000687c00000| Untracked 
|  30|0x0000000688000000, 0x0000000688000000, 0x0000000688400000|  0%| F|  |TAMS 0x0000000688000000, 0x0000000688000000| Untracked 
|  31|0x0000000688400000, 0x0000000688400000, 0x0000000688800000|  0%| F|  |TAMS 0x0000000688400000, 0x0000000688400000| Untracked 
|  32|0x0000000688800000, 0x0000000688800000, 0x0000000688c00000|  0%| F|  |TAMS 0x0000000688800000, 0x0000000688800000| Untracked 
|  33|0x0000000688c00000, 0x0000000688c00000, 0x0000000689000000|  0%| F|  |TAMS 0x0000000688c00000, 0x0000000688c00000| Untracked 
|  34|0x0000000689000000, 0x0000000689000000, 0x0000000689400000|  0%| F|  |TAMS 0x0000000689000000, 0x0000000689000000| Untracked 
|  35|0x0000000689400000, 0x0000000689400000, 0x0000000689800000|  0%| F|  |TAMS 0x0000000689400000, 0x0000000689400000| Untracked 
|  36|0x0000000689800000, 0x0000000689800000, 0x0000000689c00000|  0%| F|  |TAMS 0x0000000689800000, 0x0000000689800000| Untracked 
|  37|0x0000000689c00000, 0x0000000689c00000, 0x000000068a000000|  0%| F|  |TAMS 0x0000000689c00000, 0x0000000689c00000| Untracked 
|  38|0x000000068a000000, 0x000000068a000000, 0x000000068a400000|  0%| F|  |TAMS 0x000000068a000000, 0x000000068a000000| Untracked 
|  39|0x000000068a400000, 0x000000068a400000, 0x000000068a800000|  0%| F|  |TAMS 0x000000068a400000, 0x000000068a400000| Untracked 
|  40|0x000000068a800000, 0x000000068a800000, 0x000000068ac00000|  0%| F|  |TAMS 0x000000068a800000, 0x000000068a800000| Untracked 
|  41|0x000000068ac00000, 0x000000068ac00000, 0x000000068b000000|  0%| F|  |TAMS 0x000000068ac00000, 0x000000068ac00000| Untracked 
|  42|0x000000068b000000, 0x000000068b000000, 0x000000068b400000|  0%| F|  |TAMS 0x000000068b000000, 0x000000068b000000| Untracked 
|  43|0x000000068b400000, 0x000000068b400000, 0x000000068b800000|  0%| F|  |TAMS 0x000000068b400000, 0x000000068b400000| Untracked 
|  44|0x000000068b800000, 0x000000068b800000, 0x000000068bc00000|  0%| F|  |TAMS 0x000000068b800000, 0x000000068b800000| Untracked 
|  45|0x000000068bc00000, 0x000000068bc00000, 0x000000068c000000|  0%| F|  |TAMS 0x000000068bc00000, 0x000000068bc00000| Untracked 
|  46|0x000000068c000000, 0x000000068c000000, 0x000000068c400000|  0%| F|  |TAMS 0x000000068c000000, 0x000000068c000000| Untracked 
|  47|0x000000068c400000, 0x000000068c400000, 0x000000068c800000|  0%| F|  |TAMS 0x000000068c400000, 0x000000068c400000| Untracked 
|  48|0x000000068c800000, 0x000000068c800000, 0x000000068cc00000|  0%| F|  |TAMS 0x000000068c800000, 0x000000068c800000| Untracked 
|  49|0x000000068cc00000, 0x000000068cc00000, 0x000000068d000000|  0%| F|  |TAMS 0x000000068cc00000, 0x000000068cc00000| Untracked 
|  50|0x000000068d000000, 0x000000068d000000, 0x000000068d400000|  0%| F|  |TAMS 0x000000068d000000, 0x000000068d000000| Untracked 
|  51|0x000000068d400000, 0x000000068d400000, 0x000000068d800000|  0%| F|  |TAMS 0x000000068d400000, 0x000000068d400000| Untracked 
|  52|0x000000068d800000, 0x000000068d800000, 0x000000068dc00000|  0%| F|  |TAMS 0x000000068d800000, 0x000000068d800000| Untracked 
|  53|0x000000068dc00000, 0x000000068dc00000, 0x000000068e000000|  0%| F|  |TAMS 0x000000068dc00000, 0x000000068dc00000| Untracked 
|  54|0x000000068e000000, 0x000000068e000000, 0x000000068e400000|  0%| F|  |TAMS 0x000000068e000000, 0x000000068e000000| Untracked 
|  55|0x000000068e400000, 0x000000068e400000, 0x000000068e800000|  0%| F|  |TAMS 0x000000068e400000, 0x000000068e400000| Untracked 
|  56|0x000000068e800000, 0x000000068e800000, 0x000000068ec00000|  0%| F|  |TAMS 0x000000068e800000, 0x000000068e800000| Untracked 
|  57|0x000000068ec00000, 0x000000068ec00000, 0x000000068f000000|  0%| F|  |TAMS 0x000000068ec00000, 0x000000068ec00000| Untracked 
|  58|0x000000068f000000, 0x000000068f000000, 0x000000068f400000|  0%| F|  |TAMS 0x000000068f000000, 0x000000068f000000| Untracked 
|  59|0x000000068f400000, 0x000000068f400000, 0x000000068f800000|  0%| F|  |TAMS 0x000000068f400000, 0x000000068f400000| Untracked 
|  60|0x000000068f800000, 0x000000068f800000, 0x000000068fc00000|  0%| F|  |TAMS 0x000000068f800000, 0x000000068f800000| Untracked 
|  61|0x000000068fc00000, 0x000000068fc00000, 0x0000000690000000|  0%| F|  |TAMS 0x000000068fc00000, 0x000000068fc00000| Untracked 
|  62|0x0000000690000000, 0x0000000690000000, 0x0000000690400000|  0%| F|  |TAMS 0x0000000690000000, 0x0000000690000000| Untracked 
|  63|0x0000000690400000, 0x0000000690400000, 0x0000000690800000|  0%| F|  |TAMS 0x0000000690400000, 0x0000000690400000| Untracked 
|  64|0x0000000690800000, 0x0000000690800000, 0x0000000690c00000|  0%| F|  |TAMS 0x0000000690800000, 0x0000000690800000| Untracked 
|  65|0x0000000690c00000, 0x0000000690c00000, 0x0000000691000000|  0%| F|  |TAMS 0x0000000690c00000, 0x0000000690c00000| Untracked 
|  66|0x0000000691000000, 0x0000000691000000, 0x0000000691400000|  0%| F|  |TAMS 0x0000000691000000, 0x0000000691000000| Untracked 
|  67|0x0000000691400000, 0x0000000691400000, 0x0000000691800000|  0%| F|  |TAMS 0x0000000691400000, 0x0000000691400000| Untracked 
|  68|0x0000000691800000, 0x0000000691800000, 0x0000000691c00000|  0%| F|  |TAMS 0x0000000691800000, 0x0000000691800000| Untracked 
|  69|0x0000000691c00000, 0x0000000691c00000, 0x0000000692000000|  0%| F|  |TAMS 0x0000000691c00000, 0x0000000691c00000| Untracked 
|  70|0x0000000692000000, 0x0000000692000000, 0x0000000692400000|  0%| F|  |TAMS 0x0000000692000000, 0x0000000692000000| Untracked 
|  71|0x0000000692400000, 0x0000000692400000, 0x0000000692800000|  0%| F|  |TAMS 0x0000000692400000, 0x0000000692400000| Untracked 
|  72|0x0000000692800000, 0x0000000692800000, 0x0000000692c00000|  0%| F|  |TAMS 0x0000000692800000, 0x0000000692800000| Untracked 
|  73|0x0000000692c00000, 0x0000000692c00000, 0x0000000693000000|  0%| F|  |TAMS 0x0000000692c00000, 0x0000000692c00000| Untracked 
|  74|0x0000000693000000, 0x0000000693000000, 0x0000000693400000|  0%| F|  |TAMS 0x0000000693000000, 0x0000000693000000| Untracked 
|  75|0x0000000693400000, 0x0000000693400000, 0x0000000693800000|  0%| F|  |TAMS 0x0000000693400000, 0x0000000693400000| Untracked 
|  76|0x0000000693800000, 0x0000000693800000, 0x0000000693c00000|  0%| F|  |TAMS 0x0000000693800000, 0x0000000693800000| Untracked 
|  77|0x0000000693c00000, 0x0000000693c00000, 0x0000000694000000|  0%| F|  |TAMS 0x0000000693c00000, 0x0000000693c00000| Untracked 
|  78|0x0000000694000000, 0x0000000694000000, 0x0000000694400000|  0%| F|  |TAMS 0x0000000694000000, 0x0000000694000000| Untracked 
|  79|0x0000000694400000, 0x0000000694400000, 0x0000000694800000|  0%| F|  |TAMS 0x0000000694400000, 0x0000000694400000| Untracked 
|  80|0x0000000694800000, 0x0000000694800000, 0x0000000694c00000|  0%| F|  |TAMS 0x0000000694800000, 0x0000000694800000| Untracked 
|  81|0x0000000694c00000, 0x0000000694c00000, 0x0000000695000000|  0%| F|  |TAMS 0x0000000694c00000, 0x0000000694c00000| Untracked 
|  82|0x0000000695000000, 0x0000000695000000, 0x0000000695400000|  0%| F|  |TAMS 0x0000000695000000, 0x0000000695000000| Untracked 
|  83|0x0000000695400000, 0x0000000695400000, 0x0000000695800000|  0%| F|  |TAMS 0x0000000695400000, 0x0000000695400000| Untracked 
|  84|0x0000000695800000, 0x0000000695800000, 0x0000000695c00000|  0%| F|  |TAMS 0x0000000695800000, 0x0000000695800000| Untracked 
|  85|0x0000000695c00000, 0x0000000695c00000, 0x0000000696000000|  0%| F|  |TAMS 0x0000000695c00000, 0x0000000695c00000| Untracked 
|  86|0x0000000696000000, 0x0000000696000000, 0x0000000696400000|  0%| F|  |TAMS 0x0000000696000000, 0x0000000696000000| Untracked 
|  87|0x0000000696400000, 0x0000000696400000, 0x0000000696800000|  0%| F|  |TAMS 0x0000000696400000, 0x0000000696400000| Untracked 
|  88|0x0000000696800000, 0x0000000696800000, 0x0000000696c00000|  0%| F|  |TAMS 0x0000000696800000, 0x0000000696800000| Untracked 
|  89|0x0000000696c00000, 0x0000000696c00000, 0x0000000697000000|  0%| F|  |TAMS 0x0000000696c00000, 0x0000000696c00000| Untracked 
|  90|0x0000000697000000, 0x000000069730c280, 0x0000000697400000| 76%| S|CS|TAMS 0x0000000697000000, 0x0000000697000000| Complete 
|  91|0x0000000697400000, 0x0000000697400000, 0x0000000697800000|  0%| F|  |TAMS 0x0000000697400000, 0x0000000697400000| Untracked 
|  92|0x0000000697800000, 0x0000000697800000, 0x0000000697c00000|  0%| F|  |TAMS 0x0000000697800000, 0x0000000697800000| Untracked 
|  93|0x0000000697c00000, 0x0000000697c00000, 0x0000000698000000|  0%| F|  |TAMS 0x0000000697c00000, 0x0000000697c00000| Untracked 
|  94|0x0000000698000000, 0x0000000698000000, 0x0000000698400000|  0%| F|  |TAMS 0x0000000698000000, 0x0000000698000000| Untracked 
|  95|0x0000000698400000, 0x00000006986d1d18, 0x0000000698800000| 70%| E|  |TAMS 0x0000000698400000, 0x0000000698400000| Complete 

Card table byte_map: [0x000001e6a69b0000,0x000001e6a75b0000] _byte_map_base: 0x000001e6a35ac000

Marking Bits (Prev, Next): (CMBitMap*) 0x000001e6934520d0, (CMBitMap*) 0x000001e693452110
 Prev Bits: [0x000001e6a81b0000, 0x000001e6ae190000)
 Next Bits: [0x000001e6ae190000, 0x000001e6b4170000)

Polling page: 0x000001e692b90000

Metaspace:

Usage:
  Non-class:     12.13 MB used.
      Class:    928.98 KB used.
       Both:     13.04 MB used.

Virtual space:
  Non-class space:       64.00 MB reserved,      12.19 MB ( 19%) committed,  1 nodes.
      Class space:        1.00 GB reserved,       1.00 MB ( <1%) committed,  1 nodes.
             Both:        1.06 GB reserved,      13.19 MB (  1%) committed. 

Chunk freelists:
   Non-Class:  3.12 MB
       Class:  15.02 MB
        Both:  18.14 MB

MaxMetaspaceSize: unlimited
CompressedClassSpaceSize: 1.00 GB
Initial GC threshold: 21.00 MB
Current GC threshold: 21.00 MB
CDS: off
MetaspaceReclaimPolicy: balanced
 - commit_granule_bytes: 65536.
 - commit_granule_words: 8192.
 - virtual_space_node_default_size: 8388608.
 - enlarge_chunks_in_place: 1.
 - new_chunks_are_fully_committed: 0.
 - uncommit_free_chunks: 1.
 - use_allocation_guard: 0.
 - handle_deallocations: 1.


Internal statistics:

num_allocs_failed_limit: 0.
num_arena_births: 66.
num_arena_deaths: 0.
num_vsnodes_births: 2.
num_vsnodes_deaths: 0.
num_space_committed: 209.
num_space_uncommitted: 0.
num_chunks_returned_to_freelist: 0.
num_chunks_taken_from_freelist: 268.
num_chunk_merges: 0.
num_chunk_splits: 192.
num_chunks_enlarged: 149.
num_inconsistent_stats: 0.

CodeHeap 'non-profiled nmethods': size=120000Kb used=288Kb max_used=288Kb free=119711Kb
 bounds [0x000001e69e550000, 0x000001e69e7c0000, 0x000001e6a5a80000]
CodeHeap 'profiled nmethods': size=120000Kb used=1670Kb max_used=1670Kb free=118329Kb
 bounds [0x000001e696a80000, 0x000001e696cf0000, 0x000001e69dfb0000]
CodeHeap 'non-nmethods': size=5760Kb used=1689Kb max_used=1713Kb free=4070Kb
 bounds [0x000001e69dfb0000, 0x000001e69e220000, 0x000001e69e550000]
 total_blobs=2060 nmethods=911 adapters=1062
 compilation: enabled
              stopped_count=0, restarted_count=0
 full_count=0

Compilation events (20 events):
Event: 7.528 Thread 0x000001e6b6caa660 nmethod 901 0x000001e69e596010 code [0x000001e69e5961a0, 0x000001e69e596278]
Event: 7.675 Thread 0x000001e6b6caa660  903       3       java.util.regex.Pattern$BitClass::is (22 bytes)
Event: 7.675 Thread 0x000001e6b6caa660 nmethod 903 0x000001e696c1fc90 code [0x000001e696c1fe20, 0x000001e696c1fff8]
Event: 7.833 Thread 0x000001e6b6caa660  904       3       java.util.regex.Pattern$GroupTail::match (111 bytes)
Event: 7.834 Thread 0x000001e6b6caa660 nmethod 904 0x000001e696c20110 code [0x000001e696c202e0, 0x000001e696c206a8]
Event: 8.000 Thread 0x000001e6b6ca9d60  905       4       jdk.internal.math.FDBigInteger::leftShift (395 bytes)
Event: 8.000 Thread 0x000001e6b6caa660  907       1       jdk.internal.math.FloatingDecimal$PreparedASCIIToBinaryBuffer::floatValue (5 bytes)
Event: 8.000 Thread 0x000001e6b6caa660 nmethod 907 0x000001e69e596710 code [0x000001e69e5968a0, 0x000001e69e596978]
Event: 8.000 Thread 0x000001e6b6caa660  908       3       java.util.Arrays::copyOf (10 bytes)
Event: 8.001 Thread 0x000001e6b6caa660 nmethod 908 0x000001e696c20890 code [0x000001e696c20a40, 0x000001e696c20b88]
Event: 8.001 Thread 0x000001e6bb2df580  909       4       java.lang.String::split (327 bytes)
Event: 8.001 Thread 0x000001e6b6caa660  912       3       java.util.regex.Matcher::end (67 bytes)
Event: 8.002 Thread 0x000001e6b6caa660 nmethod 912 0x000001e696c20c90 code [0x000001e696c20ee0, 0x000001e696c21768]
Event: 8.004 Thread 0x000001e6b6ca9d60 nmethod 905 0x000001e69e596a10 code [0x000001e69e596bc0, 0x000001e69e597198]
Event: 8.004 Thread 0x000001e6b6ca9d60  906       4       java.util.regex.Pattern$Node::study (21 bytes)
Event: 8.005 Thread 0x000001e6b6ca9d60 nmethod 906 0x000001e69e597590 code [0x000001e69e597720, 0x000001e69e597848]
Event: 8.005 Thread 0x000001e6b6ca9d60  910       4       java.util.ArrayList::subList (20 bytes)
Event: 8.006 Thread 0x000001e6b6ca9d60 nmethod 910 0x000001e69e597990 code [0x000001e69e597b20, 0x000001e69e597c98]
Event: 8.006 Thread 0x000001e6b6ca9d60  911       4       java.util.AbstractList::subListRangeCheck (110 bytes)
Event: 8.007 Thread 0x000001e6b6ca9d60 nmethod 911 0x000001e69e597e10 code [0x000001e69e597f80, 0x000001e69e598038]

GC Heap History (2 events):
Event: 7.070 GC heap before
{Heap before GC invocations=0 (full 0):
 garbage-first heap   total 393216K, used 20480K [0x0000000680800000, 0x0000000800000000)
  region size 4096K, 5 young (20480K), 0 survivors (0K)
 Metaspace       used 13348K, committed 13504K, reserved 1114112K
  class space    used 928K, committed 1024K, reserved 1048576K
}
Event: 7.072 GC heap after
{Heap after GC invocations=1 (full 0):
 garbage-first heap   total 393216K, used 3120K [0x0000000680800000, 0x0000000800000000)
  region size 4096K, 1 young (4096K), 1 survivors (4096K)
 Metaspace       used 13348K, committed 13504K, reserved 1114112K
  class space    used 928K, committed 1024K, reserved 1048576K
}

Dll operation events (9 events):
Event: 0.018 Loaded shared library C:\Users\alex\.p2\pool\plugins\org.eclipse.justj.openjdk.hotspot.jre.full.win32.x86_64_17.0.7.v20230425-1502\jre\bin\java.dll
Event: 0.339 Loaded shared library C:\Users\alex\.p2\pool\plugins\org.eclipse.justj.openjdk.hotspot.jre.full.win32.x86_64_17.0.7.v20230425-1502\jre\bin\net.dll
Event: 0.342 Loaded shared library C:\Users\alex\.p2\pool\plugins\org.eclipse.justj.openjdk.hotspot.jre.full.win32.x86_64_17.0.7.v20230425-1502\jre\bin\nio.dll
Event: 0.531 Loaded shared library C:\Users\alex\.p2\pool\plugins\org.eclipse.justj.openjdk.hotspot.jre.full.win32.x86_64_17.0.7.v20230425-1502\jre\bin\zip.dll
Event: 1.019 Loaded shared library C:\Users\alex\.p2\pool\plugins\org.eclipse.justj.openjdk.hotspot.jre.full.win32.x86_64_17.0.7.v20230425-1502\jre\bin\jimage.dll
Event: 2.583 Loaded shared library C:\Users\alex\AppData\Local\Temp\lwjgl_alex\3.3.4+7\x64\lwjgl.dll
Event: 3.886 Loaded shared library C:\Users\alex\AppData\Local\Temp\lwjgl_alex\3.3.4+7\x64\lwjgl_opengl.dll
Event: 4.145 Loaded shared library C:\Users\alex\AppData\Local\Temp\lwjgl_alex\3.3.4+7\x64\lwjgl_stb.dll
Event: 4.209 Loaded shared library C:\Users\alex\.p2\pool\plugins\org.eclipse.justj.openjdk.hotspot.jre.full.win32.x86_64_17.0.7.v20230425-1502\jre\bin\verify.dll

Deoptimization events (20 events):
Event: 3.898 Thread 0x000001e6933c6240 Uncommon trap: trap_request=0xffffff54 fr.pc=0x000001e69e5721e0 relative=0x0000000000000060
Event: 3.898 Thread 0x000001e6933c6240 Uncommon trap: reason=speculate_null_assert action=make_not_entrant pc=0x000001e69e5721e0 method=sun.misc.Unsafe.putLong(Ljava/lang/Object;JJ)V @ 7 c2
Event: 3.898 Thread 0x000001e6933c6240 DEOPT PACKING pc=0x000001e69e5721e0 sp=0x0000000131afec10
Event: 3.898 Thread 0x000001e6933c6240 DEOPT UNPACKING pc=0x000001e69e0069a3 sp=0x0000000131afeb88 mode 2
Event: 3.918 Thread 0x000001e6933c6240 Uncommon trap: trap_request=0xffffff54 fr.pc=0x000001e69e57365c relative=0x000000000000005c
Event: 3.918 Thread 0x000001e6933c6240 Uncommon trap: reason=speculate_null_assert action=make_not_entrant pc=0x000001e69e57365c method=sun.misc.Unsafe.getLong(Ljava/lang/Object;J)J @ 5 c2
Event: 3.918 Thread 0x000001e6933c6240 DEOPT PACKING pc=0x000001e69e57365c sp=0x0000000131afeb60
Event: 3.918 Thread 0x000001e6933c6240 DEOPT UNPACKING pc=0x000001e69e0069a3 sp=0x0000000131afeae8 mode 2
Event: 5.407 Thread 0x000001e6933c6240 DEOPT PACKING pc=0x000001e696aac556 sp=0x0000000131afe490
Event: 5.407 Thread 0x000001e6933c6240 DEOPT UNPACKING pc=0x000001e69e007143 sp=0x0000000131afd930 mode 0
Event: 5.416 Thread 0x000001e6933c6240 DEOPT PACKING pc=0x000001e696ad513e sp=0x0000000131afe480
Event: 5.416 Thread 0x000001e6933c6240 DEOPT UNPACKING pc=0x000001e69e007143 sp=0x0000000131afd920 mode 0
Event: 5.423 Thread 0x000001e6933c6240 DEOPT PACKING pc=0x000001e696ad513e sp=0x0000000131afe480
Event: 5.423 Thread 0x000001e6933c6240 DEOPT UNPACKING pc=0x000001e69e007143 sp=0x0000000131afd920 mode 0
Event: 5.429 Thread 0x000001e6933c6240 DEOPT PACKING pc=0x000001e696ad513e sp=0x0000000131afe480
Event: 5.429 Thread 0x000001e6933c6240 DEOPT UNPACKING pc=0x000001e69e007143 sp=0x0000000131afd920 mode 0
Event: 5.458 Thread 0x000001e6933c6240 Uncommon trap: trap_request=0xffffff45 fr.pc=0x000001e69e586268 relative=0x00000000000001c8
Event: 5.458 Thread 0x000001e6933c6240 Uncommon trap: reason=unstable_if action=reinterpret pc=0x000001e69e586268 method=java.util.regex.Matcher.reset()Ljava/util/regex/Matcher; @ 47 c2
Event: 5.458 Thread 0x000001e6933c6240 DEOPT PACKING pc=0x000001e69e586268 sp=0x0000000131afe850
Event: 5.458 Thread 0x000001e6933c6240 DEOPT UNPACKING pc=0x000001e69e0069a3 sp=0x0000000131afe7d8 mode 2

Classes unloaded (0 events):
No events

Classes redefined (0 events):
No events

Internal exceptions (20 events):
Event: 3.320 Thread 0x000001e6933c6240 Exception <a 'java/lang/NoSuchMethodError'{0x00000006980a97b8}: 'int java.lang.invoke.DirectMethodHandle$Holder.invokeStaticInit(java.lang.Object, java.lang.Object, int, long)'> (0x00000006980a97b8) 
thrown [s\src\hotspot\share\interpreter\linkResolver.cpp, line 759]
Event: 3.320 Thread 0x000001e6933c6240 Exception <a 'java/lang/NoSuchMethodError'{0x00000006980af080}: 'java.lang.Object java.lang.invoke.DirectMethodHandle$Holder.newInvokeSpecial(java.lang.Object, java.lang.Object, int)'> (0x00000006980af080) 
thrown [s\src\hotspot\share\interpreter\linkResolver.cpp, line 759]
Event: 3.322 Thread 0x000001e6933c6240 Exception <a 'java/lang/NoSuchMethodError'{0x00000006980be000}: 'int java.lang.invoke.DirectMethodHandle$Holder.invokeStaticInit(java.lang.Object, java.lang.Object, long, long)'> (0x00000006980be000) 
thrown [s\src\hotspot\share\interpreter\linkResolver.cpp, line 759]
Event: 3.324 Thread 0x000001e6933c6240 Exception <a 'java/lang/NoSuchMethodError'{0x00000006980c4110}: 'java.lang.Object java.lang.invoke.DirectMethodHandle$Holder.newInvokeSpecial(java.lang.Object, java.lang.Object, long)'> (0x00000006980c4110) 
thrown [s\src\hotspot\share\interpreter\linkResolver.cpp, line 759]
Event: 3.324 Thread 0x000001e6933c6240 Exception <a 'java/lang/NoSuchMethodError'{0x00000006980c8400}: 'java.lang.Object java.lang.invoke.Invokers$Holder.linkToTargetMethod(java.lang.Object, long, java.lang.Object)'> (0x00000006980c8400) 
thrown [s\src\hotspot\share\interpreter\linkResolver.cpp, line 759]
Event: 3.326 Thread 0x000001e6933c6240 Exception <a 'java/lang/NoSuchMethodError'{0x00000006980cfb18}: 'int java.lang.invoke.DirectMethodHandle$Holder.invokeStaticInit(java.lang.Object, java.lang.Object, java.lang.Object, long)'> (0x00000006980cfb18) 
thrown [s\src\hotspot\share\interpreter\linkResolver.cpp, line 759]
Event: 3.808 Thread 0x000001e6933c6240 Exception <a 'sun/nio/fs/WindowsException'{0x0000000698160e68}> (0x0000000698160e68) 
thrown [s\src\hotspot\share\prims\jni.cpp, line 516]
Event: 3.808 Thread 0x000001e6933c6240 Exception <a 'sun/nio/fs/WindowsException'{0x0000000698161150}> (0x0000000698161150) 
thrown [s\src\hotspot\share\prims\jni.cpp, line 516]
Event: 3.808 Thread 0x000001e6933c6240 Exception <a 'sun/nio/fs/WindowsException'{0x00000006981619e8}> (0x00000006981619e8) 
thrown [s\src\hotspot\share\prims\jni.cpp, line 516]
Event: 3.809 Thread 0x000001e6933c6240 Exception <a 'sun/nio/fs/WindowsException'{0x0000000698168e10}> (0x0000000698168e10) 
thrown [s\src\hotspot\share\prims\jni.cpp, line 516]
Event: 3.881 Thread 0x000001e6933c6240 Exception <a 'sun/nio/fs/WindowsException'{0x000000069816bbc0}> (0x000000069816bbc0) 
thrown [s\src\hotspot\share\prims\jni.cpp, line 516]
Event: 3.881 Thread 0x000001e6933c6240 Exception <a 'sun/nio/fs/WindowsException'{0x000000069816bf50}> (0x000000069816bf50) 
thrown [s\src\hotspot\share\prims\jni.cpp, line 516]
Event: 3.888 Thread 0x000001e6933c6240 Exception <a 'sun/nio/fs/WindowsException'{0x00000006981792b0}> (0x00000006981792b0) 
thrown [s\src\hotspot\share\prims\jni.cpp, line 516]
Event: 3.888 Thread 0x000001e6933c6240 Exception <a 'sun/nio/fs/WindowsException'{0x0000000698179580}> (0x0000000698179580) 
thrown [s\src\hotspot\share\prims\jni.cpp, line 516]
Event: 4.034 Thread 0x000001e6933c6240 Exception <a 'sun/nio/fs/WindowsException'{0x0000000697c27648}> (0x0000000697c27648) 
thrown [s\src\hotspot\share\prims\jni.cpp, line 516]
Event: 4.035 Thread 0x000001e6933c6240 Exception <a 'sun/nio/fs/WindowsException'{0x0000000697c27918}> (0x0000000697c27918) 
thrown [s\src\hotspot\share\prims\jni.cpp, line 516]
Event: 4.035 Thread 0x000001e6933c6240 Exception <a 'sun/nio/fs/WindowsException'{0x0000000697c281a0}> (0x0000000697c281a0) 
thrown [s\src\hotspot\share\prims\jni.cpp, line 516]
Event: 4.035 Thread 0x000001e6933c6240 Exception <a 'sun/nio/fs/WindowsException'{0x0000000697c2f5a8}> (0x0000000697c2f5a8) 
thrown [s\src\hotspot\share\prims\jni.cpp, line 516]
Event: 4.142 Thread 0x000001e6933c6240 Exception <a 'sun/nio/fs/WindowsException'{0x0000000697c32318}> (0x0000000697c32318) 
thrown [s\src\hotspot\share\prims\jni.cpp, line 516]
Event: 4.142 Thread 0x000001e6933c6240 Exception <a 'sun/nio/fs/WindowsException'{0x0000000697c32688}> (0x0000000697c32688) 
thrown [s\src\hotspot\share\prims\jni.cpp, line 516]

VM Operations (18 events):
Event: 0.643 Executing VM operation: HandshakeAllThreads
Event: 0.644 Executing VM operation: HandshakeAllThreads done
Event: 1.654 Executing VM operation: Cleanup
Event: 1.654 Executing VM operation: Cleanup done
Event: 2.659 Executing VM operation: Cleanup
Event: 2.659 Executing VM operation: Cleanup done
Event: 3.673 Executing VM operation: Cleanup
Event: 3.673 Executing VM operation: Cleanup done
Event: 4.685 Executing VM operation: Cleanup
Event: 4.685 Executing VM operation: Cleanup done
Event: 5.696 Executing VM operation: Cleanup
Event: 5.696 Executing VM operation: Cleanup done
Event: 6.703 Executing VM operation: Cleanup
Event: 6.703 Executing VM operation: Cleanup done
Event: 7.070 Executing VM operation: G1CollectForAllocation
Event: 7.072 Executing VM operation: G1CollectForAllocation done
Event: 8.074 Executing VM operation: Cleanup
Event: 8.074 Executing VM operation: Cleanup done

Events (20 events):
Event: 4.390 loading class java/lang/ArrayIndexOutOfBoundsException done
Event: 4.461 loading class java/io/FileReader
Event: 4.461 loading class java/io/FileReader done
Event: 4.470 loading class java/util/ArrayList$SubList
Event: 4.470 loading class java/util/ArrayList$SubList done
Event: 4.470 loading class jdk/internal/math/FloatingDecimal$ASCIIToBinaryBuffer
Event: 4.471 loading class jdk/internal/math/FloatingDecimal$ASCIIToBinaryBuffer done
Event: 4.471 loading class java/lang/NumberFormatException
Event: 4.471 loading class java/lang/NumberFormatException done
Event: 4.471 loading class java/math/BigInteger
Event: 4.472 loading class java/math/BigInteger done
Event: 5.414 Thread 0x000001e6c2a23070 Thread added: 0x000001e6c2a23070
Event: 5.433 Thread 0x000001e6c26346b0 Thread added: 0x000001e6c26346b0
Event: 5.856 Thread 0x000001e6c26346b0 Thread exited: 0x000001e6c26346b0
Event: 5.856 Thread 0x000001e6c2a23070 Thread exited: 0x000001e6c2a23070
Event: 7.069 Thread 0x000001e6bb2df580 Thread added: 0x000001e6bb2df580
Event: 7.077 Thread 0x000001e6c2916cc0 Thread added: 0x000001e6c2916cc0
Event: 7.313 Thread 0x000001e6c2916cc0 Thread exited: 0x000001e6c2916cc0
Event: 7.528 Thread 0x000001e6bb2df580 Thread exited: 0x000001e6bb2df580
Event: 8.001 Thread 0x000001e6bb2df580 Thread added: 0x000001e6bb2df580


Dynamic libraries:
0x00007ff7dcea0000 - 0x00007ff7dceae000 	C:\Users\alex\.p2\pool\plugins\org.eclipse.justj.openjdk.hotspot.jre.full.win32.x86_64_17.0.7.v20230425-1502\jre\bin\javaw.exe
0x00007ff839150000 - 0x00007ff839348000 	C:\WINDOWS\SYSTEM32\ntdll.dll
0x00007ff837f10000 - 0x00007ff837fd2000 	C:\WINDOWS\System32\KERNEL32.DLL
0x00007ff836d10000 - 0x00007ff837006000 	C:\WINDOWS\System32\KERNELBASE.dll
0x00007ff836960000 - 0x00007ff836a60000 	C:\WINDOWS\System32\ucrtbase.dll
0x00007ff820800000 - 0x00007ff820819000 	C:\Users\alex\.p2\pool\plugins\org.eclipse.justj.openjdk.hotspot.jre.full.win32.x86_64_17.0.7.v20230425-1502\jre\bin\VCRUNTIME140.dll
0x00007ff833260000 - 0x00007ff833277000 	C:\Users\alex\.p2\pool\plugins\org.eclipse.justj.openjdk.hotspot.jre.full.win32.x86_64_17.0.7.v20230425-1502\jre\bin\jli.dll
0x00007ff837270000 - 0x00007ff837411000 	C:\WINDOWS\System32\USER32.dll
0x00007ff836a90000 - 0x00007ff836ab2000 	C:\WINDOWS\System32\win32u.dll
0x00007ff820410000 - 0x00007ff8206ab000 	C:\WINDOWS\WinSxS\amd64_microsoft.windows.common-controls_6595b64144ccf1df_6.0.19041.6456_none_60b8a6cb71f64256\COMCTL32.dll
0x00007ff839080000 - 0x00007ff8390ab000 	C:\WINDOWS\System32\GDI32.dll
0x00007ff837d10000 - 0x00007ff837dae000 	C:\WINDOWS\System32\msvcrt.dll
0x00007ff837010000 - 0x00007ff837129000 	C:\WINDOWS\System32\gdi32full.dll
0x00007ff836ac0000 - 0x00007ff836b5d000 	C:\WINDOWS\System32\msvcp_win.dll
0x00007ff838d70000 - 0x00007ff838d9f000 	C:\WINDOWS\System32\IMM32.DLL
0x00007ff833290000 - 0x00007ff83329c000 	C:\Users\alex\.p2\pool\plugins\org.eclipse.justj.openjdk.hotspot.jre.full.win32.x86_64_17.0.7.v20230425-1502\jre\bin\vcruntime140_1.dll
0x00007fffe6350000 - 0x00007fffe63e1000 	C:\Users\alex\.p2\pool\plugins\org.eclipse.justj.openjdk.hotspot.jre.full.win32.x86_64_17.0.7.v20230425-1502\jre\bin\msvcp140.dll
0x00007fffd2790000 - 0x00007fffd33d8000 	C:\Users\alex\.p2\pool\plugins\org.eclipse.justj.openjdk.hotspot.jre.full.win32.x86_64_17.0.7.v20230425-1502\jre\bin\server\jvm.dll
0x00007ff838430000 - 0x00007ff8384e1000 	C:\WINDOWS\System32\ADVAPI32.dll
0x00007ff838fe0000 - 0x00007ff83907f000 	C:\WINDOWS\System32\sechost.dll
0x00007ff8382a0000 - 0x00007ff8383c0000 	C:\WINDOWS\System32\RPCRT4.dll
0x00007ff836a60000 - 0x00007ff836a87000 	C:\WINDOWS\System32\bcrypt.dll
0x00007ff821010000 - 0x00007ff821019000 	C:\WINDOWS\SYSTEM32\WSOCK32.dll
0x00007ff82e0a0000 - 0x00007ff82e0aa000 	C:\WINDOWS\SYSTEM32\VERSION.dll
0x00007ff826f90000 - 0x00007ff826fb7000 	C:\WINDOWS\SYSTEM32\WINMM.dll
0x00007ff8383c0000 - 0x00007ff83842b000 	C:\WINDOWS\System32\WS2_32.dll
0x00007ff834720000 - 0x00007ff834732000 	C:\WINDOWS\SYSTEM32\kernel.appcore.dll
0x00007ff831d90000 - 0x00007ff831d9a000 	C:\Users\alex\.p2\pool\plugins\org.eclipse.justj.openjdk.hotspot.jre.full.win32.x86_64_17.0.7.v20230425-1502\jre\bin\jimage.dll
0x00007ff8237e0000 - 0x00007ff8239e1000 	C:\WINDOWS\SYSTEM32\DBGHELP.DLL
0x00007ffffe0b0000 - 0x00007ffffe0e4000 	C:\WINDOWS\SYSTEM32\dbgcore.DLL
0x00007ff8368d0000 - 0x00007ff836952000 	C:\WINDOWS\System32\bcryptPrimitives.dll
0x00007ff82ca80000 - 0x00007ff82caa5000 	C:\Users\alex\.p2\pool\plugins\org.eclipse.justj.openjdk.hotspot.jre.full.win32.x86_64_17.0.7.v20230425-1502\jre\bin\java.dll
0x00007ff81dc90000 - 0x00007ff81dca8000 	C:\Users\alex\.p2\pool\plugins\org.eclipse.justj.openjdk.hotspot.jre.full.win32.x86_64_17.0.7.v20230425-1502\jre\bin\zip.dll
0x00007ff8385a0000 - 0x00007ff838d10000 	C:\WINDOWS\System32\SHELL32.dll
0x00007ff834920000 - 0x00007ff8350c5000 	C:\WINDOWS\SYSTEM32\windows.storage.dll
0x00007ff837420000 - 0x00007ff837774000 	C:\WINDOWS\System32\combase.dll
0x00007ff836220000 - 0x00007ff83624b000 	C:\WINDOWS\SYSTEM32\Wldp.dll
0x00007ff837e30000 - 0x00007ff837efd000 	C:\WINDOWS\System32\OLEAUT32.dll
0x00007ff8381f0000 - 0x00007ff83829d000 	C:\WINDOWS\System32\SHCORE.dll
0x00007ff838f60000 - 0x00007ff838fbb000 	C:\WINDOWS\System32\shlwapi.dll
0x00007ff836800000 - 0x00007ff836824000 	C:\WINDOWS\SYSTEM32\profapi.dll
0x00007ff81d4b0000 - 0x00007ff81d4c9000 	C:\Users\alex\.p2\pool\plugins\org.eclipse.justj.openjdk.hotspot.jre.full.win32.x86_64_17.0.7.v20230425-1502\jre\bin\net.dll
0x00007ff82e340000 - 0x00007ff82e44a000 	C:\WINDOWS\SYSTEM32\WINHTTP.dll
0x00007ff836000000 - 0x00007ff83606a000 	C:\WINDOWS\system32\mswsock.dll
0x00007ff81d3e0000 - 0x00007ff81d3f5000 	C:\Users\alex\.p2\pool\plugins\org.eclipse.justj.openjdk.hotspot.jre.full.win32.x86_64_17.0.7.v20230425-1502\jre\bin\nio.dll
0x00007ffffcd70000 - 0x00007ffffcdeb000 	C:\Users\alex\AppData\Local\Temp\lwjgl_alex\3.3.4+7\x64\lwjgl.dll
0x00007fffe4180000 - 0x00007fffe4205000 	C:\Users\alex\AppData\Local\Temp\lwjgl_alex\3.3.4+7\x64\glfw.dll
0x00007ff801830000 - 0x00007ff801875000 	C:\WINDOWS\SYSTEM32\dinput8.dll
0x00007ff81dcb0000 - 0x00007ff81dcc1000 	C:\WINDOWS\SYSTEM32\xinput1_4.dll
0x00007ff836b60000 - 0x00007ff836bae000 	C:\WINDOWS\System32\cfgmgr32.dll
0x00007ff836660000 - 0x00007ff836693000 	C:\WINDOWS\SYSTEM32\DEVOBJ.dll
0x00007ff834340000 - 0x00007ff83436e000 	C:\WINDOWS\SYSTEM32\dwmapi.dll
0x00007ff82b5d0000 - 0x00007ff82b722000 	C:\WINDOWS\SYSTEM32\inputhost.dll
0x00007ff832550000 - 0x00007ff8326a7000 	C:\WINDOWS\SYSTEM32\wintypes.dll
0x00007ff8339d0000 - 0x00007ff833ac2000 	C:\WINDOWS\SYSTEM32\CoreMessaging.dll
0x00007ff831b60000 - 0x00007ff831c54000 	C:\WINDOWS\SYSTEM32\PROPSYS.dll
0x00007ff833670000 - 0x00007ff8339cb000 	C:\WINDOWS\SYSTEM32\CoreUIComponents.dll
0x00007ff835b20000 - 0x00007ff835b53000 	C:\WINDOWS\SYSTEM32\ntmarta.dll
0x00007ff834210000 - 0x00007ff8342ae000 	C:\WINDOWS\system32\uxtheme.dll
0x00007ff837780000 - 0x00007ff837895000 	C:\WINDOWS\System32\MSCTF.dll
0x00007fffe3fe0000 - 0x00007fffe4108000 	C:\WINDOWS\SYSTEM32\opengl32.dll
0x00007ff80b620000 - 0x00007ff80b64c000 	C:\WINDOWS\SYSTEM32\GLU32.dll
0x00007ff8384f0000 - 0x00007ff838599000 	C:\WINDOWS\System32\clbcatq.dll
0x00007fff8d360000 - 0x00007fff9031f000 	C:\WINDOWS\System32\DriverStore\FileRepository\nvgbdi.inf_amd64_4a2574804558c4b2\nvoglv64.dll
0x00007ff8378a0000 - 0x00007ff837d10000 	C:\WINDOWS\System32\SETUPAPI.dll
0x00007ff837fe0000 - 0x00007ff83810b000 	C:\WINDOWS\System32\ole32.dll
0x00007ff831e40000 - 0x00007ff831e54000 	C:\WINDOWS\SYSTEM32\WTSAPI32.dll
0x00007ff836190000 - 0x00007ff83619c000 	C:\WINDOWS\SYSTEM32\CRYPTBASE.DLL
0x00007ff836490000 - 0x00007ff8364a2000 	C:\WINDOWS\SYSTEM32\msasn1.dll
0x00007ff82e0b0000 - 0x00007ff82e0e1000 	C:\WINDOWS\SYSTEM32\cryptnet.dll
0x00007ff836bb0000 - 0x00007ff836d0d000 	C:\WINDOWS\System32\CRYPT32.dll
0x00007ff82b1a0000 - 0x00007ff82b2e7000 	C:\WINDOWS\SYSTEM32\drvstore.dll
0x00007ff837130000 - 0x00007ff8371a3000 	C:\WINDOWS\System32\WINTRUST.dll
0x00007ff830ce0000 - 0x00007ff830d1b000 	C:\WINDOWS\SYSTEM32\dxcore.dll
0x00007fffa5530000 - 0x00007fffa57f5000 	C:\WINDOWS\system32\nvspcap64.dll
0x00007ff835dc0000 - 0x00007ff835e0b000 	C:\WINDOWS\SYSTEM32\powrprof.dll
0x00007ff835c90000 - 0x00007ff835ca2000 	C:\WINDOWS\SYSTEM32\UMPDC.dll
0x00007ff835650000 - 0x00007ff8356b3000 	C:\WINDOWS\SYSTEM32\WINSTA.dll
0x00007ff82b8f0000 - 0x00007ff82b9e9000 	C:\WINDOWS\SYSTEM32\textinputframework.dll
0x00007ff807560000 - 0x00007ff8075c6000 	C:\WINDOWS\system32\Oleacc.dll
0x00007fffeb160000 - 0x00007fffeb1c1000 	C:\Users\alex\AppData\Local\Temp\lwjgl_alex\3.3.4+7\x64\lwjgl_opengl.dll
0x00007fffe3420000 - 0x00007fffe34c0000 	C:\Users\alex\AppData\Local\Temp\lwjgl_alex\3.3.4+7\x64\lwjgl_stb.dll
0x00007ff8312c0000 - 0x00007ff8312d0000 	C:\Users\alex\.p2\pool\plugins\org.eclipse.justj.openjdk.hotspot.jre.full.win32.x86_64_17.0.7.v20230425-1502\jre\bin\verify.dll

dbghelp: loaded successfully - version: 4.0.5 - missing functions: none
symbol engine: initialized successfully - sym options: 0x614 - pdb path: .;C:\Users\alex\.p2\pool\plugins\org.eclipse.justj.openjdk.hotspot.jre.full.win32.x86_64_17.0.7.v20230425-1502\jre\bin;C:\WINDOWS\SYSTEM32;C:\WINDOWS\WinSxS\amd64_microsoft.windows.common-controls_6595b64144ccf1df_6.0.19041.6456_none_60b8a6cb71f64256;C:\Users\alex\.p2\pool\plugins\org.eclipse.justj.openjdk.hotspot.jre.full.win32.x86_64_17.0.7.v20230425-1502\jre\bin\server;C:\Users\alex\AppData\Local\Temp\lwjgl_alex\3.3.4+7\x64;C:\WINDOWS\System32\DriverStore\FileRepository\nvgbdi.inf_amd64_4a2574804558c4b2

VM Arguments:
jvm_args: -Dfile.encoding=UTF-8 -XX:+ShowCodeDetailsInExceptionMessages 
java_command: main.Main
java_class_path (initial): D:\Code Space\Java\CurrentRenderingPipeline\bin;D:\Code Space\Java\CurrentRenderingPipeline\lib\jars\jbullet.jar;D:\Code Space\Java\CurrentRenderingPipeline\lib\jars\jinput-2.0.10.jar;D:\Code Space\Java\CurrentRenderingPipeline\lib\jars\joml-1.10.7.jar;D:\Code Space\Java\CurrentRenderingPipeline\lib\jars\joml-1.10.7-javadoc.jar;D:\Code Space\Java\CurrentRenderingPipeline\lib\jars\joml-1.10.7-sources.jar;D:\Code Space\Java\CurrentRenderingPipeline\lib\jars\lwjgl_util.jar;D:\Code Space\Java\CurrentRenderingPipeline\lib\jars\lwjgl.jar;D:\Code Space\Java\CurrentRenderingPipeline\lib\jars\lwjgl-assimp.jar;D:\Code Space\Java\CurrentRenderingPipeline\lib\jars\lwjgl-assimp-javadoc.jar;D:\Code Space\Java\CurrentRenderingPipeline\lib\jars\lwjgl-assimp-natives-windows.jar;D:\Code Space\Java\CurrentRenderingPipeline\lib\jars\lwjgl-assimp-sources.jar;D:\Code Space\Java\CurrentRenderingPipeline\lib\jars\lwjgl-glfw.jar;D:\Code Space\Java\CurrentRenderingPipeline\lib\jars\lwjgl-glfw-javadoc.jar;D:\Code Space\Java\CurrentRenderingPipeline\lib\jars\lwjgl-glfw-natives-windows.jar;D:\Code Space\Java\CurrentRenderingPipeline\lib\jars\lwjgl-glfw-sources.jar;D:\Code Space\Java\CurrentRenderingPipeline\lib\jars\lwjgl-javadoc.jar;D:\Code Space\Java\CurrentRenderingPipeline\lib\jars\lwjgl-natives-windows.jar;D:\Code Space\Java\CurrentRenderingPipeline\lib\jars\lwjgl-openal.jar;D:\Code Space\Java\CurrentRenderingPipeline\lib\jars\lwjgl-openal-javadoc.jar;D:\Code Space\Java\CurrentRenderingPipeline\lib\jars\lwjgl-openal-natives-windows.jar;D:\Code Space\Java\CurrentRenderingPipeline\lib\jars\lwjgl-openal-sources.jar;D:\Code Space\Java\CurrentRenderingPipeline\lib\jars\lwjgl-opengl.jar;D:\Code Space\Java\CurrentRenderingPipeline\lib\jars\lwjgl-opengl-javadoc.jar;D:\Code Space\Java\CurrentRenderingPipeline\lib\jars\lwjgl-opengl-natives-windows.jar;D:\Code Space\Java\CurrentRenderingPipeline\lib\jars\lwjgl-opengl-sources.jar;D:\Code Space\Java\CurrentRenderingPipeline
Launcher Type: SUN_STANDARD

[Global flags]
     intx CICompilerCount                          = 4                                         {product} {ergonomic}
     uint ConcGCThreads                            = 2                                         {product} {ergonomic}
     uint G1ConcRefinementThreads                  = 8                                         {product} {ergonomic}
   size_t G1HeapRegionSize                         = 4194304                                   {product} {ergonomic}
    uintx GCDrainStackTargetSize                   = 64                                        {product} {ergonomic}
   size_t InitialHeapSize                          = 402653184                                 {product} {ergonomic}
   size_t MarkStackSize                            = 4194304                                   {product} {ergonomic}
   size_t MaxHeapSize                              = 6434062336                                {product} {ergonomic}
   size_t MaxNewSize                               = 3858759680                                {product} {ergonomic}
   size_t MinHeapDeltaBytes                        = 4194304                                   {product} {ergonomic}
   size_t MinHeapSize                              = 8388608                                   {product} {ergonomic}
    uintx NonNMethodCodeHeapSize                   = 5839372                                {pd product} {ergonomic}
    uintx NonProfiledCodeHeapSize                  = 122909434                              {pd product} {ergonomic}
    uintx ProfiledCodeHeapSize                     = 122909434                              {pd product} {ergonomic}
    uintx ReservedCodeCacheSize                    = 251658240                              {pd product} {ergonomic}
     bool SegmentedCodeCache                       = true                                      {product} {ergonomic}
     bool ShowCodeDetailsInExceptionMessages       = true                                   {manageable} {command line}
   size_t SoftMaxHeapSize                          = 6434062336                             {manageable} {ergonomic}
     bool UseCompressedClassPointers               = true                           {product lp64_product} {ergonomic}
     bool UseCompressedOops                        = true                           {product lp64_product} {ergonomic}
     bool UseG1GC                                  = true                                      {product} {ergonomic}
     bool UseLargePagesIndividualAllocation        = false                                  {pd product} {ergonomic}

Logging:
Log output configuration:
 #0: stdout all=warning uptime,level,tags
 #1: stderr all=off uptime,level,tags

Environment Variables:
JAVA_HOME=C:\Program Files\Java\jre1.8.0_281\lib
CLASSPATH=C:\Users\Sunbond\Documents\apache-tomcat-8.5.65\lib\servlet-api.jar
PATH=C:/Users/alex/.p2/pool/plugins/org.eclipse.justj.openjdk.hotspot.jre.full.win32.x86_64_17.0.7.v20230425-1502/jre/bin/server;C:/Users/alex/.p2/pool/plugins/org.eclipse.justj.openjdk.hotspot.jre.full.win32.x86_64_17.0.7.v20230425-1502/jre/bin;C:\Python312\Scripts\;C:\Python312\;C:\Program Files\Eclipse Adoptium\jdk-21.0.1.12-hotspot\bin;C:\Python311\Scripts\;C:\Python311\;C:\Program Files\Zulu\zulu-17\bin\;C:\Program Files\Eclipse Foundation\jdk-8.0.302.8-hotspot\bin;C:\PROGRAM FILES (X86)\COMMON FILES\ORACLE\JAVA\JAVAPATH;C:\WINDOWS\SYSTEM32;C:\WINDOWS;C:\WINDOWS\SYSTEM32\WBEM;C:\WINDOWS\SYSTEM32\WINDOWSPOWERSHELL\V1.0\;C:\WINDOWS\SYSTEM32\OPENSSH\;C:\PROGRAM FILES\NVIDIA CORPORATION\NVIDIA NVDLISR;C:\PROGRAM FILES (X86)\NVIDIA CORPORATION\PHYSX\COMMON;C:\PROGRAM FILES\DOTNET\;C:\USERDATA\GIT\CMD;C:\PROGRAM FILES\MICROSOFT SQL SERVER\130\TOOLS\BINN\;C:\PROGRAM FILES\MICROSOFT SQL SERVER\CLIENT SDK\ODBC\170\TOOLS\BINN\;C:\PROGRAM FILES\AZURE DATA STUDIO\BIN;C:\PROGRAM FILES (X86)\MICROSOFT SQL SERVER\150\DTS\BINN\;C:\PROGRAM FILES (X86)\MICROSOFT SQL SERVER\150\TOOLS\BINN\;C:\PROGRAM FILES\MICROSOFT SQL SERVER\150\TOOLS\BINN\;C:\PROGRAM FILES\MICROSOFT SQL SERVER\150\DTS\BINN\;C:\PROGRAM FILES\MICROSOFT SQL SERVER\120\TOOLS\BINN\;C:\MAMP\BIN\PHP\PHP7.4.1\PHP.EXE;C:\MAMP\BIN\PHP\PHP7.4.1\;C:\ProgramData\chocolatey\bin;C:\UserData\Git\cmd;C:\Program Files\sfdx\bin;C:\Program Files\Java\jdk1.8.0_281\lib;C:\Program Files\Java\jre1.8.0_281\lib;C:\MinGW\bin;D:\Code Space\NodeJS\;D:\Android Studio\SDKs\platform-tools;D:\Android Studio\SDKs\emulator;;C:\Program Files\Docker\Docker\resources\bin;C:\Users\alex\AppData\Local\Microsoft\WindowsApps;C:\Users\alex\AppData\Local\Programs\Microsoft VS Code\bin;C:\Users\alex\AppData\Local\GitHubDesktop\bin;C:\Users\alex\.dotnet\tools;C:\Program Files\Java\jre1.8.0_281\lib;C:\Program Files\Java\jdk1.8.0_281\lib;C:\MinGW\bin;C:\Program Files\heroku\bin;C:\Progra~1\sf\bin;C:\Users\alex\AppData\Local\Microsoft\WinGet\Links;C:\Users\alex\
USERNAME=alex
OS=Windows_NT
PROCESSOR_IDENTIFIER=Intel64 Family 6 Model 158 Stepping 9, GenuineIntel
TMP=C:\Users\alex\AppData\Local\Temp
TEMP=C:\Users\alex\AppData\Local\Temp



---------------  S Y S T E M  ---------------

OS:
 Windows 10 , 64 bit Build 19041 (10.0.19041.5915)
OS uptime: 20 days 2:38 hours
Hyper-V role detected

CPU: total 8 (initial active 8) (4 cores per cpu, 2 threads per core) family 6 model 158 stepping 9 microcode 0xb4, cx8, cmov, fxsr, ht, mmx, 3dnowpref, sse, sse2, sse3, ssse3, sse4.1, sse4.2, popcnt, lzcnt, tsc, tscinvbit, avx, avx2, aes, erms, clmul, bmi1, bmi2, rtm, adx, fma, vzeroupper, clflush, clflushopt, hv

Memory: 4k page, system-wide physical 24540M (6974M free)
TotalPageFile size 88028M (AvailPageFile size 43076M)
current process WorkingSet (physical memory assigned to process): 155M, peak: 190M
current process commit charge ("private bytes"): 1043M, peak: 1049M

vm_info: OpenJDK 64-Bit Server VM (17.0.7+7) for windows-amd64 JRE (17.0.7+7), built on Apr 18 2023 22:10:42 by "temurin" with MS VC++ 16.7 (VS2019)

END.
