#
# A fatal error has been detected by the Java Runtime Environment:
#
#  EXCEPTION_ACCESS_VIOLATION (0xc0000005) at pc=0x00007fffd279ca01, pid=10964, tid=16428
#
# JRE version: OpenJDK Runtime Environment Temurin-17.0.7+7 (17.0.7+7) (build 17.0.7+7)
# Java VM: OpenJDK 64-Bit Server VM Temurin-17.0.7+7 (17.0.7+7, mixed mode, tiered, compressed oops, compressed class ptrs, g1 gc, windows-amd64)
# Problematic frame:
# V  [jvm.dll+0xca01]
#
# No core dump will be written. Minidumps are not enabled by default on client versions of Windows
#
# If you would like to submit a bug report, please visit:
#   https://github.com/adoptium/adoptium-support/issues
#

---------------  S U M M A R Y ------------

Command Line: -XX:+ShowCodeDetailsInExceptionMessages -agentlib:jdwp=transport=dt_socket,suspend=y,address=localhost:65208 -javaagent:D:\Eclipse\eclipse\configuration\org.eclipse.osgi\231\0\.cp\lib\javaagent-shaded.jar -Dfile.encoding=UTF-8 main.Main

Host: Intel(R) Core(TM) i7-7700 CPU @ 3.60GHz, 8 cores, 23G,  Windows 10 , 64 bit Build 19041 (10.0.19041.5915)
Time: Mon Dec 22 19:38:51 2025 US Mountain Standard Time elapsed time: 16.681930 seconds (0d 0h 0m 16s)

---------------  T H R E A D  ---------------

Current thread (0x00000237b5b109c0):  GCTaskThread "GC Thread#3" [stack: 0x0000005980800000,0x0000005980900000] [id=16428]

Stack: [0x0000005980800000,0x0000005980900000],  sp=0x00000059808ffa68,  free space=1022k
Native frames: (J=compiled Java code, j=interpreted, Vv=VM code, C=native code)
V  [jvm.dll+0xca01]


siginfo: EXCEPTION_ACCESS_VIOLATION (0xc0000005), reading address 0x0000000000000100


Register to memory mapping:

RIP=0x00007fffd279ca01 jvm.dll
RAX=0x0 is NULL
RBX=0x0000000000000001 is an unknown value
RCX=0x0000000800000001 is pointing into metadata
RDX=0x00000006973ba338 is pointing into object: java.lang.String 
{0x00000006973ba328} - klass: 'java/lang/String'
 - string: "f 22283/22385/22281 22282/22384/22280 22284/22386/22282"
RSP=0x00000059808ffa68 points into unknown readable memory: 0x00007fffd2a97cef | ef 7c a9 d2 ff 7f 00 00
RBP=0x00000059808ffae8 points into unknown readable memory: 0x0000000000000000 | 00 00 00 00 00 00 00 00
RSI=0x00000237b5ae45b0 points into unknown readable memory: 0x00007fffd30e84e8 | e8 84 0e d3 ff 7f 00 00
RDI=0x00000237b5ae45b0 points into unknown readable memory: 0x00007fffd30e84e8 | e8 84 0e d3 ff 7f 00 00
R8 =0x0 is NULL
R9 =0x0000000800000001 is pointing into metadata
R10=0x00000006973ba338 is pointing into object: java.lang.String 
{0x00000006973ba328} - klass: 'java/lang/String'
 - string: "f 22283/22385/22281 22282/22384/22280 22284/22386/22282"
R11=0x0000000000000001 is an unknown value
R12=0x0000000000000003 is an unknown value
R13=0x00000006973ba338 is pointing into object: java.lang.String 
{0x00000006973ba328} - klass: 'java/lang/String'
 - string: "f 22283/22385/22281 22282/22384/22280 22284/22386/22282"
R14=0x0000000800000001 is pointing into metadata
R15=0x0 is NULL


Registers:
RAX=0x0000000000000000, RBX=0x0000000000000001, RCX=0x0000000800000001, RDX=0x00000006973ba338
RSP=0x00000059808ffa68, RBP=0x00000059808ffae8, RSI=0x00000237b5ae45b0, RDI=0x00000237b5ae45b0
R8 =0x0000000000000000, R9 =0x0000000800000001, R10=0x00000006973ba338, R11=0x0000000000000001
R12=0x0000000000000003, R13=0x00000006973ba338, R14=0x0000000800000001, R15=0x0000000000000000
RIP=0x00007fffd279ca01, EFLAGS=0x0000000000010246

Top of Stack: (sp=0x00000059808ffa68)
0x00000059808ffa68:   00007fffd2a97cef 0000000000000000
0x00000059808ffa78:   00007fffd2a96500 00000059808ffae8
0x00000059808ffa88:   0000000000000000 0000000600000000
0x00000059808ffa98:   0000005900000000 00000237b5ae4730
0x00000059808ffaa8:   00007fffd2a90001 0000000600000000
0x00000059808ffab8:   0000000000000001 0000000000000008
0x00000059808ffac8:   0000000800057620 0000000690a02b80
0x00000059808ffad8:   0000000000000000 00000237b5ae4730
0x00000059808ffae8:   0000000000000000 0000000000000000
0x00000059808ffaf8:   00000059808ffcd0 0000000000000003
0x00000059808ffb08:   00000237b5ae45b0 0000000690a276b4
0x00000059808ffb18:   0000000690a276b5 00000000000003c6
0x00000059808ffb28:   00007fffd2a98d82 0000000693e00000
0x00000059808ffb38:   0000000000000001 000002378afd0001
0x00000059808ffb48:   d2e7746800000000 00001bb7000003b2
0x00000059808ffb58:   00001bb6000003b2 00000000000003b2 

Instructions: (pc=0x00007fffd279ca01)
0x00007fffd279c901:   41 f6 c2 01 75 53 41 c1 fa 03 41 8b c2 c3 79 49
0x00007fffd279c911:   84 c0 b9 10 00 00 00 8b 05 16 39 af 00 41 b8 0c
0x00007fffd279c921:   00 00 00 41 0f 45 c8 ff c8 4c 63 c8 48 63 14 11
0x00007fffd279c931:   41 8b ca 83 e1 3f 48 d3 e2 41 8b ca 48 c1 f9 10
0x00007fffd279c941:   0f b6 c1 49 8d 0c 11 49 f7 d1 48 03 c1 49 c1 e9
0x00007fffd279c951:   03 48 c1 e8 03 41 23 c1 c3 49 8b 00 49 8b c8 48
0x00007fffd279c961:   ff a0 00 01 00 00 cc cc cc cc cc cc cc cc cc 8b
0x00007fffd279c971:   44 24 30 45 03 c9 44 2b 4c 24 28 83 c0 0b 44 03
0x00007fffd279c981:   ca 45 03 c8 41 03 c1 c3 cc cc cc cc cc cc cc 4c
0x00007fffd279c991:   8b ca 48 8b d1 45 8b 41 08 45 85 c0 7e 0e 41 f6
0x00007fffd279c9a1:   c0 01 75 56 41 c1 f8 03 41 8b c0 c3 79 4c 80 3d
0x00007fffd279c9b1:   d9 eb b5 00 00 b8 0c 00 00 00 b9 10 00 00 00 0f
0x00007fffd279c9c1:   45 c8 8b 05 6b 38 af 00 ff c8 4c 63 c8 48 63 14
0x00007fffd279c9d1:   11 41 8b c8 83 e1 3f 48 d3 e2 41 8b c8 48 c1 f9
0x00007fffd279c9e1:   10 0f b6 c1 49 8d 0c 11 49 f7 d1 48 03 c1 49 c1
0x00007fffd279c9f1:   e9 03 48 c1 e8 03 41 23 c1 c3 49 8b 01 49 8b c9
0x00007fffd279ca01:   48 ff a0 00 01 00 00 cc cc cc cc cc cc cc cc 48
0x00007fffd279ca11:   8b 41 08 0f b7 48 2a 0f b7 40 28 83 c0 48 03 c1
0x00007fffd279ca21:   c3 cc cc cc cc cc cc cc cc cc cc cc cc cc cc 48
0x00007fffd279ca31:   89 5c 24 08 57 48 83 ec 20 0f b6 05 6f cc b9 00
0x00007fffd279ca41:   48 8b fa 48 8b d9 84 c0 74 4f 48 85 15 66 c4 b9
0x00007fffd279ca51:   00 74 38 48 8b ca e8 94 88 85 00 48 8b d0 48 85
0x00007fffd279ca61:   db 74 25 48 85 c0 74 20 48 8b c7 f0 48 0f b1 13
0x00007fffd279ca71:   74 16 48 85 05 3e c4 b9 00 74 0d 48 8b c8 f0 48
0x00007fffd279ca81:   0f b1 13 48 3b c1 75 ea 48 8b fa 48 8b c7 48 8b
0x00007fffd279ca91:   5c 24 30 48 83 c4 20 5f c3 48 85 3d 1f c4 b9 00
0x00007fffd279caa1:   75 33 48 85 ff 75 0f 33 d2 8b c2 48 8b 5c 24 30
0x00007fffd279cab1:   48 83 c4 20 5f c3 48 8b 15 12 c4 b9 00 48 23 d7
0x00007fffd279cac1:   48 0b 15 e8 c3 b9 00 48 8b c2 48 8b 5c 24 30 48
0x00007fffd279cad1:   83 c4 20 5f c3 48 8b cf e8 22 87 85 00 48 8b d0
0x00007fffd279cae1:   48 85 db 74 40 48 85 c0 74 3b 4c 8b 05 de c3 b9
0x00007fffd279caf1:   00 4c 23 c0 4c 0b 05 0c c4 b9 00 74 28 48 8b c7 


Stack slot to memory mapping:
stack at sp + 0 slots: 0x00007fffd2a97cef jvm.dll
stack at sp + 1 slots: 0x0 is NULL
stack at sp + 2 slots: 0x00007fffd2a96500 jvm.dll
stack at sp + 3 slots: 0x00000059808ffae8 points into unknown readable memory: 0x0000000000000000 | 00 00 00 00 00 00 00 00
stack at sp + 4 slots: 0x0 is NULL
stack at sp + 5 slots: 0x0000000600000000 is an unknown value
stack at sp + 6 slots: 0x0000005900000000 is an unknown value
stack at sp + 7 slots: 0x00000237b5ae4730 points into unknown readable memory: 0x00007fffd30e84a0 | a0 84 0e d3 ff 7f 00 00


---------------  P R O C E S S  ---------------

Threads class SMR info:
_java_thread_list=0x00000237b5a3df20, length=15, elements={
0x000002378afbadb0, 0x00000237ae7fe290, 0x00000237ae8377f0, 0x00000237ae86ccb0,
0x00000237ae87d480, 0x00000237ae880d80, 0x00000237ae883020, 0x00000237ae8a7090,
0x00000237ae8a7e30, 0x00000237ae8bb790, 0x00000237aea10cb0, 0x00000237aeb56030,
0x00000237aeb06f50, 0x00000237aeb09640, 0x00000237b3863d90
}

Java Threads: ( => current thread )
  0x000002378afbadb0 JavaThread "main" [_thread_blocked, id=24484, stack(0x00000059fe900000,0x00000059fea00000)]
  0x00000237ae7fe290 JavaThread "Reference Handler" daemon [_thread_blocked, id=13956, stack(0x00000059ff000000,0x00000059ff100000)]
  0x00000237ae8377f0 JavaThread "Finalizer" daemon [_thread_blocked, id=23632, stack(0x00000059ff100000,0x00000059ff200000)]
  0x00000237ae86ccb0 JavaThread "Signal Dispatcher" daemon [_thread_blocked, id=7488, stack(0x00000059ff200000,0x00000059ff300000)]
  0x00000237ae87d480 JavaThread "Attach Listener" daemon [_thread_blocked, id=21900, stack(0x00000059ff300000,0x00000059ff400000)]
  0x00000237ae880d80 JavaThread "Service Thread" daemon [_thread_blocked, id=3416, stack(0x00000059ff400000,0x00000059ff500000)]
  0x00000237ae883020 JavaThread "Monitor Deflation Thread" daemon [_thread_blocked, id=17272, stack(0x00000059ff500000,0x00000059ff600000)]
  0x00000237ae8a7090 JavaThread "C2 CompilerThread0" daemon [_thread_blocked, id=40360, stack(0x00000059ff600000,0x00000059ff700000)]
  0x00000237ae8a7e30 JavaThread "C1 CompilerThread0" daemon [_thread_blocked, id=40712, stack(0x00000059ff700000,0x00000059ff800000)]
  0x00000237ae8bb790 JavaThread "Sweeper thread" daemon [_thread_blocked, id=39324, stack(0x00000059ff800000,0x00000059ff900000)]
  0x00000237aea10cb0 JavaThread "Common-Cleaner" daemon [_thread_blocked, id=27660, stack(0x00000059ff900000,0x00000059ffa00000)]
  0x00000237aeb56030 JavaThread "JDWP Transport Listener: dt_socket" daemon [_thread_blocked, id=1128, stack(0x00000059ffa00000,0x00000059ffb00000)]
  0x00000237aeb06f50 JavaThread "JDWP Event Helper Thread" daemon [_thread_blocked, id=31264, stack(0x00000059ffb00000,0x00000059ffc00000)]
  0x00000237aeb09640 JavaThread "JDWP Command Reader" daemon [_thread_in_native, id=38336, stack(0x00000059ffc00000,0x00000059ffd00000)]
  0x00000237b3863d90 JavaThread "Notification Thread" daemon [_thread_blocked, id=15056, stack(0x00000059ffe00000,0x00000059fff00000)]

Other Threads:
  0x00000237ae7e6ca0 VMThread "VM Thread" [stack: 0x00000059fef00000,0x00000059ff000000] [id=28680]
  0x000002378b058c50 WatcherThread [stack: 0x00000059fff00000,0x0000005a00000000] [id=10516]
  0x000002378b042780 GCTaskThread "GC Thread#0" [stack: 0x00000059fea00000,0x00000059feb00000] [id=40400]
  0x00000237b5a88490 GCTaskThread "GC Thread#1" [stack: 0x0000005980600000,0x0000005980700000] [id=36616]
  0x00000237b5b10710 GCTaskThread "GC Thread#2" [stack: 0x0000005980700000,0x0000005980800000] [id=22068]
=>0x00000237b5b109c0 GCTaskThread "GC Thread#3" [stack: 0x0000005980800000,0x0000005980900000] [id=16428]
  0x00000237b5b10c70 GCTaskThread "GC Thread#4" [stack: 0x0000005980900000,0x0000005980a00000] [id=5652]
  0x00000237b5a7ee30 GCTaskThread "GC Thread#5" [stack: 0x0000005980a00000,0x0000005980b00000] [id=21616]
  0x00000237b5a7f0e0 GCTaskThread "GC Thread#6" [stack: 0x0000005980b00000,0x0000005980c00000] [id=24640]
  0x00000237b5a7f390 GCTaskThread "GC Thread#7" [stack: 0x0000005980c00000,0x0000005980d00000] [id=33952]
  0x000002378b04fe20 ConcurrentGCThread "G1 Main Marker" [stack: 0x00000059feb00000,0x00000059fec00000] [id=34900]
  0x000002378b052840 ConcurrentGCThread "G1 Conc#0" [stack: 0x00000059fec00000,0x00000059fed00000] [id=9848]
  0x000002378b07ec60 ConcurrentGCThread "G1 Refine#0" [stack: 0x00000059fed00000,0x00000059fee00000] [id=17332]
  0x00000237bc11e270 ConcurrentGCThread "G1 Refine#1" [stack: 0x0000005980d00000,0x0000005980e00000] [id=44460]
  0x00000237bc11eb10 ConcurrentGCThread "G1 Refine#2" [stack: 0x0000005980e00000,0x0000005980f00000] [id=37596]
  0x00000237bc11ce50 ConcurrentGCThread "G1 Refine#3" [stack: 0x0000005980f00000,0x0000005981000000] [id=44384]
  0x00000237bc11f970 ConcurrentGCThread "G1 Refine#4" [stack: 0x0000005981000000,0x0000005981100000] [id=12400]
  0x00000237bc11c5b0 ConcurrentGCThread "G1 Refine#5" [stack: 0x0000005981100000,0x0000005981200000] [id=44328]
  0x00000237bc11c890 ConcurrentGCThread "G1 Refine#6" [stack: 0x0000005981200000,0x0000005981300000] [id=39200]
  0x00000237bc11ff30 ConcurrentGCThread "G1 Refine#7" [stack: 0x0000005981300000,0x0000005981400000] [id=44204]
  0x00000237ae686d00 ConcurrentGCThread "G1 Service" [stack: 0x00000059fee00000,0x00000059fef00000] [id=44764]

Threads with active compile tasks:

VM state: at safepoint (normal execution)

VM Mutex/Monitor currently owned by a thread:  ([mutex/lock_event])
[0x000002378afb58d0] Threads_lock - owner thread: 0x00000237ae7e6ca0
[0x000002378afb6380] Heap_lock - owner thread: 0x000002378afbadb0

Heap address: 0x0000000680800000, size: 6136 MB, Compressed Oops mode: Zero based, Oop shift amount: 3

CDS archive(s) not mapped
Compressed class space mapped at: 0x0000000800000000-0x0000000840000000, reserved size: 1073741824
Narrow klass base: 0x0000000800000000, Narrow klass shift: 0, Narrow klass range: 0x40000000

GC Precious Log:
 CPUs: 8 total, 8 available
 Memory: 24540M
 Large Page Support: Disabled
 NUMA Support: Disabled
 Compressed Oops: Enabled (Zero based)
 Heap Region Size: 4M
 Heap Min Capacity: 8M
 Heap Initial Capacity: 384M
 Heap Max Capacity: 6136M
 Pre-touch: Disabled
 Parallel Workers: 8
 Concurrent Workers: 2
 Concurrent Refinement Workers: 8
 Periodic GC: Disabled

Heap:
 garbage-first heap   total 622592K, used 480802K [0x0000000680800000, 0x0000000800000000)
  region size 4096K, 92 young (376832K), 9 survivors (36864K)
 Metaspace       used 17020K, committed 17216K, reserved 1114112K
  class space    used 1242K, committed 1344K, reserved 1048576K

Heap Regions: E=young(eden), S=young(survivor), O=old, HS=humongous(starts), HC=humongous(continues), CS=collection set, F=free, OA=open archive, CA=closed archive, TAMS=top-at-mark-start (previous, next)
|   0|0x0000000680800000, 0x0000000680c00000, 0x0000000680c00000|100%| O|  |TAMS 0x0000000680800000, 0x0000000680800000| Untracked 
|   1|0x0000000680c00000, 0x0000000681000000, 0x0000000681000000|100%|HS|  |TAMS 0x0000000680c00000, 0x0000000680c00000| Complete 
|   2|0x0000000681000000, 0x0000000681400000, 0x0000000681400000|100%|HS|  |TAMS 0x0000000681000000, 0x0000000681000000| Complete 
|   3|0x0000000681400000, 0x0000000681800000, 0x0000000681800000|100%| O|  |TAMS 0x0000000681400000, 0x0000000681400000| Untracked 
|   4|0x0000000681800000, 0x0000000681c00000, 0x0000000681c00000|100%| O|  |TAMS 0x0000000681800000, 0x0000000681800000| Untracked 
|   5|0x0000000681c00000, 0x0000000682000000, 0x0000000682000000|100%| O|  |TAMS 0x0000000681c00000, 0x0000000681c00000| Untracked 
|   6|0x0000000682000000, 0x0000000682400000, 0x0000000682400000|100%| O|  |TAMS 0x0000000682000000, 0x0000000682000000| Untracked 
|   7|0x0000000682400000, 0x0000000682800000, 0x0000000682800000|100%| O|  |TAMS 0x0000000682400000, 0x0000000682400000| Untracked 
|   8|0x0000000682800000, 0x0000000682c00000, 0x0000000682c00000|100%| O|  |TAMS 0x0000000682800000, 0x0000000682800000| Untracked 
|   9|0x0000000682c00000, 0x0000000683000000, 0x0000000683000000|100%| O|  |TAMS 0x0000000682c00000, 0x0000000682c00000| Untracked 
|  10|0x0000000683000000, 0x0000000683400000, 0x0000000683400000|100%| O|  |TAMS 0x0000000683000000, 0x0000000683000000| Untracked 
|  11|0x0000000683400000, 0x0000000683800000, 0x0000000683800000|100%| O|  |TAMS 0x0000000683400000, 0x0000000683400000| Untracked 
|  12|0x0000000683800000, 0x0000000683c00000, 0x0000000683c00000|100%|HS|  |TAMS 0x0000000683800000, 0x0000000683800000| Complete 
|  13|0x0000000683c00000, 0x0000000684000000, 0x0000000684000000|100%|HC|  |TAMS 0x0000000683c00000, 0x0000000683c00000| Complete 
|  14|0x0000000684000000, 0x0000000684400000, 0x0000000684400000|100%|HC|  |TAMS 0x0000000684000000, 0x0000000684000000| Complete 
|  15|0x0000000684400000, 0x0000000684800000, 0x0000000684800000|100%|HC|  |TAMS 0x0000000684400000, 0x0000000684400000| Complete 
|  16|0x0000000684800000, 0x0000000684c00000, 0x0000000684c00000|100%|HS|  |TAMS 0x0000000684800000, 0x0000000684800000| Complete 
|  17|0x0000000684c00000, 0x0000000685000000, 0x0000000685000000|100%|HS|  |TAMS 0x0000000684c00000, 0x0000000684c00000| Complete 
|  18|0x0000000685000000, 0x0000000685400000, 0x0000000685400000|100%|HS|  |TAMS 0x0000000685000000, 0x0000000685000000| Complete 
|  19|0x0000000685400000, 0x0000000685800000, 0x0000000685800000|100%|HS|  |TAMS 0x0000000685400000, 0x0000000685400000| Complete 
|  20|0x0000000685800000, 0x0000000685c00000, 0x0000000685c00000|100%| O|  |TAMS 0x0000000685800000, 0x0000000685800000| Untracked 
|  21|0x0000000685c00000, 0x0000000686000000, 0x0000000686000000|100%| O|  |TAMS 0x0000000685c00000, 0x0000000685c00000| Untracked 
|  22|0x0000000686000000, 0x0000000686400000, 0x0000000686400000|100%| O|  |TAMS 0x0000000686000000, 0x0000000686000000| Untracked 
|  23|0x0000000686400000, 0x0000000686800000, 0x0000000686800000|100%|HS|  |TAMS 0x0000000686400000, 0x0000000686400000| Complete 
|  24|0x0000000686800000, 0x0000000686c00000, 0x0000000686c00000|100%| O|  |TAMS 0x0000000686800000, 0x0000000686800000| Untracked 
|  25|0x0000000686c00000, 0x0000000687000000, 0x0000000687000000|100%| O|  |TAMS 0x0000000686c00000, 0x0000000686c00000| Untracked 
|  26|0x0000000687000000, 0x0000000687400000, 0x0000000687400000|100%|HS|  |TAMS 0x0000000687000000, 0x0000000687000000| Complete 
|  27|0x0000000687400000, 0x0000000687800000, 0x0000000687800000|100%| O|  |TAMS 0x0000000687400000, 0x0000000687400000| Untracked 
|  28|0x0000000687800000, 0x0000000687bb5428, 0x0000000687c00000| 92%| O|  |TAMS 0x0000000687800000, 0x0000000687800000| Untracked 
|  29|0x0000000687c00000, 0x0000000687c00000, 0x0000000688000000|  0%| F|  |TAMS 0x0000000687c00000, 0x0000000687c00000| Untracked 
|  30|0x0000000688000000, 0x0000000688000000, 0x0000000688400000|  0%| F|  |TAMS 0x0000000688000000, 0x0000000688000000| Untracked 
|  31|0x0000000688400000, 0x0000000688400000, 0x0000000688800000|  0%| F|  |TAMS 0x0000000688400000, 0x0000000688400000| Untracked 
|  32|0x0000000688800000, 0x0000000688800000, 0x0000000688c00000|  0%| F|  |TAMS 0x0000000688800000, 0x0000000688800000| Untracked 
|  33|0x0000000688c00000, 0x0000000688c00000, 0x0000000689000000|  0%| F|  |TAMS 0x0000000688c00000, 0x0000000688c00000| Untracked 
|  34|0x0000000689000000, 0x0000000689000000, 0x0000000689400000|  0%| F|  |TAMS 0x0000000689000000, 0x0000000689000000| Untracked 
|  35|0x0000000689400000, 0x0000000689400000, 0x0000000689800000|  0%| F|  |TAMS 0x0000000689400000, 0x0000000689400000| Untracked 
|  36|0x0000000689800000, 0x0000000689800000, 0x0000000689c00000|  0%| F|  |TAMS 0x0000000689800000, 0x0000000689800000| Untracked 
|  37|0x0000000689c00000, 0x0000000689c00000, 0x000000068a000000|  0%| F|  |TAMS 0x0000000689c00000, 0x0000000689c00000| Untracked 
|  38|0x000000068a000000, 0x000000068a000000, 0x000000068a400000|  0%| F|  |TAMS 0x000000068a000000, 0x000000068a000000| Untracked 
|  39|0x000000068a400000, 0x000000068a400000, 0x000000068a800000|  0%| F|  |TAMS 0x000000068a400000, 0x000000068a400000| Untracked 
|  40|0x000000068a800000, 0x000000068a800000, 0x000000068ac00000|  0%| F|  |TAMS 0x000000068a800000, 0x000000068a800000| Untracked 
|  41|0x000000068ac00000, 0x000000068ac00000, 0x000000068b000000|  0%| F|  |TAMS 0x000000068ac00000, 0x000000068ac00000| Untracked 
|  42|0x000000068b000000, 0x000000068b000000, 0x000000068b400000|  0%| F|  |TAMS 0x000000068b000000, 0x000000068b000000| Untracked 
|  43|0x000000068b400000, 0x000000068b400000, 0x000000068b800000|  0%| F|  |TAMS 0x000000068b400000, 0x000000068b400000| Untracked 
|  44|0x000000068b800000, 0x000000068b800000, 0x000000068bc00000|  0%| F|  |TAMS 0x000000068b800000, 0x000000068b800000| Untracked 
|  45|0x000000068bc00000, 0x000000068bc00000, 0x000000068c000000|  0%| F|  |TAMS 0x000000068bc00000, 0x000000068bc00000| Untracked 
|  46|0x000000068c000000, 0x000000068c000000, 0x000000068c400000|  0%| F|  |TAMS 0x000000068c000000, 0x000000068c000000| Untracked 
|  47|0x000000068c400000, 0x000000068c400000, 0x000000068c800000|  0%| F|  |TAMS 0x000000068c400000, 0x000000068c400000| Untracked 
|  48|0x000000068c800000, 0x000000068c800000, 0x000000068cc00000|  0%| F|  |TAMS 0x000000068c800000, 0x000000068c800000| Untracked 
|  49|0x000000068cc00000, 0x000000068cc00000, 0x000000068d000000|  0%| F|  |TAMS 0x000000068cc00000, 0x000000068cc00000| Untracked 
|  50|0x000000068d000000, 0x000000068d000000, 0x000000068d400000|  0%| F|  |TAMS 0x000000068d000000, 0x000000068d000000| Untracked 
|  51|0x000000068d400000, 0x000000068d400000, 0x000000068d800000|  0%| F|  |TAMS 0x000000068d400000, 0x000000068d400000| Untracked 
|  52|0x000000068d800000, 0x000000068db8d5e8, 0x000000068dc00000| 88%| S|  |TAMS 0x000000068d800000, 0x000000068d800000| Complete 
|  53|0x000000068dc00000, 0x000000068dde7ac0, 0x000000068e000000| 47%| E|CS|TAMS 0x000000068dc00000, 0x000000068dc00000| Complete 
|  54|0x000000068e000000, 0x000000068e400000, 0x000000068e400000|100%| E|CS|TAMS 0x000000068e000000, 0x000000068e000000| Complete 
|  55|0x000000068e400000, 0x000000068e800000, 0x000000068e800000|100%| E|CS|TAMS 0x000000068e400000, 0x000000068e400000| Complete 
|  56|0x000000068e800000, 0x000000068ec00000, 0x000000068ec00000|100%| E|CS|TAMS 0x000000068e800000, 0x000000068e800000| Complete 
|  57|0x000000068ec00000, 0x000000068f000000, 0x000000068f000000|100%| E|CS|TAMS 0x000000068ec00000, 0x000000068ec00000| Complete 
|  58|0x000000068f000000, 0x000000068f400000, 0x000000068f400000|100%| E|CS|TAMS 0x000000068f000000, 0x000000068f000000| Complete 
|  59|0x000000068f400000, 0x000000068f800000, 0x000000068f800000|100%| E|CS|TAMS 0x000000068f400000, 0x000000068f400000| Complete 
|  60|0x000000068f800000, 0x000000068fc00000, 0x000000068fc00000|100%| S|  |TAMS 0x000000068f800000, 0x000000068f800000| Complete 
|  61|0x000000068fc00000, 0x0000000690000000, 0x0000000690000000|100%| S|  |TAMS 0x000000068fc00000, 0x000000068fc00000| Complete 
|  62|0x0000000690000000, 0x0000000690400000, 0x0000000690400000|100%| S|  |TAMS 0x0000000690000000, 0x0000000690000000| Complete 
|  63|0x0000000690400000, 0x0000000690800000, 0x0000000690800000|100%| S|  |TAMS 0x0000000690400000, 0x0000000690400000| Complete 
|  64|0x0000000690800000, 0x0000000690c00000, 0x0000000690c00000|100%| S|  |TAMS 0x0000000690800000, 0x0000000690800000| Complete 
|  65|0x0000000690c00000, 0x0000000691000000, 0x0000000691000000|100%| S|  |TAMS 0x0000000690c00000, 0x0000000690c00000| Complete 
|  66|0x0000000691000000, 0x0000000691400000, 0x0000000691400000|100%| E|CS|TAMS 0x0000000691000000, 0x0000000691000000| Complete 
|  67|0x0000000691400000, 0x0000000691800000, 0x0000000691800000|100%| S|  |TAMS 0x0000000691400000, 0x0000000691400000| Complete 
|  68|0x0000000691800000, 0x0000000691c00000, 0x0000000691c00000|100%| S|  |TAMS 0x0000000691800000, 0x0000000691800000| Complete 
|  69|0x0000000691c00000, 0x0000000692000000, 0x0000000692000000|100%| E|CS|TAMS 0x0000000691c00000, 0x0000000691c00000| Complete 
|  70|0x0000000692000000, 0x0000000692400000, 0x0000000692400000|100%| E|CS|TAMS 0x0000000692000000, 0x0000000692000000| Complete 
|  71|0x0000000692400000, 0x0000000692800000, 0x0000000692800000|100%| E|CS|TAMS 0x0000000692400000, 0x0000000692400000| Complete 
|  72|0x0000000692800000, 0x0000000692c00000, 0x0000000692c00000|100%| E|CS|TAMS 0x0000000692800000, 0x0000000692800000| Complete 
|  73|0x0000000692c00000, 0x0000000693000000, 0x0000000693000000|100%| E|CS|TAMS 0x0000000692c00000, 0x0000000692c00000| Complete 
|  74|0x0000000693000000, 0x0000000693400000, 0x0000000693400000|100%| E|CS|TAMS 0x0000000693000000, 0x0000000693000000| Complete 
|  75|0x0000000693400000, 0x0000000693800000, 0x0000000693800000|100%| E|CS|TAMS 0x0000000693400000, 0x0000000693400000| Complete 
|  76|0x0000000693800000, 0x0000000693c00000, 0x0000000693c00000|100%| E|CS|TAMS 0x0000000693800000, 0x0000000693800000| Complete 
|  77|0x0000000693c00000, 0x0000000694000000, 0x0000000694000000|100%| E|CS|TAMS 0x0000000693c00000, 0x0000000693c00000| Complete 
|  78|0x0000000694000000, 0x0000000694400000, 0x0000000694400000|100%| E|CS|TAMS 0x0000000694000000, 0x0000000694000000| Complete 
|  79|0x0000000694400000, 0x0000000694800000, 0x0000000694800000|100%| E|CS|TAMS 0x0000000694400000, 0x0000000694400000| Complete 
|  80|0x0000000694800000, 0x0000000694c00000, 0x0000000694c00000|100%| E|CS|TAMS 0x0000000694800000, 0x0000000694800000| Complete 
|  81|0x0000000694c00000, 0x0000000695000000, 0x0000000695000000|100%| E|CS|TAMS 0x0000000694c00000, 0x0000000694c00000| Complete 
|  82|0x0000000695000000, 0x0000000695400000, 0x0000000695400000|100%| E|CS|TAMS 0x0000000695000000, 0x0000000695000000| Complete 
|  83|0x0000000695400000, 0x0000000695800000, 0x0000000695800000|100%| E|CS|TAMS 0x0000000695400000, 0x0000000695400000| Complete 
|  84|0x0000000695800000, 0x0000000695c00000, 0x0000000695c00000|100%| E|CS|TAMS 0x0000000695800000, 0x0000000695800000| Complete 
|  85|0x0000000695c00000, 0x0000000696000000, 0x0000000696000000|100%| E|CS|TAMS 0x0000000695c00000, 0x0000000695c00000| Complete 
|  86|0x0000000696000000, 0x0000000696400000, 0x0000000696400000|100%| E|CS|TAMS 0x0000000696000000, 0x0000000696000000| Complete 
|  87|0x0000000696400000, 0x0000000696800000, 0x0000000696800000|100%| E|CS|TAMS 0x0000000696400000, 0x0000000696400000| Complete 
|  88|0x0000000696800000, 0x0000000696c00000, 0x0000000696c00000|100%| E|CS|TAMS 0x0000000696800000, 0x0000000696800000| Complete 
|  89|0x0000000696c00000, 0x0000000697000000, 0x0000000697000000|100%| E|CS|TAMS 0x0000000696c00000, 0x0000000696c00000| Complete 
|  90|0x0000000697000000, 0x0000000697400000, 0x0000000697400000|100%| E|CS|TAMS 0x0000000697000000, 0x0000000697000000| Complete 
|  91|0x0000000697400000, 0x0000000697800000, 0x0000000697800000|100%| E|CS|TAMS 0x0000000697400000, 0x0000000697400000| Complete 
|  92|0x0000000697800000, 0x0000000697c00000, 0x0000000697c00000|100%| E|CS|TAMS 0x0000000697800000, 0x0000000697800000| Complete 
|  93|0x0000000697c00000, 0x0000000698000000, 0x0000000698000000|100%| E|CS|TAMS 0x0000000697c00000, 0x0000000697c00000| Complete 
|  94|0x0000000698000000, 0x0000000698400000, 0x0000000698400000|100%| E|CS|TAMS 0x0000000698000000, 0x0000000698000000| Complete 
|  95|0x0000000698400000, 0x0000000698800000, 0x0000000698800000|100%| E|CS|TAMS 0x0000000698400000, 0x0000000698400000| Complete 
|  96|0x0000000698800000, 0x0000000698c00000, 0x0000000698c00000|100%| E|CS|TAMS 0x0000000698800000, 0x0000000698800000| Complete 
|  97|0x0000000698c00000, 0x0000000699000000, 0x0000000699000000|100%| E|CS|TAMS 0x0000000698c00000, 0x0000000698c00000| Complete 
|  98|0x0000000699000000, 0x0000000699400000, 0x0000000699400000|100%| E|CS|TAMS 0x0000000699000000, 0x0000000699000000| Complete 
|  99|0x0000000699400000, 0x0000000699800000, 0x0000000699800000|100%| E|CS|TAMS 0x0000000699400000, 0x0000000699400000| Complete 
| 100|0x0000000699800000, 0x0000000699c00000, 0x0000000699c00000|100%| E|CS|TAMS 0x0000000699800000, 0x0000000699800000| Complete 
| 101|0x0000000699c00000, 0x000000069a000000, 0x000000069a000000|100%| E|CS|TAMS 0x0000000699c00000, 0x0000000699c00000| Complete 
| 102|0x000000069a000000, 0x000000069a400000, 0x000000069a400000|100%| E|CS|TAMS 0x000000069a000000, 0x000000069a000000| Complete 
| 103|0x000000069a400000, 0x000000069a800000, 0x000000069a800000|100%| E|CS|TAMS 0x000000069a400000, 0x000000069a400000| Complete 
| 104|0x000000069a800000, 0x000000069ac00000, 0x000000069ac00000|100%| E|CS|TAMS 0x000000069a800000, 0x000000069a800000| Complete 
| 105|0x000000069ac00000, 0x000000069b000000, 0x000000069b000000|100%| E|CS|TAMS 0x000000069ac00000, 0x000000069ac00000| Complete 
| 106|0x000000069b000000, 0x000000069b400000, 0x000000069b400000|100%| E|CS|TAMS 0x000000069b000000, 0x000000069b000000| Complete 
| 107|0x000000069b400000, 0x000000069b800000, 0x000000069b800000|100%| E|CS|TAMS 0x000000069b400000, 0x000000069b400000| Complete 
| 108|0x000000069b800000, 0x000000069bc00000, 0x000000069bc00000|100%| E|CS|TAMS 0x000000069b800000, 0x000000069b800000| Complete 
| 109|0x000000069bc00000, 0x000000069c000000, 0x000000069c000000|100%| E|CS|TAMS 0x000000069bc00000, 0x000000069bc00000| Complete 
| 110|0x000000069c000000, 0x000000069c400000, 0x000000069c400000|100%| E|CS|TAMS 0x000000069c000000, 0x000000069c000000| Complete 
| 111|0x000000069c400000, 0x000000069c800000, 0x000000069c800000|100%| E|CS|TAMS 0x000000069c400000, 0x000000069c400000| Complete 
| 112|0x000000069c800000, 0x000000069cc00000, 0x000000069cc00000|100%| E|CS|TAMS 0x000000069c800000, 0x000000069c800000| Complete 
| 113|0x000000069cc00000, 0x000000069d000000, 0x000000069d000000|100%| E|CS|TAMS 0x000000069cc00000, 0x000000069cc00000| Complete 
| 114|0x000000069d000000, 0x000000069d400000, 0x000000069d400000|100%| E|CS|TAMS 0x000000069d000000, 0x000000069d000000| Complete 
| 115|0x000000069d400000, 0x000000069d800000, 0x000000069d800000|100%| E|CS|TAMS 0x000000069d400000, 0x000000069d400000| Complete 
| 116|0x000000069d800000, 0x000000069dc00000, 0x000000069dc00000|100%| E|CS|TAMS 0x000000069d800000, 0x000000069d800000| Complete 
| 117|0x000000069dc00000, 0x000000069e000000, 0x000000069e000000|100%| E|CS|TAMS 0x000000069dc00000, 0x000000069dc00000| Complete 
| 118|0x000000069e000000, 0x000000069e400000, 0x000000069e400000|100%| E|CS|TAMS 0x000000069e000000, 0x000000069e000000| Complete 
| 119|0x000000069e400000, 0x000000069e800000, 0x000000069e800000|100%| E|CS|TAMS 0x000000069e400000, 0x000000069e400000| Complete 
| 120|0x000000069e800000, 0x000000069ec00000, 0x000000069ec00000|100%| E|CS|TAMS 0x000000069e800000, 0x000000069e800000| Complete 
| 121|0x000000069ec00000, 0x000000069f000000, 0x000000069f000000|100%| E|CS|TAMS 0x000000069ec00000, 0x000000069ec00000| Complete 
| 122|0x000000069f000000, 0x000000069f400000, 0x000000069f400000|100%| E|CS|TAMS 0x000000069f000000, 0x000000069f000000| Complete 
| 123|0x000000069f400000, 0x000000069f800000, 0x000000069f800000|100%| E|CS|TAMS 0x000000069f400000, 0x000000069f400000| Complete 
| 124|0x000000069f800000, 0x000000069fc00000, 0x000000069fc00000|100%| E|CS|TAMS 0x000000069f800000, 0x000000069f800000| Complete 
| 125|0x000000069fc00000, 0x00000006a0000000, 0x00000006a0000000|100%| E|CS|TAMS 0x000000069fc00000, 0x000000069fc00000| Complete 
| 126|0x00000006a0000000, 0x00000006a0400000, 0x00000006a0400000|100%| E|CS|TAMS 0x00000006a0000000, 0x00000006a0000000| Complete 
| 127|0x00000006a0400000, 0x00000006a0800000, 0x00000006a0800000|100%| E|CS|TAMS 0x00000006a0400000, 0x00000006a0400000| Complete 
| 128|0x00000006a0800000, 0x00000006a0c00000, 0x00000006a0c00000|100%| E|CS|TAMS 0x00000006a0800000, 0x00000006a0800000| Complete 
| 129|0x00000006a0c00000, 0x00000006a1000000, 0x00000006a1000000|100%| E|CS|TAMS 0x00000006a0c00000, 0x00000006a0c00000| Complete 
| 130|0x00000006a1000000, 0x00000006a1400000, 0x00000006a1400000|100%| E|CS|TAMS 0x00000006a1000000, 0x00000006a1000000| Complete 
| 131|0x00000006a1400000, 0x00000006a1800000, 0x00000006a1800000|100%| E|CS|TAMS 0x00000006a1400000, 0x00000006a1400000| Complete 
| 132|0x00000006a1800000, 0x00000006a1c00000, 0x00000006a1c00000|100%| E|CS|TAMS 0x00000006a1800000, 0x00000006a1800000| Complete 
| 133|0x00000006a1c00000, 0x00000006a2000000, 0x00000006a2000000|100%| E|CS|TAMS 0x00000006a1c00000, 0x00000006a1c00000| Complete 
| 134|0x00000006a2000000, 0x00000006a2400000, 0x00000006a2400000|100%| E|CS|TAMS 0x00000006a2000000, 0x00000006a2000000| Complete 
| 135|0x00000006a2400000, 0x00000006a2800000, 0x00000006a2800000|100%| E|CS|TAMS 0x00000006a2400000, 0x00000006a2400000| Complete 
| 136|0x00000006a2800000, 0x00000006a2c00000, 0x00000006a2c00000|100%| E|CS|TAMS 0x00000006a2800000, 0x00000006a2800000| Complete 
| 137|0x00000006a2c00000, 0x00000006a3000000, 0x00000006a3000000|100%| E|CS|TAMS 0x00000006a2c00000, 0x00000006a2c00000| Complete 
| 138|0x00000006a3000000, 0x00000006a3400000, 0x00000006a3400000|100%| E|CS|TAMS 0x00000006a3000000, 0x00000006a3000000| Complete 
| 139|0x00000006a3400000, 0x00000006a3800000, 0x00000006a3800000|100%| E|CS|TAMS 0x00000006a3400000, 0x00000006a3400000| Complete 
| 140|0x00000006a3800000, 0x00000006a3c00000, 0x00000006a3c00000|100%| E|CS|TAMS 0x00000006a3800000, 0x00000006a3800000| Complete 
| 141|0x00000006a3c00000, 0x00000006a4000000, 0x00000006a4000000|100%| E|CS|TAMS 0x00000006a3c00000, 0x00000006a3c00000| Complete 
| 142|0x00000006a4000000, 0x00000006a4400000, 0x00000006a4400000|100%| E|CS|TAMS 0x00000006a4000000, 0x00000006a4000000| Complete 
| 143|0x00000006a4400000, 0x00000006a4800000, 0x00000006a4800000|100%| E|CS|TAMS 0x00000006a4400000, 0x00000006a4400000| Complete 
| 144|0x00000006a4800000, 0x00000006a4c00000, 0x00000006a4c00000|100%| E|CS|TAMS 0x00000006a4800000, 0x00000006a4800000| Complete 
| 145|0x00000006a4c00000, 0x00000006a5000000, 0x00000006a5000000|100%| E|CS|TAMS 0x00000006a4c00000, 0x00000006a4c00000| Complete 
| 146|0x00000006a5000000, 0x00000006a5400000, 0x00000006a5400000|100%| E|CS|TAMS 0x00000006a5000000, 0x00000006a5000000| Complete 
| 147|0x00000006a5400000, 0x00000006a5800000, 0x00000006a5800000|100%| E|CS|TAMS 0x00000006a5400000, 0x00000006a5400000| Complete 
| 148|0x00000006a5800000, 0x00000006a5c00000, 0x00000006a5c00000|100%| E|CS|TAMS 0x00000006a5800000, 0x00000006a5800000| Complete 
| 149|0x00000006a5c00000, 0x00000006a6000000, 0x00000006a6000000|100%| E|CS|TAMS 0x00000006a5c00000, 0x00000006a5c00000| Complete 
| 150|0x00000006a6000000, 0x00000006a6400000, 0x00000006a6400000|100%| E|CS|TAMS 0x00000006a6000000, 0x00000006a6000000| Complete 
| 151|0x00000006a6400000, 0x00000006a6800000, 0x00000006a6800000|100%| E|CS|TAMS 0x00000006a6400000, 0x00000006a6400000| Complete 

Card table byte_map: [0x000002379e5b0000,0x000002379f1b0000] _byte_map_base: 0x000002379b1ac000

Marking Bits (Prev, Next): (CMBitMap*) 0x000002378b042d90, (CMBitMap*) 0x000002378b042dd0
 Prev Bits: [0x000002379fdb0000, 0x00000237a5d90000)
 Next Bits: [0x00000237a5d90000, 0x00000237abd70000)

Polling page: 0x000002378a780000

Metaspace:

Usage:
  Non-class:     15.41 MB used.
      Class:      1.21 MB used.
       Both:     16.62 MB used.

Virtual space:
  Non-class space:       64.00 MB reserved,      15.50 MB ( 24%) committed,  1 nodes.
      Class space:        1.00 GB reserved,       1.31 MB ( <1%) committed,  1 nodes.
             Both:        1.06 GB reserved,      16.81 MB (  2%) committed. 

Chunk freelists:
   Non-Class:  192.00 KB
       Class:  14.72 MB
        Both:  14.91 MB

MaxMetaspaceSize: unlimited
CompressedClassSpaceSize: 1.00 GB
Initial GC threshold: 21.00 MB
Current GC threshold: 21.00 MB
CDS: off
MetaspaceReclaimPolicy: balanced
 - commit_granule_bytes: 65536.
 - commit_granule_words: 8192.
 - virtual_space_node_default_size: 8388608.
 - enlarge_chunks_in_place: 1.
 - new_chunks_are_fully_committed: 0.
 - uncommit_free_chunks: 1.
 - use_allocation_guard: 0.
 - handle_deallocations: 1.


Internal statistics:

num_allocs_failed_limit: 0.
num_arena_births: 68.
num_arena_deaths: 0.
num_vsnodes_births: 2.
num_vsnodes_deaths: 0.
num_space_committed: 267.
num_space_uncommitted: 0.
num_chunks_returned_to_freelist: 0.
num_chunks_taken_from_freelist: 295.
num_chunk_merges: 0.
num_chunk_splits: 213.
num_chunks_enlarged: 172.
num_inconsistent_stats: 0.

CodeHeap 'non-profiled nmethods': size=120000Kb used=1231Kb max_used=1231Kb free=118769Kb
 bounds [0x0000023796140000, 0x00000237963b0000, 0x000002379d670000]
CodeHeap 'profiled nmethods': size=120000Kb used=2884Kb max_used=2884Kb free=117115Kb
 bounds [0x000002378e670000, 0x000002378e950000, 0x0000023795ba0000]
CodeHeap 'non-nmethods': size=5760Kb used=1779Kb max_used=1868Kb free=3980Kb
 bounds [0x0000023795ba0000, 0x0000023795e10000, 0x0000023796140000]
 total_blobs=2581 nmethods=1406 adapters=1088
 compilation: enabled
              stopped_count=0, restarted_count=0
 full_count=0

Compilation events (20 events):
Event: 15.327 Thread 0x00000237ae8a7e30 1397       3       java.lang.Double::valueOf (9 bytes)
Event: 15.328 Thread 0x00000237ae8a7e30 nmethod 1397 0x000002378e93f610 code [0x000002378e93f7c0, 0x000002378e93fa38]
Event: 15.328 Thread 0x00000237ae8a7e30 1398       3       java.lang.Double::<init> (10 bytes)
Event: 15.328 Thread 0x00000237ae8a7e30 nmethod 1398 0x000002378e93fb90 code [0x000002378e93fd40, 0x000002378e93ff18]
Event: 15.461 Thread 0x00000237ae8a7e30 1399       3       java.util.regex.Matcher::find (35 bytes)
Event: 15.462 Thread 0x00000237ae8a7e30 nmethod 1399 0x000002378e940010 code [0x000002378e940200, 0x000002378e940618]
Event: 15.462 Thread 0x00000237ae8a7e30 1400       3       java.util.regex.Pattern$$Lambda$45/0x00000008000e3d78::is (13 bytes)
Event: 15.462 Thread 0x00000237ae8a7e30 nmethod 1400 0x000002378e940810 code [0x000002378e9409c0, 0x000002378e940c18]
Event: 15.462 Thread 0x00000237ae8a7e30 1401       3       java.util.regex.Pattern::lambda$Range$10 (7 bytes)
Event: 15.462 Thread 0x00000237ae8a7e30 nmethod 1401 0x000002378e940d10 code [0x000002378e940ea0, 0x000002378e941078]
Event: 15.593 Thread 0x00000237ae8a7090 1402   !   4       java.nio.charset.CharsetDecoder::decode (275 bytes)
Event: 15.596 Thread 0x00000237ae8a7090 nmethod 1402 0x000002379626b910 code [0x000002379626bac0, 0x000002379626bd28]
Event: 16.133 Thread 0x00000237ae8a7090 1403       4       java.nio.Buffer::<init> (105 bytes)
Event: 16.137 Thread 0x00000237ae8a7090 nmethod 1403 0x000002379626c090 code [0x000002379626c220, 0x000002379626c618]
Event: 16.137 Thread 0x00000237ae8a7090 1404       4       java.nio.ByteBuffer::flip (7 bytes)
Event: 16.137 Thread 0x00000237ae8a7090 nmethod 1404 0x000002379626c910 code [0x000002379626ca80, 0x000002379626cb18]
Event: 16.166 Thread 0x00000237ae8a7090 1405       4       java.io.BufferedReader::fill (170 bytes)
Event: 16.251 Thread 0x00000237ae8a7090 nmethod 1405 0x000002379626cc10 code [0x000002379626cf40, 0x0000023796270830]
Event: 16.251 Thread 0x00000237ae8a7090 1406       4       java.nio.CharBuffer::<init> (24 bytes)
Event: 16.256 Thread 0x00000237ae8a7090 nmethod 1406 0x0000023796273290 code [0x0000023796273420, 0x00000237962738d8]

GC Heap History (20 events):
Event: 12.147 GC heap after
{Heap after GC invocations=5 (full 0):
 garbage-first heap   total 393216K, used 29998K [0x0000000680800000, 0x0000000800000000)
  region size 4096K, 5 young (20480K), 5 survivors (20480K)
 Metaspace       used 17003K, committed 17152K, reserved 1114112K
  class space    used 1242K, committed 1344K, reserved 1048576K
}
Event: 12.564 GC heap before
{Heap before GC invocations=5 (full 0):
 garbage-first heap   total 393216K, used 238894K [0x0000000680800000, 0x0000000800000000)
  region size 4096K, 57 young (233472K), 5 survivors (20480K)
 Metaspace       used 17003K, committed 17152K, reserved 1114112K
  class space    used 1242K, committed 1344K, reserved 1048576K
}
Event: 12.605 GC heap after
{Heap after GC invocations=6 (full 0):
 garbage-first heap   total 393216K, used 80023K [0x0000000680800000, 0x0000000800000000)
  region size 4096K, 8 young (32768K), 8 survivors (32768K)
 Metaspace       used 17003K, committed 17152K, reserved 1114112K
  class space    used 1242K, committed 1344K, reserved 1048576K
}
Event: 13.724 GC heap before
{Heap before GC invocations=6 (full 0):
 garbage-first heap   total 393216K, used 116887K [0x0000000680800000, 0x0000000800000000)
  region size 4096K, 9 young (36864K), 8 survivors (32768K)
 Metaspace       used 17004K, committed 17152K, reserved 1114112K
  class space    used 1242K, committed 1344K, reserved 1048576K
}
Event: 13.732 GC heap after
{Heap after GC invocations=7 (full 0):
 garbage-first heap   total 393216K, used 94169K [0x0000000680800000, 0x0000000800000000)
  region size 4096K, 1 young (4096K), 1 survivors (4096K)
 Metaspace       used 17004K, committed 17152K, reserved 1114112K
  class space    used 1242K, committed 1344K, reserved 1048576K
}
Event: 14.318 GC heap before
{Heap before GC invocations=7 (full 0):
 garbage-first heap   total 393216K, used 249817K [0x0000000680800000, 0x0000000800000000)
  region size 4096K, 39 young (159744K), 1 survivors (4096K)
 Metaspace       used 17016K, committed 17216K, reserved 1114112K
  class space    used 1242K, committed 1344K, reserved 1048576K
}
Event: 14.322 GC heap after
{Heap after GC invocations=8 (full 0):
 garbage-first heap   total 393216K, used 99987K [0x0000000680800000, 0x0000000800000000)
  region size 4096K, 3 young (12288K), 3 survivors (12288K)
 Metaspace       used 17016K, committed 17216K, reserved 1114112K
  class space    used 1242K, committed 1344K, reserved 1048576K
}
Event: 14.427 GC heap before
{Heap before GC invocations=8 (full 0):
 garbage-first heap   total 393216K, used 259731K [0x0000000680800000, 0x0000000800000000)
  region size 4096K, 42 young (172032K), 3 survivors (12288K)
 Metaspace       used 17016K, committed 17216K, reserved 1114112K
  class space    used 1242K, committed 1344K, reserved 1048576K
}
Event: 14.433 GC heap after
{Heap after GC invocations=9 (full 0):
 garbage-first heap   total 393216K, used 106068K [0x0000000680800000, 0x0000000800000000)
  region size 4096K, 4 young (16384K), 4 survivors (16384K)
 Metaspace       used 17016K, committed 17216K, reserved 1114112K
  class space    used 1242K, committed 1344K, reserved 1048576K
}
Event: 15.488 GC heap before
{Heap before GC invocations=9 (full 0):
 garbage-first heap   total 393216K, used 274004K [0x0000000680800000, 0x0000000800000000)
  region size 4096K, 45 young (184320K), 4 survivors (16384K)
 Metaspace       used 17020K, committed 17216K, reserved 1114112K
  class space    used 1242K, committed 1344K, reserved 1048576K
}
Event: 15.492 GC heap after
{Heap after GC invocations=10 (full 0):
 garbage-first heap   total 393216K, used 114225K [0x0000000680800000, 0x0000000800000000)
  region size 4096K, 4 young (16384K), 4 survivors (16384K)
 Metaspace       used 17020K, committed 17216K, reserved 1114112K
  class space    used 1242K, committed 1344K, reserved 1048576K
}
Event: 15.615 GC heap before
{Heap before GC invocations=10 (full 0):
 garbage-first heap   total 393216K, used 282161K [0x0000000680800000, 0x0000000800000000)
  region size 4096K, 45 young (184320K), 4 survivors (16384K)
 Metaspace       used 17020K, committed 17216K, reserved 1114112K
  class space    used 1242K, committed 1344K, reserved 1048576K
}
Event: 15.620 GC heap after
{Heap after GC invocations=11 (full 0):
 garbage-first heap   total 393216K, used 117391K [0x0000000680800000, 0x0000000800000000)
  region size 4096K, 5 young (20480K), 5 survivors (20480K)
 Metaspace       used 17020K, committed 17216K, reserved 1114112K
  class space    used 1242K, committed 1344K, reserved 1048576K
}
Event: 15.733 GC heap before
{Heap before GC invocations=11 (full 0):
 garbage-first heap   total 393216K, used 293519K [0x0000000680800000, 0x0000000800000000)
  region size 4096K, 48 young (196608K), 5 survivors (20480K)
 Metaspace       used 17020K, committed 17216K, reserved 1114112K
  class space    used 1242K, committed 1344K, reserved 1048576K
}
Event: 15.739 GC heap after
{Heap after GC invocations=12 (full 0):
 garbage-first heap   total 622592K, used 122530K [0x0000000680800000, 0x0000000800000000)
  region size 4096K, 5 young (20480K), 5 survivors (20480K)
 Metaspace       used 17020K, committed 17216K, reserved 1114112K
  class space    used 1242K, committed 1344K, reserved 1048576K
}
Event: 16.068 GC heap before
{Heap before GC invocations=12 (full 0):
 garbage-first heap   total 622592K, used 474786K [0x0000000680800000, 0x0000000800000000)
  region size 4096K, 91 young (372736K), 5 survivors (20480K)
 Metaspace       used 17020K, committed 17216K, reserved 1114112K
  class space    used 1242K, committed 1344K, reserved 1048576K
}
Event: 16.077 GC heap after
{Heap after GC invocations=13 (full 0):
 garbage-first heap   total 622592K, used 128998K [0x0000000680800000, 0x0000000800000000)
  region size 4096K, 6 young (24576K), 6 survivors (24576K)
 Metaspace       used 17020K, committed 17216K, reserved 1114112K
  class space    used 1242K, committed 1344K, reserved 1048576K
}
Event: 16.374 GC heap before
{Heap before GC invocations=13 (full 0):
 garbage-first heap   total 622592K, used 481254K [0x0000000680800000, 0x0000000800000000)
  region size 4096K, 91 young (372736K), 6 survivors (24576K)
 Metaspace       used 17020K, committed 17216K, reserved 1114112K
  class space    used 1242K, committed 1344K, reserved 1048576K
}
Event: 16.385 GC heap after
{Heap after GC invocations=14 (full 0):
 garbage-first heap   total 622592K, used 140834K [0x0000000680800000, 0x0000000800000000)
  region size 4096K, 8 young (32768K), 8 survivors (32768K)
 Metaspace       used 17020K, committed 17216K, reserved 1114112K
  class space    used 1242K, committed 1344K, reserved 1048576K
}
Event: 16.654 GC heap before
{Heap before GC invocations=14 (full 0):
 garbage-first heap   total 622592K, used 480802K [0x0000000680800000, 0x0000000800000000)
  region size 4096K, 91 young (372736K), 8 survivors (32768K)
 Metaspace       used 17020K, committed 17216K, reserved 1114112K
  class space    used 1242K, committed 1344K, reserved 1048576K
}

Dll operation events (11 events):
Event: 0.009 Loaded shared library C:\Users\alex\.p2\pool\plugins\org.eclipse.justj.openjdk.hotspot.jre.full.win32.x86_64_17.0.7.v20230425-1502\jre\bin\java.dll
Event: 0.201 Loaded shared library C:\Users\alex\.p2\pool\plugins\org.eclipse.justj.openjdk.hotspot.jre.full.win32.x86_64_17.0.7.v20230425-1502\jre\bin\zip.dll
Event: 0.204 Loaded shared library C:\Users\alex\.p2\pool\plugins\org.eclipse.justj.openjdk.hotspot.jre.full.win32.x86_64_17.0.7.v20230425-1502\jre\bin\instrument.dll
Event: 0.217 Loaded shared library C:\Users\alex\.p2\pool\plugins\org.eclipse.justj.openjdk.hotspot.jre.full.win32.x86_64_17.0.7.v20230425-1502\jre\bin\net.dll
Event: 0.219 Loaded shared library C:\Users\alex\.p2\pool\plugins\org.eclipse.justj.openjdk.hotspot.jre.full.win32.x86_64_17.0.7.v20230425-1502\jre\bin\nio.dll
Event: 0.225 Loaded shared library C:\Users\alex\.p2\pool\plugins\org.eclipse.justj.openjdk.hotspot.jre.full.win32.x86_64_17.0.7.v20230425-1502\jre\bin\zip.dll
Event: 0.322 Loaded shared library C:\Users\alex\.p2\pool\plugins\org.eclipse.justj.openjdk.hotspot.jre.full.win32.x86_64_17.0.7.v20230425-1502\jre\bin\jimage.dll
Event: 0.372 Loaded shared library C:\Users\alex\.p2\pool\plugins\org.eclipse.justj.openjdk.hotspot.jre.full.win32.x86_64_17.0.7.v20230425-1502\jre\bin\verify.dll
Event: 0.480 Loaded shared library C:\Users\alex\AppData\Local\Temp\lwjgl_alex\3.3.4+7\x64\lwjgl.dll
Event: 1.151 Loaded shared library C:\Users\alex\AppData\Local\Temp\lwjgl_alex\3.3.4+7\x64\lwjgl_opengl.dll
Event: 1.333 Loaded shared library C:\Users\alex\AppData\Local\Temp\lwjgl_alex\3.3.4+7\x64\lwjgl_stb.dll

Deoptimization events (20 events):
Event: 7.414 Thread 0x000002378afbadb0 DEOPT PACKING pc=0x00000237961d587c sp=0x00000059fe9fefa0
Event: 7.414 Thread 0x000002378afbadb0 DEOPT UNPACKING pc=0x0000023795bf69a3 sp=0x00000059fe9feea8 mode 2
Event: 7.533 Thread 0x000002378afbadb0 DEOPT PACKING pc=0x000002378e8f11e4 sp=0x00000059fe9fe9c0
Event: 7.533 Thread 0x000002378afbadb0 DEOPT UNPACKING pc=0x0000023795bf7143 sp=0x00000059fe9fde08 mode 0
Event: 7.837 Thread 0x000002378afbadb0 Uncommon trap: trap_request=0xffffff45 fr.pc=0x00000237961cc2c0 relative=0x0000000000001a20
Event: 7.837 Thread 0x000002378afbadb0 Uncommon trap: reason=unstable_if action=reinterpret pc=0x00000237961cc2c0 method=jdk.internal.math.FDBigInteger.cmp(Ljdk/internal/math/FDBigInteger;)I @ 48 c2
Event: 7.837 Thread 0x000002378afbadb0 DEOPT PACKING pc=0x00000237961cc2c0 sp=0x00000059fe9fee00
Event: 7.838 Thread 0x000002378afbadb0 DEOPT UNPACKING pc=0x0000023795bf69a3 sp=0x00000059fe9fed00 mode 2
Event: 8.065 Thread 0x000002378afbadb0 DEOPT PACKING pc=0x000002378e918f74 sp=0x00000059fe9fef40
Event: 8.065 Thread 0x000002378afbadb0 DEOPT UNPACKING pc=0x0000023795bf7143 sp=0x00000059fe9fe608 mode 0
Event: 8.067 Thread 0x000002378afbadb0 Uncommon trap: trap_request=0xffffff45 fr.pc=0x0000023796202090 relative=0x0000000000001290
Event: 8.067 Thread 0x000002378afbadb0 Uncommon trap: reason=unstable_if action=reinterpret pc=0x0000023796202090 method=loaders.ObjLoader.loadObj(Ljava/lang/String;)Ltoolbox/Mesh; @ 632 c2
Event: 8.067 Thread 0x000002378afbadb0 DEOPT PACKING pc=0x0000023796202090 sp=0x00000059fe9ff230
Event: 8.067 Thread 0x000002378afbadb0 DEOPT UNPACKING pc=0x0000023795bf69a3 sp=0x00000059fe9ff118 mode 2
Event: 11.714 Thread 0x000002378afbadb0 DEOPT PACKING pc=0x000002378e918bff sp=0x00000059fe9fef40
Event: 11.714 Thread 0x000002378afbadb0 DEOPT UNPACKING pc=0x0000023795bf7143 sp=0x00000059fe9fe610 mode 0
Event: 11.825 Thread 0x000002378afbadb0 Uncommon trap: trap_request=0xffffff45 fr.pc=0x0000023796226c24 relative=0x0000000000003064
Event: 11.825 Thread 0x000002378afbadb0 Uncommon trap: reason=unstable_if action=reinterpret pc=0x0000023796226c24 method=loaders.ObjLoader.loadObj(Ljava/lang/String;)Ltoolbox/Mesh; @ 249 c2
Event: 11.825 Thread 0x000002378afbadb0 DEOPT PACKING pc=0x0000023796226c24 sp=0x00000059fe9ff180
Event: 11.825 Thread 0x000002378afbadb0 DEOPT UNPACKING pc=0x0000023795bf69a3 sp=0x00000059fe9ff120 mode 2

Classes unloaded (0 events):
No events

Classes redefined (0 events):
No events

Internal exceptions (20 events):
Event: 0.449 Thread 0x000002378afbadb0 Exception <a 'java/lang/NoSuchMethodError'{0x0000000697d7f2d0}: 'java.lang.Object java.lang.invoke.DirectMethodHandle$Holder.invokeStatic(java.lang.Object, java.lang.Object, int)'> (0x0000000697d7f2d0) 
thrown [s\src\hotspot\share\interpreter\linkResolver.cpp, line 759]
Event: 0.451 Thread 0x000002378afbadb0 Exception <a 'java/lang/NoSuchMethodError'{0x0000000697d8b040}: 'void java.lang.invoke.DelegatingMethodHandle$Holder.delegate(java.lang.Object, java.lang.Object, int, java.lang.Object)'> (0x0000000697d8b040) 
thrown [s\src\hotspot\share\interpreter\linkResolver.cpp, line 759]
Event: 0.451 Thread 0x000002378afbadb0 Exception <a 'java/lang/NoSuchMethodError'{0x0000000697d8f078}: 'int java.lang.invoke.DirectMethodHandle$Holder.invokeSpecial(java.lang.Object, java.lang.Object, java.lang.Object)'> (0x0000000697d8f078) 
thrown [s\src\hotspot\share\interpreter\linkResolver.cpp, line 759]
Event: 0.484 Thread 0x000002378afbadb0 Exception <a 'sun/nio/fs/WindowsException'{0x0000000697e50968}> (0x0000000697e50968) 
thrown [s\src\hotspot\share\prims\jni.cpp, line 516]
Event: 0.484 Thread 0x000002378afbadb0 Exception <a 'sun/nio/fs/WindowsException'{0x0000000697e51f80}> (0x0000000697e51f80) 
thrown [s\src\hotspot\share\prims\jni.cpp, line 516]
Event: 0.496 Thread 0x000002378afbadb0 Exception <a 'sun/nio/fs/WindowsException'{0x0000000697ed1a30}> (0x0000000697ed1a30) 
thrown [s\src\hotspot\share\prims\jni.cpp, line 516]
Event: 0.496 Thread 0x000002378afbadb0 Exception <a 'sun/nio/fs/WindowsException'{0x0000000697ed1d88}> (0x0000000697ed1d88) 
thrown [s\src\hotspot\share\prims\jni.cpp, line 516]
Event: 0.508 Thread 0x000002378afbadb0 Exception <a 'java/lang/NoSuchMethodError'{0x0000000697f712e8}: 'java.lang.Object java.lang.invoke.DirectMethodHandle$Holder.invokeStaticInit(java.lang.Object)'> (0x0000000697f712e8) 
thrown [s\src\hotspot\share\interpreter\linkResolver.cpp, line 759]
Event: 0.514 Thread 0x000002378afbadb0 Exception <a 'java/lang/NoSuchMethodError'{0x0000000697fc1988}: 'int java.lang.invoke.DirectMethodHandle$Holder.invokeStaticInit(java.lang.Object, java.lang.Object, int, long)'> (0x0000000697fc1988) 
thrown [s\src\hotspot\share\interpreter\linkResolver.cpp, line 759]
Event: 0.514 Thread 0x000002378afbadb0 Exception <a 'java/lang/NoSuchMethodError'{0x0000000697fc7250}: 'java.lang.Object java.lang.invoke.DirectMethodHandle$Holder.newInvokeSpecial(java.lang.Object, java.lang.Object, int)'> (0x0000000697fc7250) 
thrown [s\src\hotspot\share\interpreter\linkResolver.cpp, line 759]
Event: 0.516 Thread 0x000002378afbadb0 Exception <a 'java/lang/NoSuchMethodError'{0x0000000697fe1158}: 'int java.lang.invoke.DirectMethodHandle$Holder.invokeStaticInit(java.lang.Object, java.lang.Object, long, long)'> (0x0000000697fe1158) 
thrown [s\src\hotspot\share\interpreter\linkResolver.cpp, line 759]
Event: 0.516 Thread 0x000002378afbadb0 Exception <a 'java/lang/NoSuchMethodError'{0x0000000697fe7268}: 'java.lang.Object java.lang.invoke.DirectMethodHandle$Holder.newInvokeSpecial(java.lang.Object, java.lang.Object, long)'> (0x0000000697fe7268) 
thrown [s\src\hotspot\share\interpreter\linkResolver.cpp, line 759]
Event: 0.517 Thread 0x000002378afbadb0 Exception <a 'java/lang/NoSuchMethodError'{0x0000000697feb558}: 'java.lang.Object java.lang.invoke.Invokers$Holder.linkToTargetMethod(java.lang.Object, long, java.lang.Object)'> (0x0000000697feb558) 
thrown [s\src\hotspot\share\interpreter\linkResolver.cpp, line 759]
Event: 0.517 Thread 0x000002378afbadb0 Exception <a 'java/lang/NoSuchMethodError'{0x0000000697ff2c70}: 'int java.lang.invoke.DirectMethodHandle$Holder.invokeStaticInit(java.lang.Object, java.lang.Object, java.lang.Object, long)'> (0x0000000697ff2c70) 
thrown [s\src\hotspot\share\interpreter\linkResolver.cpp, line 759]
Event: 1.149 Thread 0x000002378afbadb0 Exception <a 'sun/nio/fs/WindowsException'{0x0000000697a1ca88}> (0x0000000697a1ca88) 
thrown [s\src\hotspot\share\prims\jni.cpp, line 516]
Event: 1.149 Thread 0x000002378afbadb0 Exception <a 'sun/nio/fs/WindowsException'{0x0000000697a1ce18}> (0x0000000697a1ce18) 
thrown [s\src\hotspot\share\prims\jni.cpp, line 516]
Event: 1.154 Thread 0x000002378afbadb0 Exception <a 'sun/nio/fs/WindowsException'{0x0000000697a2ca48}> (0x0000000697a2ca48) 
thrown [s\src\hotspot\share\prims\jni.cpp, line 516]
Event: 1.154 Thread 0x000002378afbadb0 Exception <a 'sun/nio/fs/WindowsException'{0x0000000697a2cd18}> (0x0000000697a2cd18) 
thrown [s\src\hotspot\share\prims\jni.cpp, line 516]
Event: 1.331 Thread 0x000002378afbadb0 Exception <a 'sun/nio/fs/WindowsException'{0x000000069872d318}> (0x000000069872d318) 
thrown [s\src\hotspot\share\prims\jni.cpp, line 516]
Event: 1.331 Thread 0x000002378afbadb0 Exception <a 'sun/nio/fs/WindowsException'{0x000000069872d688}> (0x000000069872d688) 
thrown [s\src\hotspot\share\prims\jni.cpp, line 516]

VM Operations (20 events):
Event: 12.605 Executing VM operation: G1CollectForAllocation done
Event: 13.617 Executing VM operation: Cleanup
Event: 13.618 Executing VM operation: Cleanup done
Event: 13.724 Executing VM operation: G1CollectForAllocation
Event: 13.732 Executing VM operation: G1CollectForAllocation done
Event: 14.317 Executing VM operation: G1CollectForAllocation
Event: 14.322 Executing VM operation: G1CollectForAllocation done
Event: 14.427 Executing VM operation: G1CollectForAllocation
Event: 14.433 Executing VM operation: G1CollectForAllocation done
Event: 15.488 Executing VM operation: G1CollectForAllocation
Event: 15.492 Executing VM operation: G1CollectForAllocation done
Event: 15.615 Executing VM operation: G1CollectForAllocation
Event: 15.620 Executing VM operation: G1CollectForAllocation done
Event: 15.733 Executing VM operation: G1CollectForAllocation
Event: 15.739 Executing VM operation: G1CollectForAllocation done
Event: 16.068 Executing VM operation: G1CollectForAllocation
Event: 16.077 Executing VM operation: G1CollectForAllocation done
Event: 16.374 Executing VM operation: G1CollectForAllocation
Event: 16.385 Executing VM operation: G1CollectForAllocation done
Event: 16.654 Executing VM operation: G1CollectForAllocation

Events (20 events):
Event: 1.723 loading class java/io/FileReader
Event: 1.723 loading class java/io/FileReader done
Event: 1.725 loading class java/lang/NumberFormatException
Event: 1.726 loading class java/lang/NumberFormatException done
Event: 1.834 Thread 0x00000237b60fb5c0 Thread exited: 0x00000237b60fb5c0
Event: 2.181 Thread 0x00000237b5b20f40 Thread exited: 0x00000237b5b20f40
Event: 2.831 Thread 0x00000237b61cd650 Thread added: 0x00000237b61cd650
Event: 2.841 Thread 0x00000237b6279ab0 Thread added: 0x00000237b6279ab0
Event: 3.229 Thread 0x00000237b61cd650 Thread exited: 0x00000237b61cd650
Event: 3.229 Thread 0x00000237b6279ab0 Thread exited: 0x00000237b6279ab0
Event: 4.189 Thread 0x00000237bb524470 Thread added: 0x00000237bb524470
Event: 4.489 Thread 0x00000237bb524470 Thread exited: 0x00000237bb524470
Event: 4.878 Thread 0x00000237b5f60390 Thread added: 0x00000237b5f60390
Event: 5.446 Thread 0x00000237b5f60390 Thread exited: 0x00000237b5f60390
Event: 7.419 Thread 0x00000237bb7a4240 Thread added: 0x00000237bb7a4240
Event: 7.433 Thread 0x00000237b5f78390 Thread added: 0x00000237b5f78390
Event: 7.837 Thread 0x00000237b5f78390 Thread exited: 0x00000237b5f78390
Event: 7.848 Thread 0x00000237bbfefac0 Thread added: 0x00000237bbfefac0
Event: 9.559 Thread 0x00000237bbfefac0 Thread exited: 0x00000237bbfefac0
Event: 9.559 Thread 0x00000237bb7a4240 Thread exited: 0x00000237bb7a4240


Dynamic libraries:
0x00007ff7a7750000 - 0x00007ff7a775e000 	C:\Users\alex\.p2\pool\plugins\org.eclipse.justj.openjdk.hotspot.jre.full.win32.x86_64_17.0.7.v20230425-1502\jre\bin\javaw.exe
0x00007ff839150000 - 0x00007ff839348000 	C:\WINDOWS\SYSTEM32\ntdll.dll
0x00007ff837f10000 - 0x00007ff837fd2000 	C:\WINDOWS\System32\KERNEL32.DLL
0x00007ff836d10000 - 0x00007ff837006000 	C:\WINDOWS\System32\KERNELBASE.dll
0x00007ff836960000 - 0x00007ff836a60000 	C:\WINDOWS\System32\ucrtbase.dll
0x00007ff833290000 - 0x00007ff8332a7000 	C:\Users\alex\.p2\pool\plugins\org.eclipse.justj.openjdk.hotspot.jre.full.win32.x86_64_17.0.7.v20230425-1502\jre\bin\jli.dll
0x00007ff833260000 - 0x00007ff833279000 	C:\Users\alex\.p2\pool\plugins\org.eclipse.justj.openjdk.hotspot.jre.full.win32.x86_64_17.0.7.v20230425-1502\jre\bin\VCRUNTIME140.dll
0x00007ff837270000 - 0x00007ff837411000 	C:\WINDOWS\System32\USER32.dll
0x00007ff836a90000 - 0x00007ff836ab2000 	C:\WINDOWS\System32\win32u.dll
0x00007ff820410000 - 0x00007ff8206ab000 	C:\WINDOWS\WinSxS\amd64_microsoft.windows.common-controls_6595b64144ccf1df_6.0.19041.6456_none_60b8a6cb71f64256\COMCTL32.dll
0x00007ff839080000 - 0x00007ff8390ab000 	C:\WINDOWS\System32\GDI32.dll
0x00007ff837d10000 - 0x00007ff837dae000 	C:\WINDOWS\System32\msvcrt.dll
0x00007ff837010000 - 0x00007ff837129000 	C:\WINDOWS\System32\gdi32full.dll
0x00007ff836ac0000 - 0x00007ff836b5d000 	C:\WINDOWS\System32\msvcp_win.dll
0x00007ff838d70000 - 0x00007ff838d9f000 	C:\WINDOWS\System32\IMM32.DLL
0x00007ff8332e0000 - 0x00007ff8332ec000 	C:\Users\alex\.p2\pool\plugins\org.eclipse.justj.openjdk.hotspot.jre.full.win32.x86_64_17.0.7.v20230425-1502\jre\bin\vcruntime140_1.dll
0x00007fffe6350000 - 0x00007fffe63e1000 	C:\Users\alex\.p2\pool\plugins\org.eclipse.justj.openjdk.hotspot.jre.full.win32.x86_64_17.0.7.v20230425-1502\jre\bin\msvcp140.dll
0x00007fffd2790000 - 0x00007fffd33d8000 	C:\Users\alex\.p2\pool\plugins\org.eclipse.justj.openjdk.hotspot.jre.full.win32.x86_64_17.0.7.v20230425-1502\jre\bin\server\jvm.dll
0x00007ff838430000 - 0x00007ff8384e1000 	C:\WINDOWS\System32\ADVAPI32.dll
0x00007ff838fe0000 - 0x00007ff83907f000 	C:\WINDOWS\System32\sechost.dll
0x00007ff8382a0000 - 0x00007ff8383c0000 	C:\WINDOWS\System32\RPCRT4.dll
0x00007ff836a60000 - 0x00007ff836a87000 	C:\WINDOWS\System32\bcrypt.dll
0x00007ff826f90000 - 0x00007ff826fb7000 	C:\WINDOWS\SYSTEM32\WINMM.dll
0x00007ff821010000 - 0x00007ff821019000 	C:\WINDOWS\SYSTEM32\WSOCK32.dll
0x00007ff82e0a0000 - 0x00007ff82e0aa000 	C:\WINDOWS\SYSTEM32\VERSION.dll
0x00007ff8383c0000 - 0x00007ff83842b000 	C:\WINDOWS\System32\WS2_32.dll
0x00007ff834720000 - 0x00007ff834732000 	C:\WINDOWS\SYSTEM32\kernel.appcore.dll
0x00007ff831d90000 - 0x00007ff831d9a000 	C:\Users\alex\.p2\pool\plugins\org.eclipse.justj.openjdk.hotspot.jre.full.win32.x86_64_17.0.7.v20230425-1502\jre\bin\jimage.dll
0x00007ff8237e0000 - 0x00007ff8239e1000 	C:\WINDOWS\SYSTEM32\DBGHELP.DLL
0x00007ffffe0b0000 - 0x00007ffffe0e4000 	C:\WINDOWS\SYSTEM32\dbgcore.DLL
0x00007ff8368d0000 - 0x00007ff836952000 	C:\WINDOWS\System32\bcryptPrimitives.dll
0x00007ff8018c0000 - 0x00007ff8018fb000 	C:\Users\alex\.p2\pool\plugins\org.eclipse.justj.openjdk.hotspot.jre.full.win32.x86_64_17.0.7.v20230425-1502\jre\bin\jdwp.dll
0x00007ff8331e0000 - 0x00007ff8331ee000 	C:\Users\alex\.p2\pool\plugins\org.eclipse.justj.openjdk.hotspot.jre.full.win32.x86_64_17.0.7.v20230425-1502\jre\bin\instrument.dll
0x00007ff82ca80000 - 0x00007ff82caa5000 	C:\Users\alex\.p2\pool\plugins\org.eclipse.justj.openjdk.hotspot.jre.full.win32.x86_64_17.0.7.v20230425-1502\jre\bin\java.dll
0x00007ff81dc90000 - 0x00007ff81dca8000 	C:\Users\alex\.p2\pool\plugins\org.eclipse.justj.openjdk.hotspot.jre.full.win32.x86_64_17.0.7.v20230425-1502\jre\bin\zip.dll
0x00007ff8385a0000 - 0x00007ff838d10000 	C:\WINDOWS\System32\SHELL32.dll
0x00007ff834920000 - 0x00007ff8350c5000 	C:\WINDOWS\SYSTEM32\windows.storage.dll
0x00007ff837420000 - 0x00007ff837774000 	C:\WINDOWS\System32\combase.dll
0x00007ff836220000 - 0x00007ff83624b000 	C:\WINDOWS\SYSTEM32\Wldp.dll
0x00007ff837e30000 - 0x00007ff837efd000 	C:\WINDOWS\System32\OLEAUT32.dll
0x00007ff8381f0000 - 0x00007ff83829d000 	C:\WINDOWS\System32\SHCORE.dll
0x00007ff838f60000 - 0x00007ff838fbb000 	C:\WINDOWS\System32\shlwapi.dll
0x00007ff836800000 - 0x00007ff836824000 	C:\WINDOWS\SYSTEM32\profapi.dll
0x00007ff831df0000 - 0x00007ff831dfc000 	C:\Users\alex\.p2\pool\plugins\org.eclipse.justj.openjdk.hotspot.jre.full.win32.x86_64_17.0.7.v20230425-1502\jre\bin\dt_socket.dll
0x00007ff835cb0000 - 0x00007ff835ceb000 	C:\WINDOWS\SYSTEM32\IPHLPAPI.DLL
0x00007ff836000000 - 0x00007ff83606a000 	C:\WINDOWS\system32\mswsock.dll
0x00007ff835cf0000 - 0x00007ff835dba000 	C:\WINDOWS\SYSTEM32\DNSAPI.dll
0x00007ff837260000 - 0x00007ff837268000 	C:\WINDOWS\System32\NSI.dll
0x000000005cac0000 - 0x000000005caf5000 	C:\Program Files\Bonjour\mdnsNSP.dll
0x00007ff8269f0000 - 0x00007ff8269fa000 	C:\Windows\System32\rasadhlp.dll
0x00007ff8268f0000 - 0x00007ff826970000 	C:\WINDOWS\System32\fwpuclnt.dll
0x00007ff81d4b0000 - 0x00007ff81d4c9000 	C:\Users\alex\.p2\pool\plugins\org.eclipse.justj.openjdk.hotspot.jre.full.win32.x86_64_17.0.7.v20230425-1502\jre\bin\net.dll
0x00007ff82e340000 - 0x00007ff82e44a000 	C:\WINDOWS\SYSTEM32\WINHTTP.dll
0x00007ff81d3e0000 - 0x00007ff81d3f5000 	C:\Users\alex\.p2\pool\plugins\org.eclipse.justj.openjdk.hotspot.jre.full.win32.x86_64_17.0.7.v20230425-1502\jre\bin\nio.dll
0x00007ff8312c0000 - 0x00007ff8312d0000 	C:\Users\alex\.p2\pool\plugins\org.eclipse.justj.openjdk.hotspot.jre.full.win32.x86_64_17.0.7.v20230425-1502\jre\bin\verify.dll
0x00007ffffcd70000 - 0x00007ffffcdeb000 	C:\Users\alex\AppData\Local\Temp\lwjgl_alex\3.3.4+7\x64\lwjgl.dll
0x00007fffe2de0000 - 0x00007fffe2e65000 	C:\Users\alex\AppData\Local\Temp\lwjgl_alex\3.3.4+7\x64\glfw.dll
0x00007ffffd6c0000 - 0x00007ffffd705000 	C:\WINDOWS\SYSTEM32\dinput8.dll
0x00007ff820920000 - 0x00007ff820931000 	C:\WINDOWS\SYSTEM32\xinput1_4.dll
0x00007ff836b60000 - 0x00007ff836bae000 	C:\WINDOWS\System32\cfgmgr32.dll
0x00007ff836660000 - 0x00007ff836693000 	C:\WINDOWS\SYSTEM32\DEVOBJ.dll
0x00007ff834340000 - 0x00007ff83436e000 	C:\WINDOWS\SYSTEM32\dwmapi.dll
0x00007ff82b5d0000 - 0x00007ff82b722000 	C:\WINDOWS\SYSTEM32\inputhost.dll
0x00007ff831b60000 - 0x00007ff831c54000 	C:\WINDOWS\SYSTEM32\PROPSYS.dll
0x00007ff832550000 - 0x00007ff8326a7000 	C:\WINDOWS\SYSTEM32\wintypes.dll
0x00007ff833670000 - 0x00007ff8339cb000 	C:\WINDOWS\SYSTEM32\CoreUIComponents.dll
0x00007ff835b20000 - 0x00007ff835b53000 	C:\WINDOWS\SYSTEM32\ntmarta.dll
0x00007ff8339d0000 - 0x00007ff833ac2000 	C:\WINDOWS\SYSTEM32\CoreMessaging.dll
0x00007ff834210000 - 0x00007ff8342ae000 	C:\WINDOWS\system32\uxtheme.dll
0x00007ff837780000 - 0x00007ff837895000 	C:\WINDOWS\System32\MSCTF.dll
0x00007fffdfea0000 - 0x00007fffdffc8000 	C:\WINDOWS\SYSTEM32\opengl32.dll
0x00007ff80a110000 - 0x00007ff80a13c000 	C:\WINDOWS\SYSTEM32\GLU32.dll
0x00007ff8384f0000 - 0x00007ff838599000 	C:\WINDOWS\System32\clbcatq.dll
0x00007fffb0310000 - 0x00007fffb32cf000 	C:\WINDOWS\System32\DriverStore\FileRepository\nvgbdi.inf_amd64_4a2574804558c4b2\nvoglv64.dll
0x00007ff8378a0000 - 0x00007ff837d10000 	C:\WINDOWS\System32\SETUPAPI.dll
0x00007ff837fe0000 - 0x00007ff83810b000 	C:\WINDOWS\System32\ole32.dll
0x00007ff831e40000 - 0x00007ff831e54000 	C:\WINDOWS\SYSTEM32\WTSAPI32.dll
0x00007ff836190000 - 0x00007ff83619c000 	C:\WINDOWS\SYSTEM32\CRYPTBASE.DLL
0x00007ff836490000 - 0x00007ff8364a2000 	C:\WINDOWS\SYSTEM32\msasn1.dll
0x00007ff82e0b0000 - 0x00007ff82e0e1000 	C:\WINDOWS\SYSTEM32\cryptnet.dll
0x00007ff836bb0000 - 0x00007ff836d0d000 	C:\WINDOWS\System32\CRYPT32.dll
0x00007ff82b1a0000 - 0x00007ff82b2e7000 	C:\WINDOWS\SYSTEM32\drvstore.dll
0x00007ff837130000 - 0x00007ff8371a3000 	C:\WINDOWS\System32\WINTRUST.dll
0x00007ff830ce0000 - 0x00007ff830d1b000 	C:\WINDOWS\SYSTEM32\dxcore.dll
0x00007fffa5530000 - 0x00007fffa57f5000 	C:\WINDOWS\system32\nvspcap64.dll
0x00007ff835dc0000 - 0x00007ff835e0b000 	C:\WINDOWS\SYSTEM32\powrprof.dll
0x00007ff835c90000 - 0x00007ff835ca2000 	C:\WINDOWS\SYSTEM32\UMPDC.dll
0x00007ff835650000 - 0x00007ff8356b3000 	C:\WINDOWS\SYSTEM32\WINSTA.dll
0x00007ff82b8f0000 - 0x00007ff82b9e9000 	C:\WINDOWS\SYSTEM32\textinputframework.dll
0x00007ff807560000 - 0x00007ff8075c6000 	C:\WINDOWS\system32\Oleacc.dll
0x00007ffff87a0000 - 0x00007ffff8801000 	C:\Users\alex\AppData\Local\Temp\lwjgl_alex\3.3.4+7\x64\lwjgl_opengl.dll
0x00007fffde800000 - 0x00007fffde8a0000 	C:\Users\alex\AppData\Local\Temp\lwjgl_alex\3.3.4+7\x64\lwjgl_stb.dll

dbghelp: loaded successfully - version: 4.0.5 - missing functions: none
symbol engine: initialized successfully - sym options: 0x614 - pdb path: .;C:\Users\alex\.p2\pool\plugins\org.eclipse.justj.openjdk.hotspot.jre.full.win32.x86_64_17.0.7.v20230425-1502\jre\bin;C:\WINDOWS\SYSTEM32;C:\WINDOWS\WinSxS\amd64_microsoft.windows.common-controls_6595b64144ccf1df_6.0.19041.6456_none_60b8a6cb71f64256;C:\Users\alex\.p2\pool\plugins\org.eclipse.justj.openjdk.hotspot.jre.full.win32.x86_64_17.0.7.v20230425-1502\jre\bin\server;C:\Program Files\Bonjour;C:\Users\alex\AppData\Local\Temp\lwjgl_alex\3.3.4+7\x64;C:\WINDOWS\System32\DriverStore\FileRepository\nvgbdi.inf_amd64_4a2574804558c4b2

VM Arguments:
jvm_args: -XX:+ShowCodeDetailsInExceptionMessages -agentlib:jdwp=transport=dt_socket,suspend=y,address=localhost:65208 -javaagent:D:\Eclipse\eclipse\configuration\org.eclipse.osgi\231\0\.cp\lib\javaagent-shaded.jar -Dfile.encoding=UTF-8 
java_command: main.Main
java_class_path (initial): D:\Code Space\Java\CurrentRenderingPipeline\bin;D:\Code Space\Java\CurrentRenderingPipeline\lib\jars\jbullet.jar;D:\Code Space\Java\CurrentRenderingPipeline\lib\jars\jinput-2.0.10.jar;D:\Code Space\Java\CurrentRenderingPipeline\lib\jars\joml-1.10.7.jar;D:\Code Space\Java\CurrentRenderingPipeline\lib\jars\joml-1.10.7-javadoc.jar;D:\Code Space\Java\CurrentRenderingPipeline\lib\jars\joml-1.10.7-sources.jar;D:\Code Space\Java\CurrentRenderingPipeline\lib\jars\lwjgl_util.jar;D:\Code Space\Java\CurrentRenderingPipeline\lib\jars\lwjgl.jar;D:\Code Space\Java\CurrentRenderingPipeline\lib\jars\lwjgl-assimp.jar;D:\Code Space\Java\CurrentRenderingPipeline\lib\jars\lwjgl-assimp-javadoc.jar;D:\Code Space\Java\CurrentRenderingPipeline\lib\jars\lwjgl-assimp-natives-windows.jar;D:\Code Space\Java\CurrentRenderingPipeline\lib\jars\lwjgl-assimp-sources.jar;D:\Code Space\Java\CurrentRenderingPipeline\lib\jars\lwjgl-glfw.jar;D:\Code Space\Java\CurrentRenderingPipeline\lib\jars\lwjgl-glfw-javadoc.jar;D:\Code Space\Java\CurrentRenderingPipeline\lib\jars\lwjgl-glfw-natives-windows.jar;D:\Code Space\Java\CurrentRenderingPipeline\lib\jars\lwjgl-glfw-sources.jar;D:\Code Space\Java\CurrentRenderingPipeline\lib\jars\lwjgl-javadoc.jar;D:\Code Space\Java\CurrentRenderingPipeline\lib\jars\lwjgl-natives-windows.jar;D:\Code Space\Java\CurrentRenderingPipeline\lib\jars\lwjgl-openal.jar;D:\Code Space\Java\CurrentRenderingPipeline\lib\jars\lwjgl-openal-javadoc.jar;D:\Code Space\Java\CurrentRenderingPipeline\lib\jars\lwjgl-openal-natives-windows.jar;D:\Code Space\Java\CurrentRenderingPipeline\lib\jars\lwjgl-openal-sources.jar;D:\Code Space\Java\CurrentRenderingPipeline\lib\jars\lwjgl-opengl.jar;D:\Code Space\Java\CurrentRenderingPipeline\lib\jars\lwjgl-opengl-javadoc.jar;D:\Code Space\Java\CurrentRenderingPipeline\lib\jars\lwjgl-opengl-natives-windows.jar;D:\Code Space\Java\CurrentRenderingPipeline\lib\jars\lwjgl-opengl-sources.jar;D:\Code Space\Java\CurrentRenderingPipeline
Launcher Type: SUN_STANDARD

[Global flags]
     intx CICompilerCount                          = 4                                         {product} {ergonomic}
     uint ConcGCThreads                            = 2                                         {product} {ergonomic}
     uint G1ConcRefinementThreads                  = 8                                         {product} {ergonomic}
   size_t G1HeapRegionSize                         = 4194304                                   {product} {ergonomic}
    uintx GCDrainStackTargetSize                   = 64                                        {product} {ergonomic}
   size_t InitialHeapSize                          = 402653184                                 {product} {ergonomic}
   size_t MarkStackSize                            = 4194304                                   {product} {ergonomic}
   size_t MaxHeapSize                              = 6434062336                                {product} {ergonomic}
   size_t MaxNewSize                               = 3858759680                                {product} {ergonomic}
   size_t MinHeapDeltaBytes                        = 4194304                                   {product} {ergonomic}
   size_t MinHeapSize                              = 8388608                                   {product} {ergonomic}
    uintx NonNMethodCodeHeapSize                   = 5839372                                {pd product} {ergonomic}
    uintx NonProfiledCodeHeapSize                  = 122909434                              {pd product} {ergonomic}
    uintx ProfiledCodeHeapSize                     = 122909434                              {pd product} {ergonomic}
    uintx ReservedCodeCacheSize                    = 251658240                              {pd product} {ergonomic}
     bool SegmentedCodeCache                       = true                                      {product} {ergonomic}
     bool ShowCodeDetailsInExceptionMessages       = true                                   {manageable} {command line}
   size_t SoftMaxHeapSize                          = 6434062336                             {manageable} {ergonomic}
     bool UseCompressedClassPointers               = true                           {product lp64_product} {ergonomic}
     bool UseCompressedOops                        = true                           {product lp64_product} {ergonomic}
     bool UseG1GC                                  = true                                      {product} {ergonomic}
     bool UseLargePagesIndividualAllocation        = false                                  {pd product} {ergonomic}

Logging:
Log output configuration:
 #0: stdout all=warning uptime,level,tags
 #1: stderr all=off uptime,level,tags

Environment Variables:
JAVA_HOME=C:\Program Files\Java\jre1.8.0_281\lib
CLASSPATH=C:\Users\Sunbond\Documents\apache-tomcat-8.5.65\lib\servlet-api.jar
PATH=C:\Users\alex\.p2\pool\plugins\org.eclipse.justj.openjdk.hotspot.jre.full.win32.x86_64_17.0.7.v20230425-1502\jre\bin;C:/Users/alex/.p2/pool/plugins/org.eclipse.justj.openjdk.hotspot.jre.full.win32.x86_64_17.0.7.v20230425-1502/jre/bin/server;C:/Users/alex/.p2/pool/plugins/org.eclipse.justj.openjdk.hotspot.jre.full.win32.x86_64_17.0.7.v20230425-1502/jre/bin;C:\Python312\Scripts\;C:\Python312\;C:\Program Files\Eclipse Adoptium\jdk-21.0.1.12-hotspot\bin;C:\Python311\Scripts\;C:\Python311\;C:\Program Files\Zulu\zulu-17\bin\;C:\Program Files\Eclipse Foundation\jdk-8.0.302.8-hotspot\bin;C:\PROGRAM FILES (X86)\COMMON FILES\ORACLE\JAVA\JAVAPATH;C:\WINDOWS\SYSTEM32;C:\WINDOWS;C:\WINDOWS\SYSTEM32\WBEM;C:\WINDOWS\SYSTEM32\WINDOWSPOWERSHELL\V1.0\;C:\WINDOWS\SYSTEM32\OPENSSH\;C:\PROGRAM FILES\NVIDIA CORPORATION\NVIDIA NVDLISR;C:\PROGRAM FILES (X86)\NVIDIA CORPORATION\PHYSX\COMMON;C:\PROGRAM FILES\DOTNET\;C:\USERDATA\GIT\CMD;C:\PROGRAM FILES\MICROSOFT SQL SERVER\130\TOOLS\BINN\;C:\PROGRAM FILES\MICROSOFT SQL SERVER\CLIENT SDK\ODBC\170\TOOLS\BINN\;C:\PROGRAM FILES\AZURE DATA STUDIO\BIN;C:\PROGRAM FILES (X86)\MICROSOFT SQL SERVER\150\DTS\BINN\;C:\PROGRAM FILES (X86)\MICROSOFT SQL SERVER\150\TOOLS\BINN\;C:\PROGRAM FILES\MICROSOFT SQL SERVER\150\TOOLS\BINN\;C:\PROGRAM FILES\MICROSOFT SQL SERVER\150\DTS\BINN\;C:\PROGRAM FILES\MICROSOFT SQL SERVER\120\TOOLS\BINN\;C:\MAMP\BIN\PHP\PHP7.4.1\PHP.EXE;C:\MAMP\BIN\PHP\PHP7.4.1\;C:\ProgramData\chocolatey\bin;C:\UserData\Git\cmd;C:\Program Files\sfdx\bin;C:\Program Files\Java\jdk1.8.0_281\lib;C:\Program Files\Java\jre1.8.0_281\lib;C:\MinGW\bin;D:\Code Space\NodeJS\;D:\Android Studio\SDKs\platform-tools;D:\Android Studio\SDKs\emulator;;C:\Program Files\Docker\Docker\resources\bin;C:\Users\alex\AppData\Local\Microsoft\WindowsApps;C:\Users\alex\AppData\Local\Programs\Microsoft VS Code\bin;C:\Users\alex\AppData\Local\GitHubDesktop\bin;C:\Users\alex\.dotnet\tools;C:\Program Files\Java\jre1.8.0_281\lib;C:\Program Files\Java\jdk1.8.0_281\lib;C:\MinGW
USERNAME=alex
OS=Windows_NT
PROCESSOR_IDENTIFIER=Intel64 Family 6 Model 158 Stepping 9, GenuineIntel
TMP=C:\Users\alex\AppData\Local\Temp
TEMP=C:\Users\alex\AppData\Local\Temp



---------------  S Y S T E M  ---------------

OS:
 Windows 10 , 64 bit Build 19041 (10.0.19041.5915)
OS uptime: 13 days 13:03 hours
Hyper-V role detected

CPU: total 8 (initial active 8) (4 cores per cpu, 2 threads per core) family 6 model 158 stepping 9 microcode 0xb4, cx8, cmov, fxsr, ht, mmx, 3dnowpref, sse, sse2, sse3, ssse3, sse4.1, sse4.2, popcnt, lzcnt, tsc, tscinvbit, avx, avx2, aes, erms, clmul, bmi1, bmi2, rtm, adx, fma, vzeroupper, clflush, clflushopt, hv

Memory: 4k page, system-wide physical 24540M (4930M free)
TotalPageFile size 88028M (AvailPageFile size 43564M)
current process WorkingSet (physical memory assigned to process): 749M, peak: 749M
current process commit charge ("private bytes"): 2475M, peak: 2480M

vm_info: OpenJDK 64-Bit Server VM (17.0.7+7) for windows-amd64 JRE (17.0.7+7), built on Apr 18 2023 22:10:42 by "temurin" with MS VC++ 16.7 (VS2019)

END.
