#
# A fatal error has been detected by the Java Runtime Environment:
#
#  EXCEPTION_ACCESS_VIOLATION (0xc0000005) at pc=0x00007ff8625aca01, pid=29704, tid=30620
#
# JRE version: OpenJDK Runtime Environment Temurin-17.0.7+7 (17.0.7+7) (build 17.0.7+7)
# Java VM: OpenJDK 64-Bit Server VM Temurin-17.0.7+7 (17.0.7+7, mixed mode, tiered, compressed oops, compressed class ptrs, g1 gc, windows-amd64)
# Problematic frame:
# V  [jvm.dll+0xca01]
#
# No core dump will be written. Minidumps are not enabled by default on client versions of Windows
#
# If you would like to submit a bug report, please visit:
#   https://github.com/adoptium/adoptium-support/issues
#

---------------  S U M M A R Y ------------

Command Line: -XX:+ShowCodeDetailsInExceptionMessages -agentlib:jdwp=transport=dt_socket,suspend=y,address=localhost:65229 -javaagent:D:\Eclipse\eclipse\configuration\org.eclipse.osgi\231\0\.cp\lib\javaagent-shaded.jar -Dfile.encoding=UTF-8 main.Main

Host: Intel(R) Core(TM) i7-7700 CPU @ 3.60GHz, 8 cores, 23G,  Windows 10 , 64 bit Build 19041 (10.0.19041.5915)
Time: Mon Jan  5 19:50:30 2026 US Mountain Standard Time elapsed time: 532.721983 seconds (0d 0h 8m 52s)

---------------  T H R E A D  ---------------

Current thread (0x00000202396d0750):  ConcurrentGCThread "G1 Conc#0" [stack: 0x0000000560100000,0x0000000560200000] [id=30620]

Stack: [0x0000000560100000,0x0000000560200000],  sp=0x00000005601ff638,  free space=1021k
Native frames: (J=compiled Java code, j=interpreted, Vv=VM code, C=native code)
V  [jvm.dll+0xca01]


siginfo: EXCEPTION_ACCESS_VIOLATION (0xc0000005), reading address 0x0000000000000100


Register to memory mapping:

RIP=0x00007ff8625aca01 jvm.dll
RAX=0x0 is NULL
RBX=0x00000202396c2c01 points into unknown readable memory: 00 00 00 00 00 00 00
RCX=0x0000000800000011 is pointing into metadata
RDX=0x000000068a8434f0 is pointing into object: java.util.HashMap$EntrySet 
{0x000000068a8434e8} - klass: 'java/util/HashMap$EntrySet'
 - ---- fields (total size 2 words):
 - final synthetic 'this$0' 'Ljava/util/HashMap;' @12  a 'java/util/HashMap'{0x000000068a843430} (d1508686)
RSP=0x00000005601ff638 points into unknown readable memory: 0x00007ff862877658 | 58 76 87 62 f8 7f 00 00
RBP=0x0000000000000001 is an unknown value
RSI=0x00000202396c2ca0 points into unknown readable memory: 0x00000202396cfd40 | 40 fd 6c 39 02 02 00 00
RDI=0x000000068a8434f0 is pointing into object: java.util.HashMap$EntrySet 
{0x000000068a8434e8} - klass: 'java/util/HashMap$EntrySet'
 - ---- fields (total size 2 words):
 - final synthetic 'this$0' 'Ljava/util/HashMap;' @12  a 'java/util/HashMap'{0x000000068a843430} (d1508686)
R8 =0x0 is NULL
R9 =0x0000000800000011 is pointing into metadata
R10=0x000000000000002d is an unknown value
R11=0x0000000000000003 is an unknown value
R12=0x0 is NULL
R13=0xaaaaaaaaaaaaaaab is an unknown value
R14=0x0000000800164da8 is a pointer to class: 
org.lwjgl.util.vector.Vector2f {0x0000000800164db0}
 - instance size:     3
 - klass size:        88
 - access:            public synchronized 
 - state:             fully_initialized
 - name:              'org/lwjgl/util/vector/Vector2f'
 - super:             'org/lwjgl/util/vector/Vector'
 - sub:               
 - arrays:            NULL
 - methods:           Array<T>(0x0000020260171688)
 - method ordering:   Array<T>(0x0000020260172948)
 - default_methods:   Array<T>(0x0000000000000000)
 - local interfaces:  Array<T>(0x0000020260171638)
 - trans. interfaces: Array<T>(0x0000020260172920)
 - constants:         constant pool [142] {0x0000020260171138} for 'org/lwjgl/util/vector/Vector2f' cache=0x00000202601729a8
 - class loader data:  loader data: 0x00000202631c9e20 for instance a 'jdk/internal/loader/ClassLoaders$AppClassLoader'{0x0000000680800c98}
 - source file:       'Vector2f.java'
 - source debug extension:       SMAP
Vector2f.java
Java
*S jdt
*F
1 Vector2f.java
2 file:/D:/Code%20Space/Java/CurrentRenderingPipeline/lib/jars/lwjgl_util.jar
*L
*E

 - class annotations:       Array<T>(0x0000000000000000)
 - class type annotations:  Array<T>(0x0000000000000000)
 - field annotations:       Array<T>(0x0000000000000000)
 - field type annotations:  Array<T>(0x0000000000000000)
 - inner classes:     Array<T>(0x000002025f000028)
 - nest members:     Array<T>(0x000002025f000028)
 - permitted subclasses:     Array<T>(0x000002025f000028)
 - java mirror:       a 'java/lang/Class'{0x0000000686bbbac0} = 'org/lwjgl/util/vector/Vector2f'
 - vtable length      15  (start addr: 0x0000000800164f70)
 - itable length      16 (start addr: 0x0000000800164fe8)
 - ---- static fields (1 words):
 - private static final 'serialVersionUID' 'J' @112 
 - ---- non-static fields (2 words):
 - public 'x' 'F' @12 
 - public 'y' 'F' @16 
 - non-static oop maps: 
R15=0x000000068be6e548 is an oop: particles.Particle 
{0x000000068be6e548} - klass: 'particles/Particle'
 - ---- fields (total size 10 words):
 - private 'gravityEffect' 'F' @12  0.015000 (3c75c28f)
 - private 'lifeLength' 'F' @16  3.420829 (405aeedd)
 - private 'rotation' 'F' @20  309.671875 (439ad600)
 - private 'scale' 'F' @24  25.122171 (41c8fa35)
 - private 'initialScale' 'F' @28  25.122171 (41c8fa35)
 - private 'scaleGrowth' 'F' @32  0.000000
 - private 'blend' 'F' @36  0.000000
 - private 'elapsedTime' 'F' @40  0.000000
 - private 'distance' 'F' @44  1115182.875000 (49882177)
 - private 'alive' 'Z' @48  false
 - private 'position' 'Lorg/lwjgl/util/vector/Vector3f;' @52  a 'org/lwjgl/util/vector/Vector3f'{0x000000068be6e4d0} (d17cdc9a)
 - private 'velocity' 'Lorg/lwjgl/util/vector/Vector3f;' @56  a 'org/lwjgl/util/vector/Vector3f'{0x000000068be6e598} (d17cdcb3)
 - private 'texture' 'Lparticles/ParticleTexture;' @60  
[error occurred during error reporting (printing register info), id 0xc0000005, EXCEPTION_ACCESS_VIOLATION (0xc0000005) at pc=0x00007ff862c03ba9]

Registers:
RAX=0x0000000000000000, RBX=0x00000202396c2c01, RCX=0x0000000800000011, RDX=0x000000068a8434f0
RSP=0x00000005601ff638, RBP=0x0000000000000001, RSI=0x00000202396c2ca0, RDI=0x000000068a8434f0
R8 =0x0000000000000000, R9 =0x0000000800000011, R10=0x000000000000002d, R11=0x0000000000000003
R12=0x0000000000000000, R13=0xaaaaaaaaaaaaaaab, R14=0x0000000800164da8, R15=0x000000068be6e548
RIP=0x00007ff8625aca01, EFLAGS=0x0000000000010246

Top of Stack: (sp=0x00000005601ff638)
0x00000005601ff638:   00007ff862877658 0000000000000000
0x00000005601ff648:   000000000015752a 000026d5d2503656
0x00000005601ff658:   00000005601ff810 000000068a8434f0
0x00000005601ff668:   00007ff8628772df 00000202396d70f0
0x00000005601ff678:   00000005601ff810 0000000800164da0
0x00000005601ff688:   00007ff862c10a0c 000000068be6e594
0x00000005601ff698:   00007ff86287550d 000000068be6e584
0x00000005601ff6a8:   00007ff862875b2d 00000005601ff6e0
0x00000005601ff6b8:   0000000000000003 00000005601ff7d0
0x00000005601ff6c8:   0000000000000001 000000068be6e548
0x00000005601ff6d8:   00007ff862875151 0000000800164b40
0x00000005601ff6e8:   000000000000000a 00000005601ff810
0x00000005601ff6f8:   0000000000000000 00000202396d70f0
0x00000005601ff708:   00007ff86288acee 000000068be6e548
0x00000005601ff718:   00000202396c2cb0 00000005601ff7d0
0x00000005601ff728:   00000202396c2cb0 000000068be6e548 

Instructions: (pc=0x00007ff8625aca01)
0x00007ff8625ac901:   41 f6 c2 01 75 53 41 c1 fa 03 41 8b c2 c3 79 49
0x00007ff8625ac911:   84 c0 b9 10 00 00 00 8b 05 16 39 af 00 41 b8 0c
0x00007ff8625ac921:   00 00 00 41 0f 45 c8 ff c8 4c 63 c8 48 63 14 11
0x00007ff8625ac931:   41 8b ca 83 e1 3f 48 d3 e2 41 8b ca 48 c1 f9 10
0x00007ff8625ac941:   0f b6 c1 49 8d 0c 11 49 f7 d1 48 03 c1 49 c1 e9
0x00007ff8625ac951:   03 48 c1 e8 03 41 23 c1 c3 49 8b 00 49 8b c8 48
0x00007ff8625ac961:   ff a0 00 01 00 00 cc cc cc cc cc cc cc cc cc 8b
0x00007ff8625ac971:   44 24 30 45 03 c9 44 2b 4c 24 28 83 c0 0b 44 03
0x00007ff8625ac981:   ca 45 03 c8 41 03 c1 c3 cc cc cc cc cc cc cc 4c
0x00007ff8625ac991:   8b ca 48 8b d1 45 8b 41 08 45 85 c0 7e 0e 41 f6
0x00007ff8625ac9a1:   c0 01 75 56 41 c1 f8 03 41 8b c0 c3 79 4c 80 3d
0x00007ff8625ac9b1:   d9 eb b5 00 00 b8 0c 00 00 00 b9 10 00 00 00 0f
0x00007ff8625ac9c1:   45 c8 8b 05 6b 38 af 00 ff c8 4c 63 c8 48 63 14
0x00007ff8625ac9d1:   11 41 8b c8 83 e1 3f 48 d3 e2 41 8b c8 48 c1 f9
0x00007ff8625ac9e1:   10 0f b6 c1 49 8d 0c 11 49 f7 d1 48 03 c1 49 c1
0x00007ff8625ac9f1:   e9 03 48 c1 e8 03 41 23 c1 c3 49 8b 01 49 8b c9
0x00007ff8625aca01:   48 ff a0 00 01 00 00 cc cc cc cc cc cc cc cc 48
0x00007ff8625aca11:   8b 41 08 0f b7 48 2a 0f b7 40 28 83 c0 48 03 c1
0x00007ff8625aca21:   c3 cc cc cc cc cc cc cc cc cc cc cc cc cc cc 48
0x00007ff8625aca31:   89 5c 24 08 57 48 83 ec 20 0f b6 05 6f cc b9 00
0x00007ff8625aca41:   48 8b fa 48 8b d9 84 c0 74 4f 48 85 15 66 c4 b9
0x00007ff8625aca51:   00 74 38 48 8b ca e8 94 88 85 00 48 8b d0 48 85
0x00007ff8625aca61:   db 74 25 48 85 c0 74 20 48 8b c7 f0 48 0f b1 13
0x00007ff8625aca71:   74 16 48 85 05 3e c4 b9 00 74 0d 48 8b c8 f0 48
0x00007ff8625aca81:   0f b1 13 48 3b c1 75 ea 48 8b fa 48 8b c7 48 8b
0x00007ff8625aca91:   5c 24 30 48 83 c4 20 5f c3 48 85 3d 1f c4 b9 00
0x00007ff8625acaa1:   75 33 48 85 ff 75 0f 33 d2 8b c2 48 8b 5c 24 30
0x00007ff8625acab1:   48 83 c4 20 5f c3 48 8b 15 12 c4 b9 00 48 23 d7
0x00007ff8625acac1:   48 0b 15 e8 c3 b9 00 48 8b c2 48 8b 5c 24 30 48
0x00007ff8625acad1:   83 c4 20 5f c3 48 8b cf e8 22 87 85 00 48 8b d0
0x00007ff8625acae1:   48 85 db 74 40 48 85 c0 74 3b 4c 8b 05 de c3 b9
0x00007ff8625acaf1:   00 4c 23 c0 4c 0b 05 0c c4 b9 00 74 28 48 8b c7 


Stack slot to memory mapping:
stack at sp + 0 slots: 0x00007ff862877658 jvm.dll
stack at sp + 1 slots: 0x0 is NULL
stack at sp + 2 slots: 0x000000000015752a is an unknown value
stack at sp + 3 slots: 0x000026d5d2503656 is an unknown value
stack at sp + 4 slots: 0x00000005601ff810 points into unknown readable memory: 0x00007ff862ef3838 | 38 38 ef 62 f8 7f 00 00
stack at sp + 5 slots: 0x000000068a8434f0 is pointing into object: java.util.HashMap$EntrySet 
{0x000000068a8434e8} - klass: 'java/util/HashMap$EntrySet'
 - ---- fields (total size 2 words):
 - final synthetic 'this$0' 'Ljava/util/HashMap;' @12  a 'java/util/HashMap'{0x000000068a843430} (d1508686)
stack at sp + 6 slots: 0x00007ff8628772df jvm.dll
stack at sp + 7 slots: 0x00000202396d70f0 points into unknown readable memory: 0x00007ff862ef3818 | 18 38 ef 62 f8 7f 00 00


---------------  P R O C E S S  ---------------

Threads class SMR info:
_java_thread_list=0x0000020219bc9040, length=15, elements={
0x0000020239638cc0, 0x000002025eddc310, 0x000002026303e7d0, 0x0000020263084030,
0x0000020263085d00, 0x00000202630866b0, 0x000002026308a560, 0x0000020263093250,
0x0000020263093c40, 0x0000020263096640, 0x00000202631cdc80, 0x000002026330e1a0,
0x000002026331b0a0, 0x000002026331d5a0, 0x0000020263ae11d0
}

Java Threads: ( => current thread )
  0x0000020239638cc0 JavaThread "main" [_thread_in_Java, id=27244, stack(0x000000055fe00000,0x000000055ff00000)]
  0x000002025eddc310 JavaThread "Reference Handler" daemon [_thread_blocked, id=24896, stack(0x0000000560500000,0x0000000560600000)]
  0x000002026303e7d0 JavaThread "Finalizer" daemon [_thread_blocked, id=23592, stack(0x0000000560600000,0x0000000560700000)]
  0x0000020263084030 JavaThread "Signal Dispatcher" daemon [_thread_blocked, id=24532, stack(0x0000000560700000,0x0000000560800000)]
  0x0000020263085d00 JavaThread "Attach Listener" daemon [_thread_blocked, id=13528, stack(0x0000000560800000,0x0000000560900000)]
  0x00000202630866b0 JavaThread "Service Thread" daemon [_thread_blocked, id=30404, stack(0x0000000560900000,0x0000000560a00000)]
  0x000002026308a560 JavaThread "Monitor Deflation Thread" daemon [_thread_blocked, id=29832, stack(0x0000000560a00000,0x0000000560b00000)]
  0x0000020263093250 JavaThread "C2 CompilerThread0" daemon [_thread_blocked, id=21064, stack(0x0000000560b00000,0x0000000560c00000)]
  0x0000020263093c40 JavaThread "C1 CompilerThread0" daemon [_thread_blocked, id=8316, stack(0x0000000560c00000,0x0000000560d00000)]
  0x0000020263096640 JavaThread "Sweeper thread" daemon [_thread_blocked, id=30396, stack(0x0000000560d00000,0x0000000560e00000)]
  0x00000202631cdc80 JavaThread "Common-Cleaner" daemon [_thread_blocked, id=11828, stack(0x0000000560e00000,0x0000000560f00000)]
  0x000002026330e1a0 JavaThread "JDWP Transport Listener: dt_socket" daemon [_thread_blocked, id=19004, stack(0x0000000560f00000,0x0000000561000000)]
  0x000002026331b0a0 JavaThread "JDWP Event Helper Thread" daemon [_thread_blocked, id=28488, stack(0x0000000561000000,0x0000000561100000)]
  0x000002026331d5a0 JavaThread "JDWP Command Reader" daemon [_thread_in_native, id=30124, stack(0x0000000561100000,0x0000000561200000)]
  0x0000020263ae11d0 JavaThread "Notification Thread" daemon [_thread_blocked, id=1052, stack(0x0000000561300000,0x0000000561400000)]

Other Threads:
  0x000002025edcb160 VMThread "VM Thread" [stack: 0x0000000560400000,0x0000000560500000] [id=28344]
  0x0000020263ae16a0 WatcherThread [stack: 0x0000000561400000,0x0000000561500000] [id=2164]
  0x00000202396c26a0 GCTaskThread "GC Thread#0" [stack: 0x000000055ff00000,0x0000000560000000] [id=28080]
  0x000002026594de20 GCTaskThread "GC Thread#1" [stack: 0x0000000561200000,0x0000000561300000] [id=8628]
  0x0000020265a0d040 GCTaskThread "GC Thread#2" [stack: 0x0000000561b00000,0x0000000561c00000] [id=24644]
  0x000002026598c8d0 GCTaskThread "GC Thread#3" [stack: 0x0000000561c00000,0x0000000561d00000] [id=19584]
  0x000002026598cb80 GCTaskThread "GC Thread#4" [stack: 0x0000000561d00000,0x0000000561e00000] [id=8152]
  0x000002026598ce30 GCTaskThread "GC Thread#5" [stack: 0x0000000561e00000,0x0000000561f00000] [id=30232]
  0x000002026598d0e0 GCTaskThread "GC Thread#6" [stack: 0x0000000561f00000,0x0000000562000000] [id=30696]
  0x00000202659d1ea0 GCTaskThread "GC Thread#7" [stack: 0x0000000562000000,0x0000000562100000] [id=25504]
  0x00000202396cfd40 ConcurrentGCThread "G1 Main Marker" [stack: 0x0000000560000000,0x0000000560100000] [id=10052]
=>0x00000202396d0750 ConcurrentGCThread "G1 Conc#0" [stack: 0x0000000560100000,0x0000000560200000] [id=30620]
  0x000002026607b180 ConcurrentGCThread "G1 Conc#1" [stack: 0x0000000562a00000,0x0000000562b00000] [id=29956]
  0x00000202396fe9b0 ConcurrentGCThread "G1 Refine#0" [stack: 0x0000000560200000,0x0000000560300000] [id=6152]
  0x00000202194895e0 ConcurrentGCThread "G1 Refine#1" [stack: 0x0000000562100000,0x0000000562200000] [id=4376]
  0x000002026f0b5270 ConcurrentGCThread "G1 Refine#2" [stack: 0x0000000562200000,0x0000000562300000] [id=29620]
  0x000002026607dcd0 ConcurrentGCThread "G1 Refine#3" [stack: 0x0000000562300000,0x0000000562400000] [id=18936]
  0x000002026e2876d0 ConcurrentGCThread "G1 Refine#4" [stack: 0x0000000562400000,0x0000000562500000] [id=29660]
  0x0000020219489ba0 ConcurrentGCThread "G1 Refine#5" [stack: 0x0000000562500000,0x0000000562600000] [id=29844]
  0x000002026df12170 ConcurrentGCThread "G1 Refine#6" [stack: 0x0000000562600000,0x0000000562700000] [id=292]
  0x0000020218f445e0 ConcurrentGCThread "G1 Refine#7" [stack: 0x0000000562700000,0x0000000562800000] [id=30164]
  0x000002025ec76710 ConcurrentGCThread "G1 Service" [stack: 0x0000000560300000,0x0000000560400000] [id=30092]

Threads with active compile tasks:

VM state: not at safepoint (normal execution)

VM Mutex/Monitor currently owned by a thread: None

Heap address: 0x0000000680800000, size: 6136 MB, Compressed Oops mode: Zero based, Oop shift amount: 3

CDS archive(s) not mapped
Compressed class space mapped at: 0x0000000800000000-0x0000000840000000, reserved size: 1073741824
Narrow klass base: 0x0000000800000000, Narrow klass shift: 0, Narrow klass range: 0x40000000

GC Precious Log:
 CPUs: 8 total, 8 available
 Memory: 24540M
 Large Page Support: Disabled
 NUMA Support: Disabled
 Compressed Oops: Enabled (Zero based)
 Heap Region Size: 4M
 Heap Min Capacity: 8M
 Heap Initial Capacity: 384M
 Heap Max Capacity: 6136M
 Pre-touch: Disabled
 Parallel Workers: 8
 Concurrent Workers: 2
 Concurrent Refinement Workers: 8
 Periodic GC: Disabled

Heap:
 garbage-first heap   total 1134592K, used 527558K [0x0000000680800000, 0x0000000800000000)
  region size 4096K, 6 young (24576K), 1 survivors (4096K)
 Metaspace       used 20137K, committed 20352K, reserved 1114112K
  class space    used 1388K, committed 1472K, reserved 1048576K

Heap Regions: E=young(eden), S=young(survivor), O=old, HS=humongous(starts), HC=humongous(continues), CS=collection set, F=free, OA=open archive, CA=closed archive, TAMS=top-at-mark-start (previous, next)
|   0|0x0000000680800000, 0x0000000680c00000, 0x0000000680c00000|100%| O|  |TAMS 0x0000000680c00000, 0x0000000680c00000| Untracked 
|   1|0x0000000680c00000, 0x0000000681000000, 0x0000000681000000|100%|HS|  |TAMS 0x0000000681000000, 0x0000000681000000| Complete 
|   2|0x0000000681000000, 0x0000000681400000, 0x0000000681400000|100%|HS|  |TAMS 0x0000000681400000, 0x0000000681400000| Complete 
|   3|0x0000000681400000, 0x0000000681800000, 0x0000000681800000|100%|HS|  |TAMS 0x0000000681800000, 0x0000000681800000| Complete 
|   4|0x0000000681800000, 0x0000000681c00000, 0x0000000681c00000|100%|HC|  |TAMS 0x0000000681c00000, 0x0000000681c00000| Complete 
|   5|0x0000000681c00000, 0x0000000682000000, 0x0000000682000000|100%|HC|  |TAMS 0x0000000682000000, 0x0000000682000000| Complete 
|   6|0x0000000682000000, 0x0000000682400000, 0x0000000682400000|100%|HC|  |TAMS 0x0000000682400000, 0x0000000682400000| Complete 
|   7|0x0000000682400000, 0x0000000682800000, 0x0000000682800000|100%|HS|  |TAMS 0x0000000682800000, 0x0000000682800000| Complete 
|   8|0x0000000682800000, 0x0000000682c00000, 0x0000000682c00000|100%|HS|  |TAMS 0x0000000682c00000, 0x0000000682c00000| Complete 
|   9|0x0000000682c00000, 0x0000000683000000, 0x0000000683000000|100%|HS|  |TAMS 0x0000000683000000, 0x0000000683000000| Complete 
|  10|0x0000000683000000, 0x0000000683400000, 0x0000000683400000|100%|HS|  |TAMS 0x0000000683400000, 0x0000000683400000| Complete 
|  11|0x0000000683400000, 0x0000000683800000, 0x0000000683800000|100%| O|  |TAMS 0x0000000683800000, 0x0000000683800000| Untracked 
|  12|0x0000000683800000, 0x0000000683c00000, 0x0000000683c00000|100%| O|  |TAMS 0x0000000683c00000, 0x0000000683c00000| Untracked 
|  13|0x0000000683c00000, 0x0000000684000000, 0x0000000684000000|100%| O|  |TAMS 0x0000000684000000, 0x0000000684000000| Untracked 
|  14|0x0000000684000000, 0x0000000684400000, 0x0000000684400000|100%|HS|  |TAMS 0x0000000684400000, 0x0000000684400000| Complete 
|  15|0x0000000684400000, 0x0000000684800000, 0x0000000684800000|100%| O|  |TAMS 0x0000000684800000, 0x0000000684800000| Untracked 
|  16|0x0000000684800000, 0x0000000684c00000, 0x0000000684c00000|100%| O|  |TAMS 0x0000000684c00000, 0x0000000684c00000| Untracked 
|  17|0x0000000684c00000, 0x0000000685000000, 0x0000000685000000|100%|HS|  |TAMS 0x0000000684c00000, 0x0000000685000000| Complete 
|  18|0x0000000685000000, 0x0000000685400000, 0x0000000685400000|100%| O|  |TAMS 0x0000000685400000, 0x0000000685400000| Untracked 
|  19|0x0000000685400000, 0x0000000685800000, 0x0000000685800000|100%| O|  |TAMS 0x0000000685800000, 0x0000000685800000| Untracked 
|  20|0x0000000685800000, 0x0000000685c00000, 0x0000000685c00000|100%| O|  |TAMS 0x0000000685c00000, 0x0000000685c00000| Untracked 
|  21|0x0000000685c00000, 0x0000000686000000, 0x0000000686000000|100%| O|  |TAMS 0x0000000685c00000, 0x0000000686000000| Untracked 
|  22|0x0000000686000000, 0x0000000686400000, 0x0000000686400000|100%| O|  |TAMS 0x0000000686000000, 0x0000000686400000| Untracked 
|  23|0x0000000686400000, 0x0000000686800000, 0x0000000686800000|100%| O|  |TAMS 0x0000000686400000, 0x0000000686800000| Untracked 
|  24|0x0000000686800000, 0x0000000686c00000, 0x0000000686c00000|100%| O|  |TAMS 0x0000000686800000, 0x0000000686c00000| Untracked 
|  25|0x0000000686c00000, 0x0000000687000000, 0x0000000687000000|100%| O|  |TAMS 0x0000000686c00000, 0x0000000687000000| Untracked 
|  26|0x0000000687000000, 0x0000000687400000, 0x0000000687400000|100%| O|  |TAMS 0x0000000687000000, 0x0000000687400000| Untracked 
|  27|0x0000000687400000, 0x0000000687800000, 0x0000000687800000|100%| O|  |TAMS 0x0000000687400000, 0x0000000687800000| Untracked 
|  28|0x0000000687800000, 0x0000000687c00000, 0x0000000687c00000|100%| O|  |TAMS 0x0000000687800000, 0x0000000687c00000| Untracked 
|  29|0x0000000687c00000, 0x0000000688000000, 0x0000000688000000|100%| O|  |TAMS 0x0000000687c00000, 0x0000000688000000| Untracked 
|  30|0x0000000688000000, 0x0000000688400000, 0x0000000688400000|100%| O|  |TAMS 0x0000000688000000, 0x0000000688400000| Untracked 
|  31|0x0000000688400000, 0x0000000688800000, 0x0000000688800000|100%| O|  |TAMS 0x0000000688400000, 0x0000000688800000| Untracked 
|  32|0x0000000688800000, 0x0000000688c00000, 0x0000000688c00000|100%| O|  |TAMS 0x0000000688800000, 0x0000000688c00000| Untracked 
|  33|0x0000000688c00000, 0x0000000689000000, 0x0000000689000000|100%| O|  |TAMS 0x0000000689000000, 0x0000000689000000| Untracked 
|  34|0x0000000689000000, 0x0000000689400000, 0x0000000689400000|100%| O|  |TAMS 0x0000000689400000, 0x0000000689400000| Untracked 
|  35|0x0000000689400000, 0x0000000689800000, 0x0000000689800000|100%| O|  |TAMS 0x0000000689800000, 0x0000000689800000| Untracked 
|  36|0x0000000689800000, 0x0000000689c00000, 0x0000000689c00000|100%| O|  |TAMS 0x0000000689c00000, 0x0000000689c00000| Untracked 
|  37|0x0000000689c00000, 0x000000068a000000, 0x000000068a000000|100%| O|  |TAMS 0x000000068a000000, 0x000000068a000000| Untracked 
|  38|0x000000068a000000, 0x000000068a400000, 0x000000068a400000|100%| O|  |TAMS 0x000000068a000000, 0x000000068a400000| Untracked 
|  39|0x000000068a400000, 0x000000068a800000, 0x000000068a800000|100%| O|  |TAMS 0x000000068a400000, 0x000000068a800000| Untracked 
|  40|0x000000068a800000, 0x000000068ac00000, 0x000000068ac00000|100%| O|  |TAMS 0x000000068a800000, 0x000000068ac00000| Untracked 
|  41|0x000000068ac00000, 0x000000068b000000, 0x000000068b000000|100%| O|  |TAMS 0x000000068ac00000, 0x000000068b000000| Untracked 
|  42|0x000000068b000000, 0x000000068b400000, 0x000000068b400000|100%| O|  |TAMS 0x000000068b000000, 0x000000068b400000| Untracked 
|  43|0x000000068b400000, 0x000000068b800000, 0x000000068b800000|100%| O|  |TAMS 0x000000068b400000, 0x000000068b800000| Untracked 
|  44|0x000000068b800000, 0x000000068bc00000, 0x000000068bc00000|100%| O|  |TAMS 0x000000068b800000, 0x000000068bc00000| Untracked 
|  45|0x000000068bc00000, 0x000000068c000000, 0x000000068c000000|100%| O|  |TAMS 0x000000068bc00000, 0x000000068c000000| Untracked 
|  46|0x000000068c000000, 0x000000068c400000, 0x000000068c400000|100%|HS|  |TAMS 0x000000068c400000, 0x000000068c400000| Complete 
|  47|0x000000068c400000, 0x000000068c800000, 0x000000068c800000|100%|HC|  |TAMS 0x000000068c800000, 0x000000068c800000| Complete 
|  48|0x000000068c800000, 0x000000068cc00000, 0x000000068cc00000|100%|HC|  |TAMS 0x000000068cc00000, 0x000000068cc00000| Complete 
|  49|0x000000068cc00000, 0x000000068d000000, 0x000000068d000000|100%|HC|  |TAMS 0x000000068d000000, 0x000000068d000000| Complete 
|  50|0x000000068d000000, 0x000000068d400000, 0x000000068d400000|100%|HS|  |TAMS 0x000000068d400000, 0x000000068d400000| Complete 
|  51|0x000000068d400000, 0x000000068d800000, 0x000000068d800000|100%|HC|  |TAMS 0x000000068d800000, 0x000000068d800000| Complete 
|  52|0x000000068d800000, 0x000000068dc00000, 0x000000068dc00000|100%|HC|  |TAMS 0x000000068dc00000, 0x000000068dc00000| Complete 
|  53|0x000000068dc00000, 0x000000068e000000, 0x000000068e000000|100%|HC|  |TAMS 0x000000068e000000, 0x000000068e000000| Complete 
|  54|0x000000068e000000, 0x000000068e400000, 0x000000068e400000|100%|HS|  |TAMS 0x000000068e400000, 0x000000068e400000| Complete 
|  55|0x000000068e400000, 0x000000068e800000, 0x000000068e800000|100%|HC|  |TAMS 0x000000068e800000, 0x000000068e800000| Complete 
|  56|0x000000068e800000, 0x000000068ec00000, 0x000000068ec00000|100%|HC|  |TAMS 0x000000068ec00000, 0x000000068ec00000| Complete 
|  57|0x000000068ec00000, 0x000000068f000000, 0x000000068f000000|100%|HS|  |TAMS 0x000000068f000000, 0x000000068f000000| Complete 
|  58|0x000000068f000000, 0x000000068f400000, 0x000000068f400000|100%|HC|  |TAMS 0x000000068f400000, 0x000000068f400000| Complete 
|  59|0x000000068f400000, 0x000000068f800000, 0x000000068f800000|100%|HS|  |TAMS 0x000000068f800000, 0x000000068f800000| Complete 
|  60|0x000000068f800000, 0x000000068fc00000, 0x000000068fc00000|100%|HC|  |TAMS 0x000000068fc00000, 0x000000068fc00000| Complete 
|  61|0x000000068fc00000, 0x0000000690000000, 0x0000000690000000|100%|HS|  |TAMS 0x0000000690000000, 0x0000000690000000| Complete 
|  62|0x0000000690000000, 0x0000000690400000, 0x0000000690400000|100%|HS|  |TAMS 0x0000000690400000, 0x0000000690400000| Complete 
|  63|0x0000000690400000, 0x0000000690800000, 0x0000000690800000|100%|HC|  |TAMS 0x0000000690800000, 0x0000000690800000| Complete 
|  64|0x0000000690800000, 0x0000000690c00000, 0x0000000690c00000|100%|HS|  |TAMS 0x0000000690c00000, 0x0000000690c00000| Complete 
|  65|0x0000000690c00000, 0x0000000691000000, 0x0000000691000000|100%|HC|  |TAMS 0x0000000691000000, 0x0000000691000000| Complete 
|  66|0x0000000691000000, 0x0000000691400000, 0x0000000691400000|100%|HC|  |TAMS 0x0000000691400000, 0x0000000691400000| Complete 
|  67|0x0000000691400000, 0x0000000691800000, 0x0000000691800000|100%|HC|  |TAMS 0x0000000691800000, 0x0000000691800000| Complete 
|  68|0x0000000691800000, 0x0000000691835e00, 0x0000000691c00000|  5%| O|  |TAMS 0x0000000691800000, 0x0000000691804600| Untracked 
|  69|0x0000000691c00000, 0x0000000692000000, 0x0000000692000000|100%|HS|  |TAMS 0x0000000692000000, 0x0000000692000000| Complete 
|  70|0x0000000692000000, 0x0000000692400000, 0x0000000692400000|100%|HC|  |TAMS 0x0000000692400000, 0x0000000692400000| Complete 
|  71|0x0000000692400000, 0x0000000692800000, 0x0000000692800000|100%|HC|  |TAMS 0x0000000692800000, 0x0000000692800000| Complete 
|  72|0x0000000692800000, 0x0000000692c00000, 0x0000000692c00000|100%|HS|  |TAMS 0x0000000692c00000, 0x0000000692c00000| Complete 
|  73|0x0000000692c00000, 0x0000000693000000, 0x0000000693000000|100%|HS|  |TAMS 0x0000000693000000, 0x0000000693000000| Complete 
|  74|0x0000000693000000, 0x0000000693400000, 0x0000000693400000|100%|HS|  |TAMS 0x0000000693400000, 0x0000000693400000| Complete 
|  75|0x0000000693400000, 0x0000000693800000, 0x0000000693800000|100%|HC|  |TAMS 0x0000000693800000, 0x0000000693800000| Complete 
|  76|0x0000000693800000, 0x0000000693c00000, 0x0000000693c00000|100%|HS|  |TAMS 0x0000000693c00000, 0x0000000693c00000| Complete 
|  77|0x0000000693c00000, 0x0000000694000000, 0x0000000694000000|100%|HC|  |TAMS 0x0000000694000000, 0x0000000694000000| Complete 
|  78|0x0000000694000000, 0x0000000694400000, 0x0000000694400000|100%|HC|  |TAMS 0x0000000694400000, 0x0000000694400000| Complete 
|  79|0x0000000694400000, 0x0000000694800000, 0x0000000694800000|100%|HC|  |TAMS 0x0000000694800000, 0x0000000694800000| Complete 
|  80|0x0000000694800000, 0x0000000694c00000, 0x0000000694c00000|100%|HC|  |TAMS 0x0000000694c00000, 0x0000000694c00000| Complete 
|  81|0x0000000694c00000, 0x0000000695000000, 0x0000000695000000|100%|HC|  |TAMS 0x0000000695000000, 0x0000000695000000| Complete 
|  82|0x0000000695000000, 0x0000000695400000, 0x0000000695400000|100%|HC|  |TAMS 0x0000000695400000, 0x0000000695400000| Complete 
|  83|0x0000000695400000, 0x0000000695800000, 0x0000000695800000|100%|HC|  |TAMS 0x0000000695800000, 0x0000000695800000| Complete 
|  84|0x0000000695800000, 0x0000000695c00000, 0x0000000695c00000|100%|HC|  |TAMS 0x0000000695c00000, 0x0000000695c00000| Complete 
|  85|0x0000000695c00000, 0x0000000696000000, 0x0000000696000000|100%|HC|  |TAMS 0x0000000696000000, 0x0000000696000000| Complete 
|  86|0x0000000696000000, 0x0000000696400000, 0x0000000696400000|100%|HC|  |TAMS 0x0000000696400000, 0x0000000696400000| Complete 
|  87|0x0000000696400000, 0x0000000696800000, 0x0000000696800000|100%|HC|  |TAMS 0x0000000696800000, 0x0000000696800000| Complete 
|  88|0x0000000696800000, 0x0000000696c00000, 0x0000000696c00000|100%|HC|  |TAMS 0x0000000696c00000, 0x0000000696c00000| Complete 
|  89|0x0000000696c00000, 0x0000000697000000, 0x0000000697000000|100%|HC|  |TAMS 0x0000000697000000, 0x0000000697000000| Complete 
|  90|0x0000000697000000, 0x0000000697000000, 0x0000000697400000|  0%| F|  |TAMS 0x0000000697000000, 0x0000000697000000| Untracked 
|  91|0x0000000697400000, 0x0000000697400000, 0x0000000697800000|  0%| F|  |TAMS 0x0000000697400000, 0x0000000697400000| Untracked 
|  92|0x0000000697800000, 0x0000000697800000, 0x0000000697c00000|  0%| F|  |TAMS 0x0000000697800000, 0x0000000697800000| Untracked 
|  93|0x0000000697c00000, 0x0000000697c00000, 0x0000000698000000|  0%| F|  |TAMS 0x0000000697c00000, 0x0000000697c00000| Untracked 
|  94|0x0000000698000000, 0x0000000698000000, 0x0000000698400000|  0%| F|  |TAMS 0x0000000698000000, 0x0000000698000000| Untracked 
|  95|0x0000000698400000, 0x0000000698400000, 0x0000000698800000|  0%| F|  |TAMS 0x0000000698400000, 0x0000000698400000| Untracked 
|  96|0x0000000698800000, 0x0000000698800000, 0x0000000698c00000|  0%| F|  |TAMS 0x0000000698800000, 0x0000000698800000| Untracked 
|  97|0x0000000698c00000, 0x0000000699000000, 0x0000000699000000|100%|HS|  |TAMS 0x0000000698c00000, 0x0000000699000000| Complete 
|  98|0x0000000699000000, 0x0000000699400000, 0x0000000699400000|100%|HC|  |TAMS 0x0000000699000000, 0x0000000699400000| Complete 
|  99|0x0000000699400000, 0x0000000699800000, 0x0000000699800000|100%|HC|  |TAMS 0x0000000699400000, 0x0000000699800000| Complete 
| 100|0x0000000699800000, 0x0000000699c00000, 0x0000000699c00000|100%|HC|  |TAMS 0x0000000699800000, 0x0000000699c00000| Complete 
| 101|0x0000000699c00000, 0x0000000699c00000, 0x000000069a000000|  0%| F|  |TAMS 0x0000000699c00000, 0x0000000699c00000| Untracked 
| 102|0x000000069a000000, 0x000000069a000000, 0x000000069a400000|  0%| F|  |TAMS 0x000000069a000000, 0x000000069a000000| Untracked 
| 103|0x000000069a400000, 0x000000069a400000, 0x000000069a800000|  0%| F|  |TAMS 0x000000069a400000, 0x000000069a400000| Untracked 
| 104|0x000000069a800000, 0x000000069a800000, 0x000000069ac00000|  0%| F|  |TAMS 0x000000069a800000, 0x000000069a800000| Untracked 
| 105|0x000000069ac00000, 0x000000069ac00000, 0x000000069b000000|  0%| F|  |TAMS 0x000000069ac00000, 0x000000069ac00000| Untracked 
| 106|0x000000069b000000, 0x000000069b000000, 0x000000069b400000|  0%| F|  |TAMS 0x000000069b000000, 0x000000069b000000| Untracked 
| 107|0x000000069b400000, 0x000000069b400000, 0x000000069b800000|  0%| F|  |TAMS 0x000000069b400000, 0x000000069b400000| Untracked 
| 108|0x000000069b800000, 0x000000069b800000, 0x000000069bc00000|  0%| F|  |TAMS 0x000000069b800000, 0x000000069b800000| Untracked 
| 109|0x000000069bc00000, 0x000000069bc00000, 0x000000069c000000|  0%| F|  |TAMS 0x000000069bc00000, 0x000000069bc00000| Untracked 
| 110|0x000000069c000000, 0x000000069c000000, 0x000000069c400000|  0%| F|  |TAMS 0x000000069c000000, 0x000000069c000000| Untracked 
| 111|0x000000069c400000, 0x000000069c400000, 0x000000069c800000|  0%| F|  |TAMS 0x000000069c400000, 0x000000069c400000| Untracked 
| 112|0x000000069c800000, 0x000000069c800000, 0x000000069cc00000|  0%| F|  |TAMS 0x000000069c800000, 0x000000069c800000| Untracked 
| 113|0x000000069cc00000, 0x000000069cc00000, 0x000000069d000000|  0%| F|  |TAMS 0x000000069cc00000, 0x000000069cc00000| Untracked 
| 114|0x000000069d000000, 0x000000069d000000, 0x000000069d400000|  0%| F|  |TAMS 0x000000069d000000, 0x000000069d000000| Untracked 
| 115|0x000000069d400000, 0x000000069d400000, 0x000000069d800000|  0%| F|  |TAMS 0x000000069d400000, 0x000000069d400000| Untracked 
| 116|0x000000069d800000, 0x000000069d800000, 0x000000069dc00000|  0%| F|  |TAMS 0x000000069d800000, 0x000000069d800000| Untracked 
| 117|0x000000069dc00000, 0x000000069e000000, 0x000000069e000000|100%|HS|  |TAMS 0x000000069e000000, 0x000000069e000000| Complete 
| 118|0x000000069e000000, 0x000000069e400000, 0x000000069e400000|100%|HC|  |TAMS 0x000000069e400000, 0x000000069e400000| Complete 
| 119|0x000000069e400000, 0x000000069e800000, 0x000000069e800000|100%|HC|  |TAMS 0x000000069e800000, 0x000000069e800000| Complete 
| 120|0x000000069e800000, 0x000000069ec00000, 0x000000069ec00000|100%|HS|  |TAMS 0x000000069ec00000, 0x000000069ec00000| Complete 
| 121|0x000000069ec00000, 0x000000069ec00000, 0x000000069f000000|  0%| F|  |TAMS 0x000000069ec00000, 0x000000069ec00000| Untracked 
| 122|0x000000069f000000, 0x000000069f000000, 0x000000069f400000|  0%| F|  |TAMS 0x000000069f000000, 0x000000069f000000| Untracked 
| 123|0x000000069f400000, 0x000000069f400000, 0x000000069f800000|  0%| F|  |TAMS 0x000000069f400000, 0x000000069f400000| Untracked 
| 124|0x000000069f800000, 0x000000069fc00000, 0x000000069fc00000|100%|HS|  |TAMS 0x000000069fc00000, 0x000000069fc00000| Complete 
| 125|0x000000069fc00000, 0x00000006a0000000, 0x00000006a0000000|100%|HC|  |TAMS 0x00000006a0000000, 0x00000006a0000000| Complete 
| 126|0x00000006a0000000, 0x00000006a0400000, 0x00000006a0400000|100%|HC|  |TAMS 0x00000006a0400000, 0x00000006a0400000| Complete 
| 127|0x00000006a0400000, 0x00000006a0800000, 0x00000006a0800000|100%| O|  |TAMS 0x00000006a0400000, 0x00000006a0800000| Untracked 
| 128|0x00000006a0800000, 0x00000006a0c00000, 0x00000006a0c00000|100%| O|  |TAMS 0x00000006a0800000, 0x00000006a0c00000| Untracked 
| 129|0x00000006a0c00000, 0x00000006a1000000, 0x00000006a1000000|100%| O|  |TAMS 0x00000006a0c00000, 0x00000006a1000000| Untracked 
| 130|0x00000006a1000000, 0x00000006a1400000, 0x00000006a1400000|100%| O|  |TAMS 0x00000006a1000000, 0x00000006a1400000| Untracked 
| 131|0x00000006a1400000, 0x00000006a1800000, 0x00000006a1800000|100%| O|  |TAMS 0x00000006a1400000, 0x00000006a1800000| Untracked 
| 132|0x00000006a1800000, 0x00000006a1c00000, 0x00000006a1c00000|100%| O|  |TAMS 0x00000006a1800000, 0x00000006a1c00000| Untracked 
| 133|0x00000006a1c00000, 0x00000006a2000000, 0x00000006a2000000|100%| O|  |TAMS 0x00000006a1c00000, 0x00000006a2000000| Untracked 
| 134|0x00000006a2000000, 0x00000006a2400000, 0x00000006a2400000|100%| O|  |TAMS 0x00000006a2000000, 0x00000006a2400000| Untracked 
| 135|0x00000006a2400000, 0x00000006a2800000, 0x00000006a2800000|100%| O|  |TAMS 0x00000006a2400000, 0x00000006a2800000| Untracked 
| 136|0x00000006a2800000, 0x00000006a2c00000, 0x00000006a2c00000|100%| O|  |TAMS 0x00000006a2800000, 0x00000006a2c00000| Untracked 
| 137|0x00000006a2c00000, 0x00000006a3000000, 0x00000006a3000000|100%| O|  |TAMS 0x00000006a2c00000, 0x00000006a3000000| Untracked 
| 138|0x00000006a3000000, 0x00000006a3400000, 0x00000006a3400000|100%| O|  |TAMS 0x00000006a3000000, 0x00000006a3400000| Untracked 
| 139|0x00000006a3400000, 0x00000006a3800000, 0x00000006a3800000|100%| O|  |TAMS 0x00000006a3400000, 0x00000006a3800000| Untracked 
| 140|0x00000006a3800000, 0x00000006a3c00000, 0x00000006a3c00000|100%| O|  |TAMS 0x00000006a3800000, 0x00000006a3c00000| Untracked 
| 141|0x00000006a3c00000, 0x00000006a4000000, 0x00000006a4000000|100%| O|  |TAMS 0x00000006a3c00000, 0x00000006a4000000| Untracked 
| 142|0x00000006a4000000, 0x00000006a4400000, 0x00000006a4400000|100%| O|  |TAMS 0x00000006a4000000, 0x00000006a4400000| Untracked 
| 143|0x00000006a4400000, 0x00000006a4800000, 0x00000006a4800000|100%| O|  |TAMS 0x00000006a4400000, 0x00000006a4800000| Untracked 
| 144|0x00000006a4800000, 0x00000006a4c00000, 0x00000006a4c00000|100%| O|  |TAMS 0x00000006a4800000, 0x00000006a4c00000| Untracked 
| 145|0x00000006a4c00000, 0x00000006a5000000, 0x00000006a5000000|100%| O|  |TAMS 0x00000006a4c00000, 0x00000006a5000000| Untracked 
| 146|0x00000006a5000000, 0x00000006a5400000, 0x00000006a5400000|100%| O|  |TAMS 0x00000006a5000000, 0x00000006a5400000| Untracked 
| 147|0x00000006a5400000, 0x00000006a5800000, 0x00000006a5800000|100%| O|  |TAMS 0x00000006a5400000, 0x00000006a5800000| Untracked 
| 148|0x00000006a5800000, 0x00000006a5c00000, 0x00000006a5c00000|100%| O|  |TAMS 0x00000006a5800000, 0x00000006a5c00000| Untracked 
| 149|0x00000006a5c00000, 0x00000006a5c00000, 0x00000006a6000000|  0%| F|  |TAMS 0x00000006a5c00000, 0x00000006a5c00000| Untracked 
| 150|0x00000006a6000000, 0x00000006a6000000, 0x00000006a6400000|  0%| F|  |TAMS 0x00000006a6000000, 0x00000006a6000000| Untracked 
| 151|0x00000006a6400000, 0x00000006a6400000, 0x00000006a6800000|  0%| F|  |TAMS 0x00000006a6400000, 0x00000006a6400000| Untracked 
| 152|0x00000006a6800000, 0x00000006a6afbde8, 0x00000006a6c00000| 74%| S|CS|TAMS 0x00000006a6800000, 0x00000006a6800000| Complete 
| 153|0x00000006a6c00000, 0x00000006a6c00000, 0x00000006a7000000|  0%| F|  |TAMS 0x00000006a6c00000, 0x00000006a6c00000| Untracked 
| 154|0x00000006a7000000, 0x00000006a7000000, 0x00000006a7400000|  0%| F|  |TAMS 0x00000006a7000000, 0x00000006a7000000| Untracked 
| 155|0x00000006a7400000, 0x00000006a7400000, 0x00000006a7800000|  0%| F|  |TAMS 0x00000006a7400000, 0x00000006a7400000| Untracked 
| 156|0x00000006a7800000, 0x00000006a7800000, 0x00000006a7c00000|  0%| F|  |TAMS 0x00000006a7800000, 0x00000006a7800000| Untracked 
| 157|0x00000006a7c00000, 0x00000006a7c00000, 0x00000006a8000000|  0%| F|  |TAMS 0x00000006a7c00000, 0x00000006a7c00000| Untracked 
| 158|0x00000006a8000000, 0x00000006a8000000, 0x00000006a8400000|  0%| F|  |TAMS 0x00000006a8000000, 0x00000006a8000000| Untracked 
| 159|0x00000006a8400000, 0x00000006a8400000, 0x00000006a8800000|  0%| F|  |TAMS 0x00000006a8400000, 0x00000006a8400000| Untracked 
| 160|0x00000006a8800000, 0x00000006a8800000, 0x00000006a8c00000|  0%| F|  |TAMS 0x00000006a8800000, 0x00000006a8800000| Untracked 
| 161|0x00000006a8c00000, 0x00000006a8c00000, 0x00000006a9000000|  0%| F|  |TAMS 0x00000006a8c00000, 0x00000006a8c00000| Untracked 
| 162|0x00000006a9000000, 0x00000006a9000000, 0x00000006a9400000|  0%| F|  |TAMS 0x00000006a9000000, 0x00000006a9000000| Untracked 
| 163|0x00000006a9400000, 0x00000006a9400000, 0x00000006a9800000|  0%| F|  |TAMS 0x00000006a9400000, 0x00000006a9400000| Untracked 
| 164|0x00000006a9800000, 0x00000006a9800000, 0x00000006a9c00000|  0%| F|  |TAMS 0x00000006a9800000, 0x00000006a9800000| Untracked 
| 165|0x00000006a9c00000, 0x00000006a9c00000, 0x00000006aa000000|  0%| F|  |TAMS 0x00000006a9c00000, 0x00000006a9c00000| Untracked 
| 166|0x00000006aa000000, 0x00000006aa000000, 0x00000006aa400000|  0%| F|  |TAMS 0x00000006aa000000, 0x00000006aa000000| Untracked 
| 167|0x00000006aa400000, 0x00000006aa400000, 0x00000006aa800000|  0%| F|  |TAMS 0x00000006aa400000, 0x00000006aa400000| Untracked 
| 168|0x00000006aa800000, 0x00000006aa800000, 0x00000006aac00000|  0%| F|  |TAMS 0x00000006aa800000, 0x00000006aa800000| Untracked 
| 169|0x00000006aac00000, 0x00000006aac00000, 0x00000006ab000000|  0%| F|  |TAMS 0x00000006aac00000, 0x00000006aac00000| Untracked 
| 170|0x00000006ab000000, 0x00000006ab000000, 0x00000006ab400000|  0%| F|  |TAMS 0x00000006ab000000, 0x00000006ab000000| Untracked 
| 171|0x00000006ab400000, 0x00000006ab400000, 0x00000006ab800000|  0%| F|  |TAMS 0x00000006ab400000, 0x00000006ab400000| Untracked 
| 172|0x00000006ab800000, 0x00000006ab800000, 0x00000006abc00000|  0%| F|  |TAMS 0x00000006ab800000, 0x00000006ab800000| Untracked 
| 173|0x00000006abc00000, 0x00000006abc00000, 0x00000006ac000000|  0%| F|  |TAMS 0x00000006abc00000, 0x00000006abc00000| Untracked 
| 174|0x00000006ac000000, 0x00000006ac000000, 0x00000006ac400000|  0%| F|  |TAMS 0x00000006ac000000, 0x00000006ac000000| Untracked 
| 175|0x00000006ac400000, 0x00000006ac400000, 0x00000006ac800000|  0%| F|  |TAMS 0x00000006ac400000, 0x00000006ac400000| Untracked 
| 176|0x00000006ac800000, 0x00000006ac800000, 0x00000006acc00000|  0%| F|  |TAMS 0x00000006ac800000, 0x00000006ac800000| Untracked 
| 177|0x00000006acc00000, 0x00000006acc00000, 0x00000006ad000000|  0%| F|  |TAMS 0x00000006acc00000, 0x00000006acc00000| Untracked 
| 178|0x00000006ad000000, 0x00000006ad000000, 0x00000006ad400000|  0%| F|  |TAMS 0x00000006ad000000, 0x00000006ad000000| Untracked 
| 179|0x00000006ad400000, 0x00000006ad400000, 0x00000006ad800000|  0%| F|  |TAMS 0x00000006ad400000, 0x00000006ad400000| Untracked 
| 180|0x00000006ad800000, 0x00000006ad800000, 0x00000006adc00000|  0%| F|  |TAMS 0x00000006ad800000, 0x00000006ad800000| Untracked 
| 181|0x00000006adc00000, 0x00000006adc00000, 0x00000006ae000000|  0%| F|  |TAMS 0x00000006adc00000, 0x00000006adc00000| Untracked 
| 182|0x00000006ae000000, 0x00000006ae000000, 0x00000006ae400000|  0%| F|  |TAMS 0x00000006ae000000, 0x00000006ae000000| Untracked 
| 183|0x00000006ae400000, 0x00000006ae400000, 0x00000006ae800000|  0%| F|  |TAMS 0x00000006ae400000, 0x00000006ae400000| Untracked 
| 184|0x00000006ae800000, 0x00000006ae800000, 0x00000006aec00000|  0%| F|  |TAMS 0x00000006ae800000, 0x00000006ae800000| Untracked 
| 185|0x00000006aec00000, 0x00000006aec00000, 0x00000006af000000|  0%| F|  |TAMS 0x00000006aec00000, 0x00000006aec00000| Untracked 
| 186|0x00000006af000000, 0x00000006af000000, 0x00000006af400000|  0%| F|  |TAMS 0x00000006af000000, 0x00000006af000000| Untracked 
| 187|0x00000006af400000, 0x00000006af400000, 0x00000006af800000|  0%| F|  |TAMS 0x00000006af400000, 0x00000006af400000| Untracked 
| 188|0x00000006af800000, 0x00000006af800000, 0x00000006afc00000|  0%| F|  |TAMS 0x00000006af800000, 0x00000006af800000| Untracked 
| 189|0x00000006afc00000, 0x00000006afc00000, 0x00000006b0000000|  0%| F|  |TAMS 0x00000006afc00000, 0x00000006afc00000| Untracked 
| 190|0x00000006b0000000, 0x00000006b0000000, 0x00000006b0400000|  0%| F|  |TAMS 0x00000006b0000000, 0x00000006b0000000| Untracked 
| 191|0x00000006b0400000, 0x00000006b0400000, 0x00000006b0800000|  0%| F|  |TAMS 0x00000006b0400000, 0x00000006b0400000| Untracked 
| 192|0x00000006b0800000, 0x00000006b0800000, 0x00000006b0c00000|  0%| F|  |TAMS 0x00000006b0800000, 0x00000006b0800000| Untracked 
| 193|0x00000006b0c00000, 0x00000006b0c00000, 0x00000006b1000000|  0%| F|  |TAMS 0x00000006b0c00000, 0x00000006b0c00000| Untracked 
| 194|0x00000006b1000000, 0x00000006b1000000, 0x00000006b1400000|  0%| F|  |TAMS 0x00000006b1000000, 0x00000006b1000000| Untracked 
| 195|0x00000006b1400000, 0x00000006b1400000, 0x00000006b1800000|  0%| F|  |TAMS 0x00000006b1400000, 0x00000006b1400000| Untracked 
| 196|0x00000006b1800000, 0x00000006b1800000, 0x00000006b1c00000|  0%| F|  |TAMS 0x00000006b1800000, 0x00000006b1800000| Untracked 
| 197|0x00000006b1c00000, 0x00000006b1c00000, 0x00000006b2000000|  0%| F|  |TAMS 0x00000006b1c00000, 0x00000006b1c00000| Untracked 
| 198|0x00000006b2000000, 0x00000006b2000000, 0x00000006b2400000|  0%| F|  |TAMS 0x00000006b2000000, 0x00000006b2000000| Untracked 
| 199|0x00000006b2400000, 0x00000006b2400000, 0x00000006b2800000|  0%| F|  |TAMS 0x00000006b2400000, 0x00000006b2400000| Untracked 
| 200|0x00000006b2800000, 0x00000006b2800000, 0x00000006b2c00000|  0%| F|  |TAMS 0x00000006b2800000, 0x00000006b2800000| Untracked 
| 201|0x00000006b2c00000, 0x00000006b2c00000, 0x00000006b3000000|  0%| F|  |TAMS 0x00000006b2c00000, 0x00000006b2c00000| Untracked 
| 202|0x00000006b3000000, 0x00000006b3000000, 0x00000006b3400000|  0%| F|  |TAMS 0x00000006b3000000, 0x00000006b3000000| Untracked 
| 203|0x00000006b3400000, 0x00000006b3400000, 0x00000006b3800000|  0%| F|  |TAMS 0x00000006b3400000, 0x00000006b3400000| Untracked 
| 204|0x00000006b3800000, 0x00000006b3800000, 0x00000006b3c00000|  0%| F|  |TAMS 0x00000006b3800000, 0x00000006b3800000| Untracked 
| 205|0x00000006b3c00000, 0x00000006b3c00000, 0x00000006b4000000|  0%| F|  |TAMS 0x00000006b3c00000, 0x00000006b3c00000| Untracked 
| 206|0x00000006b4000000, 0x00000006b4000000, 0x00000006b4400000|  0%| F|  |TAMS 0x00000006b4000000, 0x00000006b4000000| Untracked 
| 207|0x00000006b4400000, 0x00000006b4400000, 0x00000006b4800000|  0%| F|  |TAMS 0x00000006b4400000, 0x00000006b4400000| Untracked 
| 208|0x00000006b4800000, 0x00000006b4800000, 0x00000006b4c00000|  0%| F|  |TAMS 0x00000006b4800000, 0x00000006b4800000| Untracked 
| 209|0x00000006b4c00000, 0x00000006b4c00000, 0x00000006b5000000|  0%| F|  |TAMS 0x00000006b4c00000, 0x00000006b4c00000| Untracked 
| 210|0x00000006b5000000, 0x00000006b5000000, 0x00000006b5400000|  0%| F|  |TAMS 0x00000006b5000000, 0x00000006b5000000| Untracked 
| 211|0x00000006b5400000, 0x00000006b5400000, 0x00000006b5800000|  0%| F|  |TAMS 0x00000006b5400000, 0x00000006b5400000| Untracked 
| 212|0x00000006b5800000, 0x00000006b5800000, 0x00000006b5c00000|  0%| F|  |TAMS 0x00000006b5800000, 0x00000006b5800000| Untracked 
| 213|0x00000006b5c00000, 0x00000006b5c00000, 0x00000006b6000000|  0%| F|  |TAMS 0x00000006b5c00000, 0x00000006b5c00000| Untracked 
| 214|0x00000006b6000000, 0x00000006b6000000, 0x00000006b6400000|  0%| F|  |TAMS 0x00000006b6000000, 0x00000006b6000000| Untracked 
| 215|0x00000006b6400000, 0x00000006b6400000, 0x00000006b6800000|  0%| F|  |TAMS 0x00000006b6400000, 0x00000006b6400000| Untracked 
| 216|0x00000006b6800000, 0x00000006b6800000, 0x00000006b6c00000|  0%| F|  |TAMS 0x00000006b6800000, 0x00000006b6800000| Untracked 
| 217|0x00000006b6c00000, 0x00000006b6c00000, 0x00000006b7000000|  0%| F|  |TAMS 0x00000006b6c00000, 0x00000006b6c00000| Untracked 
| 218|0x00000006b7000000, 0x00000006b7000000, 0x00000006b7400000|  0%| F|  |TAMS 0x00000006b7000000, 0x00000006b7000000| Untracked 
| 219|0x00000006b7400000, 0x00000006b7400000, 0x00000006b7800000|  0%| F|  |TAMS 0x00000006b7400000, 0x00000006b7400000| Untracked 
| 220|0x00000006b7800000, 0x00000006b7800000, 0x00000006b7c00000|  0%| F|  |TAMS 0x00000006b7800000, 0x00000006b7800000| Untracked 
| 221|0x00000006b7c00000, 0x00000006b7c00000, 0x00000006b8000000|  0%| F|  |TAMS 0x00000006b7c00000, 0x00000006b7c00000| Untracked 
| 222|0x00000006b8000000, 0x00000006b8000000, 0x00000006b8400000|  0%| F|  |TAMS 0x00000006b8000000, 0x00000006b8000000| Untracked 
| 223|0x00000006b8400000, 0x00000006b8400000, 0x00000006b8800000|  0%| F|  |TAMS 0x00000006b8400000, 0x00000006b8400000| Untracked 
| 224|0x00000006b8800000, 0x00000006b8800000, 0x00000006b8c00000|  0%| F|  |TAMS 0x00000006b8800000, 0x00000006b8800000| Untracked 
| 225|0x00000006b8c00000, 0x00000006b8c00000, 0x00000006b9000000|  0%| F|  |TAMS 0x00000006b8c00000, 0x00000006b8c00000| Untracked 
| 226|0x00000006b9000000, 0x00000006b9000000, 0x00000006b9400000|  0%| F|  |TAMS 0x00000006b9000000, 0x00000006b9000000| Untracked 
| 227|0x00000006b9400000, 0x00000006b9400000, 0x00000006b9800000|  0%| F|  |TAMS 0x00000006b9400000, 0x00000006b9400000| Untracked 
| 228|0x00000006b9800000, 0x00000006b9800000, 0x00000006b9c00000|  0%| F|  |TAMS 0x00000006b9800000, 0x00000006b9800000| Untracked 
| 229|0x00000006b9c00000, 0x00000006b9c00000, 0x00000006ba000000|  0%| F|  |TAMS 0x00000006b9c00000, 0x00000006b9c00000| Untracked 
| 230|0x00000006ba000000, 0x00000006ba000000, 0x00000006ba400000|  0%| F|  |TAMS 0x00000006ba000000, 0x00000006ba000000| Untracked 
| 231|0x00000006ba400000, 0x00000006ba400000, 0x00000006ba800000|  0%| F|  |TAMS 0x00000006ba400000, 0x00000006ba400000| Untracked 
| 232|0x00000006ba800000, 0x00000006ba800000, 0x00000006bac00000|  0%| F|  |TAMS 0x00000006ba800000, 0x00000006ba800000| Untracked 
| 233|0x00000006bac00000, 0x00000006bac00000, 0x00000006bb000000|  0%| F|  |TAMS 0x00000006bac00000, 0x00000006bac00000| Untracked 
| 234|0x00000006bb000000, 0x00000006bb000000, 0x00000006bb400000|  0%| F|  |TAMS 0x00000006bb000000, 0x00000006bb000000| Untracked 
| 235|0x00000006bb400000, 0x00000006bb400000, 0x00000006bb800000|  0%| F|  |TAMS 0x00000006bb400000, 0x00000006bb400000| Untracked 
| 236|0x00000006bb800000, 0x00000006bb800000, 0x00000006bbc00000|  0%| F|  |TAMS 0x00000006bb800000, 0x00000006bb800000| Untracked 
| 237|0x00000006bbc00000, 0x00000006bbc00000, 0x00000006bc000000|  0%| F|  |TAMS 0x00000006bbc00000, 0x00000006bbc00000| Untracked 
| 238|0x00000006bc000000, 0x00000006bc000000, 0x00000006bc400000|  0%| F|  |TAMS 0x00000006bc000000, 0x00000006bc000000| Untracked 
| 239|0x00000006bc400000, 0x00000006bc400000, 0x00000006bc800000|  0%| F|  |TAMS 0x00000006bc400000, 0x00000006bc400000| Untracked 
| 240|0x00000006bc800000, 0x00000006bc800000, 0x00000006bcc00000|  0%| F|  |TAMS 0x00000006bc800000, 0x00000006bc800000| Untracked 
| 241|0x00000006bcc00000, 0x00000006bcc00000, 0x00000006bd000000|  0%| F|  |TAMS 0x00000006bcc00000, 0x00000006bcc00000| Untracked 
| 242|0x00000006bd000000, 0x00000006bd000000, 0x00000006bd400000|  0%| F|  |TAMS 0x00000006bd000000, 0x00000006bd000000| Untracked 
| 243|0x00000006bd400000, 0x00000006bd400000, 0x00000006bd800000|  0%| F|  |TAMS 0x00000006bd400000, 0x00000006bd400000| Untracked 
| 244|0x00000006bd800000, 0x00000006bd800000, 0x00000006bdc00000|  0%| F|  |TAMS 0x00000006bd800000, 0x00000006bd800000| Untracked 
| 245|0x00000006bdc00000, 0x00000006bdc00000, 0x00000006be000000|  0%| F|  |TAMS 0x00000006bdc00000, 0x00000006bdc00000| Untracked 
| 246|0x00000006be000000, 0x00000006be000000, 0x00000006be400000|  0%| F|  |TAMS 0x00000006be000000, 0x00000006be000000| Untracked 
| 247|0x00000006be400000, 0x00000006be400000, 0x00000006be800000|  0%| F|  |TAMS 0x00000006be400000, 0x00000006be400000| Untracked 
| 248|0x00000006be800000, 0x00000006be800000, 0x00000006bec00000|  0%| F|  |TAMS 0x00000006be800000, 0x00000006be800000| Untracked 
| 249|0x00000006bec00000, 0x00000006bec00000, 0x00000006bf000000|  0%| F|  |TAMS 0x00000006bec00000, 0x00000006bec00000| Untracked 
| 250|0x00000006bf000000, 0x00000006bf000000, 0x00000006bf400000|  0%| F|  |TAMS 0x00000006bf000000, 0x00000006bf000000| Untracked 
| 251|0x00000006bf400000, 0x00000006bf400000, 0x00000006bf800000|  0%| F|  |TAMS 0x00000006bf400000, 0x00000006bf400000| Untracked 
| 252|0x00000006bf800000, 0x00000006bf800000, 0x00000006bfc00000|  0%| F|  |TAMS 0x00000006bf800000, 0x00000006bf800000| Untracked 
| 253|0x00000006bfc00000, 0x00000006bfc00000, 0x00000006c0000000|  0%| F|  |TAMS 0x00000006bfc00000, 0x00000006bfc00000| Untracked 
| 254|0x00000006c0000000, 0x00000006c0000000, 0x00000006c0400000|  0%| F|  |TAMS 0x00000006c0000000, 0x00000006c0000000| Untracked 
| 255|0x00000006c0400000, 0x00000006c0400000, 0x00000006c0800000|  0%| F|  |TAMS 0x00000006c0400000, 0x00000006c0400000| Untracked 
| 256|0x00000006c0800000, 0x00000006c0800000, 0x00000006c0c00000|  0%| F|  |TAMS 0x00000006c0800000, 0x00000006c0800000| Untracked 
| 257|0x00000006c0c00000, 0x00000006c0c00000, 0x00000006c1000000|  0%| F|  |TAMS 0x00000006c0c00000, 0x00000006c0c00000| Untracked 
| 258|0x00000006c1000000, 0x00000006c1000000, 0x00000006c1400000|  0%| F|  |TAMS 0x00000006c1000000, 0x00000006c1000000| Untracked 
| 259|0x00000006c1400000, 0x00000006c1400000, 0x00000006c1800000|  0%| F|  |TAMS 0x00000006c1400000, 0x00000006c1400000| Untracked 
| 260|0x00000006c1800000, 0x00000006c1800000, 0x00000006c1c00000|  0%| F|  |TAMS 0x00000006c1800000, 0x00000006c1800000| Untracked 
| 261|0x00000006c1c00000, 0x00000006c1c00000, 0x00000006c2000000|  0%| F|  |TAMS 0x00000006c1c00000, 0x00000006c1c00000| Untracked 
|1519|0x00000007fc400000, 0x00000007fc400000, 0x00000007fc800000|  0%| F|  |TAMS 0x00000007fc400000, 0x00000007fc400000| Untracked 
|1520|0x00000007fc800000, 0x00000007fcc00000, 0x00000007fcc00000|100%| O|  |TAMS 0x00000007fcc00000, 0x00000007fcc00000| Untracked 
|1521|0x00000007fcc00000, 0x00000007fd000000, 0x00000007fd000000|100%| O|  |TAMS 0x00000007fd000000, 0x00000007fd000000| Untracked 
|1522|0x00000007fd000000, 0x00000007fd000000, 0x00000007fd400000|  0%| F|  |TAMS 0x00000007fd000000, 0x00000007fd000000| Untracked 
|1523|0x00000007fd400000, 0x00000007fd400000, 0x00000007fd800000|  0%| F|  |TAMS 0x00000007fd400000, 0x00000007fd400000| Untracked 
|1524|0x00000007fd800000, 0x00000007fd800000, 0x00000007fdc00000|  0%| F|  |TAMS 0x00000007fd800000, 0x00000007fd800000| Untracked 
|1525|0x00000007fdc00000, 0x00000007fdc00000, 0x00000007fe000000|  0%| F|  |TAMS 0x00000007fdc00000, 0x00000007fdc00000| Untracked 
|1526|0x00000007fe000000, 0x00000007fe000000, 0x00000007fe400000|  0%| F|  |TAMS 0x00000007fe000000, 0x00000007fe000000| Untracked 
|1527|0x00000007fe400000, 0x00000007fe400000, 0x00000007fe800000|  0%| F|  |TAMS 0x00000007fe400000, 0x00000007fe400000| Untracked 
|1528|0x00000007fe800000, 0x00000007fe800000, 0x00000007fec00000|  0%| F|  |TAMS 0x00000007fe800000, 0x00000007fe800000| Untracked 
|1529|0x00000007fec00000, 0x00000007fee00800, 0x00000007ff000000| 50%| E|  |TAMS 0x00000007fec00000, 0x00000007fec00000| Complete 
|1530|0x00000007ff000000, 0x00000007ff400000, 0x00000007ff400000|100%| E|CS|TAMS 0x00000007ff000000, 0x00000007ff000000| Complete 
|1531|0x00000007ff400000, 0x00000007ff800000, 0x00000007ff800000|100%| E|CS|TAMS 0x00000007ff400000, 0x00000007ff400000| Complete 
|1532|0x00000007ff800000, 0x00000007ffc00000, 0x00000007ffc00000|100%| E|CS|TAMS 0x00000007ff800000, 0x00000007ff800000| Complete 
|1533|0x00000007ffc00000, 0x0000000800000000, 0x0000000800000000|100%| E|CS|TAMS 0x00000007ffc00000, 0x00000007ffc00000| Complete 

Card table byte_map: [0x000002024eb30000,0x000002024f730000] _byte_map_base: 0x000002024b72c000

Marking Bits (Prev, Next): (CMBitMap*) 0x00000202396c2cf0, (CMBitMap*) 0x00000202396c2cb0
 Prev Bits: [0x0000020256310000, 0x000002025c2f0000)
 Next Bits: [0x0000020250330000, 0x0000020256310000)

Polling page: 0x0000020239700000

Metaspace:

Usage:
  Non-class:     18.31 MB used.
      Class:      1.36 MB used.
       Both:     19.67 MB used.

Virtual space:
  Non-class space:       64.00 MB reserved,      18.44 MB ( 29%) committed,  1 nodes.
      Class space:        1.00 GB reserved,       1.44 MB ( <1%) committed,  1 nodes.
             Both:        1.06 GB reserved,      19.88 MB (  2%) committed. 

Chunk freelists:
   Non-Class:  13.61 MB
       Class:  14.59 MB
        Both:  28.20 MB

MaxMetaspaceSize: unlimited
CompressedClassSpaceSize: 1.00 GB
Initial GC threshold: 21.00 MB
Current GC threshold: 29.94 MB
CDS: off
MetaspaceReclaimPolicy: balanced
 - commit_granule_bytes: 65536.
 - commit_granule_words: 8192.
 - virtual_space_node_default_size: 8388608.
 - enlarge_chunks_in_place: 1.
 - new_chunks_are_fully_committed: 0.
 - uncommit_free_chunks: 1.
 - use_allocation_guard: 0.
 - handle_deallocations: 1.


Internal statistics:

num_allocs_failed_limit: 0.
num_arena_births: 86.
num_arena_deaths: 0.
num_vsnodes_births: 2.
num_vsnodes_deaths: 0.
num_space_committed: 316.
num_space_uncommitted: 0.
num_chunks_returned_to_freelist: 0.
num_chunks_taken_from_freelist: 419.
num_chunk_merges: 0.
num_chunk_splits: 312.
num_chunks_enlarged: 256.
num_inconsistent_stats: 0.

CodeHeap 'non-profiled nmethods': size=120000Kb used=7202Kb max_used=7202Kb free=112798Kb
 bounds [0x0000020245f90000, 0x00000202466a0000, 0x000002024d4c0000]
CodeHeap 'profiled nmethods': size=120000Kb used=5206Kb max_used=6419Kb free=114793Kb
 bounds [0x000002023e4c0000, 0x000002023eb10000, 0x00000202459f0000]
CodeHeap 'non-nmethods': size=5760Kb used=1826Kb max_used=1954Kb free=3933Kb
 bounds [0x00000202459f0000, 0x0000020245c60000, 0x0000020245f90000]
 total_blobs=4361 nmethods=3126 adapters=1148
 compilation: enabled
              stopped_count=0, restarted_count=0
 full_count=0

Compilation events (20 events):
Event: 501.909 Thread 0x0000020263093c40 4309       3       animatedModel.AnimationScript::advance (55 bytes)
Event: 501.909 Thread 0x0000020263093c40 nmethod 4309 0x000002023e926d90 code [0x000002023e926f80, 0x000002023e9274a8]
Event: 504.675 Thread 0x0000020263093250 4310   !   4       java.lang.ref.Reference::processPendingReferences (118 bytes)
Event: 504.684 Thread 0x0000020263093250 nmethod 4310 0x0000020246695190 code [0x00000202466953c0, 0x00000202466964b0]
Event: 507.002 Thread 0x0000020263093250 4311   !   4       loaders.TextureLoader::loadTexture (454 bytes)
Event: 507.021 Thread 0x0000020263093250 nmethod 4311 0x0000020246696910 code [0x0000020246696b00, 0x0000020246697c58]
Event: 508.491 Thread 0x0000020263093c40 4312       3       java.lang.invoke.Invokers$Holder::linkToTargetMethod (9 bytes)
Event: 508.492 Thread 0x0000020263093c40 nmethod 4312 0x000002023e926710 code [0x000002023e9268c0, 0x000002023e926cb8]
Event: 508.492 Thread 0x0000020263093c40 4313       3       java.lang.invoke.DirectMethodHandle$Holder::newInvokeSpecial (21 bytes)
Event: 508.492 Thread 0x0000020263093c40 nmethod 4313 0x000002023e925b90 code [0x000002023e925d80, 0x000002023e926548]
Event: 515.229 Thread 0x0000020263093c40 4314       3       java.util.ArrayDeque::<init> (35 bytes)
Event: 515.229 Thread 0x0000020263093c40 nmethod 4314 0x000002023e831590 code [0x000002023e831740, 0x000002023e831ab8]
Event: 516.971 Thread 0x0000020263093c40 4315       3       animatedModel.AnimationScript::start (43 bytes)
Event: 516.972 Thread 0x0000020263093c40 nmethod 4315 0x000002023e830410 code [0x000002023e830680, 0x000002023e831198]
Event: 516.972 Thread 0x0000020263093c40 4316       3       java.util.ArrayDeque::<init> (16 bytes)
Event: 516.973 Thread 0x0000020263093c40 nmethod 4316 0x000002023e82f390 code [0x000002023e82f5e0, 0x000002023e8300a8]
Event: 516.973 Thread 0x0000020263093c40 4317       3       java.util.ArrayDeque::copyElements (13 bytes)
Event: 516.973 Thread 0x0000020263093c40 nmethod 4317 0x000002023e82e810 code [0x000002023e82ea20, 0x000002023e82f0d8]
Event: 520.267 Thread 0x0000020263093c40 4318       3       animatedModel.AnimationScript::finishSequence (30 bytes)
Event: 520.268 Thread 0x0000020263093c40 nmethod 4318 0x000002023e82e390 code [0x000002023e82e540, 0x000002023e82e728]

GC Heap History (20 events):
Event: 491.283 GC heap before
{Heap before GC invocations=53 (full 0):
 garbage-first heap   total 1134592K, used 1013720K [0x0000000680800000, 0x0000000800000000)
  region size 4096K, 124 young (507904K), 1 survivors (4096K)
 Metaspace       used 20133K, committed 20352K, reserved 1114112K
  class space    used 1388K, committed 1472K, reserved 1048576K
}
Event: 491.285 GC heap after
{Heap after GC invocations=54 (full 0):
 garbage-first heap   total 1134592K, used 510154K [0x0000000680800000, 0x0000000800000000)
  region size 4096K, 1 young (4096K), 1 survivors (4096K)
 Metaspace       used 20133K, committed 20352K, reserved 1114112K
  class space    used 1388K, committed 1472K, reserved 1048576K
}
Event: 495.946 GC heap before
{Heap before GC invocations=54 (full 0):
 garbage-first heap   total 1134592K, used 1013962K [0x0000000680800000, 0x0000000800000000)
  region size 4096K, 124 young (507904K), 1 survivors (4096K)
 Metaspace       used 20133K, committed 20352K, reserved 1114112K
  class space    used 1388K, committed 1472K, reserved 1048576K
}
Event: 495.948 GC heap after
{Heap after GC invocations=55 (full 0):
 garbage-first heap   total 1134592K, used 509272K [0x0000000680800000, 0x0000000800000000)
  region size 4096K, 1 young (4096K), 1 survivors (4096K)
 Metaspace       used 20133K, committed 20352K, reserved 1114112K
  class space    used 1388K, committed 1472K, reserved 1048576K
}
Event: 499.863 GC heap before
{Heap before GC invocations=55 (full 0):
 garbage-first heap   total 1134592K, used 1013080K [0x0000000680800000, 0x0000000800000000)
  region size 4096K, 124 young (507904K), 1 survivors (4096K)
 Metaspace       used 20134K, committed 20352K, reserved 1114112K
  class space    used 1388K, committed 1472K, reserved 1048576K
}
Event: 499.865 GC heap after
{Heap after GC invocations=56 (full 0):
 garbage-first heap   total 1134592K, used 509638K [0x0000000680800000, 0x0000000800000000)
  region size 4096K, 1 young (4096K), 1 survivors (4096K)
 Metaspace       used 20134K, committed 20352K, reserved 1114112K
  class space    used 1388K, committed 1472K, reserved 1048576K
}
Event: 504.672 GC heap before
{Heap before GC invocations=56 (full 0):
 garbage-first heap   total 1134592K, used 1013446K [0x0000000680800000, 0x0000000800000000)
  region size 4096K, 124 young (507904K), 1 survivors (4096K)
 Metaspace       used 20134K, committed 20352K, reserved 1114112K
  class space    used 1388K, committed 1472K, reserved 1048576K
}
Event: 504.674 GC heap after
{Heap after GC invocations=57 (full 0):
 garbage-first heap   total 1134592K, used 510249K [0x0000000680800000, 0x0000000800000000)
  region size 4096K, 1 young (4096K), 1 survivors (4096K)
 Metaspace       used 20134K, committed 20352K, reserved 1114112K
  class space    used 1388K, committed 1472K, reserved 1048576K
}
Event: 508.393 GC heap before
{Heap before GC invocations=57 (full 0):
 garbage-first heap   total 1134592K, used 1014057K [0x0000000680800000, 0x0000000800000000)
  region size 4096K, 124 young (507904K), 1 survivors (4096K)
 Metaspace       used 20134K, committed 20352K, reserved 1114112K
  class space    used 1388K, committed 1472K, reserved 1048576K
}
Event: 508.394 GC heap after
{Heap after GC invocations=58 (full 0):
 garbage-first heap   total 1134592K, used 509548K [0x0000000680800000, 0x0000000800000000)
  region size 4096K, 1 young (4096K), 1 survivors (4096K)
 Metaspace       used 20134K, committed 20352K, reserved 1114112K
  class space    used 1388K, committed 1472K, reserved 1048576K
}
Event: 512.276 GC heap before
{Heap before GC invocations=58 (full 0):
 garbage-first heap   total 1134592K, used 1013356K [0x0000000680800000, 0x0000000800000000)
  region size 4096K, 124 young (507904K), 1 survivors (4096K)
 Metaspace       used 20135K, committed 20352K, reserved 1114112K
  class space    used 1388K, committed 1472K, reserved 1048576K
}
Event: 512.278 GC heap after
{Heap after GC invocations=59 (full 0):
 garbage-first heap   total 1134592K, used 510838K [0x0000000680800000, 0x0000000800000000)
  region size 4096K, 1 young (4096K), 1 survivors (4096K)
 Metaspace       used 20135K, committed 20352K, reserved 1114112K
  class space    used 1388K, committed 1472K, reserved 1048576K
}
Event: 516.883 GC heap before
{Heap before GC invocations=59 (full 0):
 garbage-first heap   total 1134592K, used 1014646K [0x0000000680800000, 0x0000000800000000)
  region size 4096K, 124 young (507904K), 1 survivors (4096K)
 Metaspace       used 20135K, committed 20352K, reserved 1114112K
  class space    used 1388K, committed 1472K, reserved 1048576K
}
Event: 516.885 GC heap after
{Heap after GC invocations=60 (full 0):
 garbage-first heap   total 1134592K, used 510755K [0x0000000680800000, 0x0000000800000000)
  region size 4096K, 1 young (4096K), 1 survivors (4096K)
 Metaspace       used 20135K, committed 20352K, reserved 1114112K
  class space    used 1388K, committed 1472K, reserved 1048576K
}
Event: 522.049 GC heap before
{Heap before GC invocations=60 (full 0):
 garbage-first heap   total 1134592K, used 1014563K [0x0000000680800000, 0x0000000800000000)
  region size 4096K, 124 young (507904K), 1 survivors (4096K)
 Metaspace       used 20137K, committed 20352K, reserved 1114112K
  class space    used 1388K, committed 1472K, reserved 1048576K
}
Event: 522.050 GC heap after
{Heap after GC invocations=61 (full 0):
 garbage-first heap   total 1134592K, used 509991K [0x0000000680800000, 0x0000000800000000)
  region size 4096K, 1 young (4096K), 1 survivors (4096K)
 Metaspace       used 20137K, committed 20352K, reserved 1114112K
  class space    used 1388K, committed 1472K, reserved 1048576K
}
Event: 527.896 GC heap before
{Heap before GC invocations=61 (full 0):
 garbage-first heap   total 1134592K, used 1013799K [0x0000000680800000, 0x0000000800000000)
  region size 4096K, 124 young (507904K), 1 survivors (4096K)
 Metaspace       used 20137K, committed 20352K, reserved 1114112K
  class space    used 1388K, committed 1472K, reserved 1048576K
}
Event: 527.898 GC heap after
{Heap after GC invocations=62 (full 0):
 garbage-first heap   total 1134592K, used 510463K [0x0000000680800000, 0x0000000800000000)
  region size 4096K, 1 young (4096K), 1 survivors (4096K)
 Metaspace       used 20137K, committed 20352K, reserved 1114112K
  class space    used 1388K, committed 1472K, reserved 1048576K
}
Event: 532.649 GC heap before
{Heap before GC invocations=62 (full 0):
 garbage-first heap   total 1134592K, used 1010175K [0x0000000680800000, 0x0000000800000000)
  region size 4096K, 123 young (503808K), 1 survivors (4096K)
 Metaspace       used 20137K, committed 20352K, reserved 1114112K
  class space    used 1388K, committed 1472K, reserved 1048576K
}
Event: 532.651 GC heap after
{Heap after GC invocations=63 (full 0):
 garbage-first heap   total 1134592K, used 511174K [0x0000000680800000, 0x0000000800000000)
  region size 4096K, 1 young (4096K), 1 survivors (4096K)
 Metaspace       used 20137K, committed 20352K, reserved 1114112K
  class space    used 1388K, committed 1472K, reserved 1048576K
}

Dll operation events (11 events):
Event: 0.024 Loaded shared library C:\Users\alex\.p2\pool\plugins\org.eclipse.justj.openjdk.hotspot.jre.full.win32.x86_64_17.0.7.v20230425-1502\jre\bin\java.dll
Event: 0.254 Loaded shared library C:\Users\alex\.p2\pool\plugins\org.eclipse.justj.openjdk.hotspot.jre.full.win32.x86_64_17.0.7.v20230425-1502\jre\bin\zip.dll
Event: 0.258 Loaded shared library C:\Users\alex\.p2\pool\plugins\org.eclipse.justj.openjdk.hotspot.jre.full.win32.x86_64_17.0.7.v20230425-1502\jre\bin\instrument.dll
Event: 0.271 Loaded shared library C:\Users\alex\.p2\pool\plugins\org.eclipse.justj.openjdk.hotspot.jre.full.win32.x86_64_17.0.7.v20230425-1502\jre\bin\net.dll
Event: 0.272 Loaded shared library C:\Users\alex\.p2\pool\plugins\org.eclipse.justj.openjdk.hotspot.jre.full.win32.x86_64_17.0.7.v20230425-1502\jre\bin\nio.dll
Event: 0.280 Loaded shared library C:\Users\alex\.p2\pool\plugins\org.eclipse.justj.openjdk.hotspot.jre.full.win32.x86_64_17.0.7.v20230425-1502\jre\bin\zip.dll
Event: 0.398 Loaded shared library C:\Users\alex\.p2\pool\plugins\org.eclipse.justj.openjdk.hotspot.jre.full.win32.x86_64_17.0.7.v20230425-1502\jre\bin\jimage.dll
Event: 0.445 Loaded shared library C:\Users\alex\.p2\pool\plugins\org.eclipse.justj.openjdk.hotspot.jre.full.win32.x86_64_17.0.7.v20230425-1502\jre\bin\verify.dll
Event: 0.547 Loaded shared library C:\Users\alex\AppData\Local\Temp\lwjgl_alex\3.3.4+7\x64\lwjgl.dll
Event: 1.002 Loaded shared library C:\Users\alex\AppData\Local\Temp\lwjgl_alex\3.3.4+7\x64\lwjgl_opengl.dll
Event: 1.162 Loaded shared library C:\Users\alex\AppData\Local\Temp\lwjgl_alex\3.3.4+7\x64\lwjgl_stb.dll

Deoptimization events (20 events):
Event: 419.506 Thread 0x0000020239638cc0 DEOPT PACKING pc=0x0000020246012474 sp=0x000000055fefe790
Event: 419.506 Thread 0x0000020239638cc0 DEOPT UNPACKING pc=0x0000020245a469a3 sp=0x000000055fefe728 mode 2
Event: 419.506 Thread 0x0000020239638cc0 Uncommon trap: trap_request=0xffffff45 fr.pc=0x0000020246633ba8 relative=0x00000000000006e8
Event: 419.506 Thread 0x0000020239638cc0 Uncommon trap: reason=unstable_if action=reinterpret pc=0x0000020246633ba8 method=jdk.internal.math.FloatingDecimal$BinaryToASCIIBuffer.getChars([C)I @ 210 c2
Event: 419.506 Thread 0x0000020239638cc0 DEOPT PACKING pc=0x0000020246633ba8 sp=0x000000055fefe9e0
Event: 419.506 Thread 0x0000020239638cc0 DEOPT UNPACKING pc=0x0000020245a469a3 sp=0x000000055fefe9a0 mode 2
Event: 448.762 Thread 0x0000020239638cc0 Uncommon trap: trap_request=0xffffff45 fr.pc=0x0000020246669d90 relative=0x0000000000001170
Event: 448.762 Thread 0x0000020239638cc0 Uncommon trap: reason=unstable_if action=reinterpret pc=0x0000020246669d90 method=toolbox.MousePicker.drawDebug(LdebugRenderer/DebugRenderer;)V @ 101 c2
Event: 448.762 Thread 0x0000020239638cc0 DEOPT PACKING pc=0x0000020246669d90 sp=0x000000055feff080
Event: 448.762 Thread 0x0000020239638cc0 DEOPT UNPACKING pc=0x0000020245a469a3 sp=0x000000055feff068 mode 2
Event: 468.330 Thread 0x0000020239638cc0 Uncommon trap: trap_request=0xffffff45 fr.pc=0x000002024631b004 relative=0x0000000000000ae4
Event: 468.330 Thread 0x0000020239638cc0 Uncommon trap: reason=unstable_if action=reinterpret pc=0x000002024631b004 method=entities.Camera.handleInput(JF)V @ 349 c2
Event: 468.330 Thread 0x0000020239638cc0 DEOPT PACKING pc=0x000002024631b004 sp=0x000000055feff060
Event: 468.330 Thread 0x0000020239638cc0 DEOPT UNPACKING pc=0x0000020245a469a3 sp=0x000000055feff048 mode 2
Event: 498.052 Thread 0x0000020239638cc0 Uncommon trap: trap_request=0xffffff45 fr.pc=0x00000202466734b4 relative=0x0000000000000214
Event: 498.052 Thread 0x0000020239638cc0 Uncommon trap: reason=unstable_if action=reinterpret pc=0x00000202466734b4 method=java.text.DigitList.shouldRoundUp(IZZ)Z @ 283 c2
Event: 498.053 Thread 0x0000020239638cc0 DEOPT PACKING pc=0x00000202466734b4 sp=0x000000055fefec30
Event: 498.053 Thread 0x0000020239638cc0 DEOPT UNPACKING pc=0x0000020245a469a3 sp=0x000000055fefebb0 mode 2
Event: 504.675 Thread 0x000002025eddc310 DEOPT PACKING pc=0x000002023e8d5fa2 sp=0x00000005605ff1d0
Event: 504.675 Thread 0x000002025eddc310 DEOPT UNPACKING pc=0x0000020245a47143 sp=0x00000005605fe680 mode 0

Classes unloaded (0 events):
No events

Classes redefined (0 events):
No events

Internal exceptions (20 events):
Event: 0.568 Thread 0x0000020239638cc0 Exception <a 'sun/nio/fs/WindowsException'{0x0000000697ed7e10}> (0x0000000697ed7e10) 
thrown [s\src\hotspot\share\prims\jni.cpp, line 516]
Event: 0.568 Thread 0x0000020239638cc0 Exception <a 'sun/nio/fs/WindowsException'{0x0000000697ed8168}> (0x0000000697ed8168) 
thrown [s\src\hotspot\share\prims\jni.cpp, line 516]
Event: 0.574 Thread 0x0000020239638cc0 Exception <a 'java/lang/NoSuchMethodError'{0x0000000697f77700}: 'java.lang.Object java.lang.invoke.DirectMethodHandle$Holder.invokeStaticInit(java.lang.Object)'> (0x0000000697f77700) 
thrown [s\src\hotspot\share\interpreter\linkResolver.cpp, line 759]
Event: 0.580 Thread 0x0000020239638cc0 Exception <a 'java/lang/NoSuchMethodError'{0x0000000697fc7d68}: 'int java.lang.invoke.DirectMethodHandle$Holder.invokeStaticInit(java.lang.Object, java.lang.Object, int, long)'> (0x0000000697fc7d68) 
thrown [s\src\hotspot\share\interpreter\linkResolver.cpp, line 759]
Event: 0.581 Thread 0x0000020239638cc0 Exception <a 'java/lang/NoSuchMethodError'{0x0000000697fcd630}: 'java.lang.Object java.lang.invoke.DirectMethodHandle$Holder.newInvokeSpecial(java.lang.Object, java.lang.Object, int)'> (0x0000000697fcd630) 
thrown [s\src\hotspot\share\interpreter\linkResolver.cpp, line 759]
Event: 0.584 Thread 0x0000020239638cc0 Exception <a 'java/lang/NoSuchMethodError'{0x0000000697fe7538}: 'int java.lang.invoke.DirectMethodHandle$Holder.invokeStaticInit(java.lang.Object, java.lang.Object, long, long)'> (0x0000000697fe7538) 
thrown [s\src\hotspot\share\interpreter\linkResolver.cpp, line 759]
Event: 0.585 Thread 0x0000020239638cc0 Exception <a 'java/lang/NoSuchMethodError'{0x0000000697fed648}: 'java.lang.Object java.lang.invoke.DirectMethodHandle$Holder.newInvokeSpecial(java.lang.Object, java.lang.Object, long)'> (0x0000000697fed648) 
thrown [s\src\hotspot\share\interpreter\linkResolver.cpp, line 759]
Event: 0.585 Thread 0x0000020239638cc0 Exception <a 'java/lang/NoSuchMethodError'{0x0000000697ff1938}: 'java.lang.Object java.lang.invoke.Invokers$Holder.linkToTargetMethod(java.lang.Object, long, java.lang.Object)'> (0x0000000697ff1938) 
thrown [s\src\hotspot\share\interpreter\linkResolver.cpp, line 759]
Event: 0.586 Thread 0x0000020239638cc0 Exception <a 'java/lang/NoSuchMethodError'{0x0000000697ff9050}: 'int java.lang.invoke.DirectMethodHandle$Holder.invokeStaticInit(java.lang.Object, java.lang.Object, java.lang.Object, long)'> (0x0000000697ff9050) 
thrown [s\src\hotspot\share\interpreter\linkResolver.cpp, line 759]
Event: 1.000 Thread 0x0000020239638cc0 Exception <a 'sun/nio/fs/WindowsException'{0x0000000697a21370}> (0x0000000697a21370) 
thrown [s\src\hotspot\share\prims\jni.cpp, line 516]
Event: 1.000 Thread 0x0000020239638cc0 Exception <a 'sun/nio/fs/WindowsException'{0x0000000697a21700}> (0x0000000697a21700) 
thrown [s\src\hotspot\share\prims\jni.cpp, line 516]
Event: 1.005 Thread 0x0000020239638cc0 Exception <a 'sun/nio/fs/WindowsException'{0x0000000697a31330}> (0x0000000697a31330) 
thrown [s\src\hotspot\share\prims\jni.cpp, line 516]
Event: 1.005 Thread 0x0000020239638cc0 Exception <a 'sun/nio/fs/WindowsException'{0x0000000697a31600}> (0x0000000697a31600) 
thrown [s\src\hotspot\share\prims\jni.cpp, line 516]
Event: 1.160 Thread 0x0000020239638cc0 Exception <a 'sun/nio/fs/WindowsException'{0x0000000698732ec0}> (0x0000000698732ec0) 
thrown [s\src\hotspot\share\prims\jni.cpp, line 516]
Event: 1.160 Thread 0x0000020239638cc0 Exception <a 'sun/nio/fs/WindowsException'{0x0000000698733230}> (0x0000000698733230) 
thrown [s\src\hotspot\share\prims\jni.cpp, line 516]
Event: 7.319 Thread 0x0000020239638cc0 Exception <a 'sun/nio/fs/WindowsException'{0x0000000698387e58}> (0x0000000698387e58) 
thrown [s\src\hotspot\share\prims\jni.cpp, line 516]
Event: 7.319 Thread 0x0000020239638cc0 Exception <a 'sun/nio/fs/WindowsException'{0x00000006983881b8}> (0x00000006983881b8) 
thrown [s\src\hotspot\share\prims\jni.cpp, line 516]
Event: 7.370 Thread 0x0000020239638cc0 Exception <a 'sun/nio/fs/WindowsException'{0x000000069839aca0}> (0x000000069839aca0) 
thrown [s\src\hotspot\share\prims\jni.cpp, line 516]
Event: 7.370 Thread 0x0000020239638cc0 Exception <a 'sun/nio/fs/WindowsException'{0x000000069839b010}> (0x000000069839b010) 
thrown [s\src\hotspot\share\prims\jni.cpp, line 516]
Event: 239.527 Thread 0x000002021aaa0060 Implicit null exception at 0x0000020246056be4 to 0x0000020246056ccc

VM Operations (20 events):
Event: 499.863 Executing VM operation: G1CollectForAllocation
Event: 499.865 Executing VM operation: G1CollectForAllocation done
Event: 504.672 Executing VM operation: G1CollectForAllocation
Event: 504.674 Executing VM operation: G1CollectForAllocation done
Event: 508.393 Executing VM operation: G1CollectForAllocation
Event: 508.395 Executing VM operation: G1CollectForAllocation done
Event: 512.276 Executing VM operation: G1CollectForAllocation
Event: 512.278 Executing VM operation: G1CollectForAllocation done
Event: 516.883 Executing VM operation: G1CollectForAllocation
Event: 516.885 Executing VM operation: G1CollectForAllocation done
Event: 517.891 Executing VM operation: Cleanup
Event: 517.906 Executing VM operation: Cleanup done
Event: 518.912 Executing VM operation: Cleanup
Event: 518.912 Executing VM operation: Cleanup done
Event: 522.049 Executing VM operation: G1CollectForAllocation
Event: 522.050 Executing VM operation: G1CollectForAllocation done
Event: 527.896 Executing VM operation: G1CollectForAllocation
Event: 527.898 Executing VM operation: G1CollectForAllocation done
Event: 532.649 Executing VM operation: G1CollectForAllocation
Event: 532.651 Executing VM operation: G1CollectForAllocation done

Events (20 events):
Event: 350.519 Thread 0x000002026e1f09c0 Thread exited: 0x000002026e1f09c0
Event: 350.566 Thread 0x000002026e1f0e90 Thread added: 0x000002026e1f0e90
Event: 350.650 Thread 0x000002026e1f0e90 Thread exited: 0x000002026e1f0e90
Event: 350.706 Thread 0x000002026e1f21d0 Thread added: 0x000002026e1f21d0
Event: 350.797 Thread 0x000002026e1f21d0 Thread exited: 0x000002026e1f21d0
Event: 404.192 loading class java/text/DontCareFieldPosition
Event: 404.192 loading class java/text/DontCareFieldPosition done
Event: 404.192 loading class java/text/DontCareFieldPosition$1
Event: 404.193 loading class java/text/Format$FieldDelegate
Event: 404.193 loading class java/text/Format$FieldDelegate done
Event: 404.193 loading class java/text/DontCareFieldPosition$1 done
Event: 404.193 loading class java/text/NumberFormat$Field
Event: 404.193 loading class java/text/Format$Field
Event: 404.193 loading class java/text/AttributedCharacterIterator$Attribute
Event: 404.194 loading class java/text/AttributedCharacterIterator$Attribute done
Event: 404.194 loading class java/text/Format$Field done
Event: 404.194 loading class java/text/NumberFormat$Field done
Event: 404.266 Thread 0x0000020263096640 flushing nmethod 0x000002023e4fc990
Event: 404.291 loading class java/text/DigitList$1
Event: 404.291 loading class java/text/DigitList$1 done


Dynamic libraries:
0x00007ff6849f0000 - 0x00007ff6849fe000 	C:\Users\alex\.p2\pool\plugins\org.eclipse.justj.openjdk.hotspot.jre.full.win32.x86_64_17.0.7.v20230425-1502\jre\bin\javaw.exe
0x00007ff908710000 - 0x00007ff908908000 	C:\WINDOWS\SYSTEM32\ntdll.dll
0x00007ff9080a0000 - 0x00007ff908162000 	C:\WINDOWS\System32\KERNEL32.DLL
0x00007ff906220000 - 0x00007ff906516000 	C:\WINDOWS\System32\KERNELBASE.dll
0x00007ff905e30000 - 0x00007ff905f30000 	C:\WINDOWS\System32\ucrtbase.dll
0x00007ff8d2ef0000 - 0x00007ff8d2f07000 	C:\Users\alex\.p2\pool\plugins\org.eclipse.justj.openjdk.hotspot.jre.full.win32.x86_64_17.0.7.v20230425-1502\jre\bin\jli.dll
0x00007ff8d2ed0000 - 0x00007ff8d2ee9000 	C:\Users\alex\.p2\pool\plugins\org.eclipse.justj.openjdk.hotspot.jre.full.win32.x86_64_17.0.7.v20230425-1502\jre\bin\VCRUNTIME140.dll
0x00007ff907290000 - 0x00007ff907431000 	C:\WINDOWS\System32\USER32.dll
0x00007ff906570000 - 0x00007ff906592000 	C:\WINDOWS\System32\win32u.dll
0x00007ff9051a0000 - 0x00007ff90543b000 	C:\WINDOWS\WinSxS\amd64_microsoft.windows.common-controls_6595b64144ccf1df_6.0.19041.6456_none_60b8a6cb71f64256\COMCTL32.dll
0x00007ff908630000 - 0x00007ff90865b000 	C:\WINDOWS\System32\GDI32.dll
0x00007ff908000000 - 0x00007ff90809e000 	C:\WINDOWS\System32\msvcrt.dll
0x00007ff905f30000 - 0x00007ff906049000 	C:\WINDOWS\System32\gdi32full.dll
0x00007ff9060d0000 - 0x00007ff90616d000 	C:\WINDOWS\System32\msvcp_win.dll
0x00007ff9068b0000 - 0x00007ff9068df000 	C:\WINDOWS\System32\IMM32.DLL
0x00007ff900c90000 - 0x00007ff900c9c000 	C:\Users\alex\.p2\pool\plugins\org.eclipse.justj.openjdk.hotspot.jre.full.win32.x86_64_17.0.7.v20230425-1502\jre\bin\vcruntime140_1.dll
0x00007ff8cef70000 - 0x00007ff8cf001000 	C:\Users\alex\.p2\pool\plugins\org.eclipse.justj.openjdk.hotspot.jre.full.win32.x86_64_17.0.7.v20230425-1502\jre\bin\msvcp140.dll
0x00007ff8625a0000 - 0x00007ff8631e8000 	C:\Users\alex\.p2\pool\plugins\org.eclipse.justj.openjdk.hotspot.jre.full.win32.x86_64_17.0.7.v20230425-1502\jre\bin\server\jvm.dll
0x00007ff908170000 - 0x00007ff908221000 	C:\WINDOWS\System32\ADVAPI32.dll
0x00007ff9075e0000 - 0x00007ff90767f000 	C:\WINDOWS\System32\sechost.dll
0x00007ff906790000 - 0x00007ff9068b0000 	C:\WINDOWS\System32\RPCRT4.dll
0x00007ff905e00000 - 0x00007ff905e27000 	C:\WINDOWS\System32\bcrypt.dll
0x00007ff8f6470000 - 0x00007ff8f6497000 	C:\WINDOWS\SYSTEM32\WINMM.dll
0x00007ff8d4ce0000 - 0x00007ff8d4ce9000 	C:\WINDOWS\SYSTEM32\WSOCK32.dll
0x00007ff8fd610000 - 0x00007ff8fd61a000 	C:\WINDOWS\SYSTEM32\VERSION.dll
0x00007ff9082b0000 - 0x00007ff90831b000 	C:\WINDOWS\System32\WS2_32.dll
0x00007ff9035b0000 - 0x00007ff9035c2000 	C:\WINDOWS\SYSTEM32\kernel.appcore.dll
0x00007ff8d3c20000 - 0x00007ff8d3c2a000 	C:\Users\alex\.p2\pool\plugins\org.eclipse.justj.openjdk.hotspot.jre.full.win32.x86_64_17.0.7.v20230425-1502\jre\bin\jimage.dll
0x00007ff9057e0000 - 0x00007ff9059e1000 	C:\WINDOWS\SYSTEM32\DBGHELP.DLL
0x00007ff905720000 - 0x00007ff905754000 	C:\WINDOWS\SYSTEM32\dbgcore.DLL
0x00007ff9065a0000 - 0x00007ff906622000 	C:\WINDOWS\System32\bcryptPrimitives.dll
0x00007ff8d27d0000 - 0x00007ff8d280b000 	C:\Users\alex\.p2\pool\plugins\org.eclipse.justj.openjdk.hotspot.jre.full.win32.x86_64_17.0.7.v20230425-1502\jre\bin\jdwp.dll
0x00007ff8fc630000 - 0x00007ff8fc63e000 	C:\Users\alex\.p2\pool\plugins\org.eclipse.justj.openjdk.hotspot.jre.full.win32.x86_64_17.0.7.v20230425-1502\jre\bin\instrument.dll
0x00007ff8c5c60000 - 0x00007ff8c5c85000 	C:\Users\alex\.p2\pool\plugins\org.eclipse.justj.openjdk.hotspot.jre.full.win32.x86_64_17.0.7.v20230425-1502\jre\bin\java.dll
0x00007ff8c9f10000 - 0x00007ff8c9f28000 	C:\Users\alex\.p2\pool\plugins\org.eclipse.justj.openjdk.hotspot.jre.full.win32.x86_64_17.0.7.v20230425-1502\jre\bin\zip.dll
0x00007ff906a10000 - 0x00007ff907180000 	C:\WINDOWS\System32\SHELL32.dll
0x00007ff9037b0000 - 0x00007ff903f55000 	C:\WINDOWS\SYSTEM32\windows.storage.dll
0x00007ff907740000 - 0x00007ff907a94000 	C:\WINDOWS\System32\combase.dll
0x00007ff905050000 - 0x00007ff90507b000 	C:\WINDOWS\SYSTEM32\Wldp.dll
0x00007ff908560000 - 0x00007ff90862d000 	C:\WINDOWS\System32\OLEAUT32.dll
0x00007ff9071e0000 - 0x00007ff90728d000 	C:\WINDOWS\System32\SHCORE.dll
0x00007ff908230000 - 0x00007ff90828b000 	C:\WINDOWS\System32\shlwapi.dll
0x00007ff905d30000 - 0x00007ff905d54000 	C:\WINDOWS\SYSTEM32\profapi.dll
0x00007ff8eea10000 - 0x00007ff8eea1c000 	C:\Users\alex\.p2\pool\plugins\org.eclipse.justj.openjdk.hotspot.jre.full.win32.x86_64_17.0.7.v20230425-1502\jre\bin\dt_socket.dll
0x00007ff904b00000 - 0x00007ff904b3b000 	C:\WINDOWS\SYSTEM32\IPHLPAPI.DLL
0x00007ff904de0000 - 0x00007ff904e4a000 	C:\WINDOWS\system32\mswsock.dll
0x00007ff904b40000 - 0x00007ff904c0a000 	C:\WINDOWS\SYSTEM32\DNSAPI.dll
0x00007ff908660000 - 0x00007ff908668000 	C:\WINDOWS\System32\NSI.dll
0x000000005bc30000 - 0x000000005bc65000 	C:\Program Files\Bonjour\mdnsNSP.dll
0x00007ff8f5190000 - 0x00007ff8f519a000 	C:\Windows\System32\rasadhlp.dll
0x00007ff8f5110000 - 0x00007ff8f5190000 	C:\WINDOWS\System32\fwpuclnt.dll
0x00007ff8c78c0000 - 0x00007ff8c78d9000 	C:\Users\alex\.p2\pool\plugins\org.eclipse.justj.openjdk.hotspot.jre.full.win32.x86_64_17.0.7.v20230425-1502\jre\bin\net.dll
0x00007ff8fe020000 - 0x00007ff8fe12a000 	C:\WINDOWS\SYSTEM32\WINHTTP.dll
0x00007ff8c5ca0000 - 0x00007ff8c5cb5000 	C:\Users\alex\.p2\pool\plugins\org.eclipse.justj.openjdk.hotspot.jre.full.win32.x86_64_17.0.7.v20230425-1502\jre\bin\nio.dll
0x00007ff8d3aa0000 - 0x00007ff8d3ab0000 	C:\Users\alex\.p2\pool\plugins\org.eclipse.justj.openjdk.hotspot.jre.full.win32.x86_64_17.0.7.v20230425-1502\jre\bin\verify.dll
0x00007ff8ceef0000 - 0x00007ff8cef6b000 	C:\Users\alex\AppData\Local\Temp\lwjgl_alex\3.3.4+7\x64\lwjgl.dll
0x00007ff8cee60000 - 0x00007ff8ceee5000 	C:\Users\alex\AppData\Local\Temp\lwjgl_alex\3.3.4+7\x64\glfw.dll
0x00007ff8d1870000 - 0x00007ff8d18b5000 	C:\WINDOWS\SYSTEM32\dinput8.dll
0x00007ff8fc640000 - 0x00007ff8fc651000 	C:\WINDOWS\SYSTEM32\xinput1_4.dll
0x00007ff906520000 - 0x00007ff90656e000 	C:\WINDOWS\System32\cfgmgr32.dll
0x00007ff905b90000 - 0x00007ff905bc3000 	C:\WINDOWS\SYSTEM32\DEVOBJ.dll
0x00007ff9032c0000 - 0x00007ff9032ee000 	C:\WINDOWS\SYSTEM32\dwmapi.dll
0x00007ff8faa60000 - 0x00007ff8fabb2000 	C:\WINDOWS\SYSTEM32\inputhost.dll
0x00007ff901370000 - 0x00007ff901464000 	C:\WINDOWS\SYSTEM32\PROPSYS.dll
0x00007ff9024b0000 - 0x00007ff9025a2000 	C:\WINDOWS\SYSTEM32\CoreMessaging.dll
0x00007ff900570000 - 0x00007ff9008cb000 	C:\WINDOWS\SYSTEM32\CoreUIComponents.dll
0x00007ff901500000 - 0x00007ff901657000 	C:\WINDOWS\SYSTEM32\wintypes.dll
0x00007ff905b30000 - 0x00007ff905b63000 	C:\WINDOWS\SYSTEM32\ntmarta.dll
0x00007ff903110000 - 0x00007ff9031ae000 	C:\WINDOWS\system32\uxtheme.dll
0x00007ff907440000 - 0x00007ff907555000 	C:\WINDOWS\System32\MSCTF.dll
0x00007ff893050000 - 0x00007ff893178000 	C:\WINDOWS\SYSTEM32\opengl32.dll
0x00007ff8d1960000 - 0x00007ff8d198c000 	C:\WINDOWS\SYSTEM32\GLU32.dll
0x00007ff907690000 - 0x00007ff907739000 	C:\WINDOWS\System32\clbcatq.dll
0x00007ff84a4e0000 - 0x00007ff84d49f000 	C:\WINDOWS\System32\DriverStore\FileRepository\nvgbdi.inf_amd64_4a2574804558c4b2\nvoglv64.dll
0x00007ff907b90000 - 0x00007ff908000000 	C:\WINDOWS\System32\SETUPAPI.dll
0x00007ff9068e0000 - 0x00007ff906a0b000 	C:\WINDOWS\System32\ole32.dll
0x00007ff900550000 - 0x00007ff900564000 	C:\WINDOWS\SYSTEM32\WTSAPI32.dll
0x00007ff905020000 - 0x00007ff90502c000 	C:\WINDOWS\SYSTEM32\CRYPTBASE.DLL
0x00007ff905550000 - 0x00007ff905562000 	C:\WINDOWS\SYSTEM32\msasn1.dll
0x00007ff8fd5b0000 - 0x00007ff8fd5e1000 	C:\WINDOWS\SYSTEM32\cryptnet.dll
0x00007ff906630000 - 0x00007ff90678d000 	C:\WINDOWS\System32\CRYPT32.dll
0x00007ff8fa450000 - 0x00007ff8fa597000 	C:\WINDOWS\SYSTEM32\drvstore.dll
0x00007ff906050000 - 0x00007ff9060c3000 	C:\WINDOWS\System32\WINTRUST.dll
0x00007ff900ca0000 - 0x00007ff900cdb000 	C:\WINDOWS\SYSTEM32\dxcore.dll
0x00007ff894c10000 - 0x00007ff894ed5000 	C:\WINDOWS\system32\nvspcap64.dll
0x00007ff9059f0000 - 0x00007ff905a3b000 	C:\WINDOWS\SYSTEM32\powrprof.dll
0x00007ff905530000 - 0x00007ff905542000 	C:\WINDOWS\SYSTEM32\UMPDC.dll
0x00007ff904410000 - 0x00007ff904473000 	C:\WINDOWS\SYSTEM32\WINSTA.dll
0x00007ff8fabd0000 - 0x00007ff8facc9000 	C:\WINDOWS\SYSTEM32\textinputframework.dll
0x00007ff8cedf0000 - 0x00007ff8cee51000 	C:\Users\alex\AppData\Local\Temp\lwjgl_alex\3.3.4+7\x64\lwjgl_opengl.dll
0x00007ff8ced50000 - 0x00007ff8cedf0000 	C:\Users\alex\AppData\Local\Temp\lwjgl_alex\3.3.4+7\x64\lwjgl_stb.dll
0x00007ff8cec20000 - 0x00007ff8ced48000 	C:\Users\alex\AppData\Local\Temp\lwjgl_alex\3.3.4+7\x64\draco.dll
0x00007ff86db60000 - 0x00007ff86e21b000 	C:\Users\alex\AppData\Local\Temp\lwjgl_alex\3.3.4+7\x64\assimp.dll

dbghelp: loaded successfully - version: 4.0.5 - missing functions: none
symbol engine: initialized successfully - sym options: 0x614 - pdb path: .;C:\Users\alex\.p2\pool\plugins\org.eclipse.justj.openjdk.hotspot.jre.full.win32.x86_64_17.0.7.v20230425-1502\jre\bin;C:\WINDOWS\SYSTEM32;C:\WINDOWS\WinSxS\amd64_microsoft.windows.common-controls_6595b64144ccf1df_6.0.19041.6456_none_60b8a6cb71f64256;C:\Users\alex\.p2\pool\plugins\org.eclipse.justj.openjdk.hotspot.jre.full.win32.x86_64_17.0.7.v20230425-1502\jre\bin\server;C:\Program Files\Bonjour;C:\Users\alex\AppData\Local\Temp\lwjgl_alex\3.3.4+7\x64;C:\WINDOWS\System32\DriverStore\FileRepository\nvgbdi.inf_amd64_4a2574804558c4b2

VM Arguments:
jvm_args: -XX:+ShowCodeDetailsInExceptionMessages -agentlib:jdwp=transport=dt_socket,suspend=y,address=localhost:65229 -javaagent:D:\Eclipse\eclipse\configuration\org.eclipse.osgi\231\0\.cp\lib\javaagent-shaded.jar -Dfile.encoding=UTF-8 
java_command: main.Main
java_class_path (initial): D:\Code Space\Java\CurrentRenderingPipeline\bin;D:\Code Space\Java\CurrentRenderingPipeline\lib\jars\jbullet.jar;D:\Code Space\Java\CurrentRenderingPipeline\lib\jars\jinput-2.0.10.jar;D:\Code Space\Java\CurrentRenderingPipeline\lib\jars\joml-1.10.7.jar;D:\Code Space\Java\CurrentRenderingPipeline\lib\jars\joml-1.10.7-javadoc.jar;D:\Code Space\Java\CurrentRenderingPipeline\lib\jars\joml-1.10.7-sources.jar;D:\Code Space\Java\CurrentRenderingPipeline\lib\jars\lwjgl_util.jar;D:\Code Space\Java\CurrentRenderingPipeline\lib\jars\lwjgl.jar;D:\Code Space\Java\CurrentRenderingPipeline\lib\jars\lwjgl-assimp.jar;D:\Code Space\Java\CurrentRenderingPipeline\lib\jars\lwjgl-assimp-javadoc.jar;D:\Code Space\Java\CurrentRenderingPipeline\lib\jars\lwjgl-assimp-natives-windows.jar;D:\Code Space\Java\CurrentRenderingPipeline\lib\jars\lwjgl-assimp-sources.jar;D:\Code Space\Java\CurrentRenderingPipeline\lib\jars\lwjgl-glfw.jar;D:\Code Space\Java\CurrentRenderingPipeline\lib\jars\lwjgl-glfw-javadoc.jar;D:\Code Space\Java\CurrentRenderingPipeline\lib\jars\lwjgl-glfw-natives-windows.jar;D:\Code Space\Java\CurrentRenderingPipeline\lib\jars\lwjgl-glfw-sources.jar;D:\Code Space\Java\CurrentRenderingPipeline\lib\jars\lwjgl-javadoc.jar;D:\Code Space\Java\CurrentRenderingPipeline\lib\jars\lwjgl-natives-windows.jar;D:\Code Space\Java\CurrentRenderingPipeline\lib\jars\lwjgl-openal.jar;D:\Code Space\Java\CurrentRenderingPipeline\lib\jars\lwjgl-openal-javadoc.jar;D:\Code Space\Java\CurrentRenderingPipeline\lib\jars\lwjgl-openal-natives-windows.jar;D:\Code Space\Java\CurrentRenderingPipeline\lib\jars\lwjgl-openal-sources.jar;D:\Code Space\Java\CurrentRenderingPipeline\lib\jars\lwjgl-opengl.jar;D:\Code Space\Java\CurrentRenderingPipeline\lib\jars\lwjgl-opengl-javadoc.jar;D:\Code Space\Java\CurrentRenderingPipeline\lib\jars\lwjgl-opengl-natives-windows.jar;D:\Code Space\Java\CurrentRenderingPipeline\lib\jars\lwjgl-opengl-sources.jar;D:\Code Space\Java\CurrentRenderingPipeline
Launcher Type: SUN_STANDARD

[Global flags]
     intx CICompilerCount                          = 4                                         {product} {ergonomic}
     uint ConcGCThreads                            = 2                                         {product} {ergonomic}
     uint G1ConcRefinementThreads                  = 8                                         {product} {ergonomic}
   size_t G1HeapRegionSize                         = 4194304                                   {product} {ergonomic}
    uintx GCDrainStackTargetSize                   = 64                                        {product} {ergonomic}
   size_t InitialHeapSize                          = 402653184                                 {product} {ergonomic}
   size_t MarkStackSize                            = 4194304                                   {product} {ergonomic}
   size_t MaxHeapSize                              = 6434062336                                {product} {ergonomic}
   size_t MaxNewSize                               = 3858759680                                {product} {ergonomic}
   size_t MinHeapDeltaBytes                        = 4194304                                   {product} {ergonomic}
   size_t MinHeapSize                              = 8388608                                   {product} {ergonomic}
    uintx NonNMethodCodeHeapSize                   = 5839372                                {pd product} {ergonomic}
    uintx NonProfiledCodeHeapSize                  = 122909434                              {pd product} {ergonomic}
    uintx ProfiledCodeHeapSize                     = 122909434                              {pd product} {ergonomic}
    uintx ReservedCodeCacheSize                    = 251658240                              {pd product} {ergonomic}
     bool SegmentedCodeCache                       = true                                      {product} {ergonomic}
     bool ShowCodeDetailsInExceptionMessages       = true                                   {manageable} {command line}
   size_t SoftMaxHeapSize                          = 6434062336                             {manageable} {ergonomic}
     bool UseCompressedClassPointers               = true                           {product lp64_product} {ergonomic}
     bool UseCompressedOops                        = true                           {product lp64_product} {ergonomic}
     bool UseG1GC                                  = true                                      {product} {ergonomic}
     bool UseLargePagesIndividualAllocation        = false                                  {pd product} {ergonomic}

Logging:
Log output configuration:
 #0: stdout all=warning uptime,level,tags
 #1: stderr all=off uptime,level,tags

Environment Variables:
JAVA_HOME=C:\Program Files\Java\jre1.8.0_281\lib
CLASSPATH=C:\Users\Sunbond\Documents\apache-tomcat-8.5.65\lib\servlet-api.jar
PATH=C:\Users\alex\.p2\pool\plugins\org.eclipse.justj.openjdk.hotspot.jre.full.win32.x86_64_17.0.7.v20230425-1502\jre\bin;C:/Users/alex/.p2/pool/plugins/org.eclipse.justj.openjdk.hotspot.jre.full.win32.x86_64_17.0.7.v20230425-1502/jre/bin/server;C:/Users/alex/.p2/pool/plugins/org.eclipse.justj.openjdk.hotspot.jre.full.win32.x86_64_17.0.7.v20230425-1502/jre/bin;C:\Python312\Scripts\;C:\Python312\;C:\Program Files\Eclipse Adoptium\jdk-21.0.1.12-hotspot\bin;C:\Python311\Scripts\;C:\Python311\;C:\Program Files\Zulu\zulu-17\bin\;C:\Program Files\Eclipse Foundation\jdk-8.0.302.8-hotspot\bin;C:\PROGRAM FILES (X86)\COMMON FILES\ORACLE\JAVA\JAVAPATH;C:\WINDOWS\SYSTEM32;C:\WINDOWS;C:\WINDOWS\SYSTEM32\WBEM;C:\WINDOWS\SYSTEM32\WINDOWSPOWERSHELL\V1.0\;C:\WINDOWS\SYSTEM32\OPENSSH\;C:\PROGRAM FILES\NVIDIA CORPORATION\NVIDIA NVDLISR;C:\PROGRAM FILES (X86)\NVIDIA CORPORATION\PHYSX\COMMON;C:\PROGRAM FILES\DOTNET\;C:\USERDATA\GIT\CMD;C:\PROGRAM FILES\MICROSOFT SQL SERVER\130\TOOLS\BINN\;C:\PROGRAM FILES\MICROSOFT SQL SERVER\CLIENT SDK\ODBC\170\TOOLS\BINN\;C:\PROGRAM FILES\AZURE DATA STUDIO\BIN;C:\PROGRAM FILES (X86)\MICROSOFT SQL SERVER\150\DTS\BINN\;C:\PROGRAM FILES (X86)\MICROSOFT SQL SERVER\150\TOOLS\BINN\;C:\PROGRAM FILES\MICROSOFT SQL SERVER\150\TOOLS\BINN\;C:\PROGRAM FILES\MICROSOFT SQL SERVER\150\DTS\BINN\;C:\PROGRAM FILES\MICROSOFT SQL SERVER\120\TOOLS\BINN\;C:\MAMP\BIN\PHP\PHP7.4.1\PHP.EXE;C:\MAMP\BIN\PHP\PHP7.4.1\;C:\ProgramData\chocolatey\bin;C:\UserData\Git\cmd;C:\Program Files\sfdx\bin;C:\Program Files\Java\jdk1.8.0_281\lib;C:\Program Files\Java\jre1.8.0_281\lib;C:\MinGW\bin;D:\Code Space\NodeJS\;D:\Android Studio\SDKs\platform-tools;D:\Android Studio\SDKs\emulator;;C:\Program Files\Docker\Docker\resources\bin;C:\Users\alex\AppData\Local\Microsoft\WindowsApps;C:\Users\alex\AppData\Local\Programs\Microsoft VS Code\bin;C:\Users\alex\AppData\Local\GitHubDesktop\bin;C:\Users\alex\.dotnet\tools;C:\Program Files\Java\jre1.8.0_281\lib;C:\Program Files\Java\jdk1.8.0_281\lib;C:\MinGW
USERNAME=alex
OS=Windows_NT
PROCESSOR_IDENTIFIER=Intel64 Family 6 Model 158 Stepping 9, GenuineIntel
TMP=C:\Users\alex\AppData\Local\Temp
TEMP=C:\Users\alex\AppData\Local\Temp



---------------  S Y S T E M  ---------------

OS:
 Windows 10 , 64 bit Build 19041 (10.0.19041.5915)
OS uptime: 0 days 11:30 hours
Hyper-V role detected

CPU: total 8 (initial active 8) (4 cores per cpu, 2 threads per core) family 6 model 158 stepping 9 microcode 0xb4, cx8, cmov, fxsr, ht, mmx, 3dnowpref, sse, sse2, sse3, ssse3, sse4.1, sse4.2, popcnt, lzcnt, tsc, tscinvbit, avx, avx2, aes, erms, clmul, bmi1, bmi2, rtm, adx, fma, vzeroupper, clflush, clflushopt, hv

Memory: 4k page, system-wide physical 24540M (4261M free)
TotalPageFile size 59356M (AvailPageFile size 13296M)
current process WorkingSet (physical memory assigned to process): 1523M, peak: 1968M
current process commit charge ("private bytes"): 8232M, peak: 8682M

vm_info: OpenJDK 64-Bit Server VM (17.0.7+7) for windows-amd64 JRE (17.0.7+7), built on Apr 18 2023 22:10:42 by "temurin" with MS VC++ 16.7 (VS2019)

END.
