#
# A fatal error has been detected by the Java Runtime Environment:
#
#  EXCEPTION_ACCESS_VIOLATION (0xc0000005) at pc=0x00007ff8628ae000, pid=9428, tid=28416
#
# JRE version: OpenJDK Runtime Environment Temurin-17.0.7+7 (17.0.7+7) (build 17.0.7+7)
# Java VM: OpenJDK 64-Bit Server VM Temurin-17.0.7+7 (17.0.7+7, mixed mode, tiered, compressed oops, compressed class ptrs, g1 gc, windows-amd64)
# Problematic frame:
# V  [jvm.dll+0x30e000]
#
# No core dump will be written. Minidumps are not enabled by default on client versions of Windows
#
# If you would like to submit a bug report, please visit:
#   https://github.com/adoptium/adoptium-support/issues
#

---------------  S U M M A R Y ------------

Command Line: -Dfile.encoding=UTF-8 -XX:+ShowCodeDetailsInExceptionMessages main.Main

Host: Intel(R) Core(TM) i7-7700 CPU @ 3.60GHz, 8 cores, 23G,  Windows 10 , 64 bit Build 19041 (10.0.19041.5915)
Time: Mon Jan  5 12:03:47 2026 US Mountain Standard Time elapsed time: 15.592091 seconds (0d 0h 0m 15s)

---------------  T H R E A D  ---------------

Current thread (0x000002272e0a62e0):  ConcurrentGCThread "G1 Refine#7" [stack: 0x00000070f5500000,0x00000070f5600000] [id=28416]

Stack: [0x00000070f5500000,0x00000070f5600000],  sp=0x00000070f55ff508,  free space=1021k
Native frames: (J=compiled Java code, j=interpreted, Vv=VM code, C=native code)
V  [jvm.dll+0x30e000]


siginfo: EXCEPTION_ACCESS_VIOLATION (0xc0000005), reading address 0x0000000000000088


Register to memory mapping:

RIP=0x00007ff8628ae000 jvm.dll
RAX=0x0000022705bba270 points into unknown readable memory: 0x0000000000000000 | 00 00 00 00 00 00 00 00
RBX=0x00000006858c9f24 is pointing into object: [Ljava.lang.Object; 
{0x0000000685800000} - klass: 'java/lang/Object'[]
 - length: 540217
RCX=0x0 is NULL
RDX=0x00000070f55ff630 points into unknown readable memory: 0x00007ff862ef9408 | 08 94 ef 62 f8 7f 00 00
RSP=0x00000070f55ff508 points into unknown readable memory: 0x00007ff8628b25bb | bb 25 8b 62 f8 7f 00 00
RBP=0x00000070f55ff630 points into unknown readable memory: 0x00007ff862ef9408 | 08 94 ef 62 f8 7f 00 00
RSI=0x00000070f55ff630 points into unknown readable memory: 0x00007ff862ef9408 | 08 94 ef 62 f8 7f 00 00
RDI=0x00000006858ca000 is pointing into object: [Ljava.lang.Object; 
{0x0000000685800000} - klass: 'java/lang/Object'[]
 - length: 540217
R8 =0x0000000000000a48 is an unknown value
R9 =0x00000006858c9f24 is pointing into object: [Ljava.lang.Object; 
{0x0000000685800000} - klass: 'java/lang/Object'[]
 - length: 540217
R10=0x000002272920f400 points into unknown readable memory: 0x0000022705b8a220 | 20 a2 b8 05 27 02 00 00
R11=0x000000000342c64f is an unknown value
R12=0x0 is NULL
R13=0x0 is NULL
R14=0x00000070f55ff5b0 points into unknown readable memory: 0x00000006858c9e00 | 00 9e 8c 85 06 00 00 00
R15=0x0 is NULL


Registers:
RAX=0x0000022705bba270, RBX=0x00000006858c9f24, RCX=0x0000000000000000, RDX=0x00000070f55ff630
RSP=0x00000070f55ff508, RBP=0x00000070f55ff630, RSI=0x00000070f55ff630, RDI=0x00000006858ca000
R8 =0x0000000000000a48, R9 =0x00000006858c9f24, R10=0x000002272920f400, R11=0x000000000342c64f
R12=0x0000000000000000, R13=0x0000000000000000, R14=0x00000070f55ff5b0, R15=0x0000000000000000
RIP=0x00007ff8628ae000, EFLAGS=0x0000000000010207

Top of Stack: (sp=0x00000070f55ff508)
0x00000070f55ff508:   00007ff8628b25bb 0000000000000002
0x00000070f55ff518:   00000006858c9e00 00000006858c9e00
0x00000070f55ff528:   0000000000000001 0000000685800000
0x00000070f55ff538:   00007ff8628ae47d 00000227291b7de0
0x00000070f55ff548:   0000022705b8ae90 0000000000000002
0x00000070f55ff558:   00007ff86288e17e 00000006858c9e00
0x00000070f55ff568:   0000000000000040 00000227291b7de0
0x00000070f55ff578:   0000022705b8ae90 000002273545cd01
0x00000070f55ff588:   00007ff8628b331d 0000000000000000
0x00000070f55ff598:   00000006858c9e00 000002273bd26a50
0x00000070f55ff5a8:   00007ff862883906 00000006858c9e00
0x00000070f55ff5b8:   0000000000000040 0000000000000005
0x00000070f55ff5c8:   000002273545d4c8 0000000000000002
0x00000070f55ff5d8:   00007ff86288e17e 0000000000000003
0x00000070f55ff5e8:   00000070f55ff6d0 000002271918864f
0x00000070f55ff5f8:   00007ff8628b59e9 0000000000000007 

Instructions: (pc=0x00007ff8628ae000)
0x00007ff8628adf00:   48 8d 0d 69 cf 85 00 ba 02 00 00 00 e8 bf db 25
0x00007ff8628adf10:   00 48 83 c4 28 c3 cc cc cc cc cc cc cc cc cc cc
0x00007ff8628adf20:   4c 8b ca 48 8b d1 4d 8b 01 4d 85 c0 74 76 8b 0d
0x00007ff8628adf30:   9c df 85 00 49 8b c0 49 33 c1 48 d3 e8 48 85 c0
0x00007ff8628adf40:   74 62 48 8b 42 10 8b 88 c0 01 00 00 48 8b 80 b0
0x00007ff8628adf50:   01 00 00 49 d3 e8 4a 8b 0c c0 4c 8b 91 88 00 00
0x00007ff8628adf60:   00 41 83 ba c8 00 00 00 00 74 39 49 8b 82 c0 00
0x00007ff8628adf70:   00 00 4d 8b d9 44 8b 42 18 49 c1 eb 09 8b 88 90
0x00007ff8628adf80:   00 00 00 48 8b 05 e6 c9 85 00 48 8b 0c c8 4e 39
0x00007ff8628adf90:   1c c1 74 10 4e 89 1c c1 49 8b d1 49 8d 4a 58 e9
0x00007ff8628adfa0:   1c 09 05 00 c3 cc cc cc cc cc cc cc cc cc cc cc
0x00007ff8628adfb0:   4c 8b ca 48 8b d1 41 8b 01 85 c0 0f 84 89 00 00
0x00007ff8628adfc0:   00 8b 0d 21 13 7f 00 44 8b c0 49 d3 e0 4c 03 05
0x00007ff8628adfd0:   0c 13 7f 00 8b 0d f6 de 85 00 49 8b c0 49 33 c1
0x00007ff8628adfe0:   48 d3 e8 48 85 c0 74 62 48 8b 42 10 8b 88 c0 01
0x00007ff8628adff0:   00 00 48 8b 80 b0 01 00 00 49 d3 e8 4a 8b 0c c0
0x00007ff8628ae000:   4c 8b 91 88 00 00 00 41 83 ba c8 00 00 00 00 74
0x00007ff8628ae010:   39 49 8b 82 c0 00 00 00 4d 8b d9 44 8b 42 18 49
0x00007ff8628ae020:   c1 eb 09 8b 88 90 00 00 00 48 8b 05 40 c9 85 00
0x00007ff8628ae030:   48 8b 0c c8 4e 39 1c c1 74 10 4e 89 1c c1 49 8b
0x00007ff8628ae040:   d1 49 8d 4a 58 e9 76 08 05 00 c3 cc cc cc cc cc
0x00007ff8628ae050:   4c 8b ca 48 8b d1 4d 8b 01 4d 85 c0 74 76 8b 0d
0x00007ff8628ae060:   6c de 85 00 49 8b c0 49 33 c1 48 d3 e8 48 85 c0
0x00007ff8628ae070:   74 62 48 8b 42 10 8b 88 c0 01 00 00 48 8b 80 b0
0x00007ff8628ae080:   01 00 00 49 d3 e8 4a 8b 0c c0 44 8b 42 18 4c 8b
0x00007ff8628ae090:   99 88 00 00 00 41 83 bb c8 00 00 00 00 74 35 49
0x00007ff8628ae0a0:   8b 83 c0 00 00 00 4d 8b d1 49 c1 ea 09 8b 88 90
0x00007ff8628ae0b0:   00 00 00 48 8b 05 b6 c8 85 00 48 8b 0c c8 4e 39
0x00007ff8628ae0c0:   14 c1 74 10 4e 89 14 c1 49 8b d1 49 8d 4b 58 e9
0x00007ff8628ae0d0:   ec 07 05 00 c3 cc cc cc cc cc cc cc cc cc cc cc
0x00007ff8628ae0e0:   4c 8b ca 48 8b d1 41 8b 01 85 c0 0f 84 8b 00 00
0x00007ff8628ae0f0:   00 8b 0d f1 11 7f 00 44 8b c0 49 d3 e0 4c 03 05 


Stack slot to memory mapping:
stack at sp + 0 slots: 0x00007ff8628b25bb jvm.dll
stack at sp + 1 slots: 0x0000000000000002 is an unknown value
stack at sp + 2 slots: 0x00000006858c9e00 is pointing into object: [Ljava.lang.Object; 
{0x0000000685800000} - klass: 'java/lang/Object'[]
 - length: 540217
stack at sp + 3 slots: 0x00000006858c9e00 is pointing into object: [Ljava.lang.Object; 
{0x0000000685800000} - klass: 'java/lang/Object'[]
 - length: 540217
stack at sp + 4 slots: 0x0000000000000001 is an unknown value
stack at sp + 5 slots: 0x0000000685800000 is an oop: [Ljava.lang.Object; 
{0x0000000685800000} - klass: 'java/lang/Object'[]
 - length: 540217
stack at sp + 6 slots: 0x00007ff8628ae47d jvm.dll
stack at sp + 7 slots: 0x00000227291b7de0 points into unknown readable memory: 0x0000000685800000 | 00 00 80 85 06 00 00 00


---------------  P R O C E S S  ---------------

Threads class SMR info:
_java_thread_list=0x000002273bf695c0, length=12, elements={
0x0000022705b77c00, 0x00000227294007e0, 0x0000022729401f30, 0x0000022729426020,
0x0000022729429900, 0x000002272942a960, 0x000002272942b9c0, 0x0000022729430ae0,
0x0000022729431d20, 0x0000022729434f00, 0x00000227295ad350, 0x00000227295a8bc0
}

Java Threads: ( => current thread )
  0x0000022705b77c00 JavaThread "main" [_thread_in_Java, id=1280, stack(0x00000070f2f00000,0x00000070f3000000)]
  0x00000227294007e0 JavaThread "Reference Handler" daemon [_thread_blocked, id=25140, stack(0x00000070f3600000,0x00000070f3700000)]
  0x0000022729401f30 JavaThread "Finalizer" daemon [_thread_blocked, id=26464, stack(0x00000070f3700000,0x00000070f3800000)]
  0x0000022729426020 JavaThread "Signal Dispatcher" daemon [_thread_blocked, id=21400, stack(0x00000070f3800000,0x00000070f3900000)]
  0x0000022729429900 JavaThread "Attach Listener" daemon [_thread_blocked, id=7936, stack(0x00000070f3900000,0x00000070f3a00000)]
  0x000002272942a960 JavaThread "Service Thread" daemon [_thread_blocked, id=2384, stack(0x00000070f3a00000,0x00000070f3b00000)]
  0x000002272942b9c0 JavaThread "Monitor Deflation Thread" daemon [_thread_blocked, id=26224, stack(0x00000070f3b00000,0x00000070f3c00000)]
  0x0000022729430ae0 JavaThread "C2 CompilerThread0" daemon [_thread_blocked, id=8884, stack(0x00000070f3c00000,0x00000070f3d00000)]
  0x0000022729431d20 JavaThread "C1 CompilerThread0" daemon [_thread_blocked, id=5220, stack(0x00000070f3d00000,0x00000070f3e00000)]
  0x0000022729434f00 JavaThread "Sweeper thread" daemon [_thread_blocked, id=14692, stack(0x00000070f3e00000,0x00000070f3f00000)]
  0x00000227295ad350 JavaThread "Notification Thread" daemon [_thread_blocked, id=2592, stack(0x00000070f3f00000,0x00000070f4000000)]
  0x00000227295a8bc0 JavaThread "Common-Cleaner" daemon [_thread_blocked, id=14368, stack(0x00000070f4100000,0x00000070f4200000)]

Other Threads:
  0x00000227293aec90 VMThread "VM Thread" [stack: 0x00000070f3500000,0x00000070f3600000] [id=19992]
  0x00000227295afc30 WatcherThread [stack: 0x00000070f4000000,0x00000070f4100000] [id=7960]
  0x0000022705c02480 GCTaskThread "GC Thread#0" [stack: 0x00000070f3000000,0x00000070f3100000] [id=4336]
  0x0000022735079f10 GCTaskThread "GC Thread#1" [stack: 0x00000070f4800000,0x00000070f4900000] [id=11436]
  0x0000022734e22a40 GCTaskThread "GC Thread#2" [stack: 0x00000070f4900000,0x00000070f4a00000] [id=27296]
  0x0000022734e22cf0 GCTaskThread "GC Thread#3" [stack: 0x00000070f4a00000,0x00000070f4b00000] [id=7968]
  0x0000022735082cf0 GCTaskThread "GC Thread#4" [stack: 0x00000070f4b00000,0x00000070f4c00000] [id=9668]
  0x0000022735082fa0 GCTaskThread "GC Thread#5" [stack: 0x00000070f4c00000,0x00000070f4d00000] [id=16664]
  0x00000227350984b0 GCTaskThread "GC Thread#6" [stack: 0x00000070f4d00000,0x00000070f4e00000] [id=25888]
  0x0000022735098760 GCTaskThread "GC Thread#7" [stack: 0x00000070f4e00000,0x00000070f4f00000] [id=15304]
  0x0000022705c0fb20 ConcurrentGCThread "G1 Main Marker" [stack: 0x00000070f3100000,0x00000070f3200000] [id=20976]
  0x0000022705c10530 ConcurrentGCThread "G1 Conc#0" [stack: 0x00000070f3200000,0x00000070f3300000] [id=7080]
  0x0000022705c3eb60 ConcurrentGCThread "G1 Refine#0" [stack: 0x00000070f3300000,0x00000070f3400000] [id=21456]
  0x0000022757ee5430 ConcurrentGCThread "G1 Refine#1" [stack: 0x00000070f4f00000,0x00000070f5000000] [id=24052]
  0x000002272e0a5e50 ConcurrentGCThread "G1 Refine#2" [stack: 0x00000070f5000000,0x00000070f5100000] [id=25292]
  0x000002273bb00be0 ConcurrentGCThread "G1 Refine#3" [stack: 0x00000070f5100000,0x00000070f5200000] [id=25688]
  0x0000022734fa5730 ConcurrentGCThread "G1 Refine#4" [stack: 0x00000070f5200000,0x00000070f5300000] [id=22924]
  0x0000022758033440 ConcurrentGCThread "G1 Refine#5" [stack: 0x00000070f5300000,0x00000070f5400000] [id=2192]
  0x000002272e0a52d0 ConcurrentGCThread "G1 Refine#6" [stack: 0x00000070f5400000,0x00000070f5500000] [id=15520]
=>0x000002272e0a62e0 ConcurrentGCThread "G1 Refine#7" [stack: 0x00000070f5500000,0x00000070f5600000] [id=28416]
  0x00000227292327d0 ConcurrentGCThread "G1 Service" [stack: 0x00000070f3400000,0x00000070f3500000] [id=18116]

Threads with active compile tasks:

VM state: not at safepoint (normal execution)

VM Mutex/Monitor currently owned by a thread: None

Heap address: 0x0000000680800000, size: 6136 MB, Compressed Oops mode: Zero based, Oop shift amount: 3

CDS archive(s) not mapped
Compressed class space mapped at: 0x0000000800000000-0x0000000840000000, reserved size: 1073741824
Narrow klass base: 0x0000000800000000, Narrow klass shift: 0, Narrow klass range: 0x40000000

GC Precious Log:
 CPUs: 8 total, 8 available
 Memory: 24540M
 Large Page Support: Disabled
 NUMA Support: Disabled
 Compressed Oops: Enabled (Zero based)
 Heap Region Size: 4M
 Heap Min Capacity: 8M
 Heap Initial Capacity: 384M
 Heap Max Capacity: 6136M
 Pre-touch: Disabled
 Parallel Workers: 8
 Concurrent Workers: 2
 Concurrent Refinement Workers: 8
 Periodic GC: Disabled

Heap:
 garbage-first heap   total 692224K, used 274488K [0x0000000680800000, 0x0000000800000000)
  region size 4096K, 42 young (172032K), 13 survivors (53248K)
 Metaspace       used 14178K, committed 14400K, reserved 1114112K
  class space    used 959K, committed 1088K, reserved 1048576K

Heap Regions: E=young(eden), S=young(survivor), O=old, HS=humongous(starts), HC=humongous(continues), CS=collection set, F=free, OA=open archive, CA=closed archive, TAMS=top-at-mark-start (previous, next)
|   0|0x0000000680800000, 0x0000000680c00000, 0x0000000680c00000|100%| O|  |TAMS 0x0000000680800000, 0x0000000680800000| Untracked 
|   1|0x0000000680c00000, 0x0000000681000000, 0x0000000681000000|100%|HS|  |TAMS 0x0000000680c00000, 0x0000000680c00000| Complete 
|   2|0x0000000681000000, 0x0000000681400000, 0x0000000681400000|100%|HS|  |TAMS 0x0000000681000000, 0x0000000681000000| Complete 
|   3|0x0000000681400000, 0x0000000681800000, 0x0000000681800000|100%| O|  |TAMS 0x0000000681400000, 0x0000000681400000| Untracked 
|   4|0x0000000681800000, 0x0000000681c00000, 0x0000000681c00000|100%|HS|  |TAMS 0x0000000681800000, 0x0000000681800000| Complete 
|   5|0x0000000681c00000, 0x0000000682000000, 0x0000000682000000|100%|HC|  |TAMS 0x0000000681c00000, 0x0000000681c00000| Complete 
|   6|0x0000000682000000, 0x0000000682400000, 0x0000000682400000|100%|HC|  |TAMS 0x0000000682000000, 0x0000000682000000| Complete 
|   7|0x0000000682400000, 0x0000000682800000, 0x0000000682800000|100%|HC|  |TAMS 0x0000000682400000, 0x0000000682400000| Complete 
|   8|0x0000000682800000, 0x0000000682c00000, 0x0000000682c00000|100%|HS|  |TAMS 0x0000000682800000, 0x0000000682800000| Complete 
|   9|0x0000000682c00000, 0x0000000683000000, 0x0000000683000000|100%|HS|  |TAMS 0x0000000682c00000, 0x0000000682c00000| Complete 
|  10|0x0000000683000000, 0x0000000683400000, 0x0000000683400000|100%|HS|  |TAMS 0x0000000683000000, 0x0000000683000000| Complete 
|  11|0x0000000683400000, 0x0000000683800000, 0x0000000683800000|100%|HS|  |TAMS 0x0000000683400000, 0x0000000683400000| Complete 
|  12|0x0000000683800000, 0x0000000683c00000, 0x0000000683c00000|100%| O|  |TAMS 0x0000000683800000, 0x0000000683800000| Untracked 
|  13|0x0000000683c00000, 0x0000000684000000, 0x0000000684000000|100%| O|  |TAMS 0x0000000683c00000, 0x0000000683c00000| Untracked 
|  14|0x0000000684000000, 0x0000000684400000, 0x0000000684400000|100%|HS|  |TAMS 0x0000000684000000, 0x0000000684000000| Complete 
|  15|0x0000000684400000, 0x0000000684800000, 0x0000000684800000|100%| O|  |TAMS 0x0000000684400000, 0x0000000684400000| Untracked 
|  16|0x0000000684800000, 0x0000000684c00000, 0x0000000684c00000|100%| O|  |TAMS 0x0000000684800000, 0x0000000684800000| Untracked 
|  17|0x0000000684c00000, 0x0000000685000000, 0x0000000685000000|100%|HS|  |TAMS 0x0000000684c00000, 0x0000000684c00000| Complete 
|  18|0x0000000685000000, 0x0000000685400000, 0x0000000685400000|100%|HS|  |TAMS 0x0000000685000000, 0x0000000685000000| Complete 
|  19|0x0000000685400000, 0x0000000685800000, 0x0000000685800000|100%|HS|  |TAMS 0x0000000685400000, 0x0000000685400000| Complete 
|  20|0x0000000685800000, 0x0000000685c00000, 0x0000000685c00000|100%|HS|  |TAMS 0x0000000685800000, 0x0000000685800000| Complete 
|  21|0x0000000685c00000, 0x0000000686000000, 0x0000000686000000|100%|HS|  |TAMS 0x0000000685c00000, 0x0000000685c00000| Complete 
|  22|0x0000000686000000, 0x0000000686400000, 0x0000000686400000|100%|HS|  |TAMS 0x0000000686000000, 0x0000000686000000| Complete 
|  23|0x0000000686400000, 0x0000000686800000, 0x0000000686800000|100%|HS|  |TAMS 0x0000000686400000, 0x0000000686400000| Complete 
|  24|0x0000000686800000, 0x0000000686c00000, 0x0000000686c00000|100%| O|  |TAMS 0x0000000686800000, 0x0000000686800000| Untracked 
|  25|0x0000000686c00000, 0x0000000687000000, 0x0000000687000000|100%| O|  |TAMS 0x0000000686c00000, 0x0000000686c00000| Untracked 
|  26|0x0000000687000000, 0x00000006870fd000, 0x0000000687400000| 24%| O|  |TAMS 0x0000000687000000, 0x0000000687000000| Untracked 
|  27|0x0000000687400000, 0x0000000687400000, 0x0000000687800000|  0%| F|  |TAMS 0x0000000687400000, 0x0000000687400000| Untracked 
|  28|0x0000000687800000, 0x0000000687800000, 0x0000000687c00000|  0%| F|  |TAMS 0x0000000687800000, 0x0000000687800000| Untracked 
|  29|0x0000000687c00000, 0x0000000687c00000, 0x0000000688000000|  0%| F|  |TAMS 0x0000000687c00000, 0x0000000687c00000| Untracked 
|  30|0x0000000688000000, 0x0000000688000000, 0x0000000688400000|  0%| F|  |TAMS 0x0000000688000000, 0x0000000688000000| Untracked 
|  31|0x0000000688400000, 0x0000000688400000, 0x0000000688800000|  0%| F|  |TAMS 0x0000000688400000, 0x0000000688400000| Untracked 
|  32|0x0000000688800000, 0x0000000688800000, 0x0000000688c00000|  0%| F|  |TAMS 0x0000000688800000, 0x0000000688800000| Untracked 
|  33|0x0000000688c00000, 0x0000000688c00000, 0x0000000689000000|  0%| F|  |TAMS 0x0000000688c00000, 0x0000000688c00000| Untracked 
|  34|0x0000000689000000, 0x0000000689000000, 0x0000000689400000|  0%| F|  |TAMS 0x0000000689000000, 0x0000000689000000| Untracked 
|  35|0x0000000689400000, 0x0000000689400000, 0x0000000689800000|  0%| F|  |TAMS 0x0000000689400000, 0x0000000689400000| Untracked 
|  36|0x0000000689800000, 0x0000000689800000, 0x0000000689c00000|  0%| F|  |TAMS 0x0000000689800000, 0x0000000689800000| Untracked 
|  37|0x0000000689c00000, 0x0000000689c00000, 0x000000068a000000|  0%| F|  |TAMS 0x0000000689c00000, 0x0000000689c00000| Untracked 
|  38|0x000000068a000000, 0x000000068a000000, 0x000000068a400000|  0%| F|  |TAMS 0x000000068a000000, 0x000000068a000000| Untracked 
|  39|0x000000068a400000, 0x000000068a400000, 0x000000068a800000|  0%| F|  |TAMS 0x000000068a400000, 0x000000068a400000| Untracked 
|  40|0x000000068a800000, 0x000000068a800000, 0x000000068ac00000|  0%| F|  |TAMS 0x000000068a800000, 0x000000068a800000| Untracked 
|  41|0x000000068ac00000, 0x000000068ac00000, 0x000000068b000000|  0%| F|  |TAMS 0x000000068ac00000, 0x000000068ac00000| Untracked 
|  42|0x000000068b000000, 0x000000068b000000, 0x000000068b400000|  0%| F|  |TAMS 0x000000068b000000, 0x000000068b000000| Untracked 
|  43|0x000000068b400000, 0x000000068b400000, 0x000000068b800000|  0%| F|  |TAMS 0x000000068b400000, 0x000000068b400000| Untracked 
|  44|0x000000068b800000, 0x000000068b800000, 0x000000068bc00000|  0%| F|  |TAMS 0x000000068b800000, 0x000000068b800000| Untracked 
|  45|0x000000068bc00000, 0x000000068bc00000, 0x000000068c000000|  0%| F|  |TAMS 0x000000068bc00000, 0x000000068bc00000| Untracked 
|  46|0x000000068c000000, 0x000000068c000000, 0x000000068c400000|  0%| F|  |TAMS 0x000000068c000000, 0x000000068c000000| Untracked 
|  47|0x000000068c400000, 0x000000068c400000, 0x000000068c800000|  0%| F|  |TAMS 0x000000068c400000, 0x000000068c400000| Untracked 
|  48|0x000000068c800000, 0x000000068c800000, 0x000000068cc00000|  0%| F|  |TAMS 0x000000068c800000, 0x000000068c800000| Untracked 
|  49|0x000000068cc00000, 0x000000068cc00000, 0x000000068d000000|  0%| F|  |TAMS 0x000000068cc00000, 0x000000068cc00000| Untracked 
|  50|0x000000068d000000, 0x000000068d000000, 0x000000068d400000|  0%| F|  |TAMS 0x000000068d000000, 0x000000068d000000| Untracked 
|  51|0x000000068d400000, 0x000000068d400000, 0x000000068d800000|  0%| F|  |TAMS 0x000000068d400000, 0x000000068d400000| Untracked 
|  52|0x000000068d800000, 0x000000068d800000, 0x000000068dc00000|  0%| F|  |TAMS 0x000000068d800000, 0x000000068d800000| Untracked 
|  53|0x000000068dc00000, 0x000000068dc00000, 0x000000068e000000|  0%| F|  |TAMS 0x000000068dc00000, 0x000000068dc00000| Untracked 
|  54|0x000000068e000000, 0x000000068e000000, 0x000000068e400000|  0%| F|  |TAMS 0x000000068e000000, 0x000000068e000000| Untracked 
|  55|0x000000068e400000, 0x000000068e711370, 0x000000068e800000| 76%| S|CS|TAMS 0x000000068e400000, 0x000000068e400000| Complete 
|  56|0x000000068e800000, 0x000000068ec00000, 0x000000068ec00000|100%| S|CS|TAMS 0x000000068e800000, 0x000000068e800000| Complete 
|  57|0x000000068ec00000, 0x000000068f000000, 0x000000068f000000|100%| S|CS|TAMS 0x000000068ec00000, 0x000000068ec00000| Complete 
|  58|0x000000068f000000, 0x000000068f400000, 0x000000068f400000|100%| S|CS|TAMS 0x000000068f000000, 0x000000068f000000| Complete 
|  59|0x000000068f400000, 0x000000068f400000, 0x000000068f800000|  0%| F|  |TAMS 0x000000068f400000, 0x000000068f400000| Untracked 
|  60|0x000000068f800000, 0x000000068f800000, 0x000000068fc00000|  0%| F|  |TAMS 0x000000068f800000, 0x000000068f800000| Untracked 
|  61|0x000000068fc00000, 0x000000068fc00000, 0x0000000690000000|  0%| F|  |TAMS 0x000000068fc00000, 0x000000068fc00000| Untracked 
|  62|0x0000000690000000, 0x0000000690000000, 0x0000000690400000|  0%| F|  |TAMS 0x0000000690000000, 0x0000000690000000| Untracked 
|  63|0x0000000690400000, 0x0000000690400000, 0x0000000690800000|  0%| F|  |TAMS 0x0000000690400000, 0x0000000690400000| Untracked 
|  64|0x0000000690800000, 0x0000000690800000, 0x0000000690c00000|  0%| F|  |TAMS 0x0000000690800000, 0x0000000690800000| Untracked 
|  65|0x0000000690c00000, 0x0000000690c00000, 0x0000000691000000|  0%| F|  |TAMS 0x0000000690c00000, 0x0000000690c00000| Untracked 
|  66|0x0000000691000000, 0x0000000691400000, 0x0000000691400000|100%| S|CS|TAMS 0x0000000691000000, 0x0000000691000000| Complete 
|  67|0x0000000691400000, 0x0000000691800000, 0x0000000691800000|100%| S|CS|TAMS 0x0000000691400000, 0x0000000691400000| Complete 
|  68|0x0000000691800000, 0x0000000691c00000, 0x0000000691c00000|100%| S|CS|TAMS 0x0000000691800000, 0x0000000691800000| Complete 
|  69|0x0000000691c00000, 0x0000000692000000, 0x0000000692000000|100%| S|CS|TAMS 0x0000000691c00000, 0x0000000691c00000| Complete 
|  70|0x0000000692000000, 0x0000000692400000, 0x0000000692400000|100%| S|CS|TAMS 0x0000000692000000, 0x0000000692000000| Complete 
|  71|0x0000000692400000, 0x0000000692800000, 0x0000000692800000|100%| S|CS|TAMS 0x0000000692400000, 0x0000000692400000| Complete 
|  72|0x0000000692800000, 0x0000000692c00000, 0x0000000692c00000|100%| S|CS|TAMS 0x0000000692800000, 0x0000000692800000| Complete 
|  73|0x0000000692c00000, 0x0000000692c00000, 0x0000000693000000|  0%| F|  |TAMS 0x0000000692c00000, 0x0000000692c00000| Untracked 
|  74|0x0000000693000000, 0x0000000693000000, 0x0000000693400000|  0%| F|  |TAMS 0x0000000693000000, 0x0000000693000000| Untracked 
|  75|0x0000000693400000, 0x0000000693800000, 0x0000000693800000|100%| S|CS|TAMS 0x0000000693400000, 0x0000000693400000| Complete 
|  76|0x0000000693800000, 0x0000000693c00000, 0x0000000693c00000|100%| S|CS|TAMS 0x0000000693800000, 0x0000000693800000| Complete 
|  77|0x0000000693c00000, 0x0000000693c00000, 0x0000000694000000|  0%| F|  |TAMS 0x0000000693c00000, 0x0000000693c00000| Untracked 
|  78|0x0000000694000000, 0x0000000694000000, 0x0000000694400000|  0%| F|  |TAMS 0x0000000694000000, 0x0000000694000000| Untracked 
|  79|0x0000000694400000, 0x0000000694400000, 0x0000000694800000|  0%| F|  |TAMS 0x0000000694400000, 0x0000000694400000| Untracked 
|  80|0x0000000694800000, 0x0000000694800000, 0x0000000694c00000|  0%| F|  |TAMS 0x0000000694800000, 0x0000000694800000| Untracked 
|  81|0x0000000694c00000, 0x0000000694c00000, 0x0000000695000000|  0%| F|  |TAMS 0x0000000694c00000, 0x0000000694c00000| Untracked 
|  82|0x0000000695000000, 0x0000000695000000, 0x0000000695400000|  0%| F|  |TAMS 0x0000000695000000, 0x0000000695000000| Untracked 
|  83|0x0000000695400000, 0x0000000695400000, 0x0000000695800000|  0%| F|  |TAMS 0x0000000695400000, 0x0000000695400000| Untracked 
|  84|0x0000000695800000, 0x0000000695800000, 0x0000000695c00000|  0%| F|  |TAMS 0x0000000695800000, 0x0000000695800000| Untracked 
|  85|0x0000000695c00000, 0x0000000695c00000, 0x0000000696000000|  0%| F|  |TAMS 0x0000000695c00000, 0x0000000695c00000| Untracked 
|  86|0x0000000696000000, 0x0000000696000000, 0x0000000696400000|  0%| F|  |TAMS 0x0000000696000000, 0x0000000696000000| Untracked 
|  87|0x0000000696400000, 0x0000000696400000, 0x0000000696800000|  0%| F|  |TAMS 0x0000000696400000, 0x0000000696400000| Untracked 
|  88|0x0000000696800000, 0x0000000696800000, 0x0000000696c00000|  0%| F|  |TAMS 0x0000000696800000, 0x0000000696800000| Untracked 
|  89|0x0000000696c00000, 0x0000000696c00000, 0x0000000697000000|  0%| F|  |TAMS 0x0000000696c00000, 0x0000000696c00000| Untracked 
|  90|0x0000000697000000, 0x0000000697000000, 0x0000000697400000|  0%| F|  |TAMS 0x0000000697000000, 0x0000000697000000| Untracked 
|  91|0x0000000697400000, 0x0000000697400000, 0x0000000697800000|  0%| F|  |TAMS 0x0000000697400000, 0x0000000697400000| Untracked 
|  92|0x0000000697800000, 0x0000000697800000, 0x0000000697c00000|  0%| F|  |TAMS 0x0000000697800000, 0x0000000697800000| Untracked 
|  93|0x0000000697c00000, 0x0000000697c00000, 0x0000000698000000|  0%| F|  |TAMS 0x0000000697c00000, 0x0000000697c00000| Untracked 
|  94|0x0000000698000000, 0x0000000698000000, 0x0000000698400000|  0%| F|  |TAMS 0x0000000698000000, 0x0000000698000000| Untracked 
|  95|0x0000000698400000, 0x0000000698400000, 0x0000000698800000|  0%| F|  |TAMS 0x0000000698400000, 0x0000000698400000| Untracked 
|  96|0x0000000698800000, 0x0000000698800000, 0x0000000698c00000|  0%| F|  |TAMS 0x0000000698800000, 0x0000000698800000| Untracked 
|  97|0x0000000698c00000, 0x0000000698c00000, 0x0000000699000000|  0%| F|  |TAMS 0x0000000698c00000, 0x0000000698c00000| Untracked 
|  98|0x0000000699000000, 0x0000000699000000, 0x0000000699400000|  0%| F|  |TAMS 0x0000000699000000, 0x0000000699000000| Untracked 
|  99|0x0000000699400000, 0x0000000699400000, 0x0000000699800000|  0%| F|  |TAMS 0x0000000699400000, 0x0000000699400000| Untracked 
| 100|0x0000000699800000, 0x0000000699800000, 0x0000000699c00000|  0%| F|  |TAMS 0x0000000699800000, 0x0000000699800000| Untracked 
| 101|0x0000000699c00000, 0x0000000699c00000, 0x000000069a000000|  0%| F|  |TAMS 0x0000000699c00000, 0x0000000699c00000| Untracked 
| 102|0x000000069a000000, 0x000000069a000000, 0x000000069a400000|  0%| F|  |TAMS 0x000000069a000000, 0x000000069a000000| Untracked 
| 103|0x000000069a400000, 0x000000069a400000, 0x000000069a800000|  0%| F|  |TAMS 0x000000069a400000, 0x000000069a400000| Untracked 
| 104|0x000000069a800000, 0x000000069a800000, 0x000000069ac00000|  0%| F|  |TAMS 0x000000069a800000, 0x000000069a800000| Untracked 
| 105|0x000000069ac00000, 0x000000069ac00000, 0x000000069b000000|  0%| F|  |TAMS 0x000000069ac00000, 0x000000069ac00000| Untracked 
| 106|0x000000069b000000, 0x000000069b000000, 0x000000069b400000|  0%| F|  |TAMS 0x000000069b000000, 0x000000069b000000| Untracked 
| 107|0x000000069b400000, 0x000000069b400000, 0x000000069b800000|  0%| F|  |TAMS 0x000000069b400000, 0x000000069b400000| Untracked 
| 108|0x000000069b800000, 0x000000069b800000, 0x000000069bc00000|  0%| F|  |TAMS 0x000000069b800000, 0x000000069b800000| Untracked 
| 109|0x000000069bc00000, 0x000000069bc00000, 0x000000069c000000|  0%| F|  |TAMS 0x000000069bc00000, 0x000000069bc00000| Untracked 
| 110|0x000000069c000000, 0x000000069c000000, 0x000000069c400000|  0%| F|  |TAMS 0x000000069c000000, 0x000000069c000000| Untracked 
| 111|0x000000069c400000, 0x000000069c400000, 0x000000069c800000|  0%| F|  |TAMS 0x000000069c400000, 0x000000069c400000| Untracked 
| 112|0x000000069c800000, 0x000000069c800000, 0x000000069cc00000|  0%| F|  |TAMS 0x000000069c800000, 0x000000069c800000| Untracked 
| 113|0x000000069cc00000, 0x000000069cc00000, 0x000000069d000000|  0%| F|  |TAMS 0x000000069cc00000, 0x000000069cc00000| Untracked 
| 114|0x000000069d000000, 0x000000069d000000, 0x000000069d400000|  0%| F|  |TAMS 0x000000069d000000, 0x000000069d000000| Untracked 
| 115|0x000000069d400000, 0x000000069d400000, 0x000000069d800000|  0%| F|  |TAMS 0x000000069d400000, 0x000000069d400000| Untracked 
| 116|0x000000069d800000, 0x000000069d800000, 0x000000069dc00000|  0%| F|  |TAMS 0x000000069d800000, 0x000000069d800000| Untracked 
| 117|0x000000069dc00000, 0x000000069dc00000, 0x000000069e000000|  0%| F|  |TAMS 0x000000069dc00000, 0x000000069dc00000| Untracked 
| 118|0x000000069e000000, 0x000000069e000000, 0x000000069e400000|  0%| F|  |TAMS 0x000000069e000000, 0x000000069e000000| Untracked 
| 119|0x000000069e400000, 0x000000069e400000, 0x000000069e800000|  0%| F|  |TAMS 0x000000069e400000, 0x000000069e400000| Untracked 
| 120|0x000000069e800000, 0x000000069e800000, 0x000000069ec00000|  0%| F|  |TAMS 0x000000069e800000, 0x000000069e800000| Untracked 
| 121|0x000000069ec00000, 0x000000069ec00000, 0x000000069f000000|  0%| F|  |TAMS 0x000000069ec00000, 0x000000069ec00000| Untracked 
| 122|0x000000069f000000, 0x000000069f000000, 0x000000069f400000|  0%| F|  |TAMS 0x000000069f000000, 0x000000069f000000| Untracked 
| 123|0x000000069f400000, 0x000000069f400000, 0x000000069f800000|  0%| F|  |TAMS 0x000000069f400000, 0x000000069f400000| Untracked 
| 124|0x000000069f800000, 0x000000069f800000, 0x000000069fc00000|  0%| F|  |TAMS 0x000000069f800000, 0x000000069f800000| Untracked 
| 125|0x000000069fc00000, 0x000000069fc00000, 0x00000006a0000000|  0%| F|  |TAMS 0x000000069fc00000, 0x000000069fc00000| Untracked 
| 126|0x00000006a0000000, 0x00000006a0000000, 0x00000006a0400000|  0%| F|  |TAMS 0x00000006a0000000, 0x00000006a0000000| Untracked 
| 127|0x00000006a0400000, 0x00000006a0400000, 0x00000006a0800000|  0%| F|  |TAMS 0x00000006a0400000, 0x00000006a0400000| Untracked 
| 128|0x00000006a0800000, 0x00000006a0800000, 0x00000006a0c00000|  0%| F|  |TAMS 0x00000006a0800000, 0x00000006a0800000| Untracked 
| 129|0x00000006a0c00000, 0x00000006a0c00000, 0x00000006a1000000|  0%| F|  |TAMS 0x00000006a0c00000, 0x00000006a0c00000| Untracked 
| 130|0x00000006a1000000, 0x00000006a1000000, 0x00000006a1400000|  0%| F|  |TAMS 0x00000006a1000000, 0x00000006a1000000| Untracked 
| 131|0x00000006a1400000, 0x00000006a1400000, 0x00000006a1800000|  0%| F|  |TAMS 0x00000006a1400000, 0x00000006a1400000| Untracked 
| 132|0x00000006a1800000, 0x00000006a1800000, 0x00000006a1c00000|  0%| F|  |TAMS 0x00000006a1800000, 0x00000006a1800000| Untracked 
| 133|0x00000006a1c00000, 0x00000006a1c00000, 0x00000006a2000000|  0%| F|  |TAMS 0x00000006a1c00000, 0x00000006a1c00000| Untracked 
| 134|0x00000006a2000000, 0x00000006a2000000, 0x00000006a2400000|  0%| F|  |TAMS 0x00000006a2000000, 0x00000006a2000000| Untracked 
| 135|0x00000006a2400000, 0x00000006a2400000, 0x00000006a2800000|  0%| F|  |TAMS 0x00000006a2400000, 0x00000006a2400000| Untracked 
| 136|0x00000006a2800000, 0x00000006a2800000, 0x00000006a2c00000|  0%| F|  |TAMS 0x00000006a2800000, 0x00000006a2800000| Untracked 
| 137|0x00000006a2c00000, 0x00000006a2c00000, 0x00000006a3000000|  0%| F|  |TAMS 0x00000006a2c00000, 0x00000006a2c00000| Untracked 
| 138|0x00000006a3000000, 0x00000006a3000000, 0x00000006a3400000|  0%| F|  |TAMS 0x00000006a3000000, 0x00000006a3000000| Untracked 
| 139|0x00000006a3400000, 0x00000006a3400000, 0x00000006a3800000|  0%| F|  |TAMS 0x00000006a3400000, 0x00000006a3400000| Untracked 
| 140|0x00000006a3800000, 0x00000006a3c00000, 0x00000006a3c00000|100%| E|  |TAMS 0x00000006a3800000, 0x00000006a3800000| Complete 
| 141|0x00000006a3c00000, 0x00000006a4000000, 0x00000006a4000000|100%| E|CS|TAMS 0x00000006a3c00000, 0x00000006a3c00000| Complete 
| 142|0x00000006a4000000, 0x00000006a4400000, 0x00000006a4400000|100%| E|CS|TAMS 0x00000006a4000000, 0x00000006a4000000| Complete 
| 143|0x00000006a4400000, 0x00000006a4800000, 0x00000006a4800000|100%| E|CS|TAMS 0x00000006a4400000, 0x00000006a4400000| Complete 
| 144|0x00000006a4800000, 0x00000006a4c00000, 0x00000006a4c00000|100%| E|CS|TAMS 0x00000006a4800000, 0x00000006a4800000| Complete 
| 145|0x00000006a4c00000, 0x00000006a5000000, 0x00000006a5000000|100%| E|CS|TAMS 0x00000006a4c00000, 0x00000006a4c00000| Complete 
| 146|0x00000006a5000000, 0x00000006a5400000, 0x00000006a5400000|100%| E|CS|TAMS 0x00000006a5000000, 0x00000006a5000000| Complete 
| 147|0x00000006a5400000, 0x00000006a5800000, 0x00000006a5800000|100%| E|CS|TAMS 0x00000006a5400000, 0x00000006a5400000| Complete 
| 148|0x00000006a5800000, 0x00000006a5c00000, 0x00000006a5c00000|100%| E|CS|TAMS 0x00000006a5800000, 0x00000006a5800000| Complete 
| 149|0x00000006a5c00000, 0x00000006a6000000, 0x00000006a6000000|100%| E|CS|TAMS 0x00000006a5c00000, 0x00000006a5c00000| Complete 
| 150|0x00000006a6000000, 0x00000006a6400000, 0x00000006a6400000|100%| E|CS|TAMS 0x00000006a6000000, 0x00000006a6000000| Complete 
| 151|0x00000006a6400000, 0x00000006a6800000, 0x00000006a6800000|100%| E|CS|TAMS 0x00000006a6400000, 0x00000006a6400000| Complete 
| 152|0x00000006a6800000, 0x00000006a6c00000, 0x00000006a6c00000|100%| E|CS|TAMS 0x00000006a6800000, 0x00000006a6800000| Complete 
| 153|0x00000006a6c00000, 0x00000006a7000000, 0x00000006a7000000|100%| E|CS|TAMS 0x00000006a6c00000, 0x00000006a6c00000| Complete 
| 154|0x00000006a7000000, 0x00000006a7400000, 0x00000006a7400000|100%| E|CS|TAMS 0x00000006a7000000, 0x00000006a7000000| Complete 
| 155|0x00000006a7400000, 0x00000006a7800000, 0x00000006a7800000|100%| E|CS|TAMS 0x00000006a7400000, 0x00000006a7400000| Complete 
| 156|0x00000006a7800000, 0x00000006a7c00000, 0x00000006a7c00000|100%| E|CS|TAMS 0x00000006a7800000, 0x00000006a7800000| Complete 
| 157|0x00000006a7c00000, 0x00000006a8000000, 0x00000006a8000000|100%| E|CS|TAMS 0x00000006a7c00000, 0x00000006a7c00000| Complete 
| 158|0x00000006a8000000, 0x00000006a8400000, 0x00000006a8400000|100%| E|CS|TAMS 0x00000006a8000000, 0x00000006a8000000| Complete 
| 159|0x00000006a8400000, 0x00000006a8800000, 0x00000006a8800000|100%| E|CS|TAMS 0x00000006a8400000, 0x00000006a8400000| Complete 
| 160|0x00000006a8800000, 0x00000006a8c00000, 0x00000006a8c00000|100%| E|CS|TAMS 0x00000006a8800000, 0x00000006a8800000| Complete 
| 161|0x00000006a8c00000, 0x00000006a9000000, 0x00000006a9000000|100%| E|CS|TAMS 0x00000006a8c00000, 0x00000006a8c00000| Complete 
| 162|0x00000006a9000000, 0x00000006a9400000, 0x00000006a9400000|100%| E|CS|TAMS 0x00000006a9000000, 0x00000006a9000000| Complete 
| 163|0x00000006a9400000, 0x00000006a9800000, 0x00000006a9800000|100%| E|CS|TAMS 0x00000006a9400000, 0x00000006a9400000| Complete 
| 164|0x00000006a9800000, 0x00000006a9c00000, 0x00000006a9c00000|100%| E|CS|TAMS 0x00000006a9800000, 0x00000006a9800000| Complete 
| 165|0x00000006a9c00000, 0x00000006aa000000, 0x00000006aa000000|100%| E|CS|TAMS 0x00000006a9c00000, 0x00000006a9c00000| Complete 
| 166|0x00000006aa000000, 0x00000006aa400000, 0x00000006aa400000|100%| E|CS|TAMS 0x00000006aa000000, 0x00000006aa000000| Complete 
| 167|0x00000006aa400000, 0x00000006aa800000, 0x00000006aa800000|100%| E|CS|TAMS 0x00000006aa400000, 0x00000006aa400000| Complete 
| 168|0x00000006aa800000, 0x00000006aac00000, 0x00000006aac00000|100%| E|CS|TAMS 0x00000006aa800000, 0x00000006aa800000| Complete 

Card table byte_map: [0x0000022719160000,0x0000022719d60000] _byte_map_base: 0x0000022715d5c000

Marking Bits (Prev, Next): (CMBitMap*) 0x0000022705c02a90, (CMBitMap*) 0x0000022705c02ad0
 Prev Bits: [0x000002271a960000, 0x0000022720940000)
 Next Bits: [0x0000022720940000, 0x0000022726920000)

Polling page: 0x0000022705340000

Metaspace:

Usage:
  Non-class:     12.91 MB used.
      Class:    959.88 KB used.
       Both:     13.85 MB used.

Virtual space:
  Non-class space:       64.00 MB reserved,      13.00 MB ( 20%) committed,  1 nodes.
      Class space:        1.00 GB reserved,       1.06 MB ( <1%) committed,  1 nodes.
             Both:        1.06 GB reserved,      14.06 MB (  1%) committed. 

Chunk freelists:
   Non-Class:  2.48 MB
       Class:  14.98 MB
        Both:  17.47 MB

MaxMetaspaceSize: unlimited
CompressedClassSpaceSize: 1.00 GB
Initial GC threshold: 21.00 MB
Current GC threshold: 21.00 MB
CDS: off
MetaspaceReclaimPolicy: balanced
 - commit_granule_bytes: 65536.
 - commit_granule_words: 8192.
 - virtual_space_node_default_size: 8388608.
 - enlarge_chunks_in_place: 1.
 - new_chunks_are_fully_committed: 0.
 - uncommit_free_chunks: 1.
 - use_allocation_guard: 0.
 - handle_deallocations: 1.


Internal statistics:

num_allocs_failed_limit: 0.
num_arena_births: 66.
num_arena_deaths: 0.
num_vsnodes_births: 2.
num_vsnodes_deaths: 0.
num_space_committed: 223.
num_space_uncommitted: 0.
num_chunks_returned_to_freelist: 0.
num_chunks_taken_from_freelist: 290.
num_chunk_merges: 0.
num_chunk_splits: 215.
num_chunks_enlarged: 170.
num_inconsistent_stats: 0.

CodeHeap 'non-profiled nmethods': size=120000Kb used=1052Kb max_used=1052Kb free=118947Kb
 bounds [0x0000022710d00000, 0x0000022710f70000, 0x0000022718230000]
CodeHeap 'profiled nmethods': size=120000Kb used=2856Kb max_used=2856Kb free=117143Kb
 bounds [0x0000022709230000, 0x0000022709500000, 0x0000022710760000]
CodeHeap 'non-nmethods': size=5760Kb used=1703Kb max_used=1780Kb free=4056Kb
 bounds [0x0000022710760000, 0x00000227109d0000, 0x0000022710d00000]
 total_blobs=2612 nmethods=1445 adapters=1080
 compilation: enabled
              stopped_count=0, restarted_count=0
 full_count=0

Compilation events (20 events):
Event: 14.521 Thread 0x0000022729430ae0 1436       4       sun.nio.cs.UTF_8$Decoder::decodeArrayLoop (688 bytes)
Event: 14.526 Thread 0x0000022729430ae0 nmethod 1436 0x0000022710e00990 code [0x0000022710e00b20, 0x0000022710e010f8]
Event: 14.558 Thread 0x0000022729430ae0 1437       4       java.lang.StringBuilder::append (10 bytes)
Event: 14.570 Thread 0x0000022729430ae0 nmethod 1437 0x0000022710e01690 code [0x0000022710e01840, 0x0000022710e02148]
Event: 14.570 Thread 0x0000022729430ae0 1438       4       java.nio.CharBuffer::position (6 bytes)
Event: 14.571 Thread 0x0000022729430ae0 nmethod 1438 0x0000022710e02590 code [0x0000022710e02700, 0x0000022710e027d8]
Event: 14.616 Thread 0x0000022729430ae0 1439       4       java.nio.ByteBuffer::flip (7 bytes)
Event: 14.616 Thread 0x0000022729430ae0 nmethod 1439 0x0000022710e02910 code [0x0000022710e02a80, 0x0000022710e02b18]
Event: 14.641 Thread 0x0000022729430ae0 1440   !   4       java.nio.charset.CharsetDecoder::decode (275 bytes)
Event: 14.651 Thread 0x0000022729430ae0 nmethod 1440 0x0000022710e02c10 code [0x0000022710e02dc0, 0x0000022710e03028]
Event: 14.944 Thread 0x0000022729430ae0 1441       4       java.nio.Buffer::<init> (105 bytes)
Event: 14.946 Thread 0x0000022729430ae0 nmethod 1441 0x0000022710e03390 code [0x0000022710e03520, 0x0000022710e03898]
Event: 15.029 Thread 0x0000022729430ae0 1442       4       java.io.FileInputStream::read (8 bytes)
Event: 15.029 Thread 0x0000022729430ae0 nmethod 1442 0x0000022710e03b90 code [0x0000022710e03d20, 0x0000022710e03dc8]
Event: 15.040 Thread 0x0000022729430ae0 1443       4       sun.nio.cs.StreamDecoder::implRead (243 bytes)
Event: 15.054 Thread 0x0000022729430ae0 nmethod 1443 0x0000022710e03e90 code [0x0000022710e040e0, 0x0000022710e04e80]
Event: 15.425 Thread 0x0000022729430ae0 1444       4       java.io.InputStreamReader::read (11 bytes)
Event: 15.427 Thread 0x0000022729430ae0 nmethod 1444 0x0000022710e05c10 code [0x0000022710e05da0, 0x0000022710e06248]
Event: 15.427 Thread 0x0000022729430ae0 1445       4       java.io.BufferedReader::fill (170 bytes)
Event: 15.430 Thread 0x0000022729430ae0 nmethod 1445 0x0000022710e06510 code [0x0000022710e066c0, 0x0000022710e06eb8]

GC Heap History (20 events):
Event: 10.610 GC heap before
{Heap before GC invocations=4 (full 0):
 garbage-first heap   total 393216K, used 244407K [0x0000000680800000, 0x0000000800000000)
  region size 4096K, 57 young (233472K), 3 survivors (12288K)
 Metaspace       used 14161K, committed 14400K, reserved 1114112K
  class space    used 959K, committed 1088K, reserved 1048576K
}
Event: 10.616 GC heap after
{Heap after GC invocations=5 (full 0):
 garbage-first heap   total 393216K, used 28102K [0x0000000680800000, 0x0000000800000000)
  region size 4096K, 5 young (20480K), 5 survivors (20480K)
 Metaspace       used 14161K, committed 14400K, reserved 1114112K
  class space    used 959K, committed 1088K, reserved 1048576K
}
Event: 10.752 GC heap before
{Heap before GC invocations=5 (full 0):
 garbage-first heap   total 393216K, used 236998K [0x0000000680800000, 0x0000000800000000)
  region size 4096K, 57 young (233472K), 5 survivors (20480K)
 Metaspace       used 14161K, committed 14400K, reserved 1114112K
  class space    used 959K, committed 1088K, reserved 1048576K
}
Event: 10.773 GC heap after
{Heap after GC invocations=6 (full 0):
 garbage-first heap   total 393216K, used 48405K [0x0000000680800000, 0x0000000800000000)
  region size 4096K, 8 young (32768K), 8 survivors (32768K)
 Metaspace       used 14161K, committed 14400K, reserved 1114112K
  class space    used 959K, committed 1088K, reserved 1048576K
}
Event: 12.407 GC heap before
{Heap before GC invocations=6 (full 0):
 garbage-first heap   total 393216K, used 281877K [0x0000000680800000, 0x0000000800000000)
  region size 4096K, 57 young (233472K), 8 survivors (32768K)
 Metaspace       used 14173K, committed 14400K, reserved 1114112K
  class space    used 959K, committed 1088K, reserved 1048576K
}
Event: 12.409 GC heap after
{Heap after GC invocations=7 (full 0):
 garbage-first heap   total 393216K, used 62854K [0x0000000680800000, 0x0000000800000000)
  region size 4096K, 2 young (8192K), 2 survivors (8192K)
 Metaspace       used 14173K, committed 14400K, reserved 1114112K
  class space    used 959K, committed 1088K, reserved 1048576K
}
Event: 12.544 GC heap before
{Heap before GC invocations=7 (full 0):
 garbage-first heap   total 393216K, used 288134K [0x0000000680800000, 0x0000000800000000)
  region size 4096K, 57 young (233472K), 2 survivors (8192K)
 Metaspace       used 14174K, committed 14400K, reserved 1114112K
  class space    used 959K, committed 1088K, reserved 1048576K
}
Event: 12.552 GC heap after
{Heap after GC invocations=8 (full 0):
 garbage-first heap   total 393216K, used 72636K [0x0000000680800000, 0x0000000800000000)
  region size 4096K, 5 young (20480K), 5 survivors (20480K)
 Metaspace       used 14174K, committed 14400K, reserved 1114112K
  class space    used 959K, committed 1088K, reserved 1048576K
}
Event: 14.505 GC heap before
{Heap before GC invocations=8 (full 0):
 garbage-first heap   total 393216K, used 285628K [0x0000000680800000, 0x0000000800000000)
  region size 4096K, 57 young (233472K), 5 survivors (20480K)
 Metaspace       used 14178K, committed 14400K, reserved 1114112K
  class space    used 959K, committed 1088K, reserved 1048576K
}
Event: 14.509 GC heap after
{Heap after GC invocations=9 (full 0):
 garbage-first heap   total 393216K, used 80395K [0x0000000680800000, 0x0000000800000000)
  region size 4096K, 4 young (16384K), 4 survivors (16384K)
 Metaspace       used 14178K, committed 14400K, reserved 1114112K
  class space    used 959K, committed 1088K, reserved 1048576K
}
Event: 14.641 GC heap before
{Heap before GC invocations=9 (full 0):
 garbage-first heap   total 393216K, used 297483K [0x0000000680800000, 0x0000000800000000)
  region size 4096K, 57 young (233472K), 4 survivors (16384K)
 Metaspace       used 14178K, committed 14400K, reserved 1114112K
  class space    used 959K, committed 1088K, reserved 1048576K
}
Event: 14.647 GC heap after
{Heap after GC invocations=10 (full 0):
 garbage-first heap   total 393216K, used 83689K [0x0000000680800000, 0x0000000800000000)
  region size 4096K, 5 young (20480K), 5 survivors (20480K)
 Metaspace       used 14178K, committed 14400K, reserved 1114112K
  class space    used 959K, committed 1088K, reserved 1048576K
}
Event: 14.745 GC heap before
{Heap before GC invocations=10 (full 0):
 garbage-first heap   total 393216K, used 296681K [0x0000000680800000, 0x0000000800000000)
  region size 4096K, 57 young (233472K), 5 survivors (20480K)
 Metaspace       used 14178K, committed 14400K, reserved 1114112K
  class space    used 959K, committed 1088K, reserved 1048576K
}
Event: 14.752 GC heap after
{Heap after GC invocations=11 (full 0):
 garbage-first heap   total 692224K, used 87684K [0x0000000680800000, 0x0000000800000000)
  region size 4096K, 5 young (20480K), 5 survivors (20480K)
 Metaspace       used 14178K, committed 14400K, reserved 1114112K
  class space    used 959K, committed 1088K, reserved 1048576K
}
Event: 15.061 GC heap before
{Heap before GC invocations=11 (full 0):
 garbage-first heap   total 692224K, used 484996K [0x0000000680800000, 0x0000000800000000)
  region size 4096K, 101 young (413696K), 5 survivors (20480K)
 Metaspace       used 14178K, committed 14400K, reserved 1114112K
  class space    used 959K, committed 1088K, reserved 1048576K
}
Event: 15.072 GC heap after
{Heap after GC invocations=12 (full 0):
 garbage-first heap   total 692224K, used 99076K [0x0000000680800000, 0x0000000800000000)
  region size 4096K, 7 young (28672K), 7 survivors (28672K)
 Metaspace       used 14178K, committed 14400K, reserved 1114112K
  class space    used 959K, committed 1088K, reserved 1048576K
}
Event: 15.260 GC heap before
{Heap before GC invocations=12 (full 0):
 garbage-first heap   total 692224K, used 484100K [0x0000000680800000, 0x0000000800000000)
  region size 4096K, 101 young (413696K), 7 survivors (28672K)
 Metaspace       used 14178K, committed 14400K, reserved 1114112K
  class space    used 959K, committed 1088K, reserved 1048576K
}
Event: 15.277 GC heap after
{Heap after GC invocations=13 (full 0):
 garbage-first heap   total 692224K, used 110010K [0x0000000680800000, 0x0000000800000000)
  region size 4096K, 9 young (36864K), 9 survivors (36864K)
 Metaspace       used 14178K, committed 14400K, reserved 1114112K
  class space    used 959K, committed 1088K, reserved 1048576K
}
Event: 15.522 GC heap before
{Heap before GC invocations=13 (full 0):
 garbage-first heap   total 692224K, used 507322K [0x0000000680800000, 0x0000000800000000)
  region size 4096K, 101 young (413696K), 9 survivors (36864K)
 Metaspace       used 14178K, committed 14400K, reserved 1114112K
  class space    used 959K, committed 1088K, reserved 1048576K
}
Event: 15.579 GC heap after
{Heap after GC invocations=14 (full 0):
 garbage-first heap   total 692224K, used 159800K [0x0000000680800000, 0x0000000800000000)
  region size 4096K, 13 young (53248K), 13 survivors (53248K)
 Metaspace       used 14178K, committed 14400K, reserved 1114112K
  class space    used 959K, committed 1088K, reserved 1048576K
}

Dll operation events (9 events):
Event: 0.006 Loaded shared library C:\Users\alex\.p2\pool\plugins\org.eclipse.justj.openjdk.hotspot.jre.full.win32.x86_64_17.0.7.v20230425-1502\jre\bin\java.dll
Event: 0.110 Loaded shared library C:\Users\alex\.p2\pool\plugins\org.eclipse.justj.openjdk.hotspot.jre.full.win32.x86_64_17.0.7.v20230425-1502\jre\bin\net.dll
Event: 0.112 Loaded shared library C:\Users\alex\.p2\pool\plugins\org.eclipse.justj.openjdk.hotspot.jre.full.win32.x86_64_17.0.7.v20230425-1502\jre\bin\nio.dll
Event: 0.119 Loaded shared library C:\Users\alex\.p2\pool\plugins\org.eclipse.justj.openjdk.hotspot.jre.full.win32.x86_64_17.0.7.v20230425-1502\jre\bin\zip.dll
Event: 0.188 Loaded shared library C:\Users\alex\.p2\pool\plugins\org.eclipse.justj.openjdk.hotspot.jre.full.win32.x86_64_17.0.7.v20230425-1502\jre\bin\jimage.dll
Event: 0.212 Loaded shared library C:\Users\alex\AppData\Local\Temp\lwjgl_alex\3.3.4+7\x64\lwjgl.dll
Event: 0.613 Loaded shared library C:\Users\alex\AppData\Local\Temp\lwjgl_alex\3.3.4+7\x64\lwjgl_opengl.dll
Event: 0.708 Loaded shared library C:\Users\alex\AppData\Local\Temp\lwjgl_alex\3.3.4+7\x64\lwjgl_stb.dll
Event: 0.737 Loaded shared library C:\Users\alex\.p2\pool\plugins\org.eclipse.justj.openjdk.hotspot.jre.full.win32.x86_64_17.0.7.v20230425-1502\jre\bin\verify.dll

Deoptimization events (20 events):
Event: 6.839 Thread 0x0000022705b77c00 DEOPT PACKING pc=0x0000022710d9a8c4 sp=0x00000070f2ffefc0
Event: 6.839 Thread 0x0000022705b77c00 DEOPT UNPACKING pc=0x00000227107b69a3 sp=0x00000070f2ffee48 mode 2
Event: 7.362 Thread 0x0000022705b77c00 Uncommon trap: trap_request=0xffffff45 fr.pc=0x0000022710d45698 relative=0x00000000000004d8
Event: 7.362 Thread 0x0000022705b77c00 Uncommon trap: reason=unstable_if action=reinterpret pc=0x0000022710d45698 method=jdk.internal.math.FDBigInteger.leftShift(I)Ljdk/internal/math/FDBigInteger; @ 26 c2
Event: 7.362 Thread 0x0000022705b77c00 DEOPT PACKING pc=0x0000022710d45698 sp=0x00000070f2ffe750
Event: 7.362 Thread 0x0000022705b77c00 DEOPT UNPACKING pc=0x00000227107b69a3 sp=0x00000070f2ffe6d0 mode 2
Event: 7.362 Thread 0x0000022705b77c00 Uncommon trap: trap_request=0xffffff45 fr.pc=0x0000022710da4494 relative=0x0000000000000274
Event: 7.362 Thread 0x0000022705b77c00 Uncommon trap: reason=unstable_if action=reinterpret pc=0x0000022710da4494 method=jdk.internal.math.FDBigInteger.cmp(Ljdk/internal/math/FDBigInteger;)I @ 22 c2
Event: 7.362 Thread 0x0000022705b77c00 DEOPT PACKING pc=0x0000022710da4494 sp=0x00000070f2ffe760
Event: 7.362 Thread 0x0000022705b77c00 DEOPT UNPACKING pc=0x00000227107b69a3 sp=0x00000070f2ffe6d8 mode 2
Event: 7.362 Thread 0x0000022705b77c00 Uncommon trap: trap_request=0xffffff45 fr.pc=0x0000022710da55e8 relative=0x00000000000003c8
Event: 7.362 Thread 0x0000022705b77c00 Uncommon trap: reason=unstable_if action=reinterpret pc=0x0000022710da55e8 method=jdk.internal.math.FDBigInteger.valueOfMulPow52(JII)Ljdk/internal/math/FDBigInteger; @ 138 c2
Event: 7.362 Thread 0x0000022705b77c00 DEOPT PACKING pc=0x0000022710da55e8 sp=0x00000070f2ffe730
Event: 7.362 Thread 0x0000022705b77c00 DEOPT UNPACKING pc=0x00000227107b69a3 sp=0x00000070f2ffe6b8 mode 2
Event: 10.395 Thread 0x0000022705b77c00 DEOPT PACKING pc=0x00000227094c57bc sp=0x00000070f2ffed50
Event: 10.395 Thread 0x0000022705b77c00 DEOPT UNPACKING pc=0x00000227107b7143 sp=0x00000070f2ffe340 mode 0
Event: 10.485 Thread 0x0000022705b77c00 Uncommon trap: trap_request=0xffffff45 fr.pc=0x0000022710dc284c relative=0x0000000000002c0c
Event: 10.485 Thread 0x0000022705b77c00 Uncommon trap: reason=unstable_if action=reinterpret pc=0x0000022710dc284c method=loaders.ObjLoader.loadObj(Ljava/lang/String;)Ltoolbox/Mesh; @ 249 c2
Event: 10.485 Thread 0x0000022705b77c00 DEOPT PACKING pc=0x0000022710dc284c sp=0x00000070f2ffef30
Event: 10.485 Thread 0x0000022705b77c00 DEOPT UNPACKING pc=0x00000227107b69a3 sp=0x00000070f2ffee50 mode 2

Classes unloaded (0 events):
No events

Classes redefined (0 events):
No events

Internal exceptions (20 events):
Event: 0.217 Thread 0x0000022705b77c00 Exception <a 'sun/nio/fs/WindowsException'{0x0000000698771100}> (0x0000000698771100) 
thrown [s\src\hotspot\share\prims\jni.cpp, line 516]
Event: 0.237 Thread 0x0000022705b77c00 Exception <a 'sun/nio/fs/WindowsException'{0x000000069805cd38}> (0x000000069805cd38) 
thrown [s\src\hotspot\share\prims\jni.cpp, line 516]
Event: 0.237 Thread 0x0000022705b77c00 Exception <a 'sun/nio/fs/WindowsException'{0x000000069805d090}> (0x000000069805d090) 
thrown [s\src\hotspot\share\prims\jni.cpp, line 516]
Event: 0.243 Thread 0x0000022705b77c00 Exception <a 'java/lang/NoSuchMethodError'{0x000000069806f218}: 'java.lang.Object java.lang.invoke.DirectMethodHandle$Holder.invokeStaticInit(java.lang.Object)'> (0x000000069806f218) 
thrown [s\src\hotspot\share\interpreter\linkResolver.cpp, line 759]
Event: 0.246 Thread 0x0000022705b77c00 Exception <a 'java/lang/NoSuchMethodError'{0x00000006980ac2d8}: 'int java.lang.invoke.DirectMethodHandle$Holder.invokeStaticInit(java.lang.Object, java.lang.Object, int, long)'> (0x00000006980ac2d8) 
thrown [s\src\hotspot\share\interpreter\linkResolver.cpp, line 759]
Event: 0.246 Thread 0x0000022705b77c00 Exception <a 'java/lang/NoSuchMethodError'{0x00000006980b1ba0}: 'java.lang.Object java.lang.invoke.DirectMethodHandle$Holder.newInvokeSpecial(java.lang.Object, java.lang.Object, int)'> (0x00000006980b1ba0) 
thrown [s\src\hotspot\share\interpreter\linkResolver.cpp, line 759]
Event: 0.248 Thread 0x0000022705b77c00 Exception <a 'java/lang/NoSuchMethodError'{0x00000006980c0b20}: 'int java.lang.invoke.DirectMethodHandle$Holder.invokeStaticInit(java.lang.Object, java.lang.Object, long, long)'> (0x00000006980c0b20) 
thrown [s\src\hotspot\share\interpreter\linkResolver.cpp, line 759]
Event: 0.249 Thread 0x0000022705b77c00 Exception <a 'java/lang/NoSuchMethodError'{0x00000006980c6c30}: 'java.lang.Object java.lang.invoke.DirectMethodHandle$Holder.newInvokeSpecial(java.lang.Object, java.lang.Object, long)'> (0x00000006980c6c30) 
thrown [s\src\hotspot\share\interpreter\linkResolver.cpp, line 759]
Event: 0.249 Thread 0x0000022705b77c00 Exception <a 'java/lang/NoSuchMethodError'{0x00000006980caf88}: 'java.lang.Object java.lang.invoke.Invokers$Holder.linkToTargetMethod(java.lang.Object, long, java.lang.Object)'> (0x00000006980caf88) 
thrown [s\src\hotspot\share\interpreter\linkResolver.cpp, line 759]
Event: 0.250 Thread 0x0000022705b77c00 Exception <a 'java/lang/NoSuchMethodError'{0x00000006980d26a0}: 'int java.lang.invoke.DirectMethodHandle$Holder.invokeStaticInit(java.lang.Object, java.lang.Object, java.lang.Object, long)'> (0x00000006980d26a0) 
thrown [s\src\hotspot\share\interpreter\linkResolver.cpp, line 759]
Event: 0.611 Thread 0x0000022705b77c00 Exception <a 'sun/nio/fs/WindowsException'{0x00000006981700b0}> (0x00000006981700b0) 
thrown [s\src\hotspot\share\prims\jni.cpp, line 516]
Event: 0.611 Thread 0x0000022705b77c00 Exception <a 'sun/nio/fs/WindowsException'{0x0000000698170440}> (0x0000000698170440) 
thrown [s\src\hotspot\share\prims\jni.cpp, line 516]
Event: 0.617 Thread 0x0000022705b77c00 Exception <a 'sun/nio/fs/WindowsException'{0x000000069817d550}> (0x000000069817d550) 
thrown [s\src\hotspot\share\prims\jni.cpp, line 516]
Event: 0.617 Thread 0x0000022705b77c00 Exception <a 'sun/nio/fs/WindowsException'{0x000000069817d820}> (0x000000069817d820) 
thrown [s\src\hotspot\share\prims\jni.cpp, line 516]
Event: 0.706 Thread 0x0000022705b77c00 Exception <a 'sun/nio/fs/WindowsException'{0x0000000697c38c78}> (0x0000000697c38c78) 
thrown [s\src\hotspot\share\prims\jni.cpp, line 516]
Event: 0.706 Thread 0x0000022705b77c00 Exception <a 'sun/nio/fs/WindowsException'{0x0000000697c38fe8}> (0x0000000697c38fe8) 
thrown [s\src\hotspot\share\prims\jni.cpp, line 516]
Event: 5.998 Thread 0x0000022705b77c00 Exception <a 'sun/nio/fs/WindowsException'{0x00000006986edca0}> (0x00000006986edca0) 
thrown [s\src\hotspot\share\prims\jni.cpp, line 516]
Event: 5.998 Thread 0x0000022705b77c00 Exception <a 'sun/nio/fs/WindowsException'{0x00000006986ee000}> (0x00000006986ee000) 
thrown [s\src\hotspot\share\prims\jni.cpp, line 516]
Event: 6.035 Thread 0x0000022705b77c00 Exception <a 'sun/nio/fs/WindowsException'{0x0000000698700ae8}> (0x0000000698700ae8) 
thrown [s\src\hotspot\share\prims\jni.cpp, line 516]
Event: 6.035 Thread 0x0000022705b77c00 Exception <a 'sun/nio/fs/WindowsException'{0x0000000698700e58}> (0x0000000698700e58) 
thrown [s\src\hotspot\share\prims\jni.cpp, line 516]

VM Operations (20 events):
Event: 10.610 Executing VM operation: G1CollectForAllocation
Event: 10.616 Executing VM operation: G1CollectForAllocation done
Event: 10.752 Executing VM operation: G1CollectForAllocation
Event: 10.773 Executing VM operation: G1CollectForAllocation done
Event: 12.407 Executing VM operation: G1CollectForAllocation
Event: 12.409 Executing VM operation: G1CollectForAllocation done
Event: 12.544 Executing VM operation: G1CollectForAllocation
Event: 12.552 Executing VM operation: G1CollectForAllocation done
Event: 14.505 Executing VM operation: G1CollectForAllocation
Event: 14.509 Executing VM operation: G1CollectForAllocation done
Event: 14.641 Executing VM operation: G1CollectForAllocation
Event: 14.647 Executing VM operation: G1CollectForAllocation done
Event: 14.744 Executing VM operation: G1CollectForAllocation
Event: 14.752 Executing VM operation: G1CollectForAllocation done
Event: 15.061 Executing VM operation: G1CollectForAllocation
Event: 15.072 Executing VM operation: G1CollectForAllocation done
Event: 15.260 Executing VM operation: G1CollectForAllocation
Event: 15.277 Executing VM operation: G1CollectForAllocation done
Event: 15.522 Executing VM operation: G1CollectForAllocation
Event: 15.579 Executing VM operation: G1CollectForAllocation done

Events (20 events):
Event: 3.003 Thread 0x0000022734ecdad0 Thread added: 0x0000022734ecdad0
Event: 3.007 Thread 0x0000022734d507c0 Thread added: 0x0000022734d507c0
Event: 3.143 Thread 0x0000022734d507c0 Thread exited: 0x0000022734d507c0
Event: 3.296 Thread 0x0000022734ecdad0 Thread exited: 0x0000022734ecdad0
Event: 3.629 Thread 0x0000022734ecdad0 Thread added: 0x0000022734ecdad0
Event: 4.194 Thread 0x0000022734ecdad0 Thread exited: 0x0000022734ecdad0
Event: 6.083 Thread 0x00000227351d8660 Thread added: 0x00000227351d8660
Event: 6.087 Thread 0x0000022729786070 Thread added: 0x0000022729786070
Event: 6.280 Thread 0x0000022729786070 Thread exited: 0x0000022729786070
Event: 6.280 Thread 0x00000227351d8660 Thread exited: 0x00000227351d8660
Event: 6.285 Thread 0x000002273561bb20 Thread added: 0x000002273561bb20
Event: 6.292 Thread 0x000002272e0ecb30 Thread added: 0x000002272e0ecb30
Event: 6.475 loading class java/util/function/BiFunction
Event: 6.475 loading class java/util/function/BiFunction done
Event: 7.362 Thread 0x000002272e0ecb30 Thread exited: 0x000002272e0ecb30
Event: 7.911 Thread 0x000002273561bb20 Thread exited: 0x000002273561bb20
Event: 10.979 Thread 0x000002273561bb20 Thread added: 0x000002273561bb20
Event: 10.979 Thread 0x000002275828faa0 Thread added: 0x000002275828faa0
Event: 11.357 Thread 0x000002275828faa0 Thread exited: 0x000002275828faa0
Event: 11.867 Thread 0x000002273561bb20 Thread exited: 0x000002273561bb20


Dynamic libraries:
0x00007ff6849f0000 - 0x00007ff6849fe000 	C:\Users\alex\.p2\pool\plugins\org.eclipse.justj.openjdk.hotspot.jre.full.win32.x86_64_17.0.7.v20230425-1502\jre\bin\javaw.exe
0x00007ff908710000 - 0x00007ff908908000 	C:\WINDOWS\SYSTEM32\ntdll.dll
0x00007ff9080a0000 - 0x00007ff908162000 	C:\WINDOWS\System32\KERNEL32.DLL
0x00007ff906220000 - 0x00007ff906516000 	C:\WINDOWS\System32\KERNELBASE.dll
0x00007ff905e30000 - 0x00007ff905f30000 	C:\WINDOWS\System32\ucrtbase.dll
0x00007ff8f2f10000 - 0x00007ff8f2f27000 	C:\Users\alex\.p2\pool\plugins\org.eclipse.justj.openjdk.hotspot.jre.full.win32.x86_64_17.0.7.v20230425-1502\jre\bin\jli.dll
0x00007ff8caf10000 - 0x00007ff8caf29000 	C:\Users\alex\.p2\pool\plugins\org.eclipse.justj.openjdk.hotspot.jre.full.win32.x86_64_17.0.7.v20230425-1502\jre\bin\VCRUNTIME140.dll
0x00007ff907290000 - 0x00007ff907431000 	C:\WINDOWS\System32\USER32.dll
0x00007ff906570000 - 0x00007ff906592000 	C:\WINDOWS\System32\win32u.dll
0x00007ff9051a0000 - 0x00007ff90543b000 	C:\WINDOWS\WinSxS\amd64_microsoft.windows.common-controls_6595b64144ccf1df_6.0.19041.6456_none_60b8a6cb71f64256\COMCTL32.dll
0x00007ff908630000 - 0x00007ff90865b000 	C:\WINDOWS\System32\GDI32.dll
0x00007ff908000000 - 0x00007ff90809e000 	C:\WINDOWS\System32\msvcrt.dll
0x00007ff905f30000 - 0x00007ff906049000 	C:\WINDOWS\System32\gdi32full.dll
0x00007ff9060d0000 - 0x00007ff90616d000 	C:\WINDOWS\System32\msvcp_win.dll
0x00007ff9068b0000 - 0x00007ff9068df000 	C:\WINDOWS\System32\IMM32.DLL
0x00007ff901730000 - 0x00007ff90173c000 	C:\Users\alex\.p2\pool\plugins\org.eclipse.justj.openjdk.hotspot.jre.full.win32.x86_64_17.0.7.v20230425-1502\jre\bin\vcruntime140_1.dll
0x00007ff8c4020000 - 0x00007ff8c40b1000 	C:\Users\alex\.p2\pool\plugins\org.eclipse.justj.openjdk.hotspot.jre.full.win32.x86_64_17.0.7.v20230425-1502\jre\bin\msvcp140.dll
0x00007ff8625a0000 - 0x00007ff8631e8000 	C:\Users\alex\.p2\pool\plugins\org.eclipse.justj.openjdk.hotspot.jre.full.win32.x86_64_17.0.7.v20230425-1502\jre\bin\server\jvm.dll
0x00007ff908170000 - 0x00007ff908221000 	C:\WINDOWS\System32\ADVAPI32.dll
0x00007ff9075e0000 - 0x00007ff90767f000 	C:\WINDOWS\System32\sechost.dll
0x00007ff906790000 - 0x00007ff9068b0000 	C:\WINDOWS\System32\RPCRT4.dll
0x00007ff905e00000 - 0x00007ff905e27000 	C:\WINDOWS\System32\bcrypt.dll
0x00007ff8d4ce0000 - 0x00007ff8d4ce9000 	C:\WINDOWS\SYSTEM32\WSOCK32.dll
0x00007ff9082b0000 - 0x00007ff90831b000 	C:\WINDOWS\System32\WS2_32.dll
0x00007ff8f6470000 - 0x00007ff8f6497000 	C:\WINDOWS\SYSTEM32\WINMM.dll
0x00007ff8fd610000 - 0x00007ff8fd61a000 	C:\WINDOWS\SYSTEM32\VERSION.dll
0x00007ff9035b0000 - 0x00007ff9035c2000 	C:\WINDOWS\SYSTEM32\kernel.appcore.dll
0x00007ff8d3c20000 - 0x00007ff8d3c2a000 	C:\Users\alex\.p2\pool\plugins\org.eclipse.justj.openjdk.hotspot.jre.full.win32.x86_64_17.0.7.v20230425-1502\jre\bin\jimage.dll
0x00007ff9057e0000 - 0x00007ff9059e1000 	C:\WINDOWS\SYSTEM32\DBGHELP.DLL
0x00007ff905720000 - 0x00007ff905754000 	C:\WINDOWS\SYSTEM32\dbgcore.DLL
0x00007ff9065a0000 - 0x00007ff906622000 	C:\WINDOWS\System32\bcryptPrimitives.dll
0x00007ff8c5c60000 - 0x00007ff8c5c85000 	C:\Users\alex\.p2\pool\plugins\org.eclipse.justj.openjdk.hotspot.jre.full.win32.x86_64_17.0.7.v20230425-1502\jre\bin\java.dll
0x00007ff8c9f10000 - 0x00007ff8c9f28000 	C:\Users\alex\.p2\pool\plugins\org.eclipse.justj.openjdk.hotspot.jre.full.win32.x86_64_17.0.7.v20230425-1502\jre\bin\zip.dll
0x00007ff906a10000 - 0x00007ff907180000 	C:\WINDOWS\System32\SHELL32.dll
0x00007ff9037b0000 - 0x00007ff903f55000 	C:\WINDOWS\SYSTEM32\windows.storage.dll
0x00007ff907740000 - 0x00007ff907a94000 	C:\WINDOWS\System32\combase.dll
0x00007ff905050000 - 0x00007ff90507b000 	C:\WINDOWS\SYSTEM32\Wldp.dll
0x00007ff908560000 - 0x00007ff90862d000 	C:\WINDOWS\System32\OLEAUT32.dll
0x00007ff9071e0000 - 0x00007ff90728d000 	C:\WINDOWS\System32\SHCORE.dll
0x00007ff908230000 - 0x00007ff90828b000 	C:\WINDOWS\System32\shlwapi.dll
0x00007ff905d30000 - 0x00007ff905d54000 	C:\WINDOWS\SYSTEM32\profapi.dll
0x00007ff8c78c0000 - 0x00007ff8c78d9000 	C:\Users\alex\.p2\pool\plugins\org.eclipse.justj.openjdk.hotspot.jre.full.win32.x86_64_17.0.7.v20230425-1502\jre\bin\net.dll
0x00007ff8fe020000 - 0x00007ff8fe12a000 	C:\WINDOWS\SYSTEM32\WINHTTP.dll
0x00007ff904de0000 - 0x00007ff904e4a000 	C:\WINDOWS\system32\mswsock.dll
0x00007ff8c5ca0000 - 0x00007ff8c5cb5000 	C:\Users\alex\.p2\pool\plugins\org.eclipse.justj.openjdk.hotspot.jre.full.win32.x86_64_17.0.7.v20230425-1502\jre\bin\nio.dll
0x00007ff8c4300000 - 0x00007ff8c437b000 	C:\Users\alex\AppData\Local\Temp\lwjgl_alex\3.3.4+7\x64\lwjgl.dll
0x00007ff8c3f90000 - 0x00007ff8c4015000 	C:\Users\alex\AppData\Local\Temp\lwjgl_alex\3.3.4+7\x64\glfw.dll
0x00007ff8c42b0000 - 0x00007ff8c42f5000 	C:\WINDOWS\SYSTEM32\dinput8.dll
0x00007ff8cd900000 - 0x00007ff8cd911000 	C:\WINDOWS\SYSTEM32\xinput1_4.dll
0x00007ff906520000 - 0x00007ff90656e000 	C:\WINDOWS\System32\cfgmgr32.dll
0x00007ff905b90000 - 0x00007ff905bc3000 	C:\WINDOWS\SYSTEM32\DEVOBJ.dll
0x00007ff9032c0000 - 0x00007ff9032ee000 	C:\WINDOWS\SYSTEM32\dwmapi.dll
0x00007ff8faa60000 - 0x00007ff8fabb2000 	C:\WINDOWS\SYSTEM32\inputhost.dll
0x00007ff901500000 - 0x00007ff901657000 	C:\WINDOWS\SYSTEM32\wintypes.dll
0x00007ff9024b0000 - 0x00007ff9025a2000 	C:\WINDOWS\SYSTEM32\CoreMessaging.dll
0x00007ff901370000 - 0x00007ff901464000 	C:\WINDOWS\SYSTEM32\PROPSYS.dll
0x00007ff900570000 - 0x00007ff9008cb000 	C:\WINDOWS\SYSTEM32\CoreUIComponents.dll
0x00007ff905b30000 - 0x00007ff905b63000 	C:\WINDOWS\SYSTEM32\ntmarta.dll
0x00007ff903110000 - 0x00007ff9031ae000 	C:\WINDOWS\system32\uxtheme.dll
0x00007ff907440000 - 0x00007ff907555000 	C:\WINDOWS\System32\MSCTF.dll
0x00007ff8c2c40000 - 0x00007ff8c2d68000 	C:\WINDOWS\SYSTEM32\opengl32.dll
0x00007ff8c67f0000 - 0x00007ff8c681c000 	C:\WINDOWS\SYSTEM32\GLU32.dll
0x00007ff907690000 - 0x00007ff907739000 	C:\WINDOWS\System32\clbcatq.dll
0x00007ff85f5e0000 - 0x00007ff86259f000 	C:\WINDOWS\System32\DriverStore\FileRepository\nvgbdi.inf_amd64_4a2574804558c4b2\nvoglv64.dll
0x00007ff907b90000 - 0x00007ff908000000 	C:\WINDOWS\System32\SETUPAPI.dll
0x00007ff9068e0000 - 0x00007ff906a0b000 	C:\WINDOWS\System32\ole32.dll
0x00007ff900550000 - 0x00007ff900564000 	C:\WINDOWS\SYSTEM32\WTSAPI32.dll
0x00007ff905020000 - 0x00007ff90502c000 	C:\WINDOWS\SYSTEM32\CRYPTBASE.DLL
0x00007ff905550000 - 0x00007ff905562000 	C:\WINDOWS\SYSTEM32\msasn1.dll
0x00007ff8fd5b0000 - 0x00007ff8fd5e1000 	C:\WINDOWS\SYSTEM32\cryptnet.dll
0x00007ff906630000 - 0x00007ff90678d000 	C:\WINDOWS\System32\CRYPT32.dll
0x00007ff8fa450000 - 0x00007ff8fa597000 	C:\WINDOWS\SYSTEM32\drvstore.dll
0x00007ff906050000 - 0x00007ff9060c3000 	C:\WINDOWS\System32\WINTRUST.dll
0x00007ff900ca0000 - 0x00007ff900cdb000 	C:\WINDOWS\SYSTEM32\dxcore.dll
0x00007ff894c10000 - 0x00007ff894ed5000 	C:\WINDOWS\system32\nvspcap64.dll
0x00007ff9059f0000 - 0x00007ff905a3b000 	C:\WINDOWS\SYSTEM32\powrprof.dll
0x00007ff905530000 - 0x00007ff905542000 	C:\WINDOWS\SYSTEM32\UMPDC.dll
0x00007ff904410000 - 0x00007ff904473000 	C:\WINDOWS\SYSTEM32\WINSTA.dll
0x00007ff8fabd0000 - 0x00007ff8facc9000 	C:\WINDOWS\SYSTEM32\textinputframework.dll
0x00007ff8c2bd0000 - 0x00007ff8c2c31000 	C:\Users\alex\AppData\Local\Temp\lwjgl_alex\3.3.4+7\x64\lwjgl_opengl.dll
0x00007ff8c2a80000 - 0x00007ff8c2b20000 	C:\Users\alex\AppData\Local\Temp\lwjgl_alex\3.3.4+7\x64\lwjgl_stb.dll
0x00007ff8d3aa0000 - 0x00007ff8d3ab0000 	C:\Users\alex\.p2\pool\plugins\org.eclipse.justj.openjdk.hotspot.jre.full.win32.x86_64_17.0.7.v20230425-1502\jre\bin\verify.dll
0x00007ff8c2850000 - 0x00007ff8c2978000 	C:\Users\alex\AppData\Local\Temp\lwjgl_alex\3.3.4+7\x64\draco.dll
0x00007ff8671c0000 - 0x00007ff86787b000 	C:\Users\alex\AppData\Local\Temp\lwjgl_alex\3.3.4+7\x64\assimp.dll

dbghelp: loaded successfully - version: 4.0.5 - missing functions: none
symbol engine: initialized successfully - sym options: 0x614 - pdb path: .;C:\Users\alex\.p2\pool\plugins\org.eclipse.justj.openjdk.hotspot.jre.full.win32.x86_64_17.0.7.v20230425-1502\jre\bin;C:\WINDOWS\SYSTEM32;C:\WINDOWS\WinSxS\amd64_microsoft.windows.common-controls_6595b64144ccf1df_6.0.19041.6456_none_60b8a6cb71f64256;C:\Users\alex\.p2\pool\plugins\org.eclipse.justj.openjdk.hotspot.jre.full.win32.x86_64_17.0.7.v20230425-1502\jre\bin\server;C:\Users\alex\AppData\Local\Temp\lwjgl_alex\3.3.4+7\x64;C:\WINDOWS\System32\DriverStore\FileRepository\nvgbdi.inf_amd64_4a2574804558c4b2

VM Arguments:
jvm_args: -Dfile.encoding=UTF-8 -XX:+ShowCodeDetailsInExceptionMessages 
java_command: main.Main
java_class_path (initial): D:\Code Space\Java\CurrentRenderingPipeline\bin;D:\Code Space\Java\CurrentRenderingPipeline\lib\jars\jbullet.jar;D:\Code Space\Java\CurrentRenderingPipeline\lib\jars\jinput-2.0.10.jar;D:\Code Space\Java\CurrentRenderingPipeline\lib\jars\joml-1.10.7.jar;D:\Code Space\Java\CurrentRenderingPipeline\lib\jars\joml-1.10.7-javadoc.jar;D:\Code Space\Java\CurrentRenderingPipeline\lib\jars\joml-1.10.7-sources.jar;D:\Code Space\Java\CurrentRenderingPipeline\lib\jars\lwjgl_util.jar;D:\Code Space\Java\CurrentRenderingPipeline\lib\jars\lwjgl.jar;D:\Code Space\Java\CurrentRenderingPipeline\lib\jars\lwjgl-assimp.jar;D:\Code Space\Java\CurrentRenderingPipeline\lib\jars\lwjgl-assimp-javadoc.jar;D:\Code Space\Java\CurrentRenderingPipeline\lib\jars\lwjgl-assimp-natives-windows.jar;D:\Code Space\Java\CurrentRenderingPipeline\lib\jars\lwjgl-assimp-sources.jar;D:\Code Space\Java\CurrentRenderingPipeline\lib\jars\lwjgl-glfw.jar;D:\Code Space\Java\CurrentRenderingPipeline\lib\jars\lwjgl-glfw-javadoc.jar;D:\Code Space\Java\CurrentRenderingPipeline\lib\jars\lwjgl-glfw-natives-windows.jar;D:\Code Space\Java\CurrentRenderingPipeline\lib\jars\lwjgl-glfw-sources.jar;D:\Code Space\Java\CurrentRenderingPipeline\lib\jars\lwjgl-javadoc.jar;D:\Code Space\Java\CurrentRenderingPipeline\lib\jars\lwjgl-natives-windows.jar;D:\Code Space\Java\CurrentRenderingPipeline\lib\jars\lwjgl-openal.jar;D:\Code Space\Java\CurrentRenderingPipeline\lib\jars\lwjgl-openal-javadoc.jar;D:\Code Space\Java\CurrentRenderingPipeline\lib\jars\lwjgl-openal-natives-windows.jar;D:\Code Space\Java\CurrentRenderingPipeline\lib\jars\lwjgl-openal-sources.jar;D:\Code Space\Java\CurrentRenderingPipeline\lib\jars\lwjgl-opengl.jar;D:\Code Space\Java\CurrentRenderingPipeline\lib\jars\lwjgl-opengl-javadoc.jar;D:\Code Space\Java\CurrentRenderingPipeline\lib\jars\lwjgl-opengl-natives-windows.jar;D:\Code Space\Java\CurrentRenderingPipeline\lib\jars\lwjgl-opengl-sources.jar;D:\Code Space\Java\CurrentRenderingPipeline
Launcher Type: SUN_STANDARD

[Global flags]
     intx CICompilerCount                          = 4                                         {product} {ergonomic}
     uint ConcGCThreads                            = 2                                         {product} {ergonomic}
     uint G1ConcRefinementThreads                  = 8                                         {product} {ergonomic}
   size_t G1HeapRegionSize                         = 4194304                                   {product} {ergonomic}
    uintx GCDrainStackTargetSize                   = 64                                        {product} {ergonomic}
   size_t InitialHeapSize                          = 402653184                                 {product} {ergonomic}
   size_t MarkStackSize                            = 4194304                                   {product} {ergonomic}
   size_t MaxHeapSize                              = 6434062336                                {product} {ergonomic}
   size_t MaxNewSize                               = 3858759680                                {product} {ergonomic}
   size_t MinHeapDeltaBytes                        = 4194304                                   {product} {ergonomic}
   size_t MinHeapSize                              = 8388608                                   {product} {ergonomic}
    uintx NonNMethodCodeHeapSize                   = 5839372                                {pd product} {ergonomic}
    uintx NonProfiledCodeHeapSize                  = 122909434                              {pd product} {ergonomic}
    uintx ProfiledCodeHeapSize                     = 122909434                              {pd product} {ergonomic}
    uintx ReservedCodeCacheSize                    = 251658240                              {pd product} {ergonomic}
     bool SegmentedCodeCache                       = true                                      {product} {ergonomic}
     bool ShowCodeDetailsInExceptionMessages       = true                                   {manageable} {command line}
   size_t SoftMaxHeapSize                          = 6434062336                             {manageable} {ergonomic}
     bool UseCompressedClassPointers               = true                           {product lp64_product} {ergonomic}
     bool UseCompressedOops                        = true                           {product lp64_product} {ergonomic}
     bool UseG1GC                                  = true                                      {product} {ergonomic}
     bool UseLargePagesIndividualAllocation        = false                                  {pd product} {ergonomic}

Logging:
Log output configuration:
 #0: stdout all=warning uptime,level,tags
 #1: stderr all=off uptime,level,tags

Environment Variables:
JAVA_HOME=C:\Program Files\Java\jre1.8.0_281\lib
CLASSPATH=C:\Users\Sunbond\Documents\apache-tomcat-8.5.65\lib\servlet-api.jar
PATH=C:/Users/alex/.p2/pool/plugins/org.eclipse.justj.openjdk.hotspot.jre.full.win32.x86_64_17.0.7.v20230425-1502/jre/bin/server;C:/Users/alex/.p2/pool/plugins/org.eclipse.justj.openjdk.hotspot.jre.full.win32.x86_64_17.0.7.v20230425-1502/jre/bin;C:\Python312\Scripts\;C:\Python312\;C:\Program Files\Eclipse Adoptium\jdk-21.0.1.12-hotspot\bin;C:\Python311\Scripts\;C:\Python311\;C:\Program Files\Zulu\zulu-17\bin\;C:\Program Files\Eclipse Foundation\jdk-8.0.302.8-hotspot\bin;C:\PROGRAM FILES (X86)\COMMON FILES\ORACLE\JAVA\JAVAPATH;C:\WINDOWS\SYSTEM32;C:\WINDOWS;C:\WINDOWS\SYSTEM32\WBEM;C:\WINDOWS\SYSTEM32\WINDOWSPOWERSHELL\V1.0\;C:\WINDOWS\SYSTEM32\OPENSSH\;C:\PROGRAM FILES\NVIDIA CORPORATION\NVIDIA NVDLISR;C:\PROGRAM FILES (X86)\NVIDIA CORPORATION\PHYSX\COMMON;C:\PROGRAM FILES\DOTNET\;C:\USERDATA\GIT\CMD;C:\PROGRAM FILES\MICROSOFT SQL SERVER\130\TOOLS\BINN\;C:\PROGRAM FILES\MICROSOFT SQL SERVER\CLIENT SDK\ODBC\170\TOOLS\BINN\;C:\PROGRAM FILES\AZURE DATA STUDIO\BIN;C:\PROGRAM FILES (X86)\MICROSOFT SQL SERVER\150\DTS\BINN\;C:\PROGRAM FILES (X86)\MICROSOFT SQL SERVER\150\TOOLS\BINN\;C:\PROGRAM FILES\MICROSOFT SQL SERVER\150\TOOLS\BINN\;C:\PROGRAM FILES\MICROSOFT SQL SERVER\150\DTS\BINN\;C:\PROGRAM FILES\MICROSOFT SQL SERVER\120\TOOLS\BINN\;C:\MAMP\BIN\PHP\PHP7.4.1\PHP.EXE;C:\MAMP\BIN\PHP\PHP7.4.1\;C:\ProgramData\chocolatey\bin;C:\UserData\Git\cmd;C:\Program Files\sfdx\bin;C:\Program Files\Java\jdk1.8.0_281\lib;C:\Program Files\Java\jre1.8.0_281\lib;C:\MinGW\bin;D:\Code Space\NodeJS\;D:\Android Studio\SDKs\platform-tools;D:\Android Studio\SDKs\emulator;;C:\Program Files\Docker\Docker\resources\bin;C:\Users\alex\AppData\Local\Microsoft\WindowsApps;C:\Users\alex\AppData\Local\Programs\Microsoft VS Code\bin;C:\Users\alex\AppData\Local\GitHubDesktop\bin;C:\Users\alex\.dotnet\tools;C:\Program Files\Java\jre1.8.0_281\lib;C:\Program Files\Java\jdk1.8.0_281\lib;C:\MinGW\bin;C:\Program Files\heroku\bin;C:\Progra~1\sf\bin;C:\Users\alex\AppData\Local\Microsoft\WinGet\Links;C:\Users\alex\
USERNAME=alex
OS=Windows_NT
PROCESSOR_IDENTIFIER=Intel64 Family 6 Model 158 Stepping 9, GenuineIntel
TMP=C:\Users\alex\AppData\Local\Temp
TEMP=C:\Users\alex\AppData\Local\Temp



---------------  S Y S T E M  ---------------

OS:
 Windows 10 , 64 bit Build 19041 (10.0.19041.5915)
OS uptime: 0 days 3:43 hours
Hyper-V role detected

CPU: total 8 (initial active 8) (4 cores per cpu, 2 threads per core) family 6 model 158 stepping 9 microcode 0xb4, cx8, cmov, fxsr, ht, mmx, 3dnowpref, sse, sse2, sse3, ssse3, sse4.1, sse4.2, popcnt, lzcnt, tsc, tscinvbit, avx, avx2, aes, erms, clmul, bmi1, bmi2, rtm, adx, fma, vzeroupper, clflush, clflushopt, hv

Memory: 4k page, system-wide physical 24540M (8189M free)
TotalPageFile size 59356M (AvailPageFile size 28420M)
current process WorkingSet (physical memory assigned to process): 853M, peak: 853M
current process commit charge ("private bytes"): 2921M, peak: 2945M

vm_info: OpenJDK 64-Bit Server VM (17.0.7+7) for windows-amd64 JRE (17.0.7+7), built on Apr 18 2023 22:10:42 by "temurin" with MS VC++ 16.7 (VS2019)

END.
